[0.075s] Invoking command in '/home/pi/Desktop/robot_move/build/lslidar_msgs': CMAKE_PREFIX_PATH=${CMAKE_PREFIX_PATH}:/home/pi/Desktop/robot_move/my_base_learn/install/robot_control:/home/pi/Desktop/robot_move/my_base_learn/install/lidar_test:/opt/ros/jazzy DEBUGINFOD_URLS=https://debuginfod.ubuntu.com /usr/bin/cmake /home/pi/Desktop/robot_move/my_base_learn/src/lslidar_driver/LSLIDAR_X_ROS2-20240228/src/lslidar_msgs -DCMAKE_INSTALL_PREFIX=/home/pi/Desktop/robot_move/install/lslidar_msgs
[1.172s] -- The C compiler identification is GNU 13.3.0
[2.287s] -- The CXX compiler identification is GNU 13.3.0
[2.375s] -- Detecting C compiler ABI info
[2.722s] -- Detecting C compiler ABI info - done
[2.739s] -- Check for working C compiler: /usr/bin/cc - skipped
[2.739s] -- Detecting C compile features
[2.743s] -- Detecting C compile features - done
[2.777s] -- Detecting CXX compiler ABI info
[3.033s] -- Detecting CXX compiler ABI info - done
[3.047s] -- Check for working CXX compiler: /usr/bin/c++ - skipped
[3.048s] -- Detecting CXX compile features
[3.048s] -- Detecting CXX compile features - done
[3.066s] -- Found ament_cmake: 2.5.5 (/opt/ros/jazzy/share/ament_cmake/cmake)
[3.413s] -- Found Python3: /usr/bin/python3 (found version "3.12.3") found components: Interpreter 
[3.810s] -- Found std_msgs: 5.3.6 (/opt/ros/jazzy/share/std_msgs/cmake)
[4.094s] -- Found rosidl_generator_c: 4.6.7 (/opt/ros/jazzy/share/rosidl_generator_c/cmake)
[4.155s] -- Found rosidl_generator_cpp: 4.6.7 (/opt/ros/jazzy/share/rosidl_generator_cpp/cmake)
[4.268s] -- Using all available rosidl_typesupport_c: rosidl_typesupport_fastrtps_c;rosidl_typesupport_introspection_c
[4.341s] -- Using all available rosidl_typesupport_cpp: rosidl_typesupport_fastrtps_cpp;rosidl_typesupport_introspection_cpp
[4.555s] -- Found sensor_msgs: 5.3.6 (/opt/ros/jazzy/share/sensor_msgs/cmake)
[4.707s] -- Found rosidl_default_generators: 1.6.0 (/opt/ros/jazzy/share/rosidl_default_generators/cmake)
[4.791s] -- Found rosidl_adapter: 4.6.7 (/opt/ros/jazzy/share/rosidl_adapter/cmake)
[4.975s] -- Found ament_lint_auto: 0.17.4 (/opt/ros/jazzy/share/ament_lint_auto/cmake)
[6.429s] -- Found ament_cmake_ros: 0.12.0 (/opt/ros/jazzy/share/ament_cmake_ros/cmake)
[8.020s] -- Using all available rosidl_typesupport_c: rosidl_typesupport_fastrtps_c;rosidl_typesupport_introspection_c
[8.541s] -- Using all available rosidl_typesupport_cpp: rosidl_typesupport_fastrtps_cpp;rosidl_typesupport_introspection_cpp
[8.552s] -- Found python_cmake_module: 0.11.1 (/opt/ros/jazzy/share/python_cmake_module/cmake)
[8.801s] -- Found PythonExtra: /usr/bin/python3  
[9.670s] -- Found Python3: /usr/bin/python3 (found version "3.12.3") found components: Interpreter Development NumPy Development.Module Development.Embed 
[9.787s] -- Added test 'copyright' to check source files copyright and LICENSE
[9.792s] -- Added test 'lint_cmake' to check CMake code style
[9.794s] -- Added test 'xmllint' to check XML markup files
[9.823s] -- Configuring done (9.4s)
[9.930s] -- Generating done (0.1s)
[9.953s] -- Build files have been written to: /home/pi/Desktop/robot_move/build/lslidar_msgs
[9.981s] Invoked command in '/home/pi/Desktop/robot_move/build/lslidar_msgs' returned '0': CMAKE_PREFIX_PATH=${CMAKE_PREFIX_PATH}:/home/pi/Desktop/robot_move/my_base_learn/install/robot_control:/home/pi/Desktop/robot_move/my_base_learn/install/lidar_test:/opt/ros/jazzy DEBUGINFOD_URLS=https://debuginfod.ubuntu.com /usr/bin/cmake /home/pi/Desktop/robot_move/my_base_learn/src/lslidar_driver/LSLIDAR_X_ROS2-20240228/src/lslidar_msgs -DCMAKE_INSTALL_PREFIX=/home/pi/Desktop/robot_move/install/lslidar_msgs
[9.982s] Invoking command in '/home/pi/Desktop/robot_move/build/lslidar_msgs': CMAKE_PREFIX_PATH=${CMAKE_PREFIX_PATH}:/home/pi/Desktop/robot_move/my_base_learn/install/robot_control:/home/pi/Desktop/robot_move/my_base_learn/install/lidar_test:/opt/ros/jazzy DEBUGINFOD_URLS=https://debuginfod.ubuntu.com /usr/bin/cmake --build /home/pi/Desktop/robot_move/build/lslidar_msgs -- -j4 -l4
[10.113s] [  1%] [34m[1mGenerating type hashes for ROS interfaces[0m
[10.123s] [  1%] Built target ament_cmake_python_copy_lslidar_msgs
[10.473s] running egg_info
[10.474s] creating lslidar_msgs.egg-info
[10.503s] writing lslidar_msgs.egg-info/PKG-INFO
[10.504s] writing dependency_links to lslidar_msgs.egg-info/dependency_links.txt
[10.504s] writing top-level names to lslidar_msgs.egg-info/top_level.txt
[10.504s] writing manifest file 'lslidar_msgs.egg-info/SOURCES.txt'
[10.597s] reading manifest file 'lslidar_msgs.egg-info/SOURCES.txt'
[10.597s] writing manifest file 'lslidar_msgs.egg-info/SOURCES.txt'
[10.697s] [  1%] Built target ament_cmake_python_build_lslidar_msgs_egg
[10.797s] [  1%] Built target lslidar_msgs__rosidl_generator_type_description
[10.817s] [  2%] [34m[1mGenerating C code for ROS interfaces[0m
[10.838s] [  4%] [34m[1mGenerating C++ code for ROS interfaces[0m
[11.973s] [  4%] Built target lslidar_msgs__cpp
[12.151s] [  5%] [32mBuilding C object CMakeFiles/lslidar_msgs__rosidl_generator_c.dir/rosidl_generator_c/lslidar_msgs/msg/detail/lslidar_difop__functions.c.o[0m
[12.155s] [  6%] [32mBuilding C object CMakeFiles/lslidar_msgs__rosidl_generator_c.dir/rosidl_generator_c/lslidar_msgs/msg/detail/lslidar_difop__type_support.c.o[0m
[12.161s] [  8%] [32mBuilding C object CMakeFiles/lslidar_msgs__rosidl_generator_c.dir/rosidl_generator_c/lslidar_msgs/msg/detail/lslidar_difop__description.c.o[0m
[12.164s] [  9%] [32mBuilding C object CMakeFiles/lslidar_msgs__rosidl_generator_c.dir/rosidl_generator_c/lslidar_msgs/msg/detail/lslidar_packet__description.c.o[0m
[12.269s] [ 10%] [32mBuilding C object CMakeFiles/lslidar_msgs__rosidl_generator_c.dir/rosidl_generator_c/lslidar_msgs/msg/detail/lslidar_packet__functions.c.o[0m
[12.321s] [ 12%] [32mBuilding C object CMakeFiles/lslidar_msgs__rosidl_generator_c.dir/rosidl_generator_c/lslidar_msgs/msg/detail/lslidar_packet__type_support.c.o[0m
[12.323s] [ 13%] [32mBuilding C object CMakeFiles/lslidar_msgs__rosidl_generator_c.dir/rosidl_generator_c/lslidar_msgs/msg/detail/lslidar_point__description.c.o[0m
[12.403s] [ 14%] [32mBuilding C object CMakeFiles/lslidar_msgs__rosidl_generator_c.dir/rosidl_generator_c/lslidar_msgs/msg/detail/lslidar_point__functions.c.o[0m
[12.432s] [ 16%] [32mBuilding C object CMakeFiles/lslidar_msgs__rosidl_generator_c.dir/rosidl_generator_c/lslidar_msgs/msg/detail/lslidar_point__type_support.c.o[0m
[12.437s] [ 17%] [32mBuilding C object CMakeFiles/lslidar_msgs__rosidl_generator_c.dir/rosidl_generator_c/lslidar_msgs/msg/detail/lslidar_scan__description.c.o[0m
[12.456s] [ 18%] [32mBuilding C object CMakeFiles/lslidar_msgs__rosidl_generator_c.dir/rosidl_generator_c/lslidar_msgs/msg/detail/lslidar_scan__functions.c.o[0m
[12.566s] [ 20%] [32mBuilding C object CMakeFiles/lslidar_msgs__rosidl_generator_c.dir/rosidl_generator_c/lslidar_msgs/msg/detail/lslidar_scan__type_support.c.o[0m
[12.579s] [ 21%] [32mBuilding C object CMakeFiles/lslidar_msgs__rosidl_generator_c.dir/rosidl_generator_c/lslidar_msgs/msg/detail/lslidar_sweep__description.c.o[0m
[12.591s] [ 22%] [32mBuilding C object CMakeFiles/lslidar_msgs__rosidl_generator_c.dir/rosidl_generator_c/lslidar_msgs/msg/detail/lslidar_sweep__functions.c.o[0m
[12.600s] [ 24%] [32mBuilding C object CMakeFiles/lslidar_msgs__rosidl_generator_c.dir/rosidl_generator_c/lslidar_msgs/msg/detail/lslidar_sweep__type_support.c.o[0m
[12.786s] [ 25%] [32m[1mLinking C shared library liblslidar_msgs__rosidl_generator_c.so[0m
[12.919s] [ 25%] Built target lslidar_msgs__rosidl_generator_c
[12.963s] [ 27%] [34m[1mGenerating C++ type support dispatch for ROS interfaces[0m
[12.981s] [ 28%] [34m[1mGenerating C++ type support for eProsima Fast-RTPS[0m
[12.982s] [ 29%] [34m[1mGenerating C type support for eProsima Fast-RTPS[0m
[12.989s] [ 31%] [34m[1mGenerating C introspection for ROS interfaces[0m
[14.001s] [ 32%] [32mBuilding CXX object CMakeFiles/lslidar_msgs__rosidl_typesupport_cpp.dir/rosidl_typesupport_cpp/lslidar_msgs/msg/lslidar_difop__type_support.cpp.o[0m
[14.356s] [ 33%] [32mBuilding CXX object CMakeFiles/lslidar_msgs__rosidl_typesupport_fastrtps_cpp.dir/rosidl_typesupport_fastrtps_cpp/lslidar_msgs/msg/detail/dds_fastrtps/lslidar_difop__type_support.cpp.o[0m
[14.432s] [ 35%] [32mBuilding CXX object CMakeFiles/lslidar_msgs__rosidl_typesupport_fastrtps_c.dir/rosidl_typesupport_fastrtps_c/lslidar_msgs/msg/detail/lslidar_difop__type_support_c.cpp.o[0m
[14.482s] [ 36%] [32mBuilding C object CMakeFiles/lslidar_msgs__rosidl_typesupport_introspection_c.dir/rosidl_typesupport_introspection_c/lslidar_msgs/msg/detail/lslidar_difop__type_support.c.o[0m
[14.677s] [ 37%] [32mBuilding C object CMakeFiles/lslidar_msgs__rosidl_typesupport_introspection_c.dir/rosidl_typesupport_introspection_c/lslidar_msgs/msg/detail/lslidar_packet__type_support.c.o[0m
[14.816s] [ 39%] [32mBuilding CXX object CMakeFiles/lslidar_msgs__rosidl_typesupport_cpp.dir/rosidl_typesupport_cpp/lslidar_msgs/msg/lslidar_packet__type_support.cpp.o[0m
[14.821s] [ 40%] [32mBuilding C object CMakeFiles/lslidar_msgs__rosidl_typesupport_introspection_c.dir/rosidl_typesupport_introspection_c/lslidar_msgs/msg/detail/lslidar_point__type_support.c.o[0m
[15.019s] [ 41%] [32mBuilding C object CMakeFiles/lslidar_msgs__rosidl_typesupport_introspection_c.dir/rosidl_typesupport_introspection_c/lslidar_msgs/msg/detail/lslidar_scan__type_support.c.o[0m
[15.256s] [ 43%] [32mBuilding C object CMakeFiles/lslidar_msgs__rosidl_typesupport_introspection_c.dir/rosidl_typesupport_introspection_c/lslidar_msgs/msg/detail/lslidar_sweep__type_support.c.o[0m
[15.501s] [ 44%] [32m[1mLinking C shared library liblslidar_msgs__rosidl_typesupport_introspection_c.so[0m
[15.650s] [ 44%] Built target lslidar_msgs__rosidl_typesupport_introspection_c
[15.675s] [ 45%] [34m[1mGenerating C type support dispatch for ROS interfaces[0m
[15.691s] [ 47%] [32mBuilding CXX object CMakeFiles/lslidar_msgs__rosidl_typesupport_cpp.dir/rosidl_typesupport_cpp/lslidar_msgs/msg/lslidar_point__type_support.cpp.o[0m
[15.894s] [ 48%] [32mBuilding CXX object CMakeFiles/lslidar_msgs__rosidl_typesupport_fastrtps_c.dir/rosidl_typesupport_fastrtps_c/lslidar_msgs/msg/detail/lslidar_packet__type_support_c.cpp.o[0m
[16.231s] [ 50%] [32mBuilding CXX object CMakeFiles/lslidar_msgs__rosidl_typesupport_fastrtps_cpp.dir/rosidl_typesupport_fastrtps_cpp/lslidar_msgs/msg/detail/dds_fastrtps/lslidar_packet__type_support.cpp.o[0m
[16.500s] [ 51%] [32mBuilding CXX object CMakeFiles/lslidar_msgs__rosidl_typesupport_cpp.dir/rosidl_typesupport_cpp/lslidar_msgs/msg/lslidar_scan__type_support.cpp.o[0m
[16.770s] [ 52%] [32mBuilding CXX object CMakeFiles/lslidar_msgs__rosidl_typesupport_c.dir/rosidl_typesupport_c/lslidar_msgs/msg/lslidar_difop__type_support.cpp.o[0m
[17.007s] [ 54%] [32mBuilding CXX object CMakeFiles/lslidar_msgs__rosidl_typesupport_c.dir/rosidl_typesupport_c/lslidar_msgs/msg/lslidar_packet__type_support.cpp.o[0m
[17.116s] [ 55%] [32mBuilding CXX object CMakeFiles/lslidar_msgs__rosidl_typesupport_c.dir/rosidl_typesupport_c/lslidar_msgs/msg/lslidar_point__type_support.cpp.o[0m
[17.276s] [ 56%] [32mBuilding CXX object CMakeFiles/lslidar_msgs__rosidl_typesupport_fastrtps_c.dir/rosidl_typesupport_fastrtps_c/lslidar_msgs/msg/detail/lslidar_point__type_support_c.cpp.o[0m
[17.281s] [ 58%] [32mBuilding CXX object CMakeFiles/lslidar_msgs__rosidl_typesupport_c.dir/rosidl_typesupport_c/lslidar_msgs/msg/lslidar_scan__type_support.cpp.o[0m
[17.409s] [ 59%] [32mBuilding CXX object CMakeFiles/lslidar_msgs__rosidl_typesupport_c.dir/rosidl_typesupport_c/lslidar_msgs/msg/lslidar_sweep__type_support.cpp.o[0m
[17.422s] [ 60%] [32mBuilding CXX object CMakeFiles/lslidar_msgs__rosidl_typesupport_cpp.dir/rosidl_typesupport_cpp/lslidar_msgs/msg/lslidar_sweep__type_support.cpp.o[0m
[17.564s] [ 62%] [32m[1mLinking CXX shared library liblslidar_msgs__rosidl_typesupport_c.so[0m
[17.791s] [ 62%] Built target lslidar_msgs__rosidl_typesupport_c
[17.846s] [ 63%] [34m[1mGenerating C++ introspection for ROS interfaces[0m
[17.944s] [ 64%] [32mBuilding CXX object CMakeFiles/lslidar_msgs__rosidl_typesupport_fastrtps_cpp.dir/rosidl_typesupport_fastrtps_cpp/lslidar_msgs/msg/detail/dds_fastrtps/lslidar_point__type_support.cpp.o[0m
[18.318s] [ 66%] [32m[1mLinking CXX shared library liblslidar_msgs__rosidl_typesupport_cpp.so[0m
[18.538s] [ 66%] Built target lslidar_msgs__rosidl_typesupport_cpp
[18.573s] [ 67%] [32mBuilding CXX object CMakeFiles/lslidar_msgs__rosidl_typesupport_fastrtps_c.dir/rosidl_typesupport_fastrtps_c/lslidar_msgs/msg/detail/lslidar_scan__type_support_c.cpp.o[0m
[18.578s] [ 68%] [32mBuilding CXX object CMakeFiles/lslidar_msgs__rosidl_typesupport_fastrtps_cpp.dir/rosidl_typesupport_fastrtps_cpp/lslidar_msgs/msg/detail/dds_fastrtps/lslidar_scan__type_support.cpp.o[0m
[19.071s] [ 70%] [32mBuilding CXX object CMakeFiles/lslidar_msgs__rosidl_typesupport_fastrtps_cpp.dir/rosidl_typesupport_fastrtps_cpp/lslidar_msgs/msg/detail/dds_fastrtps/lslidar_sweep__type_support.cpp.o[0m
[19.294s] [ 71%] [32mBuilding CXX object CMakeFiles/lslidar_msgs__rosidl_typesupport_introspection_cpp.dir/rosidl_typesupport_introspection_cpp/lslidar_msgs/msg/detail/lslidar_difop__type_support.cpp.o[0m
[19.724s] [ 72%] [32mBuilding CXX object CMakeFiles/lslidar_msgs__rosidl_typesupport_fastrtps_c.dir/rosidl_typesupport_fastrtps_c/lslidar_msgs/msg/detail/lslidar_sweep__type_support_c.cpp.o[0m
[20.087s] [ 74%] [32mBuilding CXX object CMakeFiles/lslidar_msgs__rosidl_typesupport_introspection_cpp.dir/rosidl_typesupport_introspection_cpp/lslidar_msgs/msg/detail/lslidar_packet__type_support.cpp.o[0m
[20.355s] [ 75%] [32mBuilding CXX object CMakeFiles/lslidar_msgs__rosidl_typesupport_introspection_cpp.dir/rosidl_typesupport_introspection_cpp/lslidar_msgs/msg/detail/lslidar_point__type_support.cpp.o[0m
[20.609s] [ 77%] [32m[1mLinking CXX shared library liblslidar_msgs__rosidl_typesupport_fastrtps_cpp.so[0m
[21.068s] [ 77%] Built target lslidar_msgs__rosidl_typesupport_fastrtps_cpp
[21.114s] [ 78%] [32mBuilding CXX object CMakeFiles/lslidar_msgs__rosidl_typesupport_introspection_cpp.dir/rosidl_typesupport_introspection_cpp/lslidar_msgs/msg/detail/lslidar_scan__type_support.cpp.o[0m
[21.185s] [ 79%] [32m[1mLinking CXX shared library liblslidar_msgs__rosidl_typesupport_fastrtps_c.so[0m
[21.310s] [ 81%] [32mBuilding CXX object CMakeFiles/lslidar_msgs__rosidl_typesupport_introspection_cpp.dir/rosidl_typesupport_introspection_cpp/lslidar_msgs/msg/detail/lslidar_sweep__type_support.cpp.o[0m
[21.371s] [ 81%] Built target lslidar_msgs__rosidl_typesupport_fastrtps_c
[22.031s] [ 82%] [32m[1mLinking CXX shared library liblslidar_msgs__rosidl_typesupport_introspection_cpp.so[0m
[22.241s] [ 82%] Built target lslidar_msgs__rosidl_typesupport_introspection_cpp
[22.282s] [ 82%] Built target lslidar_msgs
[22.324s] [ 83%] [34m[1mGenerating Python code for ROS interfaces[0m
[23.574s] [ 83%] Built target lslidar_msgs__py
[23.617s] [ 86%] [32mBuilding C object CMakeFiles/lslidar_msgs__rosidl_generator_py.dir/rosidl_generator_py/lslidar_msgs/msg/_lslidar_packet_s.c.o[0m
[23.622s] [ 86%] [32mBuilding C object CMakeFiles/lslidar_msgs__rosidl_generator_py.dir/rosidl_generator_py/lslidar_msgs/msg/_lslidar_difop_s.c.o[0m
[23.623s] [ 87%] [32mBuilding C object CMakeFiles/lslidar_msgs__rosidl_generator_py.dir/rosidl_generator_py/lslidar_msgs/msg/_lslidar_scan_s.c.o[0m
[23.632s] [ 89%] [32mBuilding C object CMakeFiles/lslidar_msgs__rosidl_generator_py.dir/rosidl_generator_py/lslidar_msgs/msg/_lslidar_point_s.c.o[0m
[24.051s] [ 90%] [32mBuilding C object CMakeFiles/lslidar_msgs__rosidl_generator_py.dir/rosidl_generator_py/lslidar_msgs/msg/_lslidar_sweep_s.c.o[0m
[24.298s] [ 91%] [32m[1mLinking C shared library liblslidar_msgs__rosidl_generator_py.so[0m
[24.433s] [ 91%] Built target lslidar_msgs__rosidl_generator_py
[24.486s] [ 93%] [32mBuilding C object CMakeFiles/lslidar_msgs_s__rosidl_typesupport_c.dir/rosidl_generator_py/lslidar_msgs/_lslidar_msgs_s.ep.rosidl_typesupport_c.c.o[0m
[24.486s] [ 94%] [32mBuilding C object CMakeFiles/lslidar_msgs_s__rosidl_typesupport_introspection_c.dir/rosidl_generator_py/lslidar_msgs/_lslidar_msgs_s.ep.rosidl_typesupport_introspection_c.c.o[0m
[24.495s] [ 95%] [32mBuilding C object CMakeFiles/lslidar_msgs_s__rosidl_typesupport_fastrtps_c.dir/rosidl_generator_py/lslidar_msgs/_lslidar_msgs_s.ep.rosidl_typesupport_fastrtps_c.c.o[0m
[24.730s] [ 97%] [32m[1mLinking C shared module rosidl_generator_py/lslidar_msgs/lslidar_msgs_s__rosidl_typesupport_c.so[0m
[24.743s] [ 98%] [32m[1mLinking C shared module rosidl_generator_py/lslidar_msgs/lslidar_msgs_s__rosidl_typesupport_introspection_c.so[0m
[24.755s] [100%] [32m[1mLinking C shared module rosidl_generator_py/lslidar_msgs/lslidar_msgs_s__rosidl_typesupport_fastrtps_c.so[0m
[24.815s] [100%] Built target lslidar_msgs_s__rosidl_typesupport_c
[24.826s] [100%] Built target lslidar_msgs_s__rosidl_typesupport_fastrtps_c
[24.851s] [100%] Built target lslidar_msgs_s__rosidl_typesupport_introspection_c
[24.913s] Invoked command in '/home/pi/Desktop/robot_move/build/lslidar_msgs' returned '0': CMAKE_PREFIX_PATH=${CMAKE_PREFIX_PATH}:/home/pi/Desktop/robot_move/my_base_learn/install/robot_control:/home/pi/Desktop/robot_move/my_base_learn/install/lidar_test:/opt/ros/jazzy DEBUGINFOD_URLS=https://debuginfod.ubuntu.com /usr/bin/cmake --build /home/pi/Desktop/robot_move/build/lslidar_msgs -- -j4 -l4
[24.916s] Invoking command in '/home/pi/Desktop/robot_move/build/lslidar_msgs': CMAKE_PREFIX_PATH=${CMAKE_PREFIX_PATH}:/home/pi/Desktop/robot_move/my_base_learn/install/robot_control:/home/pi/Desktop/robot_move/my_base_learn/install/lidar_test:/opt/ros/jazzy DEBUGINFOD_URLS=https://debuginfod.ubuntu.com /usr/bin/cmake --install /home/pi/Desktop/robot_move/build/lslidar_msgs
[24.935s] -- Install configuration: ""
[24.939s] -- Installing: /home/pi/Desktop/robot_move/install/lslidar_msgs/share/ament_index/resource_index/rosidl_interfaces/lslidar_msgs
[24.940s] -- Installing: /home/pi/Desktop/robot_move/install/lslidar_msgs/share/lslidar_msgs/msg/LslidarDifop.json
[24.942s] -- Installing: /home/pi/Desktop/robot_move/install/lslidar_msgs/share/lslidar_msgs/msg/LslidarPacket.json
[24.942s] -- Installing: /home/pi/Desktop/robot_move/install/lslidar_msgs/share/lslidar_msgs/msg/LslidarPoint.json
[24.942s] -- Installing: /home/pi/Desktop/robot_move/install/lslidar_msgs/share/lslidar_msgs/msg/LslidarScan.json
[24.942s] -- Installing: /home/pi/Desktop/robot_move/install/lslidar_msgs/share/lslidar_msgs/msg/LslidarSweep.json
[24.943s] -- Installing: /home/pi/Desktop/robot_move/install/lslidar_msgs/include/lslidar_msgs/lslidar_msgs
[24.943s] -- Installing: /home/pi/Desktop/robot_move/install/lslidar_msgs/include/lslidar_msgs/lslidar_msgs/msg
[24.947s] -- Installing: /home/pi/Desktop/robot_move/install/lslidar_msgs/include/lslidar_msgs/lslidar_msgs/msg/lslidar_point.h
[24.947s] -- Installing: /home/pi/Desktop/robot_move/install/lslidar_msgs/include/lslidar_msgs/lslidar_msgs/msg/lslidar_difop.h
[24.948s] -- Installing: /home/pi/Desktop/robot_move/install/lslidar_msgs/include/lslidar_msgs/lslidar_msgs/msg/detail
[24.948s] -- Installing: /home/pi/Desktop/robot_move/install/lslidar_msgs/include/lslidar_msgs/lslidar_msgs/msg/detail/lslidar_point__description.c
[24.948s] -- Installing: /home/pi/Desktop/robot_move/install/lslidar_msgs/include/lslidar_msgs/lslidar_msgs/msg/detail/lslidar_point__functions.c
[24.948s] -- Installing: /home/pi/Desktop/robot_move/install/lslidar_msgs/include/lslidar_msgs/lslidar_msgs/msg/detail/lslidar_sweep__type_support.h
[24.949s] -- Installing: /home/pi/Desktop/robot_move/install/lslidar_msgs/include/lslidar_msgs/lslidar_msgs/msg/detail/lslidar_difop__description.c
[24.949s] -- Installing: /home/pi/Desktop/robot_move/install/lslidar_msgs/include/lslidar_msgs/lslidar_msgs/msg/detail/lslidar_scan__type_support.c
[24.950s] -- Installing: /home/pi/Desktop/robot_move/install/lslidar_msgs/include/lslidar_msgs/lslidar_msgs/msg/detail/lslidar_difop__type_support.h
[24.951s] -- Installing: /home/pi/Desktop/robot_move/install/lslidar_msgs/include/lslidar_msgs/lslidar_msgs/msg/detail/lslidar_scan__type_support.h
[24.951s] -- Installing: /home/pi/Desktop/robot_move/install/lslidar_msgs/include/lslidar_msgs/lslidar_msgs/msg/detail/lslidar_packet__functions.h
[24.951s] -- Installing: /home/pi/Desktop/robot_move/install/lslidar_msgs/include/lslidar_msgs/lslidar_msgs/msg/detail/lslidar_difop__functions.h
[24.951s] -- Installing: /home/pi/Desktop/robot_move/install/lslidar_msgs/include/lslidar_msgs/lslidar_msgs/msg/detail/lslidar_packet__struct.h
[24.951s] -- Installing: /home/pi/Desktop/robot_move/install/lslidar_msgs/include/lslidar_msgs/lslidar_msgs/msg/detail/lslidar_packet__type_support.c
[24.951s] -- Installing: /home/pi/Desktop/robot_move/install/lslidar_msgs/include/lslidar_msgs/lslidar_msgs/msg/detail/lslidar_scan__description.c
[24.951s] -- Installing: /home/pi/Desktop/robot_move/install/lslidar_msgs/include/lslidar_msgs/lslidar_msgs/msg/detail/lslidar_point__functions.h
[24.952s] -- Installing: /home/pi/Desktop/robot_move/install/lslidar_msgs/include/lslidar_msgs/lslidar_msgs/msg/detail/lslidar_scan__struct.h
[24.952s] -- Installing: /home/pi/Desktop/robot_move/install/lslidar_msgs/include/lslidar_msgs/lslidar_msgs/msg/detail/lslidar_point__type_support.c
[24.952s] -- Installing: /home/pi/Desktop/robot_move/install/lslidar_msgs/include/lslidar_msgs/lslidar_msgs/msg/detail/lslidar_packet__type_support.h
[24.952s] -- Installing: /home/pi/Desktop/robot_move/install/lslidar_msgs/include/lslidar_msgs/lslidar_msgs/msg/detail/lslidar_sweep__struct.h
[24.952s] -- Installing: /home/pi/Desktop/robot_move/install/lslidar_msgs/include/lslidar_msgs/lslidar_msgs/msg/detail/lslidar_difop__functions.c
[24.952s] -- Installing: /home/pi/Desktop/robot_move/install/lslidar_msgs/include/lslidar_msgs/lslidar_msgs/msg/detail/lslidar_packet__functions.c
[24.952s] -- Installing: /home/pi/Desktop/robot_move/install/lslidar_msgs/include/lslidar_msgs/lslidar_msgs/msg/detail/lslidar_scan__functions.c
[24.953s] -- Installing: /home/pi/Desktop/robot_move/install/lslidar_msgs/include/lslidar_msgs/lslidar_msgs/msg/detail/lslidar_scan__functions.h
[24.953s] -- Installing: /home/pi/Desktop/robot_move/install/lslidar_msgs/include/lslidar_msgs/lslidar_msgs/msg/detail/lslidar_point__struct.h
[24.953s] -- Installing: /home/pi/Desktop/robot_move/install/lslidar_msgs/include/lslidar_msgs/lslidar_msgs/msg/detail/lslidar_difop__type_support.c
[24.956s] -- Installing: /home/pi/Desktop/robot_move/install/lslidar_msgs/include/lslidar_msgs/lslidar_msgs/msg/detail/lslidar_sweep__functions.h
[24.956s] -- Installing: /home/pi/Desktop/robot_move/install/lslidar_msgs/include/lslidar_msgs/lslidar_msgs/msg/detail/lslidar_sweep__type_support.c
[24.957s] -- Installing: /home/pi/Desktop/robot_move/install/lslidar_msgs/include/lslidar_msgs/lslidar_msgs/msg/detail/lslidar_point__type_support.h
[24.957s] -- Installing: /home/pi/Desktop/robot_move/install/lslidar_msgs/include/lslidar_msgs/lslidar_msgs/msg/detail/lslidar_sweep__functions.c
[24.957s] -- Installing: /home/pi/Desktop/robot_move/install/lslidar_msgs/include/lslidar_msgs/lslidar_msgs/msg/detail/lslidar_sweep__description.c
[24.957s] -- Installing: /home/pi/Desktop/robot_move/install/lslidar_msgs/include/lslidar_msgs/lslidar_msgs/msg/detail/lslidar_difop__struct.h
[24.957s] -- Installing: /home/pi/Desktop/robot_move/install/lslidar_msgs/include/lslidar_msgs/lslidar_msgs/msg/detail/lslidar_packet__description.c
[24.960s] -- Installing: /home/pi/Desktop/robot_move/install/lslidar_msgs/include/lslidar_msgs/lslidar_msgs/msg/lslidar_packet.h
[24.963s] -- Installing: /home/pi/Desktop/robot_move/install/lslidar_msgs/include/lslidar_msgs/lslidar_msgs/msg/rosidl_generator_c__visibility_control.h
[24.964s] -- Installing: /home/pi/Desktop/robot_move/install/lslidar_msgs/include/lslidar_msgs/lslidar_msgs/msg/lslidar_sweep.h
[24.964s] -- Installing: /home/pi/Desktop/robot_move/install/lslidar_msgs/include/lslidar_msgs/lslidar_msgs/msg/lslidar_scan.h
[24.964s] -- Installing: /home/pi/Desktop/robot_move/install/lslidar_msgs/share/lslidar_msgs/environment/library_path.sh
[24.964s] -- Installing: /home/pi/Desktop/robot_move/install/lslidar_msgs/share/lslidar_msgs/environment/library_path.dsv
[24.964s] -- Installing: /home/pi/Desktop/robot_move/install/lslidar_msgs/lib/liblslidar_msgs__rosidl_generator_c.so
[24.965s] -- Set non-toolchain portion of runtime path of "/home/pi/Desktop/robot_move/install/lslidar_msgs/lib/liblslidar_msgs__rosidl_generator_c.so" to ""
[24.965s] -- Up-to-date: /home/pi/Desktop/robot_move/install/lslidar_msgs/include/lslidar_msgs/lslidar_msgs
[24.965s] -- Up-to-date: /home/pi/Desktop/robot_move/install/lslidar_msgs/include/lslidar_msgs/lslidar_msgs/msg
[24.965s] -- Installing: /home/pi/Desktop/robot_move/install/lslidar_msgs/include/lslidar_msgs/lslidar_msgs/msg/rosidl_typesupport_fastrtps_c__visibility_control.h
[24.965s] -- Up-to-date: /home/pi/Desktop/robot_move/install/lslidar_msgs/include/lslidar_msgs/lslidar_msgs/msg/detail
[24.965s] -- Installing: /home/pi/Desktop/robot_move/install/lslidar_msgs/include/lslidar_msgs/lslidar_msgs/msg/detail/lslidar_packet__rosidl_typesupport_fastrtps_c.h
[24.966s] -- Installing: /home/pi/Desktop/robot_move/install/lslidar_msgs/include/lslidar_msgs/lslidar_msgs/msg/detail/lslidar_difop__rosidl_typesupport_fastrtps_c.h
[24.968s] -- Installing: /home/pi/Desktop/robot_move/install/lslidar_msgs/include/lslidar_msgs/lslidar_msgs/msg/detail/lslidar_sweep__rosidl_typesupport_fastrtps_c.h
[24.968s] -- Installing: /home/pi/Desktop/robot_move/install/lslidar_msgs/include/lslidar_msgs/lslidar_msgs/msg/detail/lslidar_point__rosidl_typesupport_fastrtps_c.h
[24.969s] -- Installing: /home/pi/Desktop/robot_move/install/lslidar_msgs/include/lslidar_msgs/lslidar_msgs/msg/detail/lslidar_scan__rosidl_typesupport_fastrtps_c.h
[24.969s] -- Installing: /home/pi/Desktop/robot_move/install/lslidar_msgs/lib/liblslidar_msgs__rosidl_typesupport_fastrtps_c.so
[24.969s] -- Set non-toolchain portion of runtime path of "/home/pi/Desktop/robot_move/install/lslidar_msgs/lib/liblslidar_msgs__rosidl_typesupport_fastrtps_c.so" to ""
[24.969s] -- Up-to-date: /home/pi/Desktop/robot_move/install/lslidar_msgs/include/lslidar_msgs/lslidar_msgs
[24.969s] -- Up-to-date: /home/pi/Desktop/robot_move/install/lslidar_msgs/include/lslidar_msgs/lslidar_msgs/msg
[24.970s] -- Installing: /home/pi/Desktop/robot_move/install/lslidar_msgs/include/lslidar_msgs/lslidar_msgs/msg/lslidar_sweep.hpp
[24.970s] -- Installing: /home/pi/Desktop/robot_move/install/lslidar_msgs/include/lslidar_msgs/lslidar_msgs/msg/lslidar_packet.hpp
[24.970s] -- Installing: /home/pi/Desktop/robot_move/install/lslidar_msgs/include/lslidar_msgs/lslidar_msgs/msg/rosidl_generator_cpp__visibility_control.hpp
[24.970s] -- Installing: /home/pi/Desktop/robot_move/install/lslidar_msgs/include/lslidar_msgs/lslidar_msgs/msg/lslidar_difop.hpp
[24.970s] -- Up-to-date: /home/pi/Desktop/robot_move/install/lslidar_msgs/include/lslidar_msgs/lslidar_msgs/msg/detail
[24.970s] -- Installing: /home/pi/Desktop/robot_move/install/lslidar_msgs/include/lslidar_msgs/lslidar_msgs/msg/detail/lslidar_sweep__struct.hpp
[24.970s] -- Installing: /home/pi/Desktop/robot_move/install/lslidar_msgs/include/lslidar_msgs/lslidar_msgs/msg/detail/lslidar_packet__builder.hpp
[24.970s] -- Installing: /home/pi/Desktop/robot_move/install/lslidar_msgs/include/lslidar_msgs/lslidar_msgs/msg/detail/lslidar_sweep__builder.hpp
[24.971s] -- Installing: /home/pi/Desktop/robot_move/install/lslidar_msgs/include/lslidar_msgs/lslidar_msgs/msg/detail/lslidar_point__type_support.hpp
[24.971s] -- Installing: /home/pi/Desktop/robot_move/install/lslidar_msgs/include/lslidar_msgs/lslidar_msgs/msg/detail/lslidar_difop__builder.hpp
[24.971s] -- Installing: /home/pi/Desktop/robot_move/install/lslidar_msgs/include/lslidar_msgs/lslidar_msgs/msg/detail/lslidar_sweep__type_support.hpp
[24.971s] -- Installing: /home/pi/Desktop/robot_move/install/lslidar_msgs/include/lslidar_msgs/lslidar_msgs/msg/detail/lslidar_scan__struct.hpp
[24.971s] -- Installing: /home/pi/Desktop/robot_move/install/lslidar_msgs/include/lslidar_msgs/lslidar_msgs/msg/detail/lslidar_difop__traits.hpp
[24.971s] -- Installing: /home/pi/Desktop/robot_move/install/lslidar_msgs/include/lslidar_msgs/lslidar_msgs/msg/detail/lslidar_difop__type_support.hpp
[24.972s] -- Installing: /home/pi/Desktop/robot_move/install/lslidar_msgs/include/lslidar_msgs/lslidar_msgs/msg/detail/lslidar_difop__struct.hpp
[24.972s] -- Installing: /home/pi/Desktop/robot_move/install/lslidar_msgs/include/lslidar_msgs/lslidar_msgs/msg/detail/lslidar_point__traits.hpp
[24.972s] -- Installing: /home/pi/Desktop/robot_move/install/lslidar_msgs/include/lslidar_msgs/lslidar_msgs/msg/detail/lslidar_point__builder.hpp
[24.972s] -- Installing: /home/pi/Desktop/robot_move/install/lslidar_msgs/include/lslidar_msgs/lslidar_msgs/msg/detail/lslidar_packet__type_support.hpp
[24.972s] -- Installing: /home/pi/Desktop/robot_move/install/lslidar_msgs/include/lslidar_msgs/lslidar_msgs/msg/detail/lslidar_scan__traits.hpp
[24.973s] -- Installing: /home/pi/Desktop/robot_move/install/lslidar_msgs/include/lslidar_msgs/lslidar_msgs/msg/detail/lslidar_packet__traits.hpp
[24.973s] -- Installing: /home/pi/Desktop/robot_move/install/lslidar_msgs/include/lslidar_msgs/lslidar_msgs/msg/detail/lslidar_scan__type_support.hpp
[24.973s] -- Installing: /home/pi/Desktop/robot_move/install/lslidar_msgs/include/lslidar_msgs/lslidar_msgs/msg/detail/lslidar_scan__builder.hpp
[24.973s] -- Installing: /home/pi/Desktop/robot_move/install/lslidar_msgs/include/lslidar_msgs/lslidar_msgs/msg/detail/lslidar_point__struct.hpp
[24.973s] -- Installing: /home/pi/Desktop/robot_move/install/lslidar_msgs/include/lslidar_msgs/lslidar_msgs/msg/detail/lslidar_sweep__traits.hpp
[24.973s] -- Installing: /home/pi/Desktop/robot_move/install/lslidar_msgs/include/lslidar_msgs/lslidar_msgs/msg/detail/lslidar_packet__struct.hpp
[24.974s] -- Installing: /home/pi/Desktop/robot_move/install/lslidar_msgs/include/lslidar_msgs/lslidar_msgs/msg/lslidar_scan.hpp
[24.974s] -- Installing: /home/pi/Desktop/robot_move/install/lslidar_msgs/include/lslidar_msgs/lslidar_msgs/msg/lslidar_point.hpp
[24.974s] -- Up-to-date: /home/pi/Desktop/robot_move/install/lslidar_msgs/include/lslidar_msgs/lslidar_msgs
[24.974s] -- Up-to-date: /home/pi/Desktop/robot_move/install/lslidar_msgs/include/lslidar_msgs/lslidar_msgs/msg
[24.974s] -- Installing: /home/pi/Desktop/robot_move/install/lslidar_msgs/include/lslidar_msgs/lslidar_msgs/msg/rosidl_typesupport_fastrtps_cpp__visibility_control.h
[24.974s] -- Up-to-date: /home/pi/Desktop/robot_move/install/lslidar_msgs/include/lslidar_msgs/lslidar_msgs/msg/detail
[24.975s] -- Installing: /home/pi/Desktop/robot_move/install/lslidar_msgs/include/lslidar_msgs/lslidar_msgs/msg/detail/lslidar_scan__rosidl_typesupport_fastrtps_cpp.hpp
[24.975s] -- Installing: /home/pi/Desktop/robot_move/install/lslidar_msgs/include/lslidar_msgs/lslidar_msgs/msg/detail/lslidar_packet__rosidl_typesupport_fastrtps_cpp.hpp
[24.975s] -- Installing: /home/pi/Desktop/robot_move/install/lslidar_msgs/include/lslidar_msgs/lslidar_msgs/msg/detail/dds_fastrtps
[24.975s] -- Installing: /home/pi/Desktop/robot_move/install/lslidar_msgs/include/lslidar_msgs/lslidar_msgs/msg/detail/lslidar_point__rosidl_typesupport_fastrtps_cpp.hpp
[24.975s] -- Installing: /home/pi/Desktop/robot_move/install/lslidar_msgs/include/lslidar_msgs/lslidar_msgs/msg/detail/lslidar_difop__rosidl_typesupport_fastrtps_cpp.hpp
[24.975s] -- Installing: /home/pi/Desktop/robot_move/install/lslidar_msgs/include/lslidar_msgs/lslidar_msgs/msg/detail/lslidar_sweep__rosidl_typesupport_fastrtps_cpp.hpp
[24.976s] -- Installing: /home/pi/Desktop/robot_move/install/lslidar_msgs/lib/liblslidar_msgs__rosidl_typesupport_fastrtps_cpp.so
[24.976s] -- Set non-toolchain portion of runtime path of "/home/pi/Desktop/robot_move/install/lslidar_msgs/lib/liblslidar_msgs__rosidl_typesupport_fastrtps_cpp.so" to ""
[24.976s] -- Up-to-date: /home/pi/Desktop/robot_move/install/lslidar_msgs/include/lslidar_msgs/lslidar_msgs
[24.976s] -- Up-to-date: /home/pi/Desktop/robot_move/install/lslidar_msgs/include/lslidar_msgs/lslidar_msgs/msg
[24.976s] -- Installing: /home/pi/Desktop/robot_move/install/lslidar_msgs/include/lslidar_msgs/lslidar_msgs/msg/rosidl_typesupport_introspection_c__visibility_control.h
[24.976s] -- Up-to-date: /home/pi/Desktop/robot_move/install/lslidar_msgs/include/lslidar_msgs/lslidar_msgs/msg/detail
[24.977s] -- Installing: /home/pi/Desktop/robot_move/install/lslidar_msgs/include/lslidar_msgs/lslidar_msgs/msg/detail/lslidar_scan__type_support.c
[24.977s] -- Installing: /home/pi/Desktop/robot_move/install/lslidar_msgs/include/lslidar_msgs/lslidar_msgs/msg/detail/lslidar_scan__rosidl_typesupport_introspection_c.h
[24.977s] -- Installing: /home/pi/Desktop/robot_move/install/lslidar_msgs/include/lslidar_msgs/lslidar_msgs/msg/detail/lslidar_point__rosidl_typesupport_introspection_c.h
[24.977s] -- Installing: /home/pi/Desktop/robot_move/install/lslidar_msgs/include/lslidar_msgs/lslidar_msgs/msg/detail/lslidar_difop__rosidl_typesupport_introspection_c.h
[24.977s] -- Installing: /home/pi/Desktop/robot_move/install/lslidar_msgs/include/lslidar_msgs/lslidar_msgs/msg/detail/lslidar_packet__type_support.c
[24.977s] -- Installing: /home/pi/Desktop/robot_move/install/lslidar_msgs/include/lslidar_msgs/lslidar_msgs/msg/detail/lslidar_packet__rosidl_typesupport_introspection_c.h
[24.978s] -- Installing: /home/pi/Desktop/robot_move/install/lslidar_msgs/include/lslidar_msgs/lslidar_msgs/msg/detail/lslidar_point__type_support.c
[24.978s] -- Installing: /home/pi/Desktop/robot_move/install/lslidar_msgs/include/lslidar_msgs/lslidar_msgs/msg/detail/lslidar_difop__type_support.c
[24.978s] -- Installing: /home/pi/Desktop/robot_move/install/lslidar_msgs/include/lslidar_msgs/lslidar_msgs/msg/detail/lslidar_sweep__type_support.c
[24.978s] -- Installing: /home/pi/Desktop/robot_move/install/lslidar_msgs/include/lslidar_msgs/lslidar_msgs/msg/detail/lslidar_sweep__rosidl_typesupport_introspection_c.h
[24.978s] -- Installing: /home/pi/Desktop/robot_move/install/lslidar_msgs/lib/liblslidar_msgs__rosidl_typesupport_introspection_c.so
[24.979s] -- Set non-toolchain portion of runtime path of "/home/pi/Desktop/robot_move/install/lslidar_msgs/lib/liblslidar_msgs__rosidl_typesupport_introspection_c.so" to ""
[24.980s] -- Installing: /home/pi/Desktop/robot_move/install/lslidar_msgs/lib/liblslidar_msgs__rosidl_typesupport_c.so
[24.980s] -- Set non-toolchain portion of runtime path of "/home/pi/Desktop/robot_move/install/lslidar_msgs/lib/liblslidar_msgs__rosidl_typesupport_c.so" to ""
[24.981s] -- Up-to-date: /home/pi/Desktop/robot_move/install/lslidar_msgs/include/lslidar_msgs/lslidar_msgs
[24.981s] -- Up-to-date: /home/pi/Desktop/robot_move/install/lslidar_msgs/include/lslidar_msgs/lslidar_msgs/msg
[24.982s] -- Up-to-date: /home/pi/Desktop/robot_move/install/lslidar_msgs/include/lslidar_msgs/lslidar_msgs/msg/detail
[24.982s] -- Installing: /home/pi/Desktop/robot_move/install/lslidar_msgs/include/lslidar_msgs/lslidar_msgs/msg/detail/lslidar_scan__type_support.cpp
[24.982s] -- Installing: /home/pi/Desktop/robot_move/install/lslidar_msgs/include/lslidar_msgs/lslidar_msgs/msg/detail/lslidar_difop__type_support.cpp
[24.982s] -- Installing: /home/pi/Desktop/robot_move/install/lslidar_msgs/include/lslidar_msgs/lslidar_msgs/msg/detail/lslidar_difop__rosidl_typesupport_introspection_cpp.hpp
[24.985s] -- Installing: /home/pi/Desktop/robot_move/install/lslidar_msgs/include/lslidar_msgs/lslidar_msgs/msg/detail/lslidar_point__rosidl_typesupport_introspection_cpp.hpp
[24.985s] -- Installing: /home/pi/Desktop/robot_move/install/lslidar_msgs/include/lslidar_msgs/lslidar_msgs/msg/detail/lslidar_sweep__type_support.cpp
[24.985s] -- Installing: /home/pi/Desktop/robot_move/install/lslidar_msgs/include/lslidar_msgs/lslidar_msgs/msg/detail/lslidar_sweep__rosidl_typesupport_introspection_cpp.hpp
[24.986s] -- Installing: /home/pi/Desktop/robot_move/install/lslidar_msgs/include/lslidar_msgs/lslidar_msgs/msg/detail/lslidar_point__type_support.cpp
[24.986s] -- Installing: /home/pi/Desktop/robot_move/install/lslidar_msgs/include/lslidar_msgs/lslidar_msgs/msg/detail/lslidar_scan__rosidl_typesupport_introspection_cpp.hpp
[24.986s] -- Installing: /home/pi/Desktop/robot_move/install/lslidar_msgs/include/lslidar_msgs/lslidar_msgs/msg/detail/lslidar_packet__rosidl_typesupport_introspection_cpp.hpp
[24.986s] -- Installing: /home/pi/Desktop/robot_move/install/lslidar_msgs/include/lslidar_msgs/lslidar_msgs/msg/detail/lslidar_packet__type_support.cpp
[24.986s] -- Installing: /home/pi/Desktop/robot_move/install/lslidar_msgs/lib/liblslidar_msgs__rosidl_typesupport_introspection_cpp.so
[24.986s] -- Set non-toolchain portion of runtime path of "/home/pi/Desktop/robot_move/install/lslidar_msgs/lib/liblslidar_msgs__rosidl_typesupport_introspection_cpp.so" to ""
[24.986s] -- Installing: /home/pi/Desktop/robot_move/install/lslidar_msgs/lib/liblslidar_msgs__rosidl_typesupport_cpp.so
[24.986s] -- Set non-toolchain portion of runtime path of "/home/pi/Desktop/robot_move/install/lslidar_msgs/lib/liblslidar_msgs__rosidl_typesupport_cpp.so" to ""
[24.987s] -- Installing: /home/pi/Desktop/robot_move/install/lslidar_msgs/share/lslidar_msgs/environment/pythonpath.sh
[24.987s] -- Installing: /home/pi/Desktop/robot_move/install/lslidar_msgs/share/lslidar_msgs/environment/pythonpath.dsv
[24.987s] -- Installing: /home/pi/Desktop/robot_move/install/lslidar_msgs/lib/python3.12/site-packages/lslidar_msgs-1.2.0-py3.12.egg-info
[24.987s] -- Installing: /home/pi/Desktop/robot_move/install/lslidar_msgs/lib/python3.12/site-packages/lslidar_msgs-1.2.0-py3.12.egg-info/SOURCES.txt
[24.987s] -- Installing: /home/pi/Desktop/robot_move/install/lslidar_msgs/lib/python3.12/site-packages/lslidar_msgs-1.2.0-py3.12.egg-info/top_level.txt
[24.987s] -- Installing: /home/pi/Desktop/robot_move/install/lslidar_msgs/lib/python3.12/site-packages/lslidar_msgs-1.2.0-py3.12.egg-info/PKG-INFO
[24.987s] -- Installing: /home/pi/Desktop/robot_move/install/lslidar_msgs/lib/python3.12/site-packages/lslidar_msgs-1.2.0-py3.12.egg-info/dependency_links.txt
[24.987s] -- Installing: /home/pi/Desktop/robot_move/install/lslidar_msgs/lib/python3.12/site-packages/lslidar_msgs
[24.988s] -- Installing: /home/pi/Desktop/robot_move/install/lslidar_msgs/lib/python3.12/site-packages/lslidar_msgs/__init__.py
[24.988s] -- Installing: /home/pi/Desktop/robot_move/install/lslidar_msgs/lib/python3.12/site-packages/lslidar_msgs/_lslidar_msgs_s.ep.rosidl_typesupport_introspection_c.c
[24.988s] -- Installing: /home/pi/Desktop/robot_move/install/lslidar_msgs/lib/python3.12/site-packages/lslidar_msgs/msg
[24.988s] -- Installing: /home/pi/Desktop/robot_move/install/lslidar_msgs/lib/python3.12/site-packages/lslidar_msgs/msg/_lslidar_sweep_s.c
[24.988s] -- Installing: /home/pi/Desktop/robot_move/install/lslidar_msgs/lib/python3.12/site-packages/lslidar_msgs/msg/__init__.py
[24.988s] -- Installing: /home/pi/Desktop/robot_move/install/lslidar_msgs/lib/python3.12/site-packages/lslidar_msgs/msg/_lslidar_scan.py
[24.989s] -- Installing: /home/pi/Desktop/robot_move/install/lslidar_msgs/lib/python3.12/site-packages/lslidar_msgs/msg/_lslidar_packet_s.c
[24.989s] -- Installing: /home/pi/Desktop/robot_move/install/lslidar_msgs/lib/python3.12/site-packages/lslidar_msgs/msg/_lslidar_scan_s.c
[24.989s] -- Installing: /home/pi/Desktop/robot_move/install/lslidar_msgs/lib/python3.12/site-packages/lslidar_msgs/msg/_lslidar_packet.py
[24.989s] -- Installing: /home/pi/Desktop/robot_move/install/lslidar_msgs/lib/python3.12/site-packages/lslidar_msgs/msg/_lslidar_point.py
[24.989s] -- Installing: /home/pi/Desktop/robot_move/install/lslidar_msgs/lib/python3.12/site-packages/lslidar_msgs/msg/_lslidar_difop_s.c
[24.989s] -- Installing: /home/pi/Desktop/robot_move/install/lslidar_msgs/lib/python3.12/site-packages/lslidar_msgs/msg/_lslidar_point_s.c
[24.990s] -- Installing: /home/pi/Desktop/robot_move/install/lslidar_msgs/lib/python3.12/site-packages/lslidar_msgs/msg/_lslidar_difop.py
[24.990s] -- Installing: /home/pi/Desktop/robot_move/install/lslidar_msgs/lib/python3.12/site-packages/lslidar_msgs/msg/_lslidar_sweep.py
[24.990s] -- Installing: /home/pi/Desktop/robot_move/install/lslidar_msgs/lib/python3.12/site-packages/lslidar_msgs/lslidar_msgs_s__rosidl_typesupport_introspection_c.so
[24.990s] -- Installing: /home/pi/Desktop/robot_move/install/lslidar_msgs/lib/python3.12/site-packages/lslidar_msgs/lslidar_msgs_s__rosidl_typesupport_fastrtps_c.so
[24.990s] -- Installing: /home/pi/Desktop/robot_move/install/lslidar_msgs/lib/python3.12/site-packages/lslidar_msgs/lslidar_msgs_s__rosidl_typesupport_c.so
[24.990s] -- Installing: /home/pi/Desktop/robot_move/install/lslidar_msgs/lib/python3.12/site-packages/lslidar_msgs/_lslidar_msgs_s.ep.rosidl_typesupport_c.c
[24.990s] -- Installing: /home/pi/Desktop/robot_move/install/lslidar_msgs/lib/python3.12/site-packages/lslidar_msgs/_lslidar_msgs_s.ep.rosidl_typesupport_fastrtps_c.c
[25.091s] Listing '/home/pi/Desktop/robot_move/install/lslidar_msgs/lib/python3.12/site-packages/lslidar_msgs'...
[25.092s] Compiling '/home/pi/Desktop/robot_move/install/lslidar_msgs/lib/python3.12/site-packages/lslidar_msgs/__init__.py'...
[25.092s] Listing '/home/pi/Desktop/robot_move/install/lslidar_msgs/lib/python3.12/site-packages/lslidar_msgs/msg'...
[25.092s] Compiling '/home/pi/Desktop/robot_move/install/lslidar_msgs/lib/python3.12/site-packages/lslidar_msgs/msg/__init__.py'...
[25.093s] Compiling '/home/pi/Desktop/robot_move/install/lslidar_msgs/lib/python3.12/site-packages/lslidar_msgs/msg/_lslidar_difop.py'...
[25.093s] Compiling '/home/pi/Desktop/robot_move/install/lslidar_msgs/lib/python3.12/site-packages/lslidar_msgs/msg/_lslidar_packet.py'...
[25.093s] Compiling '/home/pi/Desktop/robot_move/install/lslidar_msgs/lib/python3.12/site-packages/lslidar_msgs/msg/_lslidar_point.py'...
[25.093s] Compiling '/home/pi/Desktop/robot_move/install/lslidar_msgs/lib/python3.12/site-packages/lslidar_msgs/msg/_lslidar_scan.py'...
[25.094s] Compiling '/home/pi/Desktop/robot_move/install/lslidar_msgs/lib/python3.12/site-packages/lslidar_msgs/msg/_lslidar_sweep.py'...
[25.120s] -- Installing: /home/pi/Desktop/robot_move/install/lslidar_msgs/lib/python3.12/site-packages/lslidar_msgs/lslidar_msgs_s__rosidl_typesupport_fastrtps_c.so
[25.120s] -- Set non-toolchain portion of runtime path of "/home/pi/Desktop/robot_move/install/lslidar_msgs/lib/python3.12/site-packages/lslidar_msgs/lslidar_msgs_s__rosidl_typesupport_fastrtps_c.so" to ""
[25.120s] -- Installing: /home/pi/Desktop/robot_move/install/lslidar_msgs/lib/python3.12/site-packages/lslidar_msgs/lslidar_msgs_s__rosidl_typesupport_introspection_c.so
[25.121s] -- Set non-toolchain portion of runtime path of "/home/pi/Desktop/robot_move/install/lslidar_msgs/lib/python3.12/site-packages/lslidar_msgs/lslidar_msgs_s__rosidl_typesupport_introspection_c.so" to ""
[25.121s] -- Installing: /home/pi/Desktop/robot_move/install/lslidar_msgs/lib/python3.12/site-packages/lslidar_msgs/lslidar_msgs_s__rosidl_typesupport_c.so
[25.122s] -- Set non-toolchain portion of runtime path of "/home/pi/Desktop/robot_move/install/lslidar_msgs/lib/python3.12/site-packages/lslidar_msgs/lslidar_msgs_s__rosidl_typesupport_c.so" to ""
[25.123s] -- Installing: /home/pi/Desktop/robot_move/install/lslidar_msgs/lib/liblslidar_msgs__rosidl_generator_py.so
[25.123s] -- Set non-toolchain portion of runtime path of "/home/pi/Desktop/robot_move/install/lslidar_msgs/lib/liblslidar_msgs__rosidl_generator_py.so" to ""
[25.124s] -- Installing: /home/pi/Desktop/robot_move/install/lslidar_msgs/share/lslidar_msgs/msg/LslidarDifop.idl
[25.124s] -- Installing: /home/pi/Desktop/robot_move/install/lslidar_msgs/share/lslidar_msgs/msg/LslidarPacket.idl
[25.124s] -- Installing: /home/pi/Desktop/robot_move/install/lslidar_msgs/share/lslidar_msgs/msg/LslidarPoint.idl
[25.124s] -- Installing: /home/pi/Desktop/robot_move/install/lslidar_msgs/share/lslidar_msgs/msg/LslidarScan.idl
[25.125s] -- Installing: /home/pi/Desktop/robot_move/install/lslidar_msgs/share/lslidar_msgs/msg/LslidarSweep.idl
[25.125s] -- Installing: /home/pi/Desktop/robot_move/install/lslidar_msgs/share/lslidar_msgs/msg/LslidarDifop.msg
[25.126s] -- Installing: /home/pi/Desktop/robot_move/install/lslidar_msgs/share/lslidar_msgs/msg/LslidarPacket.msg
[25.129s] -- Installing: /home/pi/Desktop/robot_move/install/lslidar_msgs/share/lslidar_msgs/msg/LslidarPoint.msg
[25.129s] -- Installing: /home/pi/Desktop/robot_move/install/lslidar_msgs/share/lslidar_msgs/msg/LslidarScan.msg
[25.129s] -- Installing: /home/pi/Desktop/robot_move/install/lslidar_msgs/share/lslidar_msgs/msg/LslidarSweep.msg
[25.130s] -- Installing: /home/pi/Desktop/robot_move/install/lslidar_msgs/share/ament_index/resource_index/package_run_dependencies/lslidar_msgs
[25.130s] -- Installing: /home/pi/Desktop/robot_move/install/lslidar_msgs/share/ament_index/resource_index/parent_prefix_path/lslidar_msgs
[25.132s] -- Installing: /home/pi/Desktop/robot_move/install/lslidar_msgs/share/lslidar_msgs/environment/ament_prefix_path.sh
[25.132s] -- Installing: /home/pi/Desktop/robot_move/install/lslidar_msgs/share/lslidar_msgs/environment/ament_prefix_path.dsv
[25.137s] -- Installing: /home/pi/Desktop/robot_move/install/lslidar_msgs/share/lslidar_msgs/environment/path.sh
[25.137s] -- Installing: /home/pi/Desktop/robot_move/install/lslidar_msgs/share/lslidar_msgs/environment/path.dsv
[25.137s] -- Installing: /home/pi/Desktop/robot_move/install/lslidar_msgs/share/lslidar_msgs/local_setup.bash
[25.138s] -- Installing: /home/pi/Desktop/robot_move/install/lslidar_msgs/share/lslidar_msgs/local_setup.sh
[25.138s] -- Installing: /home/pi/Desktop/robot_move/install/lslidar_msgs/share/lslidar_msgs/local_setup.zsh
[25.138s] -- Installing: /home/pi/Desktop/robot_move/install/lslidar_msgs/share/lslidar_msgs/local_setup.dsv
[25.142s] -- Installing: /home/pi/Desktop/robot_move/install/lslidar_msgs/share/lslidar_msgs/package.dsv
[25.142s] -- Installing: /home/pi/Desktop/robot_move/install/lslidar_msgs/share/ament_index/resource_index/packages/lslidar_msgs
[25.143s] -- Installing: /home/pi/Desktop/robot_move/install/lslidar_msgs/share/lslidar_msgs/cmake/export_lslidar_msgs__rosidl_generator_cExport.cmake
[25.144s] -- Installing: /home/pi/Desktop/robot_move/install/lslidar_msgs/share/lslidar_msgs/cmake/export_lslidar_msgs__rosidl_generator_cExport-noconfig.cmake
[25.144s] -- Installing: /home/pi/Desktop/robot_move/install/lslidar_msgs/share/lslidar_msgs/cmake/export_lslidar_msgs__rosidl_typesupport_fastrtps_cExport.cmake
[25.144s] -- Installing: /home/pi/Desktop/robot_move/install/lslidar_msgs/share/lslidar_msgs/cmake/export_lslidar_msgs__rosidl_typesupport_fastrtps_cExport-noconfig.cmake
[25.144s] -- Installing: /home/pi/Desktop/robot_move/install/lslidar_msgs/share/lslidar_msgs/cmake/export_lslidar_msgs__rosidl_generator_cppExport.cmake
[25.144s] -- Installing: /home/pi/Desktop/robot_move/install/lslidar_msgs/share/lslidar_msgs/cmake/export_lslidar_msgs__rosidl_typesupport_fastrtps_cppExport.cmake
[25.144s] -- Installing: /home/pi/Desktop/robot_move/install/lslidar_msgs/share/lslidar_msgs/cmake/export_lslidar_msgs__rosidl_typesupport_fastrtps_cppExport-noconfig.cmake
[25.145s] -- Installing: /home/pi/Desktop/robot_move/install/lslidar_msgs/share/lslidar_msgs/cmake/lslidar_msgs__rosidl_typesupport_introspection_cExport.cmake
[25.145s] -- Installing: /home/pi/Desktop/robot_move/install/lslidar_msgs/share/lslidar_msgs/cmake/lslidar_msgs__rosidl_typesupport_introspection_cExport-noconfig.cmake
[25.146s] -- Installing: /home/pi/Desktop/robot_move/install/lslidar_msgs/share/lslidar_msgs/cmake/lslidar_msgs__rosidl_typesupport_cExport.cmake
[25.146s] -- Installing: /home/pi/Desktop/robot_move/install/lslidar_msgs/share/lslidar_msgs/cmake/lslidar_msgs__rosidl_typesupport_cExport-noconfig.cmake
[25.146s] -- Installing: /home/pi/Desktop/robot_move/install/lslidar_msgs/share/lslidar_msgs/cmake/lslidar_msgs__rosidl_typesupport_introspection_cppExport.cmake
[25.146s] -- Installing: /home/pi/Desktop/robot_move/install/lslidar_msgs/share/lslidar_msgs/cmake/lslidar_msgs__rosidl_typesupport_introspection_cppExport-noconfig.cmake
[25.147s] -- Installing: /home/pi/Desktop/robot_move/install/lslidar_msgs/share/lslidar_msgs/cmake/lslidar_msgs__rosidl_typesupport_cppExport.cmake
[25.147s] -- Installing: /home/pi/Desktop/robot_move/install/lslidar_msgs/share/lslidar_msgs/cmake/lslidar_msgs__rosidl_typesupport_cppExport-noconfig.cmake
[25.147s] -- Installing: /home/pi/Desktop/robot_move/install/lslidar_msgs/share/lslidar_msgs/cmake/export_lslidar_msgs__rosidl_generator_pyExport.cmake
[25.147s] -- Installing: /home/pi/Desktop/robot_move/install/lslidar_msgs/share/lslidar_msgs/cmake/export_lslidar_msgs__rosidl_generator_pyExport-noconfig.cmake
[25.148s] -- Installing: /home/pi/Desktop/robot_move/install/lslidar_msgs/share/lslidar_msgs/cmake/rosidl_cmake-extras.cmake
[25.148s] -- Installing: /home/pi/Desktop/robot_move/install/lslidar_msgs/share/lslidar_msgs/cmake/ament_cmake_export_dependencies-extras.cmake
[25.148s] -- Installing: /home/pi/Desktop/robot_move/install/lslidar_msgs/share/lslidar_msgs/cmake/ament_cmake_export_include_directories-extras.cmake
[25.149s] -- Installing: /home/pi/Desktop/robot_move/install/lslidar_msgs/share/lslidar_msgs/cmake/ament_cmake_export_libraries-extras.cmake
[25.149s] -- Installing: /home/pi/Desktop/robot_move/install/lslidar_msgs/share/lslidar_msgs/cmake/ament_cmake_export_targets-extras.cmake
[25.149s] -- Installing: /home/pi/Desktop/robot_move/install/lslidar_msgs/share/lslidar_msgs/cmake/rosidl_cmake_export_typesupport_targets-extras.cmake
[25.149s] -- Installing: /home/pi/Desktop/robot_move/install/lslidar_msgs/share/lslidar_msgs/cmake/rosidl_cmake_export_typesupport_libraries-extras.cmake
[25.149s] -- Installing: /home/pi/Desktop/robot_move/install/lslidar_msgs/share/lslidar_msgs/cmake/lslidar_msgsConfig.cmake
[25.149s] -- Installing: /home/pi/Desktop/robot_move/install/lslidar_msgs/share/lslidar_msgs/cmake/lslidar_msgsConfig-version.cmake
[25.149s] -- Installing: /home/pi/Desktop/robot_move/install/lslidar_msgs/share/lslidar_msgs/package.xml
[25.151s] Invoked command in '/home/pi/Desktop/robot_move/build/lslidar_msgs' returned '0': CMAKE_PREFIX_PATH=${CMAKE_PREFIX_PATH}:/home/pi/Desktop/robot_move/my_base_learn/install/robot_control:/home/pi/Desktop/robot_move/my_base_learn/install/lidar_test:/opt/ros/jazzy DEBUGINFOD_URLS=https://debuginfod.ubuntu.com /usr/bin/cmake --install /home/pi/Desktop/robot_move/build/lslidar_msgs
