[0.057s] Invoking command in '/home/pi/Desktop/robot_move/build/lslidar_msgs': CMAKE_PREFIX_PATH=${CMAKE_PREFIX_PATH}:/home/pi/Desktop/robot_move/my_base_learn/install/robot_control:/home/pi/Desktop/robot_move/my_base_learn/install/lidar_test:/opt/ros/jazzy DEBUGINFOD_URLS=https://debuginfod.ubuntu.com /usr/bin/cmake --build /home/pi/Desktop/robot_move/build/lslidar_msgs -- -j4 -l4
[0.597s] [  1%] Built target lslidar_msgs__rosidl_generator_type_description
[0.597s] [  1%] Built target ament_cmake_python_copy_lslidar_msgs
[0.597s] [  2%] Built target lslidar_msgs__cpp
[0.597s] [ 25%] Built target lslidar_msgs__rosidl_generator_c
[0.597s] [ 35%] Built target lslidar_msgs__rosidl_typesupport_cpp
[0.603s] [ 44%] Built target lslidar_msgs__rosidl_typesupport_fastrtps_c
[0.605s] [ 54%] Built target lslidar_msgs__rosidl_typesupport_introspection_c
[0.605s] [ 63%] Built target lslidar_msgs__rosidl_typesupport_fastrtps_cpp
[0.605s] [ 72%] Built target lslidar_msgs__rosidl_typesupport_c
[0.657s] [ 82%] Built target lslidar_msgs__rosidl_typesupport_introspection_cpp
[0.666s] running egg_info
[0.705s] [ 82%] Built target lslidar_msgs
[0.711s] writing lslidar_msgs.egg-info/PKG-INFO
[0.712s] writing dependency_links to lslidar_msgs.egg-info/dependency_links.txt
[0.712s] writing top-level names to lslidar_msgs.egg-info/top_level.txt
[0.750s] [ 83%] Built target lslidar_msgs__py
[0.811s] reading manifest file 'lslidar_msgs.egg-info/SOURCES.txt'
[0.813s] writing manifest file 'lslidar_msgs.egg-info/SOURCES.txt'
[0.823s] [ 91%] Built target lslidar_msgs__rosidl_generator_py
[0.907s] [ 91%] Built target ament_cmake_python_build_lslidar_msgs_egg
[0.983s] [ 95%] Built target lslidar_msgs_s__rosidl_typesupport_fastrtps_c
[0.985s] [ 97%] Built target lslidar_msgs_s__rosidl_typesupport_c
[0.987s] [100%] Built target lslidar_msgs_s__rosidl_typesupport_introspection_c
[1.091s] Invoked command in '/home/pi/Desktop/robot_move/build/lslidar_msgs' returned '0': CMAKE_PREFIX_PATH=${CMAKE_PREFIX_PATH}:/home/pi/Desktop/robot_move/my_base_learn/install/robot_control:/home/pi/Desktop/robot_move/my_base_learn/install/lidar_test:/opt/ros/jazzy DEBUGINFOD_URLS=https://debuginfod.ubuntu.com /usr/bin/cmake --build /home/pi/Desktop/robot_move/build/lslidar_msgs -- -j4 -l4
[1.102s] Invoking command in '/home/pi/Desktop/robot_move/build/lslidar_msgs': CMAKE_PREFIX_PATH=${CMAKE_PREFIX_PATH}:/home/pi/Desktop/robot_move/my_base_learn/install/robot_control:/home/pi/Desktop/robot_move/my_base_learn/install/lidar_test:/opt/ros/jazzy DEBUGINFOD_URLS=https://debuginfod.ubuntu.com /usr/bin/cmake --install /home/pi/Desktop/robot_move/build/lslidar_msgs
[1.144s] -- Install configuration: ""
[1.144s] -- Up-to-date: /home/pi/Desktop/robot_move/install/lslidar_msgs/share/ament_index/resource_index/rosidl_interfaces/lslidar_msgs
[1.144s] -- Up-to-date: /home/pi/Desktop/robot_move/install/lslidar_msgs/share/lslidar_msgs/msg/LslidarDifop.json
[1.144s] -- Up-to-date: /home/pi/Desktop/robot_move/install/lslidar_msgs/share/lslidar_msgs/msg/LslidarPacket.json
[1.144s] -- Up-to-date: /home/pi/Desktop/robot_move/install/lslidar_msgs/share/lslidar_msgs/msg/LslidarPoint.json
[1.145s] -- Up-to-date: /home/pi/Desktop/robot_move/install/lslidar_msgs/share/lslidar_msgs/msg/LslidarScan.json
[1.145s] -- Up-to-date: /home/pi/Desktop/robot_move/install/lslidar_msgs/share/lslidar_msgs/msg/LslidarSweep.json
[1.145s] -- Up-to-date: /home/pi/Desktop/robot_move/install/lslidar_msgs/include/lslidar_msgs/lslidar_msgs
[1.145s] -- Up-to-date: /home/pi/Desktop/robot_move/install/lslidar_msgs/include/lslidar_msgs/lslidar_msgs/msg
[1.145s] -- Up-to-date: /home/pi/Desktop/robot_move/install/lslidar_msgs/include/lslidar_msgs/lslidar_msgs/msg/lslidar_point.h
[1.146s] -- Up-to-date: /home/pi/Desktop/robot_move/install/lslidar_msgs/include/lslidar_msgs/lslidar_msgs/msg/lslidar_difop.h
[1.146s] -- Up-to-date: /home/pi/Desktop/robot_move/install/lslidar_msgs/include/lslidar_msgs/lslidar_msgs/msg/detail
[1.146s] -- Up-to-date: /home/pi/Desktop/robot_move/install/lslidar_msgs/include/lslidar_msgs/lslidar_msgs/msg/detail/lslidar_point__description.c
[1.146s] -- Up-to-date: /home/pi/Desktop/robot_move/install/lslidar_msgs/include/lslidar_msgs/lslidar_msgs/msg/detail/lslidar_point__functions.c
[1.146s] -- Up-to-date: /home/pi/Desktop/robot_move/install/lslidar_msgs/include/lslidar_msgs/lslidar_msgs/msg/detail/lslidar_sweep__type_support.h
[1.146s] -- Up-to-date: /home/pi/Desktop/robot_move/install/lslidar_msgs/include/lslidar_msgs/lslidar_msgs/msg/detail/lslidar_difop__description.c
[1.153s] -- Installing: /home/pi/Desktop/robot_move/install/lslidar_msgs/include/lslidar_msgs/lslidar_msgs/msg/detail/lslidar_scan__type_support.c
[1.153s] -- Up-to-date: /home/pi/Desktop/robot_move/install/lslidar_msgs/include/lslidar_msgs/lslidar_msgs/msg/detail/lslidar_difop__type_support.h
[1.153s] -- Up-to-date: /home/pi/Desktop/robot_move/install/lslidar_msgs/include/lslidar_msgs/lslidar_msgs/msg/detail/lslidar_scan__type_support.h
[1.153s] -- Up-to-date: /home/pi/Desktop/robot_move/install/lslidar_msgs/include/lslidar_msgs/lslidar_msgs/msg/detail/lslidar_packet__functions.h
[1.154s] -- Up-to-date: /home/pi/Desktop/robot_move/install/lslidar_msgs/include/lslidar_msgs/lslidar_msgs/msg/detail/lslidar_difop__functions.h
[1.154s] -- Up-to-date: /home/pi/Desktop/robot_move/install/lslidar_msgs/include/lslidar_msgs/lslidar_msgs/msg/detail/lslidar_packet__struct.h
[1.154s] -- Installing: /home/pi/Desktop/robot_move/install/lslidar_msgs/include/lslidar_msgs/lslidar_msgs/msg/detail/lslidar_packet__type_support.c
[1.154s] -- Up-to-date: /home/pi/Desktop/robot_move/install/lslidar_msgs/include/lslidar_msgs/lslidar_msgs/msg/detail/lslidar_scan__description.c
[1.154s] -- Up-to-date: /home/pi/Desktop/robot_move/install/lslidar_msgs/include/lslidar_msgs/lslidar_msgs/msg/detail/lslidar_point__functions.h
[1.154s] -- Up-to-date: /home/pi/Desktop/robot_move/install/lslidar_msgs/include/lslidar_msgs/lslidar_msgs/msg/detail/lslidar_scan__struct.h
[1.154s] -- Installing: /home/pi/Desktop/robot_move/install/lslidar_msgs/include/lslidar_msgs/lslidar_msgs/msg/detail/lslidar_point__type_support.c
[1.154s] -- Up-to-date: /home/pi/Desktop/robot_move/install/lslidar_msgs/include/lslidar_msgs/lslidar_msgs/msg/detail/lslidar_packet__type_support.h
[1.155s] -- Up-to-date: /home/pi/Desktop/robot_move/install/lslidar_msgs/include/lslidar_msgs/lslidar_msgs/msg/detail/lslidar_sweep__struct.h
[1.155s] -- Up-to-date: /home/pi/Desktop/robot_move/install/lslidar_msgs/include/lslidar_msgs/lslidar_msgs/msg/detail/lslidar_difop__functions.c
[1.155s] -- Up-to-date: /home/pi/Desktop/robot_move/install/lslidar_msgs/include/lslidar_msgs/lslidar_msgs/msg/detail/lslidar_packet__functions.c
[1.155s] -- Up-to-date: /home/pi/Desktop/robot_move/install/lslidar_msgs/include/lslidar_msgs/lslidar_msgs/msg/detail/lslidar_scan__functions.c
[1.155s] -- Up-to-date: /home/pi/Desktop/robot_move/install/lslidar_msgs/include/lslidar_msgs/lslidar_msgs/msg/detail/lslidar_scan__functions.h
[1.155s] -- Up-to-date: /home/pi/Desktop/robot_move/install/lslidar_msgs/include/lslidar_msgs/lslidar_msgs/msg/detail/lslidar_point__struct.h
[1.155s] -- Installing: /home/pi/Desktop/robot_move/install/lslidar_msgs/include/lslidar_msgs/lslidar_msgs/msg/detail/lslidar_difop__type_support.c
[1.159s] -- Up-to-date: /home/pi/Desktop/robot_move/install/lslidar_msgs/include/lslidar_msgs/lslidar_msgs/msg/detail/lslidar_sweep__functions.h
[1.159s] -- Installing: /home/pi/Desktop/robot_move/install/lslidar_msgs/include/lslidar_msgs/lslidar_msgs/msg/detail/lslidar_sweep__type_support.c
[1.159s] -- Up-to-date: /home/pi/Desktop/robot_move/install/lslidar_msgs/include/lslidar_msgs/lslidar_msgs/msg/detail/lslidar_point__type_support.h
[1.159s] -- Up-to-date: /home/pi/Desktop/robot_move/install/lslidar_msgs/include/lslidar_msgs/lslidar_msgs/msg/detail/lslidar_sweep__functions.c
[1.159s] -- Up-to-date: /home/pi/Desktop/robot_move/install/lslidar_msgs/include/lslidar_msgs/lslidar_msgs/msg/detail/lslidar_sweep__description.c
[1.159s] -- Up-to-date: /home/pi/Desktop/robot_move/install/lslidar_msgs/include/lslidar_msgs/lslidar_msgs/msg/detail/lslidar_difop__struct.h
[1.160s] -- Up-to-date: /home/pi/Desktop/robot_move/install/lslidar_msgs/include/lslidar_msgs/lslidar_msgs/msg/detail/lslidar_packet__description.c
[1.160s] -- Up-to-date: /home/pi/Desktop/robot_move/install/lslidar_msgs/include/lslidar_msgs/lslidar_msgs/msg/lslidar_packet.h
[1.160s] -- Up-to-date: /home/pi/Desktop/robot_move/install/lslidar_msgs/include/lslidar_msgs/lslidar_msgs/msg/rosidl_generator_c__visibility_control.h
[1.160s] -- Up-to-date: /home/pi/Desktop/robot_move/install/lslidar_msgs/include/lslidar_msgs/lslidar_msgs/msg/lslidar_sweep.h
[1.160s] -- Up-to-date: /home/pi/Desktop/robot_move/install/lslidar_msgs/include/lslidar_msgs/lslidar_msgs/msg/lslidar_scan.h
[1.160s] -- Up-to-date: /home/pi/Desktop/robot_move/install/lslidar_msgs/share/lslidar_msgs/environment/library_path.sh
[1.160s] -- Up-to-date: /home/pi/Desktop/robot_move/install/lslidar_msgs/share/lslidar_msgs/environment/library_path.dsv
[1.161s] -- Up-to-date: /home/pi/Desktop/robot_move/install/lslidar_msgs/lib/liblslidar_msgs__rosidl_generator_c.so
[1.161s] -- Up-to-date: /home/pi/Desktop/robot_move/install/lslidar_msgs/include/lslidar_msgs/lslidar_msgs
[1.161s] -- Up-to-date: /home/pi/Desktop/robot_move/install/lslidar_msgs/include/lslidar_msgs/lslidar_msgs/msg
[1.161s] -- Up-to-date: /home/pi/Desktop/robot_move/install/lslidar_msgs/include/lslidar_msgs/lslidar_msgs/msg/rosidl_typesupport_fastrtps_c__visibility_control.h
[1.161s] -- Up-to-date: /home/pi/Desktop/robot_move/install/lslidar_msgs/include/lslidar_msgs/lslidar_msgs/msg/detail
[1.161s] -- Up-to-date: /home/pi/Desktop/robot_move/install/lslidar_msgs/include/lslidar_msgs/lslidar_msgs/msg/detail/lslidar_packet__rosidl_typesupport_fastrtps_c.h
[1.166s] -- Up-to-date: /home/pi/Desktop/robot_move/install/lslidar_msgs/include/lslidar_msgs/lslidar_msgs/msg/detail/lslidar_difop__rosidl_typesupport_fastrtps_c.h
[1.166s] -- Up-to-date: /home/pi/Desktop/robot_move/install/lslidar_msgs/include/lslidar_msgs/lslidar_msgs/msg/detail/lslidar_sweep__rosidl_typesupport_fastrtps_c.h
[1.167s] -- Up-to-date: /home/pi/Desktop/robot_move/install/lslidar_msgs/include/lslidar_msgs/lslidar_msgs/msg/detail/lslidar_point__rosidl_typesupport_fastrtps_c.h
[1.167s] -- Up-to-date: /home/pi/Desktop/robot_move/install/lslidar_msgs/include/lslidar_msgs/lslidar_msgs/msg/detail/lslidar_scan__rosidl_typesupport_fastrtps_c.h
[1.167s] -- Up-to-date: /home/pi/Desktop/robot_move/install/lslidar_msgs/lib/liblslidar_msgs__rosidl_typesupport_fastrtps_c.so
[1.167s] -- Up-to-date: /home/pi/Desktop/robot_move/install/lslidar_msgs/include/lslidar_msgs/lslidar_msgs
[1.167s] -- Up-to-date: /home/pi/Desktop/robot_move/install/lslidar_msgs/include/lslidar_msgs/lslidar_msgs/msg
[1.167s] -- Up-to-date: /home/pi/Desktop/robot_move/install/lslidar_msgs/include/lslidar_msgs/lslidar_msgs/msg/lslidar_sweep.hpp
[1.168s] -- Up-to-date: /home/pi/Desktop/robot_move/install/lslidar_msgs/include/lslidar_msgs/lslidar_msgs/msg/lslidar_packet.hpp
[1.168s] -- Up-to-date: /home/pi/Desktop/robot_move/install/lslidar_msgs/include/lslidar_msgs/lslidar_msgs/msg/rosidl_generator_cpp__visibility_control.hpp
[1.168s] -- Up-to-date: /home/pi/Desktop/robot_move/install/lslidar_msgs/include/lslidar_msgs/lslidar_msgs/msg/lslidar_difop.hpp
[1.168s] -- Up-to-date: /home/pi/Desktop/robot_move/install/lslidar_msgs/include/lslidar_msgs/lslidar_msgs/msg/detail
[1.168s] -- Up-to-date: /home/pi/Desktop/robot_move/install/lslidar_msgs/include/lslidar_msgs/lslidar_msgs/msg/detail/lslidar_sweep__struct.hpp
[1.168s] -- Up-to-date: /home/pi/Desktop/robot_move/install/lslidar_msgs/include/lslidar_msgs/lslidar_msgs/msg/detail/lslidar_packet__builder.hpp
[1.185s] -- Up-to-date: /home/pi/Desktop/robot_move/install/lslidar_msgs/include/lslidar_msgs/lslidar_msgs/msg/detail/lslidar_sweep__builder.hpp
[1.185s] -- Up-to-date: /home/pi/Desktop/robot_move/install/lslidar_msgs/include/lslidar_msgs/lslidar_msgs/msg/detail/lslidar_point__type_support.hpp
[1.185s] -- Up-to-date: /home/pi/Desktop/robot_move/install/lslidar_msgs/include/lslidar_msgs/lslidar_msgs/msg/detail/lslidar_difop__builder.hpp
[1.185s] -- Up-to-date: /home/pi/Desktop/robot_move/install/lslidar_msgs/include/lslidar_msgs/lslidar_msgs/msg/detail/lslidar_sweep__type_support.hpp
[1.187s] -- Up-to-date: /home/pi/Desktop/robot_move/install/lslidar_msgs/include/lslidar_msgs/lslidar_msgs/msg/detail/lslidar_scan__struct.hpp
[1.187s] -- Up-to-date: /home/pi/Desktop/robot_move/install/lslidar_msgs/include/lslidar_msgs/lslidar_msgs/msg/detail/lslidar_difop__traits.hpp
[1.187s] -- Up-to-date: /home/pi/Desktop/robot_move/install/lslidar_msgs/include/lslidar_msgs/lslidar_msgs/msg/detail/lslidar_difop__type_support.hpp
[1.188s] -- Up-to-date: /home/pi/Desktop/robot_move/install/lslidar_msgs/include/lslidar_msgs/lslidar_msgs/msg/detail/lslidar_difop__struct.hpp
[1.188s] -- Up-to-date: /home/pi/Desktop/robot_move/install/lslidar_msgs/include/lslidar_msgs/lslidar_msgs/msg/detail/lslidar_point__traits.hpp
[1.188s] -- Up-to-date: /home/pi/Desktop/robot_move/install/lslidar_msgs/include/lslidar_msgs/lslidar_msgs/msg/detail/lslidar_point__builder.hpp
[1.188s] -- Up-to-date: /home/pi/Desktop/robot_move/install/lslidar_msgs/include/lslidar_msgs/lslidar_msgs/msg/detail/lslidar_packet__type_support.hpp
[1.188s] -- Up-to-date: /home/pi/Desktop/robot_move/install/lslidar_msgs/include/lslidar_msgs/lslidar_msgs/msg/detail/lslidar_scan__traits.hpp
[1.188s] -- Up-to-date: /home/pi/Desktop/robot_move/install/lslidar_msgs/include/lslidar_msgs/lslidar_msgs/msg/detail/lslidar_packet__traits.hpp
[1.192s] -- Up-to-date: /home/pi/Desktop/robot_move/install/lslidar_msgs/include/lslidar_msgs/lslidar_msgs/msg/detail/lslidar_scan__type_support.hpp
[1.192s] -- Up-to-date: /home/pi/Desktop/robot_move/install/lslidar_msgs/include/lslidar_msgs/lslidar_msgs/msg/detail/lslidar_scan__builder.hpp
[1.192s] -- Up-to-date: /home/pi/Desktop/robot_move/install/lslidar_msgs/include/lslidar_msgs/lslidar_msgs/msg/detail/lslidar_point__struct.hpp
[1.192s] -- Up-to-date: /home/pi/Desktop/robot_move/install/lslidar_msgs/include/lslidar_msgs/lslidar_msgs/msg/detail/lslidar_sweep__traits.hpp
[1.192s] -- Up-to-date: /home/pi/Desktop/robot_move/install/lslidar_msgs/include/lslidar_msgs/lslidar_msgs/msg/detail/lslidar_packet__struct.hpp
[1.193s] -- Up-to-date: /home/pi/Desktop/robot_move/install/lslidar_msgs/include/lslidar_msgs/lslidar_msgs/msg/lslidar_scan.hpp
[1.193s] -- Up-to-date: /home/pi/Desktop/robot_move/install/lslidar_msgs/include/lslidar_msgs/lslidar_msgs/msg/lslidar_point.hpp
[1.193s] -- Up-to-date: /home/pi/Desktop/robot_move/install/lslidar_msgs/include/lslidar_msgs/lslidar_msgs
[1.193s] -- Up-to-date: /home/pi/Desktop/robot_move/install/lslidar_msgs/include/lslidar_msgs/lslidar_msgs/msg
[1.193s] -- Up-to-date: /home/pi/Desktop/robot_move/install/lslidar_msgs/include/lslidar_msgs/lslidar_msgs/msg/rosidl_typesupport_fastrtps_cpp__visibility_control.h
[1.193s] -- Up-to-date: /home/pi/Desktop/robot_move/install/lslidar_msgs/include/lslidar_msgs/lslidar_msgs/msg/detail
[1.199s] -- Up-to-date: /home/pi/Desktop/robot_move/install/lslidar_msgs/include/lslidar_msgs/lslidar_msgs/msg/detail/lslidar_scan__rosidl_typesupport_fastrtps_cpp.hpp
[1.199s] -- Up-to-date: /home/pi/Desktop/robot_move/install/lslidar_msgs/include/lslidar_msgs/lslidar_msgs/msg/detail/lslidar_packet__rosidl_typesupport_fastrtps_cpp.hpp
[1.199s] -- Up-to-date: /home/pi/Desktop/robot_move/install/lslidar_msgs/include/lslidar_msgs/lslidar_msgs/msg/detail/dds_fastrtps
[1.199s] -- Up-to-date: /home/pi/Desktop/robot_move/install/lslidar_msgs/include/lslidar_msgs/lslidar_msgs/msg/detail/lslidar_point__rosidl_typesupport_fastrtps_cpp.hpp
[1.200s] -- Up-to-date: /home/pi/Desktop/robot_move/install/lslidar_msgs/include/lslidar_msgs/lslidar_msgs/msg/detail/lslidar_difop__rosidl_typesupport_fastrtps_cpp.hpp
[1.200s] -- Up-to-date: /home/pi/Desktop/robot_move/install/lslidar_msgs/include/lslidar_msgs/lslidar_msgs/msg/detail/lslidar_sweep__rosidl_typesupport_fastrtps_cpp.hpp
[1.200s] -- Up-to-date: /home/pi/Desktop/robot_move/install/lslidar_msgs/lib/liblslidar_msgs__rosidl_typesupport_fastrtps_cpp.so
[1.200s] -- Up-to-date: /home/pi/Desktop/robot_move/install/lslidar_msgs/include/lslidar_msgs/lslidar_msgs
[1.201s] -- Up-to-date: /home/pi/Desktop/robot_move/install/lslidar_msgs/include/lslidar_msgs/lslidar_msgs/msg
[1.201s] -- Up-to-date: /home/pi/Desktop/robot_move/install/lslidar_msgs/include/lslidar_msgs/lslidar_msgs/msg/rosidl_typesupport_introspection_c__visibility_control.h
[1.201s] -- Up-to-date: /home/pi/Desktop/robot_move/install/lslidar_msgs/include/lslidar_msgs/lslidar_msgs/msg/detail
[1.201s] -- Installing: /home/pi/Desktop/robot_move/install/lslidar_msgs/include/lslidar_msgs/lslidar_msgs/msg/detail/lslidar_scan__type_support.c
[1.201s] -- Up-to-date: /home/pi/Desktop/robot_move/install/lslidar_msgs/include/lslidar_msgs/lslidar_msgs/msg/detail/lslidar_scan__rosidl_typesupport_introspection_c.h
[1.201s] -- Up-to-date: /home/pi/Desktop/robot_move/install/lslidar_msgs/include/lslidar_msgs/lslidar_msgs/msg/detail/lslidar_point__rosidl_typesupport_introspection_c.h
[1.202s] -- Up-to-date: /home/pi/Desktop/robot_move/install/lslidar_msgs/include/lslidar_msgs/lslidar_msgs/msg/detail/lslidar_difop__rosidl_typesupport_introspection_c.h
[1.202s] -- Installing: /home/pi/Desktop/robot_move/install/lslidar_msgs/include/lslidar_msgs/lslidar_msgs/msg/detail/lslidar_packet__type_support.c
[1.202s] -- Up-to-date: /home/pi/Desktop/robot_move/install/lslidar_msgs/include/lslidar_msgs/lslidar_msgs/msg/detail/lslidar_packet__rosidl_typesupport_introspection_c.h
[1.202s] -- Installing: /home/pi/Desktop/robot_move/install/lslidar_msgs/include/lslidar_msgs/lslidar_msgs/msg/detail/lslidar_point__type_support.c
[1.202s] -- Installing: /home/pi/Desktop/robot_move/install/lslidar_msgs/include/lslidar_msgs/lslidar_msgs/msg/detail/lslidar_difop__type_support.c
[1.202s] -- Installing: /home/pi/Desktop/robot_move/install/lslidar_msgs/include/lslidar_msgs/lslidar_msgs/msg/detail/lslidar_sweep__type_support.c
[1.210s] -- Up-to-date: /home/pi/Desktop/robot_move/install/lslidar_msgs/include/lslidar_msgs/lslidar_msgs/msg/detail/lslidar_sweep__rosidl_typesupport_introspection_c.h
[1.210s] -- Up-to-date: /home/pi/Desktop/robot_move/install/lslidar_msgs/lib/liblslidar_msgs__rosidl_typesupport_introspection_c.so
[1.211s] -- Up-to-date: /home/pi/Desktop/robot_move/install/lslidar_msgs/lib/liblslidar_msgs__rosidl_typesupport_c.so
[1.211s] -- Up-to-date: /home/pi/Desktop/robot_move/install/lslidar_msgs/include/lslidar_msgs/lslidar_msgs
[1.211s] -- Up-to-date: /home/pi/Desktop/robot_move/install/lslidar_msgs/include/lslidar_msgs/lslidar_msgs/msg
[1.211s] -- Up-to-date: /home/pi/Desktop/robot_move/install/lslidar_msgs/include/lslidar_msgs/lslidar_msgs/msg/detail
[1.211s] -- Up-to-date: /home/pi/Desktop/robot_move/install/lslidar_msgs/include/lslidar_msgs/lslidar_msgs/msg/detail/lslidar_scan__type_support.cpp
[1.217s] -- Up-to-date: /home/pi/Desktop/robot_move/install/lslidar_msgs/include/lslidar_msgs/lslidar_msgs/msg/detail/lslidar_difop__type_support.cpp
[1.217s] -- Up-to-date: /home/pi/Desktop/robot_move/install/lslidar_msgs/include/lslidar_msgs/lslidar_msgs/msg/detail/lslidar_difop__rosidl_typesupport_introspection_cpp.hpp
[1.217s] -- Up-to-date: /home/pi/Desktop/robot_move/install/lslidar_msgs/include/lslidar_msgs/lslidar_msgs/msg/detail/lslidar_point__rosidl_typesupport_introspection_cpp.hpp
[1.217s] -- Up-to-date: /home/pi/Desktop/robot_move/install/lslidar_msgs/include/lslidar_msgs/lslidar_msgs/msg/detail/lslidar_sweep__type_support.cpp
[1.217s] -- Up-to-date: /home/pi/Desktop/robot_move/install/lslidar_msgs/include/lslidar_msgs/lslidar_msgs/msg/detail/lslidar_sweep__rosidl_typesupport_introspection_cpp.hpp
[1.218s] -- Up-to-date: /home/pi/Desktop/robot_move/install/lslidar_msgs/include/lslidar_msgs/lslidar_msgs/msg/detail/lslidar_point__type_support.cpp
[1.218s] -- Up-to-date: /home/pi/Desktop/robot_move/install/lslidar_msgs/include/lslidar_msgs/lslidar_msgs/msg/detail/lslidar_scan__rosidl_typesupport_introspection_cpp.hpp
[1.234s] -- Up-to-date: /home/pi/Desktop/robot_move/install/lslidar_msgs/include/lslidar_msgs/lslidar_msgs/msg/detail/lslidar_packet__rosidl_typesupport_introspection_cpp.hpp
[1.234s] -- Up-to-date: /home/pi/Desktop/robot_move/install/lslidar_msgs/include/lslidar_msgs/lslidar_msgs/msg/detail/lslidar_packet__type_support.cpp
[1.234s] -- Up-to-date: /home/pi/Desktop/robot_move/install/lslidar_msgs/lib/liblslidar_msgs__rosidl_typesupport_introspection_cpp.so
[1.234s] -- Up-to-date: /home/pi/Desktop/robot_move/install/lslidar_msgs/lib/liblslidar_msgs__rosidl_typesupport_cpp.so
[1.235s] -- Up-to-date: /home/pi/Desktop/robot_move/install/lslidar_msgs/share/lslidar_msgs/environment/pythonpath.sh
[1.235s] -- Up-to-date: /home/pi/Desktop/robot_move/install/lslidar_msgs/share/lslidar_msgs/environment/pythonpath.dsv
[1.235s] -- Up-to-date: /home/pi/Desktop/robot_move/install/lslidar_msgs/lib/python3.12/site-packages/lslidar_msgs-1.2.0-py3.12.egg-info
[1.235s] -- Installing: /home/pi/Desktop/robot_move/install/lslidar_msgs/lib/python3.12/site-packages/lslidar_msgs-1.2.0-py3.12.egg-info/SOURCES.txt
[1.235s] -- Installing: /home/pi/Desktop/robot_move/install/lslidar_msgs/lib/python3.12/site-packages/lslidar_msgs-1.2.0-py3.12.egg-info/top_level.txt
[1.235s] -- Installing: /home/pi/Desktop/robot_move/install/lslidar_msgs/lib/python3.12/site-packages/lslidar_msgs-1.2.0-py3.12.egg-info/PKG-INFO
[1.235s] -- Installing: /home/pi/Desktop/robot_move/install/lslidar_msgs/lib/python3.12/site-packages/lslidar_msgs-1.2.0-py3.12.egg-info/dependency_links.txt
[1.236s] -- Up-to-date: /home/pi/Desktop/robot_move/install/lslidar_msgs/lib/python3.12/site-packages/lslidar_msgs
[1.236s] -- Up-to-date: /home/pi/Desktop/robot_move/install/lslidar_msgs/lib/python3.12/site-packages/lslidar_msgs/__init__.py
[1.236s] -- Up-to-date: /home/pi/Desktop/robot_move/install/lslidar_msgs/lib/python3.12/site-packages/lslidar_msgs/_lslidar_msgs_s.ep.rosidl_typesupport_introspection_c.c
[1.236s] -- Up-to-date: /home/pi/Desktop/robot_move/install/lslidar_msgs/lib/python3.12/site-packages/lslidar_msgs/msg
[1.236s] -- Up-to-date: /home/pi/Desktop/robot_move/install/lslidar_msgs/lib/python3.12/site-packages/lslidar_msgs/msg/_lslidar_sweep_s.c
[1.236s] -- Up-to-date: /home/pi/Desktop/robot_move/install/lslidar_msgs/lib/python3.12/site-packages/lslidar_msgs/msg/__init__.py
[1.239s] -- Up-to-date: /home/pi/Desktop/robot_move/install/lslidar_msgs/lib/python3.12/site-packages/lslidar_msgs/msg/_lslidar_scan.py
[1.240s] -- Up-to-date: /home/pi/Desktop/robot_move/install/lslidar_msgs/lib/python3.12/site-packages/lslidar_msgs/msg/_lslidar_packet_s.c
[1.240s] -- Up-to-date: /home/pi/Desktop/robot_move/install/lslidar_msgs/lib/python3.12/site-packages/lslidar_msgs/msg/_lslidar_scan_s.c
[1.240s] -- Up-to-date: /home/pi/Desktop/robot_move/install/lslidar_msgs/lib/python3.12/site-packages/lslidar_msgs/msg/_lslidar_packet.py
[1.240s] -- Up-to-date: /home/pi/Desktop/robot_move/install/lslidar_msgs/lib/python3.12/site-packages/lslidar_msgs/msg/_lslidar_point.py
[1.241s] -- Up-to-date: /home/pi/Desktop/robot_move/install/lslidar_msgs/lib/python3.12/site-packages/lslidar_msgs/msg/_lslidar_difop_s.c
[1.241s] -- Up-to-date: /home/pi/Desktop/robot_move/install/lslidar_msgs/lib/python3.12/site-packages/lslidar_msgs/msg/_lslidar_point_s.c
[1.241s] -- Up-to-date: /home/pi/Desktop/robot_move/install/lslidar_msgs/lib/python3.12/site-packages/lslidar_msgs/msg/_lslidar_difop.py
[1.241s] -- Up-to-date: /home/pi/Desktop/robot_move/install/lslidar_msgs/lib/python3.12/site-packages/lslidar_msgs/msg/_lslidar_sweep.py
[1.241s] -- Up-to-date: /home/pi/Desktop/robot_move/install/lslidar_msgs/lib/python3.12/site-packages/lslidar_msgs/lslidar_msgs_s__rosidl_typesupport_introspection_c.so
[1.241s] -- Up-to-date: /home/pi/Desktop/robot_move/install/lslidar_msgs/lib/python3.12/site-packages/lslidar_msgs/lslidar_msgs_s__rosidl_typesupport_fastrtps_c.so
[1.244s] -- Up-to-date: /home/pi/Desktop/robot_move/install/lslidar_msgs/lib/python3.12/site-packages/lslidar_msgs/lslidar_msgs_s__rosidl_typesupport_c.so
[1.244s] -- Up-to-date: /home/pi/Desktop/robot_move/install/lslidar_msgs/lib/python3.12/site-packages/lslidar_msgs/_lslidar_msgs_s.ep.rosidl_typesupport_c.c
[1.244s] -- Up-to-date: /home/pi/Desktop/robot_move/install/lslidar_msgs/lib/python3.12/site-packages/lslidar_msgs/_lslidar_msgs_s.ep.rosidl_typesupport_fastrtps_c.c
[1.251s] Listing '/home/pi/Desktop/robot_move/install/lslidar_msgs/lib/python3.12/site-packages/lslidar_msgs'...
[1.251s] Listing '/home/pi/Desktop/robot_move/install/lslidar_msgs/lib/python3.12/site-packages/lslidar_msgs/msg'...
[1.268s] -- Up-to-date: /home/pi/Desktop/robot_move/install/lslidar_msgs/lib/python3.12/site-packages/lslidar_msgs/lslidar_msgs_s__rosidl_typesupport_fastrtps_c.so
[1.275s] -- Up-to-date: /home/pi/Desktop/robot_move/install/lslidar_msgs/lib/python3.12/site-packages/lslidar_msgs/lslidar_msgs_s__rosidl_typesupport_introspection_c.so
[1.276s] -- Up-to-date: /home/pi/Desktop/robot_move/install/lslidar_msgs/lib/python3.12/site-packages/lslidar_msgs/lslidar_msgs_s__rosidl_typesupport_c.so
[1.276s] -- Up-to-date: /home/pi/Desktop/robot_move/install/lslidar_msgs/lib/liblslidar_msgs__rosidl_generator_py.so
[1.276s] -- Up-to-date: /home/pi/Desktop/robot_move/install/lslidar_msgs/share/lslidar_msgs/msg/LslidarDifop.idl
[1.276s] -- Up-to-date: /home/pi/Desktop/robot_move/install/lslidar_msgs/share/lslidar_msgs/msg/LslidarPacket.idl
[1.276s] -- Up-to-date: /home/pi/Desktop/robot_move/install/lslidar_msgs/share/lslidar_msgs/msg/LslidarPoint.idl
[1.276s] -- Up-to-date: /home/pi/Desktop/robot_move/install/lslidar_msgs/share/lslidar_msgs/msg/LslidarScan.idl
[1.280s] -- Up-to-date: /home/pi/Desktop/robot_move/install/lslidar_msgs/share/lslidar_msgs/msg/LslidarSweep.idl
[1.280s] -- Up-to-date: /home/pi/Desktop/robot_move/install/lslidar_msgs/share/lslidar_msgs/msg/LslidarDifop.msg
[1.280s] -- Up-to-date: /home/pi/Desktop/robot_move/install/lslidar_msgs/share/lslidar_msgs/msg/LslidarPacket.msg
[1.282s] -- Up-to-date: /home/pi/Desktop/robot_move/install/lslidar_msgs/share/lslidar_msgs/msg/LslidarPoint.msg
[1.282s] -- Up-to-date: /home/pi/Desktop/robot_move/install/lslidar_msgs/share/lslidar_msgs/msg/LslidarScan.msg
[1.283s] -- Up-to-date: /home/pi/Desktop/robot_move/install/lslidar_msgs/share/lslidar_msgs/msg/LslidarSweep.msg
[1.287s] -- Up-to-date: /home/pi/Desktop/robot_move/install/lslidar_msgs/share/ament_index/resource_index/package_run_dependencies/lslidar_msgs
[1.288s] -- Up-to-date: /home/pi/Desktop/robot_move/install/lslidar_msgs/share/ament_index/resource_index/parent_prefix_path/lslidar_msgs
[1.289s] -- Up-to-date: /home/pi/Desktop/robot_move/install/lslidar_msgs/share/lslidar_msgs/environment/ament_prefix_path.sh
[1.289s] -- Up-to-date: /home/pi/Desktop/robot_move/install/lslidar_msgs/share/lslidar_msgs/environment/ament_prefix_path.dsv
[1.289s] -- Up-to-date: /home/pi/Desktop/robot_move/install/lslidar_msgs/share/lslidar_msgs/environment/path.sh
[1.289s] -- Up-to-date: /home/pi/Desktop/robot_move/install/lslidar_msgs/share/lslidar_msgs/environment/path.dsv
[1.289s] -- Up-to-date: /home/pi/Desktop/robot_move/install/lslidar_msgs/share/lslidar_msgs/local_setup.bash
[1.290s] -- Up-to-date: /home/pi/Desktop/robot_move/install/lslidar_msgs/share/lslidar_msgs/local_setup.sh
[1.290s] -- Up-to-date: /home/pi/Desktop/robot_move/install/lslidar_msgs/share/lslidar_msgs/local_setup.zsh
[1.290s] -- Up-to-date: /home/pi/Desktop/robot_move/install/lslidar_msgs/share/lslidar_msgs/local_setup.dsv
[1.290s] -- Installing: /home/pi/Desktop/robot_move/install/lslidar_msgs/share/lslidar_msgs/package.dsv
[1.291s] -- Up-to-date: /home/pi/Desktop/robot_move/install/lslidar_msgs/share/ament_index/resource_index/packages/lslidar_msgs
[1.291s] -- Up-to-date: /home/pi/Desktop/robot_move/install/lslidar_msgs/share/lslidar_msgs/cmake/export_lslidar_msgs__rosidl_generator_cExport.cmake
[1.291s] -- Up-to-date: /home/pi/Desktop/robot_move/install/lslidar_msgs/share/lslidar_msgs/cmake/export_lslidar_msgs__rosidl_generator_cExport-noconfig.cmake
[1.291s] -- Up-to-date: /home/pi/Desktop/robot_move/install/lslidar_msgs/share/lslidar_msgs/cmake/export_lslidar_msgs__rosidl_typesupport_fastrtps_cExport.cmake
[1.291s] -- Up-to-date: /home/pi/Desktop/robot_move/install/lslidar_msgs/share/lslidar_msgs/cmake/export_lslidar_msgs__rosidl_typesupport_fastrtps_cExport-noconfig.cmake
[1.291s] -- Up-to-date: /home/pi/Desktop/robot_move/install/lslidar_msgs/share/lslidar_msgs/cmake/export_lslidar_msgs__rosidl_generator_cppExport.cmake
[1.292s] -- Up-to-date: /home/pi/Desktop/robot_move/install/lslidar_msgs/share/lslidar_msgs/cmake/export_lslidar_msgs__rosidl_typesupport_fastrtps_cppExport.cmake
[1.294s] -- Up-to-date: /home/pi/Desktop/robot_move/install/lslidar_msgs/share/lslidar_msgs/cmake/export_lslidar_msgs__rosidl_typesupport_fastrtps_cppExport-noconfig.cmake
[1.294s] -- Up-to-date: /home/pi/Desktop/robot_move/install/lslidar_msgs/share/lslidar_msgs/cmake/lslidar_msgs__rosidl_typesupport_introspection_cExport.cmake
[1.294s] -- Up-to-date: /home/pi/Desktop/robot_move/install/lslidar_msgs/share/lslidar_msgs/cmake/lslidar_msgs__rosidl_typesupport_introspection_cExport-noconfig.cmake
[1.295s] -- Up-to-date: /home/pi/Desktop/robot_move/install/lslidar_msgs/share/lslidar_msgs/cmake/lslidar_msgs__rosidl_typesupport_cExport.cmake
[1.295s] -- Up-to-date: /home/pi/Desktop/robot_move/install/lslidar_msgs/share/lslidar_msgs/cmake/lslidar_msgs__rosidl_typesupport_cExport-noconfig.cmake
[1.296s] -- Up-to-date: /home/pi/Desktop/robot_move/install/lslidar_msgs/share/lslidar_msgs/cmake/lslidar_msgs__rosidl_typesupport_introspection_cppExport.cmake
[1.296s] -- Up-to-date: /home/pi/Desktop/robot_move/install/lslidar_msgs/share/lslidar_msgs/cmake/lslidar_msgs__rosidl_typesupport_introspection_cppExport-noconfig.cmake
[1.297s] -- Up-to-date: /home/pi/Desktop/robot_move/install/lslidar_msgs/share/lslidar_msgs/cmake/lslidar_msgs__rosidl_typesupport_cppExport.cmake
[1.297s] -- Up-to-date: /home/pi/Desktop/robot_move/install/lslidar_msgs/share/lslidar_msgs/cmake/lslidar_msgs__rosidl_typesupport_cppExport-noconfig.cmake
[1.297s] -- Up-to-date: /home/pi/Desktop/robot_move/install/lslidar_msgs/share/lslidar_msgs/cmake/export_lslidar_msgs__rosidl_generator_pyExport.cmake
[1.297s] -- Up-to-date: /home/pi/Desktop/robot_move/install/lslidar_msgs/share/lslidar_msgs/cmake/export_lslidar_msgs__rosidl_generator_pyExport-noconfig.cmake
[1.298s] -- Up-to-date: /home/pi/Desktop/robot_move/install/lslidar_msgs/share/lslidar_msgs/cmake/rosidl_cmake-extras.cmake
[1.298s] -- Up-to-date: /home/pi/Desktop/robot_move/install/lslidar_msgs/share/lslidar_msgs/cmake/ament_cmake_export_dependencies-extras.cmake
[1.298s] -- Up-to-date: /home/pi/Desktop/robot_move/install/lslidar_msgs/share/lslidar_msgs/cmake/ament_cmake_export_include_directories-extras.cmake
[1.298s] -- Up-to-date: /home/pi/Desktop/robot_move/install/lslidar_msgs/share/lslidar_msgs/cmake/ament_cmake_export_libraries-extras.cmake
[1.302s] -- Up-to-date: /home/pi/Desktop/robot_move/install/lslidar_msgs/share/lslidar_msgs/cmake/ament_cmake_export_targets-extras.cmake
[1.302s] -- Up-to-date: /home/pi/Desktop/robot_move/install/lslidar_msgs/share/lslidar_msgs/cmake/rosidl_cmake_export_typesupport_targets-extras.cmake
[1.302s] -- Up-to-date: /home/pi/Desktop/robot_move/install/lslidar_msgs/share/lslidar_msgs/cmake/rosidl_cmake_export_typesupport_libraries-extras.cmake
[1.302s] -- Up-to-date: /home/pi/Desktop/robot_move/install/lslidar_msgs/share/lslidar_msgs/cmake/lslidar_msgsConfig.cmake
[1.303s] -- Up-to-date: /home/pi/Desktop/robot_move/install/lslidar_msgs/share/lslidar_msgs/cmake/lslidar_msgsConfig-version.cmake
[1.303s] -- Up-to-date: /home/pi/Desktop/robot_move/install/lslidar_msgs/share/lslidar_msgs/package.xml
[1.304s] Invoked command in '/home/pi/Desktop/robot_move/build/lslidar_msgs' returned '0': CMAKE_PREFIX_PATH=${CMAKE_PREFIX_PATH}:/home/pi/Desktop/robot_move/my_base_learn/install/robot_control:/home/pi/Desktop/robot_move/my_base_learn/install/lidar_test:/opt/ros/jazzy DEBUGINFOD_URLS=https://debuginfod.ubuntu.com /usr/bin/cmake --install /home/pi/Desktop/robot_move/build/lslidar_msgs
