[0.023s] Invoking command in '/home/pi/Desktop/robot_move/my_base_learn/build/my_base': CMAKE_PREFIX_PATH=${CMAKE_PREFIX_PATH}:/home/pi/Desktop/robot_move/my_base_learn/install/robot_control:/home/pi/Desktop/robot_move/my_base_learn/install/lidar_test:/opt/ros/jazzy DEBUGINFOD_URLS=https://debuginfod.ubuntu.com /usr/bin/cmake /home/pi/Desktop/robot_move/my_base_learn/src/my_base -DCMAKE_INSTALL_PREFIX=/home/pi/Desktop/robot_move/my_base_learn/install/my_base
[0.141s] -- The C compiler identification is GNU 13.3.0
[0.268s] -- The CXX compiler identification is GNU 13.3.0
[0.306s] -- Detecting C compiler ABI info
[0.491s] -- Detecting C compiler ABI info - done
[0.507s] -- Check for working C compiler: /usr/bin/cc - skipped
[0.507s] -- Detecting C compile features
[0.508s] -- Detecting C compile features - done
[0.522s] -- Detecting CXX compiler ABI info
[0.732s] -- Detecting CXX compiler ABI info - done
[0.750s] -- Check for working CXX compiler: /usr/bin/c++ - skipped
[0.751s] -- Detecting CXX compile features
[0.751s] -- Detecting CXX compile features - done
[0.755s] -- Found ament_cmake: 2.5.5 (/opt/ros/jazzy/share/ament_cmake/cmake)
[0.998s] -- Found Python3: /usr/bin/python3 (found version "3.12.3") found components: Interpreter 
[1.193s] -- Found ament_lint_auto: 0.17.4 (/opt/ros/jazzy/share/ament_lint_auto/cmake)
[1.385s] -- Found rclcpp: 28.1.16 (/opt/ros/jazzy/share/rclcpp/cmake)
[1.442s] -- Found rosidl_generator_c: 4.6.7 (/opt/ros/jazzy/share/rosidl_generator_c/cmake)
[1.464s] -- Found rosidl_generator_cpp: 4.6.7 (/opt/ros/jazzy/share/rosidl_generator_cpp/cmake)
[1.489s] -- Using all available rosidl_typesupport_c: rosidl_typesupport_fastrtps_c;rosidl_typesupport_introspection_c
[1.519s] -- Using all available rosidl_typesupport_cpp: rosidl_typesupport_fastrtps_cpp;rosidl_typesupport_introspection_cpp
[1.625s] -- Found rmw_implementation_cmake: 7.3.3 (/opt/ros/jazzy/share/rmw_implementation_cmake/cmake)
[1.629s] -- Found rmw_fastrtps_cpp: 8.4.3 (/opt/ros/jazzy/share/rmw_fastrtps_cpp/cmake)
[1.756s] -- Found OpenSSL: /usr/lib/aarch64-linux-gnu/libcrypto.so (found version "3.0.13")  
[1.787s] -- Found FastRTPS: /opt/ros/jazzy/include (Required is at least version "2.13") 
[1.826s] -- Using RMW implementation 'rmw_fastrtps_cpp' as default
[1.927s] -- Found geometry_msgs: 5.3.6 (/opt/ros/jazzy/share/geometry_msgs/cmake)
[1.975s] -- Found tf2_geometry_msgs: 0.36.19 (/opt/ros/jazzy/share/tf2_geometry_msgs/cmake)
[1.997s] -- Found eigen3_cmake_module: 0.3.0 (/opt/ros/jazzy/share/eigen3_cmake_module/cmake)
[1.999s] -- Found Eigen3: TRUE (found version "3.4.0") 
[1.999s] -- Ensuring Eigen3 include directory is part of orocos-kdl CMake target
[2.182s] -- Found serial: 1.2.1 (/usr/local/share/serial/cmake)
[2.187s] -- Found nav_msgs: 5.3.6 (/opt/ros/jazzy/share/nav_msgs/cmake)
[2.239s] -- Added test 'cppcheck' to perform static code analysis on C / C++ code
[2.240s] -- Configured cppcheck include dirs: 
[2.240s] -- Configured cppcheck exclude dirs and/or files: 
[2.242s] -- Added test 'flake8' to check Python code syntax and style conventions
[2.243s] -- Configured 'flake8' exclude dirs and/or files: 
[2.247s] -- Added test 'lint_cmake' to check CMake code style
[2.250s] -- Added test 'pep257' to check Python code against some of the docstring style conventions in PEP 257
[2.264s] -- Added test 'uncrustify' to check C / C++ code style
[2.264s] -- Configured uncrustify additional arguments: 
[2.266s] -- Added test 'xmllint' to check XML markup files
[2.270s] -- Configuring done (2.2s)
[2.301s] -- Generating done (0.0s)
[2.335s] -- Build files have been written to: /home/pi/Desktop/robot_move/my_base_learn/build/my_base
[2.359s] Invoked command in '/home/pi/Desktop/robot_move/my_base_learn/build/my_base' returned '0': CMAKE_PREFIX_PATH=${CMAKE_PREFIX_PATH}:/home/pi/Desktop/robot_move/my_base_learn/install/robot_control:/home/pi/Desktop/robot_move/my_base_learn/install/lidar_test:/opt/ros/jazzy DEBUGINFOD_URLS=https://debuginfod.ubuntu.com /usr/bin/cmake /home/pi/Desktop/robot_move/my_base_learn/src/my_base -DCMAKE_INSTALL_PREFIX=/home/pi/Desktop/robot_move/my_base_learn/install/my_base
[2.362s] Invoking command in '/home/pi/Desktop/robot_move/my_base_learn/build/my_base': CMAKE_PREFIX_PATH=${CMAKE_PREFIX_PATH}:/home/pi/Desktop/robot_move/my_base_learn/install/robot_control:/home/pi/Desktop/robot_move/my_base_learn/install/lidar_test:/opt/ros/jazzy DEBUGINFOD_URLS=https://debuginfod.ubuntu.com /usr/bin/cmake --build /home/pi/Desktop/robot_move/my_base_learn/build/my_base -- -j4 -l4
[2.458s] [ 50%] [32mBuilding CXX object CMakeFiles/my_base.dir/src/my_base.cpp.o[0m
[6.355s] In file included from [01m[K/home/pi/Desktop/robot_move/my_base_learn/src/my_base/src/my_base.cpp:1[m[K:
[6.355s] [01m[K/home/pi/Desktop/robot_move/my_base_learn/src/my_base/src/bot_serial.h:[m[K In member function ‘[01m[Kbool turn_on_robot::[01;32m[KGet_Sensor_Data_New[m[K()[m[K’:
[6.356s] [01m[K/home/pi/Desktop/robot_move/my_base_learn/src/my_base/src/bot_serial.h:138:20:[m[K [01;35m[Kwarning: [m[Kunused variable ‘[01m[Kerror[m[K’ [[01;35m[K]8;;https://gcc.gnu.org/onlinedocs/gcc/Warning-Options.html#index-Wunused-variable-Wunused-variable]8;;[m[K]
[6.356s]   138 |   uint8_t check=0, [01;35m[Kerror[m[K=1;
[6.356s]       |                    [01;35m[K^~~~~[m[K
[17.395s] [100%] [32m[1mLinking CXX executable my_base[0m
[18.512s] [100%] Built target my_base
[18.541s] Invoked command in '/home/pi/Desktop/robot_move/my_base_learn/build/my_base' returned '0': CMAKE_PREFIX_PATH=${CMAKE_PREFIX_PATH}:/home/pi/Desktop/robot_move/my_base_learn/install/robot_control:/home/pi/Desktop/robot_move/my_base_learn/install/lidar_test:/opt/ros/jazzy DEBUGINFOD_URLS=https://debuginfod.ubuntu.com /usr/bin/cmake --build /home/pi/Desktop/robot_move/my_base_learn/build/my_base -- -j4 -l4
[18.561s] Invoking command in '/home/pi/Desktop/robot_move/my_base_learn/build/my_base': CMAKE_PREFIX_PATH=${CMAKE_PREFIX_PATH}:/home/pi/Desktop/robot_move/my_base_learn/install/robot_control:/home/pi/Desktop/robot_move/my_base_learn/install/lidar_test:/opt/ros/jazzy DEBUGINFOD_URLS=https://debuginfod.ubuntu.com /usr/bin/cmake --install /home/pi/Desktop/robot_move/my_base_learn/build/my_base
[18.577s] -- Install configuration: ""
[18.578s] -- Installing: /home/pi/Desktop/robot_move/my_base_learn/install/my_base/lib/my_base/my_base
[18.590s] -- Set non-toolchain portion of runtime path of "/home/pi/Desktop/robot_move/my_base_learn/install/my_base/lib/my_base/my_base" to ""
[18.590s] -- Installing: /home/pi/Desktop/robot_move/my_base_learn/install/my_base/share/ament_index/resource_index/package_run_dependencies/my_base
[18.591s] -- Installing: /home/pi/Desktop/robot_move/my_base_learn/install/my_base/share/ament_index/resource_index/parent_prefix_path/my_base
[18.591s] -- Installing: /home/pi/Desktop/robot_move/my_base_learn/install/my_base/share/my_base/environment/ament_prefix_path.sh
[18.591s] -- Installing: /home/pi/Desktop/robot_move/my_base_learn/install/my_base/share/my_base/environment/ament_prefix_path.dsv
[18.593s] -- Installing: /home/pi/Desktop/robot_move/my_base_learn/install/my_base/share/my_base/environment/path.sh
[18.593s] -- Installing: /home/pi/Desktop/robot_move/my_base_learn/install/my_base/share/my_base/environment/path.dsv
[18.594s] -- Installing: /home/pi/Desktop/robot_move/my_base_learn/install/my_base/share/my_base/local_setup.bash
[18.594s] -- Installing: /home/pi/Desktop/robot_move/my_base_learn/install/my_base/share/my_base/local_setup.sh
[18.594s] -- Installing: /home/pi/Desktop/robot_move/my_base_learn/install/my_base/share/my_base/local_setup.zsh
[18.594s] -- Installing: /home/pi/Desktop/robot_move/my_base_learn/install/my_base/share/my_base/local_setup.dsv
[18.595s] -- Installing: /home/pi/Desktop/robot_move/my_base_learn/install/my_base/share/my_base/package.dsv
[18.595s] -- Installing: /home/pi/Desktop/robot_move/my_base_learn/install/my_base/share/ament_index/resource_index/packages/my_base
[18.595s] -- Installing: /home/pi/Desktop/robot_move/my_base_learn/install/my_base/share/my_base/cmake/my_baseConfig.cmake
[18.595s] -- Installing: /home/pi/Desktop/robot_move/my_base_learn/install/my_base/share/my_base/cmake/my_baseConfig-version.cmake
[18.595s] -- Installing: /home/pi/Desktop/robot_move/my_base_learn/install/my_base/share/my_base/package.xml
[18.604s] Invoked command in '/home/pi/Desktop/robot_move/my_base_learn/build/my_base' returned '0': CMAKE_PREFIX_PATH=${CMAKE_PREFIX_PATH}:/home/pi/Desktop/robot_move/my_base_learn/install/robot_control:/home/pi/Desktop/robot_move/my_base_learn/install/lidar_test:/opt/ros/jazzy DEBUGINFOD_URLS=https://debuginfod.ubuntu.com /usr/bin/cmake --install /home/pi/Desktop/robot_move/my_base_learn/build/my_base
