[0.145s] DEBUG:colcon:Command line arguments: ['/usr/bin/colcon', 'build']
[0.145s] DEBUG:colcon:Parsed command line arguments: Namespace(log_base=None, log_level=None, verb_name='build', build_base='build', install_base='install', merge_install=False, symlink_install=False, test_result_base=None, continue_on_error=False, executor='parallel', parallel_workers=4, event_handlers=None, ignore_user_meta=False, metas=['./colcon.meta'], base_paths=['.'], packages_ignore=None, packages_ignore_regex=None, paths=None, packages_up_to=None, packages_up_to_regex=None, packages_above=None, packages_above_and_dependencies=None, packages_above_depth=None, packages_select_by_dep=None, packages_skip_by_dep=None, packages_skip_up_to=None, packages_select_build_failed=False, packages_skip_build_finished=False, packages_select_test_failures=False, packages_skip_test_passed=False, packages_select=None, packages_skip=None, packages_select_regex=None, packages_skip_regex=None, packages_start=None, packages_end=None, allow_overriding=[], cmake_args=None, cmake_target=None, cmake_target_skip_unavailable=False, cmake_clean_cache=False, cmake_clean_first=False, cmake_force_configure=False, ament_cmake_args=None, catkin_cmake_args=None, catkin_skip_building_tests=False, verb_parser=<colcon_defaults.argument_parser.defaults.DefaultArgumentsDecorator object at 0xffff8bccd040>, verb_extension=<colcon_core.verb.build.BuildVerb object at 0xffff8bccc650>, main=<bound method BuildVerb.main of <colcon_core.verb.build.BuildVerb object at 0xffff8bccc650>>)
[0.204s] Level 1:colcon.colcon_core.package_discovery:discover_packages(colcon_meta) check parameters
[0.204s] Level 1:colcon.colcon_core.package_discovery:discover_packages(recursive) check parameters
[0.204s] Level 1:colcon.colcon_core.package_discovery:discover_packages(ignore) check parameters
[0.204s] Level 1:colcon.colcon_core.package_discovery:discover_packages(path) check parameters
[0.204s] Level 1:colcon.colcon_core.package_discovery:discover_packages(colcon_meta) discover
[0.204s] Level 1:colcon.colcon_core.package_discovery:discover_packages(recursive) discover
[0.204s] INFO:colcon.colcon_core.package_discovery:Crawling recursively for packages in '/home/pi/my_base'
[0.204s] Level 1:colcon.colcon_core.package_identification:_identify(.) by extensions ['ignore', 'ignore_ament_install']
[0.204s] Level 1:colcon.colcon_core.package_identification:_identify(.) by extension 'ignore'
[0.204s] Level 1:colcon.colcon_core.package_identification:_identify(.) by extension 'ignore_ament_install'
[0.205s] Level 1:colcon.colcon_core.package_identification:_identify(.) by extensions ['colcon_pkg']
[0.205s] Level 1:colcon.colcon_core.package_identification:_identify(.) by extension 'colcon_pkg'
[0.205s] Level 1:colcon.colcon_core.package_identification:_identify(.) by extensions ['colcon_meta']
[0.205s] Level 1:colcon.colcon_core.package_identification:_identify(.) by extension 'colcon_meta'
[0.205s] Level 1:colcon.colcon_core.package_identification:_identify(.) by extensions ['ros']
[0.205s] Level 1:colcon.colcon_core.package_identification:_identify(.) by extension 'ros'
[0.247s] DEBUG:colcon.colcon_core.package_identification:Package '.' with type 'ros.ament_cmake' and name 'my_base'
[0.247s] Level 1:colcon.colcon_core.package_discovery:discover_packages(recursive) using defaults
[0.247s] Level 1:colcon.colcon_core.package_discovery:discover_packages(ignore) discover
[0.247s] Level 1:colcon.colcon_core.package_discovery:discover_packages(ignore) using defaults
[0.247s] Level 1:colcon.colcon_core.package_discovery:discover_packages(path) discover
[0.248s] Level 1:colcon.colcon_core.package_discovery:discover_packages(path) using defaults
[0.271s] Level 1:colcon.colcon_core.package_discovery:discover_packages(prefix_path) check parameters
[0.271s] Level 1:colcon.colcon_core.package_discovery:discover_packages(prefix_path) discover
[0.272s] WARNING:colcon.colcon_ros.prefix_path.ament:The path '/home/pi/my_base/install/my_base' in the environment variable AMENT_PREFIX_PATH doesn't exist
[0.272s] WARNING:colcon.colcon_ros.prefix_path.catkin:The path '/home/pi/my_base/install/my_base' in the environment variable CMAKE_PREFIX_PATH doesn't exist
[0.273s] DEBUG:colcon.colcon_installed_package_information.package_discovery:Found 0 installed packages in /home/pi/my_base/install
[0.275s] DEBUG:colcon.colcon_installed_package_information.package_discovery:Found 304 installed packages in /opt/ros/jazzy
[0.276s] Level 1:colcon.colcon_core.package_discovery:discover_packages(prefix_path) using defaults
[0.338s] Level 5:colcon.colcon_core.verb:set package 'my_base' build argument 'cmake_args' from command line to 'None'
[0.338s] Level 5:colcon.colcon_core.verb:set package 'my_base' build argument 'cmake_target' from command line to 'None'
[0.338s] Level 5:colcon.colcon_core.verb:set package 'my_base' build argument 'cmake_target_skip_unavailable' from command line to 'False'
[0.339s] Level 5:colcon.colcon_core.verb:set package 'my_base' build argument 'cmake_clean_cache' from command line to 'False'
[0.339s] Level 5:colcon.colcon_core.verb:set package 'my_base' build argument 'cmake_clean_first' from command line to 'False'
[0.339s] Level 5:colcon.colcon_core.verb:set package 'my_base' build argument 'cmake_force_configure' from command line to 'False'
[0.339s] Level 5:colcon.colcon_core.verb:set package 'my_base' build argument 'ament_cmake_args' from command line to 'None'
[0.339s] Level 5:colcon.colcon_core.verb:set package 'my_base' build argument 'catkin_cmake_args' from command line to 'None'
[0.339s] Level 5:colcon.colcon_core.verb:set package 'my_base' build argument 'catkin_skip_building_tests' from command line to 'False'
[0.339s] DEBUG:colcon.colcon_core.verb:Building package 'my_base' with the following arguments: {'ament_cmake_args': None, 'build_base': '/home/pi/my_base/build/my_base', 'catkin_cmake_args': None, 'catkin_skip_building_tests': False, 'cmake_args': None, 'cmake_clean_cache': False, 'cmake_clean_first': False, 'cmake_force_configure': False, 'cmake_target': None, 'cmake_target_skip_unavailable': False, 'install_base': '/home/pi/my_base/install/my_base', 'merge_install': False, 'path': '/home/pi/my_base', 'symlink_install': False, 'test_result_base': None}
[0.339s] INFO:colcon.colcon_core.executor:Executing jobs using 'parallel' executor
[0.340s] DEBUG:colcon.colcon_parallel_executor.executor.parallel:run_until_complete
[0.341s] INFO:colcon.colcon_ros.task.ament_cmake.build:Building ROS package in '/home/pi/my_base' with build type 'ament_cmake'
[0.341s] INFO:colcon.colcon_cmake.task.cmake.build:Building CMake package in '/home/pi/my_base'
[0.343s] INFO:colcon.colcon_core.plugin_system:Skipping extension 'colcon_core.shell.bat': Not used on non-Windows systems
[0.343s] INFO:colcon.colcon_core.shell:Skip shell extension 'powershell' for command environment: Not usable outside of PowerShell
[0.343s] DEBUG:colcon.colcon_core.shell:Skip shell extension 'dsv' for command environment
[0.354s] DEBUG:colcon.colcon_core.event_handler.log_command:Invoking command in '/home/pi/my_base/build/my_base': CMAKE_PREFIX_PATH=${CMAKE_PREFIX_PATH}:/opt/ros/jazzy DEBUGINFOD_URLS=https://debuginfod.ubuntu.com /usr/bin/cmake /home/pi/my_base -DCMAKE_INSTALL_PREFIX=/home/pi/my_base/install/my_base
[3.625s] DEBUG:colcon.colcon_core.event_handler.log_command:Invoked command in '/home/pi/my_base/build/my_base' returned '0': CMAKE_PREFIX_PATH=${CMAKE_PREFIX_PATH}:/opt/ros/jazzy DEBUGINFOD_URLS=https://debuginfod.ubuntu.com /usr/bin/cmake /home/pi/my_base -DCMAKE_INSTALL_PREFIX=/home/pi/my_base/install/my_base
[3.628s] DEBUG:colcon.colcon_core.event_handler.log_command:Invoking command in '/home/pi/my_base/build/my_base': CMAKE_PREFIX_PATH=${CMAKE_PREFIX_PATH}:/opt/ros/jazzy DEBUGINFOD_URLS=https://debuginfod.ubuntu.com /usr/bin/cmake --build /home/pi/my_base/build/my_base -- -j4 -l4
[19.696s] DEBUG:colcon.colcon_core.event_handler.log_command:Invoked command in '/home/pi/my_base/build/my_base' returned '0': CMAKE_PREFIX_PATH=${CMAKE_PREFIX_PATH}:/opt/ros/jazzy DEBUGINFOD_URLS=https://debuginfod.ubuntu.com /usr/bin/cmake --build /home/pi/my_base/build/my_base -- -j4 -l4
[19.715s] DEBUG:colcon.colcon_core.event_handler.log_command:Invoking command in '/home/pi/my_base/build/my_base': CMAKE_PREFIX_PATH=${CMAKE_PREFIX_PATH}:/opt/ros/jazzy DEBUGINFOD_URLS=https://debuginfod.ubuntu.com /usr/bin/cmake --install /home/pi/my_base/build/my_base
[19.746s] Level 1:colcon.colcon_core.environment:create_environment_scripts_only(my_base)
[19.746s] DEBUG:colcon.colcon_core.event_handler.log_command:Invoked command in '/home/pi/my_base/build/my_base' returned '0': CMAKE_PREFIX_PATH=${CMAKE_PREFIX_PATH}:/opt/ros/jazzy DEBUGINFOD_URLS=https://debuginfod.ubuntu.com /usr/bin/cmake --install /home/pi/my_base/build/my_base
[19.749s] Level 1:colcon.colcon_core.environment:checking '/home/pi/my_base/install/my_base' for CMake module files
[19.749s] Level 1:colcon.colcon_core.environment:checking '/home/pi/my_base/install/my_base' for CMake config files
[19.750s] Level 1:colcon.colcon_core.shell:create_environment_hook('my_base', 'cmake_prefix_path')
[19.750s] INFO:colcon.colcon_core.shell:Creating environment hook '/home/pi/my_base/install/my_base/share/my_base/hook/cmake_prefix_path.ps1'
[19.751s] INFO:colcon.colcon_core.shell:Creating environment descriptor '/home/pi/my_base/install/my_base/share/my_base/hook/cmake_prefix_path.dsv'
[19.751s] INFO:colcon.colcon_core.shell:Creating environment hook '/home/pi/my_base/install/my_base/share/my_base/hook/cmake_prefix_path.sh'
[19.752s] Level 1:colcon.colcon_core.environment:checking '/home/pi/my_base/install/my_base/lib'
[19.753s] Level 1:colcon.colcon_core.environment:checking '/home/pi/my_base/install/my_base/bin'
[19.753s] Level 1:colcon.colcon_core.environment:checking '/home/pi/my_base/install/my_base/lib/pkgconfig/my_base.pc'
[19.753s] Level 1:colcon.colcon_core.environment:checking '/home/pi/my_base/install/my_base/lib/python3.12/site-packages'
[19.753s] Level 1:colcon.colcon_core.environment:checking '/home/pi/my_base/install/my_base/bin'
[19.754s] INFO:colcon.colcon_core.shell:Creating package script '/home/pi/my_base/install/my_base/share/my_base/package.ps1'
[19.755s] INFO:colcon.colcon_core.shell:Creating package descriptor '/home/pi/my_base/install/my_base/share/my_base/package.dsv'
[19.756s] INFO:colcon.colcon_core.shell:Creating package script '/home/pi/my_base/install/my_base/share/my_base/package.sh'
[19.756s] INFO:colcon.colcon_core.shell:Creating package script '/home/pi/my_base/install/my_base/share/my_base/package.bash'
[19.757s] INFO:colcon.colcon_core.shell:Creating package script '/home/pi/my_base/install/my_base/share/my_base/package.zsh'
[19.758s] Level 1:colcon.colcon_core.environment:create_file_with_runtime_dependencies(/home/pi/my_base/install/my_base/share/colcon-core/packages/my_base)
[19.759s] Level 1:colcon.colcon_core.environment:create_environment_scripts_only(my_base)
[19.759s] Level 1:colcon.colcon_core.environment:checking '/home/pi/my_base/install/my_base' for CMake module files
[19.760s] Level 1:colcon.colcon_core.environment:checking '/home/pi/my_base/install/my_base' for CMake config files
[19.760s] Level 1:colcon.colcon_core.shell:create_environment_hook('my_base', 'cmake_prefix_path')
[19.760s] INFO:colcon.colcon_core.shell:Creating environment hook '/home/pi/my_base/install/my_base/share/my_base/hook/cmake_prefix_path.ps1'
[19.762s] INFO:colcon.colcon_core.shell:Creating environment descriptor '/home/pi/my_base/install/my_base/share/my_base/hook/cmake_prefix_path.dsv'
[19.763s] INFO:colcon.colcon_core.shell:Creating environment hook '/home/pi/my_base/install/my_base/share/my_base/hook/cmake_prefix_path.sh'
[19.764s] Level 1:colcon.colcon_core.environment:checking '/home/pi/my_base/install/my_base/lib'
[19.764s] Level 1:colcon.colcon_core.environment:checking '/home/pi/my_base/install/my_base/bin'
[19.764s] Level 1:colcon.colcon_core.environment:checking '/home/pi/my_base/install/my_base/lib/pkgconfig/my_base.pc'
[19.764s] Level 1:colcon.colcon_core.environment:checking '/home/pi/my_base/install/my_base/lib/python3.12/site-packages'
[19.765s] Level 1:colcon.colcon_core.environment:checking '/home/pi/my_base/install/my_base/bin'
[19.765s] INFO:colcon.colcon_core.shell:Creating package script '/home/pi/my_base/install/my_base/share/my_base/package.ps1'
[19.766s] INFO:colcon.colcon_core.shell:Creating package descriptor '/home/pi/my_base/install/my_base/share/my_base/package.dsv'
[19.766s] INFO:colcon.colcon_core.shell:Creating package script '/home/pi/my_base/install/my_base/share/my_base/package.sh'
[19.767s] INFO:colcon.colcon_core.shell:Creating package script '/home/pi/my_base/install/my_base/share/my_base/package.bash'
[19.768s] INFO:colcon.colcon_core.shell:Creating package script '/home/pi/my_base/install/my_base/share/my_base/package.zsh'
[19.769s] Level 1:colcon.colcon_core.environment:create_file_with_runtime_dependencies(/home/pi/my_base/install/my_base/share/colcon-core/packages/my_base)
[19.770s] DEBUG:colcon.colcon_parallel_executor.executor.parallel:closing loop
[19.770s] DEBUG:colcon.colcon_parallel_executor.executor.parallel:loop closed
[19.771s] DEBUG:colcon.colcon_parallel_executor.executor.parallel:run_until_complete finished with '0'
[19.771s] DEBUG:colcon.colcon_core.event_reactor:joining thread
[19.780s] INFO:colcon.colcon_core.plugin_system:Skipping extension 'colcon_notification.desktop_notification.terminal_notifier': Not used on non-Darwin systems
[19.780s] INFO:colcon.colcon_core.plugin_system:Skipping extension 'colcon_notification.desktop_notification.win32': Not used on non-Windows systems
[19.780s] INFO:colcon.colcon_notification.desktop_notification:Sending desktop notification using 'notify2'
[19.801s] DEBUG:colcon.colcon_core.event_reactor:joined thread
[19.809s] INFO:colcon.colcon_core.shell:Creating prefix script '/home/pi/my_base/install/local_setup.ps1'
[19.811s] INFO:colcon.colcon_core.shell:Creating prefix util module '/home/pi/my_base/install/_local_setup_util_ps1.py'
[19.813s] INFO:colcon.colcon_core.shell:Creating prefix chain script '/home/pi/my_base/install/setup.ps1'
[19.815s] INFO:colcon.colcon_core.shell:Creating prefix script '/home/pi/my_base/install/local_setup.sh'
[19.816s] INFO:colcon.colcon_core.shell:Creating prefix util module '/home/pi/my_base/install/_local_setup_util_sh.py'
[19.817s] INFO:colcon.colcon_core.shell:Creating prefix chain script '/home/pi/my_base/install/setup.sh'
[19.819s] INFO:colcon.colcon_core.shell:Creating prefix script '/home/pi/my_base/install/local_setup.bash'
[19.820s] INFO:colcon.colcon_core.shell:Creating prefix chain script '/home/pi/my_base/install/setup.bash'
[19.821s] INFO:colcon.colcon_core.shell:Creating prefix script '/home/pi/my_base/install/local_setup.zsh'
[19.822s] INFO:colcon.colcon_core.shell:Creating prefix chain script '/home/pi/my_base/install/setup.zsh'
