[0.000000] (-) TimerEvent: {}
[0.000867] (-) JobUnselected: {'identifier': 'lidar_test'}
[0.001530] (-) JobUnselected: {'identifier': 'lslidar_driver'}
[0.002186] (-) JobUnselected: {'identifier': 'lslidar_msgs'}
[0.002633] (-) JobUnselected: {'identifier': 'robot_control'}
[0.003196] (-) JobUnselected: {'identifier': 'tbot_description'}
[0.003715] (my_base) JobQueued: {'identifier': 'my_base', 'dependencies': OrderedDict()}
[0.004480] (my_base) JobStarted: {'identifier': 'my_base'}
[0.028114] (my_base) JobProgress: {'identifier': 'my_base', 'progress': 'cmake'}
[0.032998] (my_base) Command: {'cmd': ['/usr/bin/cmake', '/home/pi/Desktop/robot_move/my_base_learn/src/my_base', '-DCMAKE_INSTALL_PREFIX=/home/pi/Desktop/robot_move/my_base_learn/install/my_base'], 'cwd': '/home/pi/Desktop/robot_move/my_base_learn/build/my_base', 'env': OrderedDict({'SERVER_SCRIPT_PRODUCT': '/home/pi/.trae-server/bin/stable-84967093b3105381f26e13eca4ab8af60e8f40db-debian10/product.json', 'ARCH': 'aarch64', 'SERVER_PACKAGE_NAME': 'Trae-linux-arm64-1146106025986_3.tar.gz', 'USER': 'pi', 'SSH_CLIENT': '10.16.89.17 62631 22', 'DISTRO_COMMIT': '84967093b3105381f26e13eca4ab8af60e8f40db', 'XDG_SESSION_TYPE': 'tty', 'GIT_ASKPASS': '/home/pi/.trae-server/bin/stable-84967093b3105381f26e13eca4ab8af60e8f40db-debian10/extensions/git/dist/askpass.sh', 'SERVER_LISTEN_FLAG': '--port=0', 'MANAGER_LOGS_DIR': '/home/pi/.trae-server/manager-logs/1778565327051_047007', 'SCRIPT_ID': '129e294c30e83dcf9132430e', 'SHLVL': '2', 'LD_LIBRARY_PATH': '/home/pi/Desktop/robot_move/my_base_learn/install/lslidar_msgs/lib:/opt/ros/jazzy/opt/rviz_ogre_vendor/lib:/opt/ros/jazzy/lib/aarch64-linux-gnu:/opt/ros/jazzy/opt/gz_math_vendor/lib:/opt/ros/jazzy/opt/gz_utils_vendor/lib:/opt/ros/jazzy/opt/gz_cmake_vendor/lib:/opt/ros/jazzy/lib', 'BROWSER': '/home/pi/.trae-server/bin/stable-84967093b3105381f26e13eca4ab8af60e8f40db-debian10/bin/helpers/browser.sh', 'HOME': '/home/pi', 'OLDPWD': '/home/pi/Desktop/robot_move/my_base_learn', 'TERM_PROGRAM_VERSION': '1.107.1', 'SERVER_APP_NAME': 'Trae', 'VSCODE_IPC_HOOK_CLI': '/run/user/1002/vscode-ipc-fc304ad6-3f63-4000-8969-2899da6a7111.sock', 'OS_RELEASE_ID': 'ubuntu', 'ROS_PYTHON_VERSION': '3', 'TRAE_RESOLVE_TYPE': 'ssh', 'VSCODE_GIT_ASKPASS_MAIN': '/home/pi/.trae-server/bin/stable-84967093b3105381f26e13eca4ab8af60e8f40db-debian10/extensions/git/dist/askpass-main.js', 'SERVER_DOWNLOAD_PREFIX': 'https://lf-cdn.trae.com.cn/obj/trae-com-cn/pkg/server/releases/stable/84967093b3105381f26e13eca4ab8af60e8f40db/linux-debian10/', 'VSCODE_GIT_ASKPASS_NODE': '/home/pi/.trae-server/bin/stable-84967093b3105381f26e13eca4ab8af60e8f40db-debian10/node', 'NO_USE_FETCH': '', 'VSCODE_PYTHON_AUTOACTIVATE_GUARD': '1', 'SERVER_DIR': '/home/pi/.trae-server/bin/stable-84967093b3105381f26e13eca4ab8af60e8f40db-debian10', 'DBUS_SESSION_BUS_ADDRESS': 'unix:path=/run/user/1002/bus', 'COLORTERM': 'truecolor', 'TRAE_JWT_TOKEN_PATH': '/home/pi/.trae/trae-jwt-token', 'DEBUGINFOD_URLS': 'https://debuginfod.ubuntu.com', 'COLCON_PREFIX_PATH': '/home/pi/Desktop/robot_move/my_base_learn/install', 'ROS_DISTRO': 'jazzy', 'LOGNAME': 'pi', '_': '/usr/bin/colcon', 'ROS_VERSION': '2', 'TRAE_REMOTE_SKIP_REMOTE_CHECK': '', 'XDG_SESSION_CLASS': 'user', 'TERM': 'xterm-256color', 'DISTRO_VERSION': '1.107.1', 'XDG_SESSION_ID': '3', 'SERVER_INITIAL_EXTENSIONS': '', 'EXTRACT_RETRY_COUNT': '0', 'TRAE_DETECT_COUNTRY_CODE': '', 'AHA_RUNTIME_DIR': '/home/pi/.trae-server/socks/2067/8496709', 'vscode_base_dir': '/home/pi/.trae-server', 'PATH': '/opt/ros/jazzy/bin:/home/pi/.trae-server/bin/stable-84967093b3105381f26e13eca4ab8af60e8f40db-debian10/bin/remote-cli:/usr/local/sbin:/usr/local/bin:/usr/sbin:/usr/bin:/sbin:/bin:/usr/games:/usr/local/games:/snap/bin', 'PLATFORM': 'linux', 'DISTRO_QUALITY': 'stable', 'XDG_RUNTIME_DIR': '/run/user/1002', 'SERVER_SCRIPT': '/home/pi/.trae-server/bin/stable-84967093b3105381f26e13eca4ab8af60e8f40db-debian10/index_trae.js', 'LANG': 'en_US.UTF-8', 'SERVER_PIDFILE': '/home/pi/.trae-server/.stable-84967093b3105381f26e13eca4ab8af60e8f40db-21a76510.pid', 'SERVER_LOGS_DIR': '/home/pi/.trae-server/logs', 'TRAE_BRAND_NAME': 'Trae', 'DOWNLOAD_RETRY_COUNT': '0', 'VSCODE_GIT_IPC_HANDLE': '/run/user/1002/vscode-git-f128588436.sock', 'TERM_PROGRAM': 'vscode', 'AMENT_PREFIX_PATH': '/home/pi/Desktop/robot_move/my_base_learn/install/tbot_description:/home/pi/Desktop/robot_move/my_base_learn/install/robot_control:/home/pi/Desktop/robot_move/my_base_learn/install/my_base:/home/pi/Desktop/robot_move/my_base_learn/install/lslidar_driver:/home/pi/Desktop/robot_move/my_base_learn/install/lslidar_msgs:/home/pi/Desktop/robot_move/my_base_learn/install/lidar_test:/opt/ros/jazzy', 'SHELL': '/bin/bash', 'SERVER_HOST': '127.0.0.1', 'SERVER_LOGFILE': '/home/pi/.trae-server/.stable-84967093b3105381f26e13eca4ab8af60e8f40db-21a76510.log', 'TRAE_STORE_REGION': 'SG', 'DISTRO_VSCODIUM_RELEASE': '', 'TMP_DIR': '/run/user/1002', 'SERVER_TOKENFILE': '/home/pi/.trae-server/.stable-84967093b3105381f26e13eca4ab8af60e8f40db-21a76510.token', 'ROS_AUTOMATIC_DISCOVERY_RANGE': 'SUBNET', 'VSCODE_GIT_ASKPASS_EXTRA_ARGS': '', 'TRAE_REMOTE_EXTENSION_REGION': 'cn', 'SERVER_EXTENSIONS_DIR': '/home/pi/.trae-server/extensions', 'PWD': '/home/pi/Desktop/robot_move/my_base_learn/build/my_base', 'LC_ALL': 'en_US.UTF-8', 'SERVER_APP_VERSION': '', 'TERM_PRODUCT': 'Trae', 'SSH_CONNECTION': '10.16.89.17 62631 10.16.89.13 22', 'XDG_DATA_DIRS': '/usr/share/gnome:/usr/local/share:/usr/share:/var/lib/snapd/desktop', 'SERVER_ARCH': 'arm64', 'PYTHONPATH': '/home/pi/Desktop/robot_move/my_base_learn/install/robot_control/lib/python3.12/site-packages:/home/pi/Desktop/robot_move/my_base_learn/install/lslidar_msgs/lib/python3.12/site-packages:/home/pi/Desktop/robot_move/my_base_learn/install/lidar_test/lib/python3.12/site-packages:/opt/ros/jazzy/lib/python3.12/site-packages', 'TRAE_DETECT_REGION': 'CN', 'COLCON': '1', 'SERVER_APP_QUALITY': 'stable', 'SERVER_DATA_DIR': '/home/pi/.trae-server', 'REMOTE_VERSION': '1146106025986_3', 'CMAKE_PREFIX_PATH': '/home/pi/Desktop/robot_move/my_base_learn/install/tbot_description:/home/pi/Desktop/robot_move/my_base_learn/install/my_base:/home/pi/Desktop/robot_move/my_base_learn/install/lslidar_driver:/home/pi/Desktop/robot_move/my_base_learn/install/lslidar_msgs:/opt/ros/jazzy/opt/gz_math_vendor:/opt/ros/jazzy/opt/gz_utils_vendor:/opt/ros/jazzy/opt/gz_cmake_vendor:/home/pi/Desktop/robot_move/my_base_learn/install/robot_control:/home/pi/Desktop/robot_move/my_base_learn/install/lidar_test:/opt/ros/jazzy'}), 'shell': False}
[0.099694] (-) TimerEvent: {}
[0.200247] (-) TimerEvent: {}
[0.255610] (my_base) StdoutLine: {'line': b'-- The C compiler identification is GNU 13.3.0\n'}
[0.301734] (-) TimerEvent: {}
[0.402275] (-) TimerEvent: {}
[0.411959] (my_base) StdoutLine: {'line': b'-- The CXX compiler identification is GNU 13.3.0\n'}
[0.450503] (my_base) StdoutLine: {'line': b'-- Detecting C compiler ABI info\n'}
[0.502414] (-) TimerEvent: {}
[0.602894] (-) TimerEvent: {}
[0.667833] (my_base) StdoutLine: {'line': b'-- Detecting C compiler ABI info - done\n'}
[0.685647] (my_base) StdoutLine: {'line': b'-- Check for working C compiler: /usr/bin/cc - skipped\n'}
[0.686799] (my_base) StdoutLine: {'line': b'-- Detecting C compile features\n'}
[0.688009] (my_base) StdoutLine: {'line': b'-- Detecting C compile features - done\n'}
[0.703008] (-) TimerEvent: {}
[0.707284] (my_base) StdoutLine: {'line': b'-- Detecting CXX compiler ABI info\n'}
[0.803175] (-) TimerEvent: {}
[0.904177] (-) TimerEvent: {}
[1.005232] (my_base) StdoutLine: {'line': b'-- Detecting CXX compiler ABI info - done\n'}
[1.006582] (-) TimerEvent: {}
[1.034370] (my_base) StdoutLine: {'line': b'-- Check for working CXX compiler: /usr/bin/c++ - skipped\n'}
[1.035170] (my_base) StdoutLine: {'line': b'-- Detecting CXX compile features\n'}
[1.039632] (my_base) StdoutLine: {'line': b'-- Detecting CXX compile features - done\n'}
[1.044352] (my_base) StdoutLine: {'line': b'-- Found ament_cmake: 2.5.5 (/opt/ros/jazzy/share/ament_cmake/cmake)\n'}
[1.106719] (-) TimerEvent: {}
[1.228997] (-) TimerEvent: {}
[1.330370] (-) TimerEvent: {}
[1.358362] (my_base) StdoutLine: {'line': b'-- Found Python3: /usr/bin/python3 (found version "3.12.3") found components: Interpreter \n'}
[1.430478] (-) TimerEvent: {}
[1.531578] (-) TimerEvent: {}
[1.556441] (my_base) StdoutLine: {'line': b'-- Found ament_lint_auto: 0.17.4 (/opt/ros/jazzy/share/ament_lint_auto/cmake)\n'}
[1.631689] (-) TimerEvent: {}
[1.732517] (-) TimerEvent: {}
[1.755356] (my_base) StdoutLine: {'line': b'-- Found rclcpp: 28.1.16 (/opt/ros/jazzy/share/rclcpp/cmake)\n'}
[1.813882] (my_base) StdoutLine: {'line': b'-- Found rosidl_generator_c: 4.6.7 (/opt/ros/jazzy/share/rosidl_generator_c/cmake)\n'}
[1.832633] (-) TimerEvent: {}
[1.834852] (my_base) StdoutLine: {'line': b'-- Found rosidl_generator_cpp: 4.6.7 (/opt/ros/jazzy/share/rosidl_generator_cpp/cmake)\n'}
[1.863279] (my_base) StdoutLine: {'line': b'-- Using all available rosidl_typesupport_c: rosidl_typesupport_fastrtps_c;rosidl_typesupport_introspection_c\n'}
[1.891838] (my_base) StdoutLine: {'line': b'-- Using all available rosidl_typesupport_cpp: rosidl_typesupport_fastrtps_cpp;rosidl_typesupport_introspection_cpp\n'}
[1.932807] (-) TimerEvent: {}
[2.006425] (my_base) StdoutLine: {'line': b'-- Found rmw_implementation_cmake: 7.3.3 (/opt/ros/jazzy/share/rmw_implementation_cmake/cmake)\n'}
[2.010876] (my_base) StdoutLine: {'line': b'-- Found rmw_fastrtps_cpp: 8.4.3 (/opt/ros/jazzy/share/rmw_fastrtps_cpp/cmake)\n'}
[2.032931] (-) TimerEvent: {}
[2.133985] (-) TimerEvent: {}
[2.154173] (my_base) StdoutLine: {'line': b'-- Found OpenSSL: /usr/lib/aarch64-linux-gnu/libcrypto.so (found version "3.0.13")  \n'}
[2.191714] (my_base) StdoutLine: {'line': b'-- Found FastRTPS: /opt/ros/jazzy/include (Required is at least version "2.13") \n'}
[2.232532] (my_base) StdoutLine: {'line': b"-- Using RMW implementation 'rmw_fastrtps_cpp' as default\n"}
[2.234067] (-) TimerEvent: {}
[2.334567] (-) TimerEvent: {}
[2.347302] (my_base) StdoutLine: {'line': b'-- Found geometry_msgs: 5.3.6 (/opt/ros/jazzy/share/geometry_msgs/cmake)\n'}
[2.401902] (my_base) StdoutLine: {'line': b'-- Found tf2_geometry_msgs: 0.36.19 (/opt/ros/jazzy/share/tf2_geometry_msgs/cmake)\n'}
[2.423683] (my_base) StdoutLine: {'line': b'-- Found eigen3_cmake_module: 0.3.0 (/opt/ros/jazzy/share/eigen3_cmake_module/cmake)\n'}
[2.425839] (my_base) StdoutLine: {'line': b'-- Found Eigen3: TRUE (found version "3.4.0") \n'}
[2.426139] (my_base) StdoutLine: {'line': b'-- Ensuring Eigen3 include directory is part of orocos-kdl CMake target\n'}
[2.434674] (-) TimerEvent: {}
[2.535056] (-) TimerEvent: {}
[2.613421] (my_base) StdoutLine: {'line': b'-- Found nav_msgs: 5.3.6 (/opt/ros/jazzy/share/nav_msgs/cmake)\n'}
[2.635163] (-) TimerEvent: {}
[2.735539] (-) TimerEvent: {}
[2.776662] (my_base) StdoutLine: {'line': b"-- Added test 'cppcheck' to perform static code analysis on C / C++ code\n"}
[2.777247] (my_base) StdoutLine: {'line': b'-- Configured cppcheck include dirs: \n'}
[2.777413] (my_base) StdoutLine: {'line': b'-- Configured cppcheck exclude dirs and/or files: \n'}
[2.779599] (my_base) StdoutLine: {'line': b"-- Added test 'flake8' to check Python code syntax and style conventions\n"}
[2.779816] (my_base) StdoutLine: {'line': b"-- Configured 'flake8' exclude dirs and/or files: \n"}
[2.783914] (my_base) StdoutLine: {'line': b"-- Added test 'lint_cmake' to check CMake code style\n"}
[2.786599] (my_base) StdoutLine: {'line': b"-- Added test 'pep257' to check Python code against some of the docstring style conventions in PEP 257\n"}
[2.799860] (my_base) StdoutLine: {'line': b"-- Added test 'uncrustify' to check C / C++ code style\n"}
[2.800167] (my_base) StdoutLine: {'line': b'-- Configured uncrustify additional arguments: \n'}
[2.802805] (my_base) StdoutLine: {'line': b"-- Added test 'xmllint' to check XML markup files\n"}
[2.805890] (my_base) StdoutLine: {'line': b'-- Configuring done (2.7s)\n'}
[2.835621] (-) TimerEvent: {}
[2.845157] (my_base) StdoutLine: {'line': b'-- Generating done (0.0s)\n'}
[2.860280] (my_base) StdoutLine: {'line': b'-- Build files have been written to: /home/pi/Desktop/robot_move/my_base_learn/build/my_base\n'}
[2.888941] (my_base) CommandEnded: {'returncode': 0}
[2.892057] (my_base) JobProgress: {'identifier': 'my_base', 'progress': 'build'}
[2.892120] (my_base) Command: {'cmd': ['/usr/bin/cmake', '--build', '/home/pi/Desktop/robot_move/my_base_learn/build/my_base', '--', '-j4', '-l4'], 'cwd': '/home/pi/Desktop/robot_move/my_base_learn/build/my_base', 'env': OrderedDict({'SERVER_SCRIPT_PRODUCT': '/home/pi/.trae-server/bin/stable-84967093b3105381f26e13eca4ab8af60e8f40db-debian10/product.json', 'ARCH': 'aarch64', 'SERVER_PACKAGE_NAME': 'Trae-linux-arm64-1146106025986_3.tar.gz', 'USER': 'pi', 'SSH_CLIENT': '10.16.89.17 62631 22', 'DISTRO_COMMIT': '84967093b3105381f26e13eca4ab8af60e8f40db', 'XDG_SESSION_TYPE': 'tty', 'GIT_ASKPASS': '/home/pi/.trae-server/bin/stable-84967093b3105381f26e13eca4ab8af60e8f40db-debian10/extensions/git/dist/askpass.sh', 'SERVER_LISTEN_FLAG': '--port=0', 'MANAGER_LOGS_DIR': '/home/pi/.trae-server/manager-logs/1778565327051_047007', 'SCRIPT_ID': '129e294c30e83dcf9132430e', 'SHLVL': '2', 'LD_LIBRARY_PATH': '/home/pi/Desktop/robot_move/my_base_learn/install/lslidar_msgs/lib:/opt/ros/jazzy/opt/rviz_ogre_vendor/lib:/opt/ros/jazzy/lib/aarch64-linux-gnu:/opt/ros/jazzy/opt/gz_math_vendor/lib:/opt/ros/jazzy/opt/gz_utils_vendor/lib:/opt/ros/jazzy/opt/gz_cmake_vendor/lib:/opt/ros/jazzy/lib', 'BROWSER': '/home/pi/.trae-server/bin/stable-84967093b3105381f26e13eca4ab8af60e8f40db-debian10/bin/helpers/browser.sh', 'HOME': '/home/pi', 'OLDPWD': '/home/pi/Desktop/robot_move/my_base_learn', 'TERM_PROGRAM_VERSION': '1.107.1', 'SERVER_APP_NAME': 'Trae', 'VSCODE_IPC_HOOK_CLI': '/run/user/1002/vscode-ipc-fc304ad6-3f63-4000-8969-2899da6a7111.sock', 'OS_RELEASE_ID': 'ubuntu', 'ROS_PYTHON_VERSION': '3', 'TRAE_RESOLVE_TYPE': 'ssh', 'VSCODE_GIT_ASKPASS_MAIN': '/home/pi/.trae-server/bin/stable-84967093b3105381f26e13eca4ab8af60e8f40db-debian10/extensions/git/dist/askpass-main.js', 'SERVER_DOWNLOAD_PREFIX': 'https://lf-cdn.trae.com.cn/obj/trae-com-cn/pkg/server/releases/stable/84967093b3105381f26e13eca4ab8af60e8f40db/linux-debian10/', 'VSCODE_GIT_ASKPASS_NODE': '/home/pi/.trae-server/bin/stable-84967093b3105381f26e13eca4ab8af60e8f40db-debian10/node', 'NO_USE_FETCH': '', 'VSCODE_PYTHON_AUTOACTIVATE_GUARD': '1', 'SERVER_DIR': '/home/pi/.trae-server/bin/stable-84967093b3105381f26e13eca4ab8af60e8f40db-debian10', 'DBUS_SESSION_BUS_ADDRESS': 'unix:path=/run/user/1002/bus', 'COLORTERM': 'truecolor', 'TRAE_JWT_TOKEN_PATH': '/home/pi/.trae/trae-jwt-token', 'DEBUGINFOD_URLS': 'https://debuginfod.ubuntu.com', 'COLCON_PREFIX_PATH': '/home/pi/Desktop/robot_move/my_base_learn/install', 'ROS_DISTRO': 'jazzy', 'LOGNAME': 'pi', '_': '/usr/bin/colcon', 'ROS_VERSION': '2', 'TRAE_REMOTE_SKIP_REMOTE_CHECK': '', 'XDG_SESSION_CLASS': 'user', 'TERM': 'xterm-256color', 'DISTRO_VERSION': '1.107.1', 'XDG_SESSION_ID': '3', 'SERVER_INITIAL_EXTENSIONS': '', 'EXTRACT_RETRY_COUNT': '0', 'TRAE_DETECT_COUNTRY_CODE': '', 'AHA_RUNTIME_DIR': '/home/pi/.trae-server/socks/2067/8496709', 'vscode_base_dir': '/home/pi/.trae-server', 'PATH': '/opt/ros/jazzy/bin:/home/pi/.trae-server/bin/stable-84967093b3105381f26e13eca4ab8af60e8f40db-debian10/bin/remote-cli:/usr/local/sbin:/usr/local/bin:/usr/sbin:/usr/bin:/sbin:/bin:/usr/games:/usr/local/games:/snap/bin', 'PLATFORM': 'linux', 'DISTRO_QUALITY': 'stable', 'XDG_RUNTIME_DIR': '/run/user/1002', 'SERVER_SCRIPT': '/home/pi/.trae-server/bin/stable-84967093b3105381f26e13eca4ab8af60e8f40db-debian10/index_trae.js', 'LANG': 'en_US.UTF-8', 'SERVER_PIDFILE': '/home/pi/.trae-server/.stable-84967093b3105381f26e13eca4ab8af60e8f40db-21a76510.pid', 'SERVER_LOGS_DIR': '/home/pi/.trae-server/logs', 'TRAE_BRAND_NAME': 'Trae', 'DOWNLOAD_RETRY_COUNT': '0', 'VSCODE_GIT_IPC_HANDLE': '/run/user/1002/vscode-git-f128588436.sock', 'TERM_PROGRAM': 'vscode', 'AMENT_PREFIX_PATH': '/home/pi/Desktop/robot_move/my_base_learn/install/tbot_description:/home/pi/Desktop/robot_move/my_base_learn/install/robot_control:/home/pi/Desktop/robot_move/my_base_learn/install/my_base:/home/pi/Desktop/robot_move/my_base_learn/install/lslidar_driver:/home/pi/Desktop/robot_move/my_base_learn/install/lslidar_msgs:/home/pi/Desktop/robot_move/my_base_learn/install/lidar_test:/opt/ros/jazzy', 'SHELL': '/bin/bash', 'SERVER_HOST': '127.0.0.1', 'SERVER_LOGFILE': '/home/pi/.trae-server/.stable-84967093b3105381f26e13eca4ab8af60e8f40db-21a76510.log', 'TRAE_STORE_REGION': 'SG', 'DISTRO_VSCODIUM_RELEASE': '', 'TMP_DIR': '/run/user/1002', 'SERVER_TOKENFILE': '/home/pi/.trae-server/.stable-84967093b3105381f26e13eca4ab8af60e8f40db-21a76510.token', 'ROS_AUTOMATIC_DISCOVERY_RANGE': 'SUBNET', 'VSCODE_GIT_ASKPASS_EXTRA_ARGS': '', 'TRAE_REMOTE_EXTENSION_REGION': 'cn', 'SERVER_EXTENSIONS_DIR': '/home/pi/.trae-server/extensions', 'PWD': '/home/pi/Desktop/robot_move/my_base_learn/build/my_base', 'LC_ALL': 'en_US.UTF-8', 'SERVER_APP_VERSION': '', 'TERM_PRODUCT': 'Trae', 'SSH_CONNECTION': '10.16.89.17 62631 10.16.89.13 22', 'XDG_DATA_DIRS': '/usr/share/gnome:/usr/local/share:/usr/share:/var/lib/snapd/desktop', 'SERVER_ARCH': 'arm64', 'PYTHONPATH': '/home/pi/Desktop/robot_move/my_base_learn/install/robot_control/lib/python3.12/site-packages:/home/pi/Desktop/robot_move/my_base_learn/install/lslidar_msgs/lib/python3.12/site-packages:/home/pi/Desktop/robot_move/my_base_learn/install/lidar_test/lib/python3.12/site-packages:/opt/ros/jazzy/lib/python3.12/site-packages', 'TRAE_DETECT_REGION': 'CN', 'COLCON': '1', 'SERVER_APP_QUALITY': 'stable', 'SERVER_DATA_DIR': '/home/pi/.trae-server', 'REMOTE_VERSION': '1146106025986_3', 'CMAKE_PREFIX_PATH': '/home/pi/Desktop/robot_move/my_base_learn/install/tbot_description:/home/pi/Desktop/robot_move/my_base_learn/install/my_base:/home/pi/Desktop/robot_move/my_base_learn/install/lslidar_driver:/home/pi/Desktop/robot_move/my_base_learn/install/lslidar_msgs:/opt/ros/jazzy/opt/gz_math_vendor:/opt/ros/jazzy/opt/gz_utils_vendor:/opt/ros/jazzy/opt/gz_cmake_vendor:/home/pi/Desktop/robot_move/my_base_learn/install/robot_control:/home/pi/Desktop/robot_move/my_base_learn/install/lidar_test:/opt/ros/jazzy'}), 'shell': False}
[2.935744] (-) TimerEvent: {}
[3.003180] (my_base) StdoutLine: {'line': b'[ 50%] \x1b[32mBuilding CXX object CMakeFiles/my_base.dir/src/my_base.cpp.o\x1b[0m\n'}
[3.036665] (-) TimerEvent: {}
[3.137061] (-) TimerEvent: {}
[3.237450] (-) TimerEvent: {}
[3.338220] (-) TimerEvent: {}
[3.439618] (-) TimerEvent: {}
[3.540274] (-) TimerEvent: {}
[3.640760] (-) TimerEvent: {}
[3.741228] (-) TimerEvent: {}
[3.841867] (-) TimerEvent: {}
[3.942325] (-) TimerEvent: {}
[4.042797] (-) TimerEvent: {}
[4.143204] (-) TimerEvent: {}
[4.243616] (-) TimerEvent: {}
[4.344659] (-) TimerEvent: {}
[4.445081] (-) TimerEvent: {}
[4.546873] (-) TimerEvent: {}
[4.647619] (-) TimerEvent: {}
[4.748208] (-) TimerEvent: {}
[4.848614] (-) TimerEvent: {}
[4.949082] (-) TimerEvent: {}
[5.049487] (-) TimerEvent: {}
[5.149949] (-) TimerEvent: {}
[5.250452] (-) TimerEvent: {}
[5.350929] (-) TimerEvent: {}
[5.451331] (-) TimerEvent: {}
[5.551748] (-) TimerEvent: {}
[5.652138] (-) TimerEvent: {}
[5.752537] (-) TimerEvent: {}
[5.852964] (-) TimerEvent: {}
[5.953355] (-) TimerEvent: {}
[6.053767] (-) TimerEvent: {}
[6.154213] (-) TimerEvent: {}
[6.254701] (-) TimerEvent: {}
[6.355114] (-) TimerEvent: {}
[6.455527] (-) TimerEvent: {}
[6.556096] (-) TimerEvent: {}
[6.656499] (-) TimerEvent: {}
[6.756927] (-) TimerEvent: {}
[6.857374] (-) TimerEvent: {}
[6.958228] (-) TimerEvent: {}
[6.961183] (my_base) StderrLine: {'line': b'In file included from \x1b[01m\x1b[K/home/pi/Desktop/robot_move/my_base_learn/src/my_base/src/my_base.cpp:1\x1b[m\x1b[K:\n'}
[6.961590] (my_base) StderrLine: {'line': b'\x1b[01m\x1b[K/home/pi/Desktop/robot_move/my_base_learn/src/my_base/src/bot_serial.h:\x1b[m\x1b[K In member function \xe2\x80\x98\x1b[01m\x1b[Kbool turn_on_robot::\x1b[01;32m\x1b[KGet_Sensor_Data_New\x1b[m\x1b[K()\x1b[m\x1b[K\xe2\x80\x99:\n'}
[6.961761] (my_base) StderrLine: {'line': b'\x1b[01m\x1b[K/home/pi/Desktop/robot_move/my_base_learn/src/my_base/src/bot_serial.h:138:20:\x1b[m\x1b[K \x1b[01;35m\x1b[Kwarning: \x1b[m\x1b[Kunused variable \xe2\x80\x98\x1b[01m\x1b[Kerror\x1b[m\x1b[K\xe2\x80\x99 [\x1b[01;35m\x1b[K\x1b]8;;https://gcc.gnu.org/onlinedocs/gcc/Warning-Options.html#index-Wunused-variable\x07-Wunused-variable\x1b]8;;\x07\x1b[m\x1b[K]\n'}
[6.961931] (my_base) StderrLine: {'line': b'  138 |   uint8_t check=0, \x1b[01;35m\x1b[Kerror\x1b[m\x1b[K=1;\n'}
[6.962057] (my_base) StderrLine: {'line': b'      |                    \x1b[01;35m\x1b[K^~~~~\x1b[m\x1b[K\n'}
[7.058335] (-) TimerEvent: {}
[7.158736] (-) TimerEvent: {}
[7.259116] (-) TimerEvent: {}
[7.359600] (-) TimerEvent: {}
[7.460082] (-) TimerEvent: {}
[7.562632] (-) TimerEvent: {}
[7.663044] (-) TimerEvent: {}
[7.763429] (-) TimerEvent: {}
[7.863886] (-) TimerEvent: {}
[7.965634] (-) TimerEvent: {}
[8.066616] (-) TimerEvent: {}
[8.167263] (-) TimerEvent: {}
[8.267664] (-) TimerEvent: {}
[8.368067] (-) TimerEvent: {}
[8.468493] (-) TimerEvent: {}
[8.568888] (-) TimerEvent: {}
[8.669260] (-) TimerEvent: {}
[8.769641] (-) TimerEvent: {}
[8.870037] (-) TimerEvent: {}
[8.970467] (-) TimerEvent: {}
[9.070947] (-) TimerEvent: {}
[9.171442] (-) TimerEvent: {}
[9.271896] (-) TimerEvent: {}
[9.372515] (-) TimerEvent: {}
[9.472943] (-) TimerEvent: {}
[9.573364] (-) TimerEvent: {}
[9.673808] (-) TimerEvent: {}
[9.774215] (-) TimerEvent: {}
[9.874619] (-) TimerEvent: {}
[9.975045] (-) TimerEvent: {}
[10.075522] (-) TimerEvent: {}
[10.175975] (-) TimerEvent: {}
[10.276969] (-) TimerEvent: {}
[10.377364] (-) TimerEvent: {}
[10.477775] (-) TimerEvent: {}
[10.578165] (-) TimerEvent: {}
[10.678624] (-) TimerEvent: {}
[10.779067] (-) TimerEvent: {}
[10.879498] (-) TimerEvent: {}
[10.979999] (-) TimerEvent: {}
[11.080473] (-) TimerEvent: {}
[11.181193] (-) TimerEvent: {}
[11.281619] (-) TimerEvent: {}
[11.382257] (-) TimerEvent: {}
[11.483239] (-) TimerEvent: {}
[11.583647] (-) TimerEvent: {}
[11.684041] (-) TimerEvent: {}
[11.784492] (-) TimerEvent: {}
[11.884925] (-) TimerEvent: {}
[11.985341] (-) TimerEvent: {}
[12.085779] (-) TimerEvent: {}
[12.186185] (-) TimerEvent: {}
[12.286601] (-) TimerEvent: {}
[12.386982] (-) TimerEvent: {}
[12.487355] (-) TimerEvent: {}
[12.587754] (-) TimerEvent: {}
[12.688164] (-) TimerEvent: {}
[12.788619] (-) TimerEvent: {}
[12.889003] (-) TimerEvent: {}
[12.989383] (-) TimerEvent: {}
[13.089795] (-) TimerEvent: {}
[13.190180] (-) TimerEvent: {}
[13.290568] (-) TimerEvent: {}
[13.390944] (-) TimerEvent: {}
[13.491389] (-) TimerEvent: {}
[13.591788] (-) TimerEvent: {}
[13.692205] (-) TimerEvent: {}
[13.792612] (-) TimerEvent: {}
[13.893003] (-) TimerEvent: {}
[13.993401] (-) TimerEvent: {}
[14.094062] (-) TimerEvent: {}
[14.194448] (-) TimerEvent: {}
[14.294847] (-) TimerEvent: {}
[14.395235] (-) TimerEvent: {}
[14.495630] (-) TimerEvent: {}
[14.596057] (-) TimerEvent: {}
[14.696766] (-) TimerEvent: {}
[14.800783] (-) TimerEvent: {}
[14.901215] (-) TimerEvent: {}
[15.001913] (-) TimerEvent: {}
[15.103318] (-) TimerEvent: {}
[15.204455] (-) TimerEvent: {}
[15.304900] (-) TimerEvent: {}
[15.405559] (-) TimerEvent: {}
[15.506286] (-) TimerEvent: {}
[15.606994] (-) TimerEvent: {}
[15.707380] (-) TimerEvent: {}
[15.807809] (-) TimerEvent: {}
[15.908463] (-) TimerEvent: {}
[16.009107] (-) TimerEvent: {}
[16.109599] (-) TimerEvent: {}
[16.210188] (-) TimerEvent: {}
[16.310909] (-) TimerEvent: {}
[16.411315] (-) TimerEvent: {}
[16.511760] (-) TimerEvent: {}
[16.612385] (-) TimerEvent: {}
[16.712756] (-) TimerEvent: {}
[16.813137] (-) TimerEvent: {}
[16.913605] (-) TimerEvent: {}
[17.014022] (-) TimerEvent: {}
[17.115214] (-) TimerEvent: {}
[17.216955] (-) TimerEvent: {}
[17.317667] (-) TimerEvent: {}
[17.418479] (-) TimerEvent: {}
[17.519170] (-) TimerEvent: {}
[17.619855] (-) TimerEvent: {}
[17.721796] (-) TimerEvent: {}
[17.822626] (-) TimerEvent: {}
[17.923318] (-) TimerEvent: {}
[18.024067] (-) TimerEvent: {}
[18.126701] (-) TimerEvent: {}
[18.229668] (-) TimerEvent: {}
[18.330219] (-) TimerEvent: {}
[18.430632] (-) TimerEvent: {}
[18.455788] (my_base) StdoutLine: {'line': b'[100%] \x1b[32m\x1b[1mLinking CXX executable my_base\x1b[0m\n'}
[18.531018] (-) TimerEvent: {}
[18.633649] (-) TimerEvent: {}
[18.736883] (-) TimerEvent: {}
[18.838775] (-) TimerEvent: {}
[18.939577] (-) TimerEvent: {}
[19.040276] (-) TimerEvent: {}
[19.141528] (-) TimerEvent: {}
[19.244741] (-) TimerEvent: {}
[19.347425] (-) TimerEvent: {}
[19.450963] (-) TimerEvent: {}
[19.551796] (-) TimerEvent: {}
[19.653326] (-) TimerEvent: {}
[19.744281] (my_base) StdoutLine: {'line': b'[100%] Built target my_base\n'}
[19.753443] (-) TimerEvent: {}
[19.774010] (my_base) CommandEnded: {'returncode': 0}
[19.776502] (my_base) JobProgress: {'identifier': 'my_base', 'progress': 'install'}
[19.795790] (my_base) Command: {'cmd': ['/usr/bin/cmake', '--install', '/home/pi/Desktop/robot_move/my_base_learn/build/my_base'], 'cwd': '/home/pi/Desktop/robot_move/my_base_learn/build/my_base', 'env': OrderedDict({'SERVER_SCRIPT_PRODUCT': '/home/pi/.trae-server/bin/stable-84967093b3105381f26e13eca4ab8af60e8f40db-debian10/product.json', 'ARCH': 'aarch64', 'SERVER_PACKAGE_NAME': 'Trae-linux-arm64-1146106025986_3.tar.gz', 'USER': 'pi', 'SSH_CLIENT': '10.16.89.17 62631 22', 'DISTRO_COMMIT': '84967093b3105381f26e13eca4ab8af60e8f40db', 'XDG_SESSION_TYPE': 'tty', 'GIT_ASKPASS': '/home/pi/.trae-server/bin/stable-84967093b3105381f26e13eca4ab8af60e8f40db-debian10/extensions/git/dist/askpass.sh', 'SERVER_LISTEN_FLAG': '--port=0', 'MANAGER_LOGS_DIR': '/home/pi/.trae-server/manager-logs/1778565327051_047007', 'SCRIPT_ID': '129e294c30e83dcf9132430e', 'SHLVL': '2', 'LD_LIBRARY_PATH': '/home/pi/Desktop/robot_move/my_base_learn/install/lslidar_msgs/lib:/opt/ros/jazzy/opt/rviz_ogre_vendor/lib:/opt/ros/jazzy/lib/aarch64-linux-gnu:/opt/ros/jazzy/opt/gz_math_vendor/lib:/opt/ros/jazzy/opt/gz_utils_vendor/lib:/opt/ros/jazzy/opt/gz_cmake_vendor/lib:/opt/ros/jazzy/lib', 'BROWSER': '/home/pi/.trae-server/bin/stable-84967093b3105381f26e13eca4ab8af60e8f40db-debian10/bin/helpers/browser.sh', 'HOME': '/home/pi', 'OLDPWD': '/home/pi/Desktop/robot_move/my_base_learn', 'TERM_PROGRAM_VERSION': '1.107.1', 'SERVER_APP_NAME': 'Trae', 'VSCODE_IPC_HOOK_CLI': '/run/user/1002/vscode-ipc-fc304ad6-3f63-4000-8969-2899da6a7111.sock', 'OS_RELEASE_ID': 'ubuntu', 'ROS_PYTHON_VERSION': '3', 'TRAE_RESOLVE_TYPE': 'ssh', 'VSCODE_GIT_ASKPASS_MAIN': '/home/pi/.trae-server/bin/stable-84967093b3105381f26e13eca4ab8af60e8f40db-debian10/extensions/git/dist/askpass-main.js', 'SERVER_DOWNLOAD_PREFIX': 'https://lf-cdn.trae.com.cn/obj/trae-com-cn/pkg/server/releases/stable/84967093b3105381f26e13eca4ab8af60e8f40db/linux-debian10/', 'VSCODE_GIT_ASKPASS_NODE': '/home/pi/.trae-server/bin/stable-84967093b3105381f26e13eca4ab8af60e8f40db-debian10/node', 'NO_USE_FETCH': '', 'VSCODE_PYTHON_AUTOACTIVATE_GUARD': '1', 'SERVER_DIR': '/home/pi/.trae-server/bin/stable-84967093b3105381f26e13eca4ab8af60e8f40db-debian10', 'DBUS_SESSION_BUS_ADDRESS': 'unix:path=/run/user/1002/bus', 'COLORTERM': 'truecolor', 'TRAE_JWT_TOKEN_PATH': '/home/pi/.trae/trae-jwt-token', 'DEBUGINFOD_URLS': 'https://debuginfod.ubuntu.com', 'COLCON_PREFIX_PATH': '/home/pi/Desktop/robot_move/my_base_learn/install', 'ROS_DISTRO': 'jazzy', 'LOGNAME': 'pi', '_': '/usr/bin/colcon', 'ROS_VERSION': '2', 'TRAE_REMOTE_SKIP_REMOTE_CHECK': '', 'XDG_SESSION_CLASS': 'user', 'TERM': 'xterm-256color', 'DISTRO_VERSION': '1.107.1', 'XDG_SESSION_ID': '3', 'SERVER_INITIAL_EXTENSIONS': '', 'EXTRACT_RETRY_COUNT': '0', 'TRAE_DETECT_COUNTRY_CODE': '', 'AHA_RUNTIME_DIR': '/home/pi/.trae-server/socks/2067/8496709', 'vscode_base_dir': '/home/pi/.trae-server', 'PATH': '/opt/ros/jazzy/bin:/home/pi/.trae-server/bin/stable-84967093b3105381f26e13eca4ab8af60e8f40db-debian10/bin/remote-cli:/usr/local/sbin:/usr/local/bin:/usr/sbin:/usr/bin:/sbin:/bin:/usr/games:/usr/local/games:/snap/bin', 'PLATFORM': 'linux', 'DISTRO_QUALITY': 'stable', 'XDG_RUNTIME_DIR': '/run/user/1002', 'SERVER_SCRIPT': '/home/pi/.trae-server/bin/stable-84967093b3105381f26e13eca4ab8af60e8f40db-debian10/index_trae.js', 'LANG': 'en_US.UTF-8', 'SERVER_PIDFILE': '/home/pi/.trae-server/.stable-84967093b3105381f26e13eca4ab8af60e8f40db-21a76510.pid', 'SERVER_LOGS_DIR': '/home/pi/.trae-server/logs', 'TRAE_BRAND_NAME': 'Trae', 'DOWNLOAD_RETRY_COUNT': '0', 'VSCODE_GIT_IPC_HANDLE': '/run/user/1002/vscode-git-f128588436.sock', 'TERM_PROGRAM': 'vscode', 'AMENT_PREFIX_PATH': '/home/pi/Desktop/robot_move/my_base_learn/install/tbot_description:/home/pi/Desktop/robot_move/my_base_learn/install/robot_control:/home/pi/Desktop/robot_move/my_base_learn/install/my_base:/home/pi/Desktop/robot_move/my_base_learn/install/lslidar_driver:/home/pi/Desktop/robot_move/my_base_learn/install/lslidar_msgs:/home/pi/Desktop/robot_move/my_base_learn/install/lidar_test:/opt/ros/jazzy', 'SHELL': '/bin/bash', 'SERVER_HOST': '127.0.0.1', 'SERVER_LOGFILE': '/home/pi/.trae-server/.stable-84967093b3105381f26e13eca4ab8af60e8f40db-21a76510.log', 'TRAE_STORE_REGION': 'SG', 'DISTRO_VSCODIUM_RELEASE': '', 'TMP_DIR': '/run/user/1002', 'SERVER_TOKENFILE': '/home/pi/.trae-server/.stable-84967093b3105381f26e13eca4ab8af60e8f40db-21a76510.token', 'ROS_AUTOMATIC_DISCOVERY_RANGE': 'SUBNET', 'VSCODE_GIT_ASKPASS_EXTRA_ARGS': '', 'TRAE_REMOTE_EXTENSION_REGION': 'cn', 'SERVER_EXTENSIONS_DIR': '/home/pi/.trae-server/extensions', 'PWD': '/home/pi/Desktop/robot_move/my_base_learn/build/my_base', 'LC_ALL': 'en_US.UTF-8', 'SERVER_APP_VERSION': '', 'TERM_PRODUCT': 'Trae', 'SSH_CONNECTION': '10.16.89.17 62631 10.16.89.13 22', 'XDG_DATA_DIRS': '/usr/share/gnome:/usr/local/share:/usr/share:/var/lib/snapd/desktop', 'SERVER_ARCH': 'arm64', 'PYTHONPATH': '/home/pi/Desktop/robot_move/my_base_learn/install/robot_control/lib/python3.12/site-packages:/home/pi/Desktop/robot_move/my_base_learn/install/lslidar_msgs/lib/python3.12/site-packages:/home/pi/Desktop/robot_move/my_base_learn/install/lidar_test/lib/python3.12/site-packages:/opt/ros/jazzy/lib/python3.12/site-packages', 'TRAE_DETECT_REGION': 'CN', 'COLCON': '1', 'SERVER_APP_QUALITY': 'stable', 'SERVER_DATA_DIR': '/home/pi/.trae-server', 'REMOTE_VERSION': '1146106025986_3', 'CMAKE_PREFIX_PATH': '/home/pi/Desktop/robot_move/my_base_learn/install/tbot_description:/home/pi/Desktop/robot_move/my_base_learn/install/my_base:/home/pi/Desktop/robot_move/my_base_learn/install/lslidar_driver:/home/pi/Desktop/robot_move/my_base_learn/install/lslidar_msgs:/opt/ros/jazzy/opt/gz_math_vendor:/opt/ros/jazzy/opt/gz_utils_vendor:/opt/ros/jazzy/opt/gz_cmake_vendor:/home/pi/Desktop/robot_move/my_base_learn/install/robot_control:/home/pi/Desktop/robot_move/my_base_learn/install/lidar_test:/opt/ros/jazzy'}), 'shell': False}
[19.812367] (my_base) StdoutLine: {'line': b'-- Install configuration: ""\n'}
[19.813999] (my_base) StdoutLine: {'line': b'-- Installing: /home/pi/Desktop/robot_move/my_base_learn/install/my_base/lib/my_base/my_base\n'}
[19.827716] (my_base) StdoutLine: {'line': b'-- Set non-toolchain portion of runtime path of "/home/pi/Desktop/robot_move/my_base_learn/install/my_base/lib/my_base/my_base" to ""\n'}
[19.830696] (my_base) StdoutLine: {'line': b'-- Installing: /home/pi/Desktop/robot_move/my_base_learn/install/my_base/share/ament_index/resource_index/package_run_dependencies/my_base\n'}
[19.832258] (my_base) StdoutLine: {'line': b'-- Installing: /home/pi/Desktop/robot_move/my_base_learn/install/my_base/share/ament_index/resource_index/parent_prefix_path/my_base\n'}
[19.832497] (my_base) StdoutLine: {'line': b'-- Installing: /home/pi/Desktop/robot_move/my_base_learn/install/my_base/share/my_base/environment/ament_prefix_path.sh\n'}
[19.832684] (my_base) StdoutLine: {'line': b'-- Installing: /home/pi/Desktop/robot_move/my_base_learn/install/my_base/share/my_base/environment/ament_prefix_path.dsv\n'}
[19.832837] (my_base) StdoutLine: {'line': b'-- Installing: /home/pi/Desktop/robot_move/my_base_learn/install/my_base/share/my_base/environment/path.sh\n'}
[19.832986] (my_base) StdoutLine: {'line': b'-- Installing: /home/pi/Desktop/robot_move/my_base_learn/install/my_base/share/my_base/environment/path.dsv\n'}
[19.838467] (my_base) StdoutLine: {'line': b'-- Installing: /home/pi/Desktop/robot_move/my_base_learn/install/my_base/share/my_base/local_setup.bash\n'}
[19.838793] (my_base) StdoutLine: {'line': b'-- Installing: /home/pi/Desktop/robot_move/my_base_learn/install/my_base/share/my_base/local_setup.sh\n'}
[19.838969] (my_base) StdoutLine: {'line': b'-- Installing: /home/pi/Desktop/robot_move/my_base_learn/install/my_base/share/my_base/local_setup.zsh\n'}
[19.839115] (my_base) StdoutLine: {'line': b'-- Installing: /home/pi/Desktop/robot_move/my_base_learn/install/my_base/share/my_base/local_setup.dsv\n'}
[19.839256] (my_base) StdoutLine: {'line': b'-- Installing: /home/pi/Desktop/robot_move/my_base_learn/install/my_base/share/my_base/package.dsv\n'}
[19.839375] (my_base) StdoutLine: {'line': b'-- Installing: /home/pi/Desktop/robot_move/my_base_learn/install/my_base/share/ament_index/resource_index/packages/my_base\n'}
[19.839493] (my_base) StdoutLine: {'line': b'-- Installing: /home/pi/Desktop/robot_move/my_base_learn/install/my_base/share/my_base/cmake/my_baseConfig.cmake\n'}
[19.839639] (my_base) StdoutLine: {'line': b'-- Installing: /home/pi/Desktop/robot_move/my_base_learn/install/my_base/share/my_base/cmake/my_baseConfig-version.cmake\n'}
[19.839788] (my_base) StdoutLine: {'line': b'-- Installing: /home/pi/Desktop/robot_move/my_base_learn/install/my_base/share/my_base/package.xml\n'}
[19.845993] (my_base) CommandEnded: {'returncode': 0}
[19.853806] (-) TimerEvent: {}
[19.897725] (my_base) JobEnded: {'identifier': 'my_base', 'rc': 0}
[19.903953] (-) EventReactorShutdown: {}
