[0.032s] Invoking command in '/home/pi/Desktop/robot_move/build/tbot_description': CMAKE_PREFIX_PATH=${CMAKE_PREFIX_PATH}:/home/pi/Desktop/robot_move/my_base_learn/install/robot_control:/home/pi/Desktop/robot_move/my_base_learn/install/lidar_test:/opt/ros/jazzy DEBUGINFOD_URLS=https://debuginfod.ubuntu.com /usr/bin/cmake /home/pi/Desktop/robot_move/my_base_learn/src/tbot_description -DCMAKE_INSTALL_PREFIX=/home/pi/Desktop/robot_move/install/tbot_description
[0.166s] -- The C compiler identification is GNU 13.3.0
[0.301s] -- The CXX compiler identification is GNU 13.3.0
[0.334s] -- Detecting C compiler ABI info
[0.522s] -- Detecting C compiler ABI info - done
[0.538s] -- Check for working C compiler: /usr/bin/cc - skipped
[0.538s] -- Detecting C compile features
[0.539s] -- Detecting C compile features - done
[0.556s] -- Detecting CXX compiler ABI info
[0.776s] -- Detecting CXX compiler ABI info - done
[0.793s] -- Check for working CXX compiler: /usr/bin/c++ - skipped
[0.796s] -- Detecting CXX compile features
[0.796s] -- Detecting CXX compile features - done
[0.803s] -- Found ament_cmake: 2.5.5 (/opt/ros/jazzy/share/ament_cmake/cmake)
[1.099s] -- Found Python3: /usr/bin/python3 (found version "3.12.3") found components: Interpreter 
[1.323s] -- Found ament_lint_auto: 0.17.4 (/opt/ros/jazzy/share/ament_lint_auto/cmake)
[1.541s] -- Added test 'lint_cmake' to check CMake code style
[1.543s] -- Added test 'xmllint' to check XML markup files
[1.546s] -- Configuring done (1.5s)
[1.552s] -- Generating done (0.0s)
[1.555s] -- Build files have been written to: /home/pi/Desktop/robot_move/build/tbot_description
[1.565s] Invoked command in '/home/pi/Desktop/robot_move/build/tbot_description' returned '0': CMAKE_PREFIX_PATH=${CMAKE_PREFIX_PATH}:/home/pi/Desktop/robot_move/my_base_learn/install/robot_control:/home/pi/Desktop/robot_move/my_base_learn/install/lidar_test:/opt/ros/jazzy DEBUGINFOD_URLS=https://debuginfod.ubuntu.com /usr/bin/cmake /home/pi/Desktop/robot_move/my_base_learn/src/tbot_description -DCMAKE_INSTALL_PREFIX=/home/pi/Desktop/robot_move/install/tbot_description
[1.584s] Invoking command in '/home/pi/Desktop/robot_move/build/tbot_description': CMAKE_PREFIX_PATH=${CMAKE_PREFIX_PATH}:/home/pi/Desktop/robot_move/my_base_learn/install/robot_control:/home/pi/Desktop/robot_move/my_base_learn/install/lidar_test:/opt/ros/jazzy DEBUGINFOD_URLS=https://debuginfod.ubuntu.com /usr/bin/cmake --build /home/pi/Desktop/robot_move/build/tbot_description -- -j4 -l4
[1.669s] Invoked command in '/home/pi/Desktop/robot_move/build/tbot_description' returned '0': CMAKE_PREFIX_PATH=${CMAKE_PREFIX_PATH}:/home/pi/Desktop/robot_move/my_base_learn/install/robot_control:/home/pi/Desktop/robot_move/my_base_learn/install/lidar_test:/opt/ros/jazzy DEBUGINFOD_URLS=https://debuginfod.ubuntu.com /usr/bin/cmake --build /home/pi/Desktop/robot_move/build/tbot_description -- -j4 -l4
[1.688s] Invoking command in '/home/pi/Desktop/robot_move/build/tbot_description': CMAKE_PREFIX_PATH=${CMAKE_PREFIX_PATH}:/home/pi/Desktop/robot_move/my_base_learn/install/robot_control:/home/pi/Desktop/robot_move/my_base_learn/install/lidar_test:/opt/ros/jazzy DEBUGINFOD_URLS=https://debuginfod.ubuntu.com /usr/bin/cmake --install /home/pi/Desktop/robot_move/build/tbot_description
[1.705s] -- Install configuration: ""
[1.706s] -- Installing: /home/pi/Desktop/robot_move/install/tbot_description/share/tbot_description/urdf
[1.706s] -- Installing: /home/pi/Desktop/robot_move/install/tbot_description/share/tbot_description/urdf/tbot.urdf
[1.717s] -- Installing: /home/pi/Desktop/robot_move/install/tbot_description/share/tbot_description/urdf/tbot_description.gv
[1.717s] -- Installing: /home/pi/Desktop/robot_move/install/tbot_description/share/tbot_description/urdf/tbot_description.pdf
[1.728s] -- Installing: /home/pi/Desktop/robot_move/install/tbot_description/share/tbot_description/meshes
[1.729s] -- Installing: /home/pi/Desktop/robot_move/install/tbot_description/share/tbot_description/meshes/right_wheel_Link.STL
[1.741s] -- Installing: /home/pi/Desktop/robot_move/install/tbot_description/share/tbot_description/meshes/ultrasonic_Link.STL
[1.748s] -- Installing: /home/pi/Desktop/robot_move/install/tbot_description/share/tbot_description/meshes/base_link.STL
[1.791s] -- Installing: /home/pi/Desktop/robot_move/install/tbot_description/share/tbot_description/meshes/camera_Link.STL
[1.795s] -- Installing: /home/pi/Desktop/robot_move/install/tbot_description/share/tbot_description/meshes/laser_Link.STL
[1.799s] -- Installing: /home/pi/Desktop/robot_move/install/tbot_description/share/tbot_description/meshes/left_wheel_Link.STL
[1.808s] -- Installing: /home/pi/Desktop/robot_move/install/tbot_description/share/tbot_description/meshes/imu_Link.STL
[1.812s] -- Installing: /home/pi/Desktop/robot_move/install/tbot_description/share/tbot_description/launch
[1.812s] -- Installing: /home/pi/Desktop/robot_move/install/tbot_description/share/tbot_description/launch/display.launch
[1.813s] -- Installing: /home/pi/Desktop/robot_move/install/tbot_description/share/tbot_description/config
[1.815s] -- Installing: /home/pi/Desktop/robot_move/install/tbot_description/share/ament_index/resource_index/package_run_dependencies/tbot_description
[1.815s] -- Installing: /home/pi/Desktop/robot_move/install/tbot_description/share/ament_index/resource_index/parent_prefix_path/tbot_description
[1.815s] -- Installing: /home/pi/Desktop/robot_move/install/tbot_description/share/tbot_description/environment/ament_prefix_path.sh
[1.816s] -- Installing: /home/pi/Desktop/robot_move/install/tbot_description/share/tbot_description/environment/ament_prefix_path.dsv
[1.816s] -- Installing: /home/pi/Desktop/robot_move/install/tbot_description/share/tbot_description/environment/path.sh
[1.816s] -- Installing: /home/pi/Desktop/robot_move/install/tbot_description/share/tbot_description/environment/path.dsv
[1.816s] -- Installing: /home/pi/Desktop/robot_move/install/tbot_description/share/tbot_description/local_setup.bash
[1.817s] -- Installing: /home/pi/Desktop/robot_move/install/tbot_description/share/tbot_description/local_setup.sh
[1.817s] -- Installing: /home/pi/Desktop/robot_move/install/tbot_description/share/tbot_description/local_setup.zsh
[1.817s] -- Installing: /home/pi/Desktop/robot_move/install/tbot_description/share/tbot_description/local_setup.dsv
[1.817s] -- Installing: /home/pi/Desktop/robot_move/install/tbot_description/share/tbot_description/package.dsv
[1.817s] -- Installing: /home/pi/Desktop/robot_move/install/tbot_description/share/ament_index/resource_index/packages/tbot_description
[1.818s] -- Installing: /home/pi/Desktop/robot_move/install/tbot_description/share/tbot_description/cmake/tbot_descriptionConfig.cmake
[1.818s] -- Installing: /home/pi/Desktop/robot_move/install/tbot_description/share/tbot_description/cmake/tbot_descriptionConfig-version.cmake
[1.818s] -- Installing: /home/pi/Desktop/robot_move/install/tbot_description/share/tbot_description/package.xml
[1.822s] Invoked command in '/home/pi/Desktop/robot_move/build/tbot_description' returned '0': CMAKE_PREFIX_PATH=${CMAKE_PREFIX_PATH}:/home/pi/Desktop/robot_move/my_base_learn/install/robot_control:/home/pi/Desktop/robot_move/my_base_learn/install/lidar_test:/opt/ros/jazzy DEBUGINFOD_URLS=https://debuginfod.ubuntu.com /usr/bin/cmake --install /home/pi/Desktop/robot_move/build/tbot_description
