[0.143s] DEBUG:colcon:Command line arguments: ['/usr/bin/colcon', 'build']
[0.143s] DEBUG:colcon:Parsed command line arguments: Namespace(log_base=None, log_level=None, verb_name='build', build_base='build', install_base='install', merge_install=False, symlink_install=False, test_result_base=None, continue_on_error=False, executor='parallel', parallel_workers=4, event_handlers=None, ignore_user_meta=False, metas=['./colcon.meta'], base_paths=['.'], packages_ignore=None, packages_ignore_regex=None, paths=None, packages_up_to=None, packages_up_to_regex=None, packages_above=None, packages_above_and_dependencies=None, packages_above_depth=None, packages_select_by_dep=None, packages_skip_by_dep=None, packages_skip_up_to=None, packages_select_build_failed=False, packages_skip_build_finished=False, packages_select_test_failures=False, packages_skip_test_passed=False, packages_select=None, packages_skip=None, packages_select_regex=None, packages_skip_regex=None, packages_start=None, packages_end=None, allow_overriding=[], cmake_args=None, cmake_target=None, cmake_target_skip_unavailable=False, cmake_clean_cache=False, cmake_clean_first=False, cmake_force_configure=False, ament_cmake_args=None, catkin_cmake_args=None, catkin_skip_building_tests=False, verb_parser=<colcon_defaults.argument_parser.defaults.DefaultArgumentsDecorator object at 0xffff82b5a000>, verb_extension=<colcon_core.verb.build.BuildVerb object at 0xffff82b593d0>, main=<bound method BuildVerb.main of <colcon_core.verb.build.BuildVerb object at 0xffff82b593d0>>)
[0.204s] Level 1:colcon.colcon_core.package_discovery:discover_packages(colcon_meta) check parameters
[0.205s] Level 1:colcon.colcon_core.package_discovery:discover_packages(recursive) check parameters
[0.205s] Level 1:colcon.colcon_core.package_discovery:discover_packages(ignore) check parameters
[0.206s] Level 1:colcon.colcon_core.package_discovery:discover_packages(path) check parameters
[0.206s] Level 1:colcon.colcon_core.package_discovery:discover_packages(colcon_meta) discover
[0.206s] Level 1:colcon.colcon_core.package_discovery:discover_packages(recursive) discover
[0.206s] INFO:colcon.colcon_core.package_discovery:Crawling recursively for packages in '/home/pi/Desktop/robot_move'
[0.206s] Level 1:colcon.colcon_core.package_identification:_identify(.) by extensions ['ignore', 'ignore_ament_install']
[0.206s] Level 1:colcon.colcon_core.package_identification:_identify(.) by extension 'ignore'
[0.206s] Level 1:colcon.colcon_core.package_identification:_identify(.) by extension 'ignore_ament_install'
[0.206s] Level 1:colcon.colcon_core.package_identification:_identify(.) by extensions ['colcon_pkg']
[0.206s] Level 1:colcon.colcon_core.package_identification:_identify(.) by extension 'colcon_pkg'
[0.206s] Level 1:colcon.colcon_core.package_identification:_identify(.) by extensions ['colcon_meta']
[0.206s] Level 1:colcon.colcon_core.package_identification:_identify(.) by extension 'colcon_meta'
[0.206s] Level 1:colcon.colcon_core.package_identification:_identify(.) by extensions ['ros']
[0.206s] Level 1:colcon.colcon_core.package_identification:_identify(.) by extension 'ros'
[0.246s] Level 1:colcon.colcon_core.package_identification:_identify(.) by extensions ['cmake', 'python']
[0.246s] Level 1:colcon.colcon_core.package_identification:_identify(.) by extension 'cmake'
[0.246s] Level 1:colcon.colcon_core.package_identification:_identify(.) by extension 'python'
[0.246s] Level 1:colcon.colcon_core.package_identification:_identify(.) by extensions ['python_setup_py']
[0.246s] Level 1:colcon.colcon_core.package_identification:_identify(.) by extension 'python_setup_py'
[0.246s] Level 1:colcon.colcon_core.package_identification:_identify(build) by extensions ['ignore', 'ignore_ament_install']
[0.247s] Level 1:colcon.colcon_core.package_identification:_identify(build) by extension 'ignore'
[0.247s] Level 1:colcon.colcon_core.package_identification:_identify(build) ignored
[0.247s] Level 1:colcon.colcon_core.package_identification:_identify(install) by extensions ['ignore', 'ignore_ament_install']
[0.247s] Level 1:colcon.colcon_core.package_identification:_identify(install) by extension 'ignore'
[0.247s] Level 1:colcon.colcon_core.package_identification:_identify(install) ignored
[0.247s] Level 1:colcon.colcon_core.package_identification:_identify(log) by extensions ['ignore', 'ignore_ament_install']
[0.247s] Level 1:colcon.colcon_core.package_identification:_identify(log) by extension 'ignore'
[0.247s] Level 1:colcon.colcon_core.package_identification:_identify(log) ignored
[0.247s] Level 1:colcon.colcon_core.package_identification:_identify(my_base_learn) by extensions ['ignore', 'ignore_ament_install']
[0.248s] Level 1:colcon.colcon_core.package_identification:_identify(my_base_learn) by extension 'ignore'
[0.248s] Level 1:colcon.colcon_core.package_identification:_identify(my_base_learn) by extension 'ignore_ament_install'
[0.248s] Level 1:colcon.colcon_core.package_identification:_identify(my_base_learn) by extensions ['colcon_pkg']
[0.248s] Level 1:colcon.colcon_core.package_identification:_identify(my_base_learn) by extension 'colcon_pkg'
[0.248s] Level 1:colcon.colcon_core.package_identification:_identify(my_base_learn) by extensions ['colcon_meta']
[0.248s] Level 1:colcon.colcon_core.package_identification:_identify(my_base_learn) by extension 'colcon_meta'
[0.248s] Level 1:colcon.colcon_core.package_identification:_identify(my_base_learn) by extensions ['ros']
[0.248s] Level 1:colcon.colcon_core.package_identification:_identify(my_base_learn) by extension 'ros'
[0.248s] Level 1:colcon.colcon_core.package_identification:_identify(my_base_learn) by extensions ['cmake', 'python']
[0.248s] Level 1:colcon.colcon_core.package_identification:_identify(my_base_learn) by extension 'cmake'
[0.248s] Level 1:colcon.colcon_core.package_identification:_identify(my_base_learn) by extension 'python'
[0.248s] Level 1:colcon.colcon_core.package_identification:_identify(my_base_learn) by extensions ['python_setup_py']
[0.248s] Level 1:colcon.colcon_core.package_identification:_identify(my_base_learn) by extension 'python_setup_py'
[0.248s] Level 1:colcon.colcon_core.package_identification:_identify(my_base_learn/build) by extensions ['ignore', 'ignore_ament_install']
[0.248s] Level 1:colcon.colcon_core.package_identification:_identify(my_base_learn/build) by extension 'ignore'
[0.249s] Level 1:colcon.colcon_core.package_identification:_identify(my_base_learn/build) ignored
[0.249s] Level 1:colcon.colcon_core.package_identification:_identify(my_base_learn/install) by extensions ['ignore', 'ignore_ament_install']
[0.249s] Level 1:colcon.colcon_core.package_identification:_identify(my_base_learn/install) by extension 'ignore'
[0.249s] Level 1:colcon.colcon_core.package_identification:_identify(my_base_learn/install) ignored
[0.249s] Level 1:colcon.colcon_core.package_identification:_identify(my_base_learn/log) by extensions ['ignore', 'ignore_ament_install']
[0.249s] Level 1:colcon.colcon_core.package_identification:_identify(my_base_learn/log) by extension 'ignore'
[0.249s] Level 1:colcon.colcon_core.package_identification:_identify(my_base_learn/log) ignored
[0.249s] Level 1:colcon.colcon_core.package_identification:_identify(my_base_learn/src) by extensions ['ignore', 'ignore_ament_install']
[0.249s] Level 1:colcon.colcon_core.package_identification:_identify(my_base_learn/src) by extension 'ignore'
[0.249s] Level 1:colcon.colcon_core.package_identification:_identify(my_base_learn/src) by extension 'ignore_ament_install'
[0.249s] Level 1:colcon.colcon_core.package_identification:_identify(my_base_learn/src) by extensions ['colcon_pkg']
[0.249s] Level 1:colcon.colcon_core.package_identification:_identify(my_base_learn/src) by extension 'colcon_pkg'
[0.250s] Level 1:colcon.colcon_core.package_identification:_identify(my_base_learn/src) by extensions ['colcon_meta']
[0.250s] Level 1:colcon.colcon_core.package_identification:_identify(my_base_learn/src) by extension 'colcon_meta'
[0.250s] Level 1:colcon.colcon_core.package_identification:_identify(my_base_learn/src) by extensions ['ros']
[0.250s] Level 1:colcon.colcon_core.package_identification:_identify(my_base_learn/src) by extension 'ros'
[0.250s] Level 1:colcon.colcon_core.package_identification:_identify(my_base_learn/src) by extensions ['cmake', 'python']
[0.250s] Level 1:colcon.colcon_core.package_identification:_identify(my_base_learn/src) by extension 'cmake'
[0.250s] Level 1:colcon.colcon_core.package_identification:_identify(my_base_learn/src) by extension 'python'
[0.250s] Level 1:colcon.colcon_core.package_identification:_identify(my_base_learn/src) by extensions ['python_setup_py']
[0.250s] Level 1:colcon.colcon_core.package_identification:_identify(my_base_learn/src) by extension 'python_setup_py'
[0.250s] Level 1:colcon.colcon_core.package_identification:_identify(my_base_learn/src/lidar_test) by extensions ['ignore', 'ignore_ament_install']
[0.250s] Level 1:colcon.colcon_core.package_identification:_identify(my_base_learn/src/lidar_test) by extension 'ignore'
[0.250s] Level 1:colcon.colcon_core.package_identification:_identify(my_base_learn/src/lidar_test) by extension 'ignore_ament_install'
[0.250s] Level 1:colcon.colcon_core.package_identification:_identify(my_base_learn/src/lidar_test) by extensions ['colcon_pkg']
[0.250s] Level 1:colcon.colcon_core.package_identification:_identify(my_base_learn/src/lidar_test) by extension 'colcon_pkg'
[0.251s] Level 1:colcon.colcon_core.package_identification:_identify(my_base_learn/src/lidar_test) by extensions ['colcon_meta']
[0.251s] Level 1:colcon.colcon_core.package_identification:_identify(my_base_learn/src/lidar_test) by extension 'colcon_meta'
[0.251s] Level 1:colcon.colcon_core.package_identification:_identify(my_base_learn/src/lidar_test) by extensions ['ros']
[0.251s] Level 1:colcon.colcon_core.package_identification:_identify(my_base_learn/src/lidar_test) by extension 'ros'
[0.254s] DEBUG:colcon.colcon_core.package_identification:Package 'my_base_learn/src/lidar_test' with type 'ros.ament_python' and name 'lidar_test'
[0.254s] Level 1:colcon.colcon_core.package_identification:_identify(my_base_learn/src/lslidar_driver) by extensions ['ignore', 'ignore_ament_install']
[0.254s] Level 1:colcon.colcon_core.package_identification:_identify(my_base_learn/src/lslidar_driver) by extension 'ignore'
[0.255s] Level 1:colcon.colcon_core.package_identification:_identify(my_base_learn/src/lslidar_driver) by extension 'ignore_ament_install'
[0.255s] Level 1:colcon.colcon_core.package_identification:_identify(my_base_learn/src/lslidar_driver) by extensions ['colcon_pkg']
[0.255s] Level 1:colcon.colcon_core.package_identification:_identify(my_base_learn/src/lslidar_driver) by extension 'colcon_pkg'
[0.255s] Level 1:colcon.colcon_core.package_identification:_identify(my_base_learn/src/lslidar_driver) by extensions ['colcon_meta']
[0.255s] Level 1:colcon.colcon_core.package_identification:_identify(my_base_learn/src/lslidar_driver) by extension 'colcon_meta'
[0.255s] Level 1:colcon.colcon_core.package_identification:_identify(my_base_learn/src/lslidar_driver) by extensions ['ros']
[0.255s] Level 1:colcon.colcon_core.package_identification:_identify(my_base_learn/src/lslidar_driver) by extension 'ros'
[0.255s] Level 1:colcon.colcon_core.package_identification:_identify(my_base_learn/src/lslidar_driver) by extensions ['cmake', 'python']
[0.255s] Level 1:colcon.colcon_core.package_identification:_identify(my_base_learn/src/lslidar_driver) by extension 'cmake'
[0.255s] Level 1:colcon.colcon_core.package_identification:_identify(my_base_learn/src/lslidar_driver) by extension 'python'
[0.255s] Level 1:colcon.colcon_core.package_identification:_identify(my_base_learn/src/lslidar_driver) by extensions ['python_setup_py']
[0.255s] Level 1:colcon.colcon_core.package_identification:_identify(my_base_learn/src/lslidar_driver) by extension 'python_setup_py'
[0.255s] Level 1:colcon.colcon_core.package_identification:_identify(my_base_learn/src/lslidar_driver/LSLIDAR_X_ROS2-20240228) by extensions ['ignore', 'ignore_ament_install']
[0.255s] Level 1:colcon.colcon_core.package_identification:_identify(my_base_learn/src/lslidar_driver/LSLIDAR_X_ROS2-20240228) by extension 'ignore'
[0.256s] Level 1:colcon.colcon_core.package_identification:_identify(my_base_learn/src/lslidar_driver/LSLIDAR_X_ROS2-20240228) by extension 'ignore_ament_install'
[0.256s] Level 1:colcon.colcon_core.package_identification:_identify(my_base_learn/src/lslidar_driver/LSLIDAR_X_ROS2-20240228) by extensions ['colcon_pkg']
[0.256s] Level 1:colcon.colcon_core.package_identification:_identify(my_base_learn/src/lslidar_driver/LSLIDAR_X_ROS2-20240228) by extension 'colcon_pkg'
[0.256s] Level 1:colcon.colcon_core.package_identification:_identify(my_base_learn/src/lslidar_driver/LSLIDAR_X_ROS2-20240228) by extensions ['colcon_meta']
[0.256s] Level 1:colcon.colcon_core.package_identification:_identify(my_base_learn/src/lslidar_driver/LSLIDAR_X_ROS2-20240228) by extension 'colcon_meta'
[0.256s] Level 1:colcon.colcon_core.package_identification:_identify(my_base_learn/src/lslidar_driver/LSLIDAR_X_ROS2-20240228) by extensions ['ros']
[0.256s] Level 1:colcon.colcon_core.package_identification:_identify(my_base_learn/src/lslidar_driver/LSLIDAR_X_ROS2-20240228) by extension 'ros'
[0.256s] Level 1:colcon.colcon_core.package_identification:_identify(my_base_learn/src/lslidar_driver/LSLIDAR_X_ROS2-20240228) by extensions ['cmake', 'python']
[0.256s] Level 1:colcon.colcon_core.package_identification:_identify(my_base_learn/src/lslidar_driver/LSLIDAR_X_ROS2-20240228) by extension 'cmake'
[0.256s] Level 1:colcon.colcon_core.package_identification:_identify(my_base_learn/src/lslidar_driver/LSLIDAR_X_ROS2-20240228) by extension 'python'
[0.256s] Level 1:colcon.colcon_core.package_identification:_identify(my_base_learn/src/lslidar_driver/LSLIDAR_X_ROS2-20240228) by extensions ['python_setup_py']
[0.256s] Level 1:colcon.colcon_core.package_identification:_identify(my_base_learn/src/lslidar_driver/LSLIDAR_X_ROS2-20240228) by extension 'python_setup_py'
[0.256s] Level 1:colcon.colcon_core.package_identification:_identify(my_base_learn/src/lslidar_driver/LSLIDAR_X_ROS2-20240228/src) by extensions ['ignore', 'ignore_ament_install']
[0.256s] Level 1:colcon.colcon_core.package_identification:_identify(my_base_learn/src/lslidar_driver/LSLIDAR_X_ROS2-20240228/src) by extension 'ignore'
[0.257s] Level 1:colcon.colcon_core.package_identification:_identify(my_base_learn/src/lslidar_driver/LSLIDAR_X_ROS2-20240228/src) by extension 'ignore_ament_install'
[0.257s] Level 1:colcon.colcon_core.package_identification:_identify(my_base_learn/src/lslidar_driver/LSLIDAR_X_ROS2-20240228/src) by extensions ['colcon_pkg']
[0.257s] Level 1:colcon.colcon_core.package_identification:_identify(my_base_learn/src/lslidar_driver/LSLIDAR_X_ROS2-20240228/src) by extension 'colcon_pkg'
[0.257s] Level 1:colcon.colcon_core.package_identification:_identify(my_base_learn/src/lslidar_driver/LSLIDAR_X_ROS2-20240228/src) by extensions ['colcon_meta']
[0.257s] Level 1:colcon.colcon_core.package_identification:_identify(my_base_learn/src/lslidar_driver/LSLIDAR_X_ROS2-20240228/src) by extension 'colcon_meta'
[0.257s] Level 1:colcon.colcon_core.package_identification:_identify(my_base_learn/src/lslidar_driver/LSLIDAR_X_ROS2-20240228/src) by extensions ['ros']
[0.257s] Level 1:colcon.colcon_core.package_identification:_identify(my_base_learn/src/lslidar_driver/LSLIDAR_X_ROS2-20240228/src) by extension 'ros'
[0.257s] Level 1:colcon.colcon_core.package_identification:_identify(my_base_learn/src/lslidar_driver/LSLIDAR_X_ROS2-20240228/src) by extensions ['cmake', 'python']
[0.257s] Level 1:colcon.colcon_core.package_identification:_identify(my_base_learn/src/lslidar_driver/LSLIDAR_X_ROS2-20240228/src) by extension 'cmake'
[0.257s] Level 1:colcon.colcon_core.package_identification:_identify(my_base_learn/src/lslidar_driver/LSLIDAR_X_ROS2-20240228/src) by extension 'python'
[0.257s] Level 1:colcon.colcon_core.package_identification:_identify(my_base_learn/src/lslidar_driver/LSLIDAR_X_ROS2-20240228/src) by extensions ['python_setup_py']
[0.257s] Level 1:colcon.colcon_core.package_identification:_identify(my_base_learn/src/lslidar_driver/LSLIDAR_X_ROS2-20240228/src) by extension 'python_setup_py'
[0.257s] Level 1:colcon.colcon_core.package_identification:_identify(my_base_learn/src/lslidar_driver/LSLIDAR_X_ROS2-20240228/src/lslidar_driver) by extensions ['ignore', 'ignore_ament_install']
[0.257s] Level 1:colcon.colcon_core.package_identification:_identify(my_base_learn/src/lslidar_driver/LSLIDAR_X_ROS2-20240228/src/lslidar_driver) by extension 'ignore'
[0.257s] Level 1:colcon.colcon_core.package_identification:_identify(my_base_learn/src/lslidar_driver/LSLIDAR_X_ROS2-20240228/src/lslidar_driver) by extension 'ignore_ament_install'
[0.258s] Level 1:colcon.colcon_core.package_identification:_identify(my_base_learn/src/lslidar_driver/LSLIDAR_X_ROS2-20240228/src/lslidar_driver) by extensions ['colcon_pkg']
[0.258s] Level 1:colcon.colcon_core.package_identification:_identify(my_base_learn/src/lslidar_driver/LSLIDAR_X_ROS2-20240228/src/lslidar_driver) by extension 'colcon_pkg'
[0.258s] Level 1:colcon.colcon_core.package_identification:_identify(my_base_learn/src/lslidar_driver/LSLIDAR_X_ROS2-20240228/src/lslidar_driver) by extensions ['colcon_meta']
[0.258s] Level 1:colcon.colcon_core.package_identification:_identify(my_base_learn/src/lslidar_driver/LSLIDAR_X_ROS2-20240228/src/lslidar_driver) by extension 'colcon_meta'
[0.258s] Level 1:colcon.colcon_core.package_identification:_identify(my_base_learn/src/lslidar_driver/LSLIDAR_X_ROS2-20240228/src/lslidar_driver) by extensions ['ros']
[0.258s] Level 1:colcon.colcon_core.package_identification:_identify(my_base_learn/src/lslidar_driver/LSLIDAR_X_ROS2-20240228/src/lslidar_driver) by extension 'ros'
[0.259s] DEBUG:colcon.colcon_core.package_identification:Package 'my_base_learn/src/lslidar_driver/LSLIDAR_X_ROS2-20240228/src/lslidar_driver' with type 'ros.ament_cmake' and name 'lslidar_driver'
[0.259s] Level 1:colcon.colcon_core.package_identification:_identify(my_base_learn/src/lslidar_driver/LSLIDAR_X_ROS2-20240228/src/lslidar_msgs) by extensions ['ignore', 'ignore_ament_install']
[0.259s] Level 1:colcon.colcon_core.package_identification:_identify(my_base_learn/src/lslidar_driver/LSLIDAR_X_ROS2-20240228/src/lslidar_msgs) by extension 'ignore'
[0.259s] Level 1:colcon.colcon_core.package_identification:_identify(my_base_learn/src/lslidar_driver/LSLIDAR_X_ROS2-20240228/src/lslidar_msgs) by extension 'ignore_ament_install'
[0.259s] Level 1:colcon.colcon_core.package_identification:_identify(my_base_learn/src/lslidar_driver/LSLIDAR_X_ROS2-20240228/src/lslidar_msgs) by extensions ['colcon_pkg']
[0.259s] Level 1:colcon.colcon_core.package_identification:_identify(my_base_learn/src/lslidar_driver/LSLIDAR_X_ROS2-20240228/src/lslidar_msgs) by extension 'colcon_pkg'
[0.259s] Level 1:colcon.colcon_core.package_identification:_identify(my_base_learn/src/lslidar_driver/LSLIDAR_X_ROS2-20240228/src/lslidar_msgs) by extensions ['colcon_meta']
[0.259s] Level 1:colcon.colcon_core.package_identification:_identify(my_base_learn/src/lslidar_driver/LSLIDAR_X_ROS2-20240228/src/lslidar_msgs) by extension 'colcon_meta'
[0.260s] Level 1:colcon.colcon_core.package_identification:_identify(my_base_learn/src/lslidar_driver/LSLIDAR_X_ROS2-20240228/src/lslidar_msgs) by extensions ['ros']
[0.260s] Level 1:colcon.colcon_core.package_identification:_identify(my_base_learn/src/lslidar_driver/LSLIDAR_X_ROS2-20240228/src/lslidar_msgs) by extension 'ros'
[0.260s] DEBUG:colcon.colcon_core.package_identification:Package 'my_base_learn/src/lslidar_driver/LSLIDAR_X_ROS2-20240228/src/lslidar_msgs' with type 'ros.ament_cmake' and name 'lslidar_msgs'
[0.261s] Level 1:colcon.colcon_core.package_identification:_identify(my_base_learn/src/my_base) by extensions ['ignore', 'ignore_ament_install']
[0.261s] Level 1:colcon.colcon_core.package_identification:_identify(my_base_learn/src/my_base) by extension 'ignore'
[0.261s] Level 1:colcon.colcon_core.package_identification:_identify(my_base_learn/src/my_base) by extension 'ignore_ament_install'
[0.261s] Level 1:colcon.colcon_core.package_identification:_identify(my_base_learn/src/my_base) by extensions ['colcon_pkg']
[0.261s] Level 1:colcon.colcon_core.package_identification:_identify(my_base_learn/src/my_base) by extension 'colcon_pkg'
[0.261s] Level 1:colcon.colcon_core.package_identification:_identify(my_base_learn/src/my_base) by extensions ['colcon_meta']
[0.261s] Level 1:colcon.colcon_core.package_identification:_identify(my_base_learn/src/my_base) by extension 'colcon_meta'
[0.261s] Level 1:colcon.colcon_core.package_identification:_identify(my_base_learn/src/my_base) by extensions ['ros']
[0.261s] Level 1:colcon.colcon_core.package_identification:_identify(my_base_learn/src/my_base) by extension 'ros'
[0.262s] DEBUG:colcon.colcon_core.package_identification:Package 'my_base_learn/src/my_base' with type 'ros.ament_cmake' and name 'my_base'
[0.264s] Level 1:colcon.colcon_core.package_identification:_identify(my_base_learn/src/robot_control) by extensions ['ignore', 'ignore_ament_install']
[0.264s] Level 1:colcon.colcon_core.package_identification:_identify(my_base_learn/src/robot_control) by extension 'ignore'
[0.264s] Level 1:colcon.colcon_core.package_identification:_identify(my_base_learn/src/robot_control) by extension 'ignore_ament_install'
[0.265s] Level 1:colcon.colcon_core.package_identification:_identify(my_base_learn/src/robot_control) by extensions ['colcon_pkg']
[0.265s] Level 1:colcon.colcon_core.package_identification:_identify(my_base_learn/src/robot_control) by extension 'colcon_pkg'
[0.265s] Level 1:colcon.colcon_core.package_identification:_identify(my_base_learn/src/robot_control) by extensions ['colcon_meta']
[0.265s] Level 1:colcon.colcon_core.package_identification:_identify(my_base_learn/src/robot_control) by extension 'colcon_meta'
[0.265s] Level 1:colcon.colcon_core.package_identification:_identify(my_base_learn/src/robot_control) by extensions ['ros']
[0.265s] Level 1:colcon.colcon_core.package_identification:_identify(my_base_learn/src/robot_control) by extension 'ros'
[0.266s] DEBUG:colcon.colcon_core.package_identification:Package 'my_base_learn/src/robot_control' with type 'ros.ament_python' and name 'robot_control'
[0.266s] Level 1:colcon.colcon_core.package_identification:_identify(my_base_learn/src/tbot_description) by extensions ['ignore', 'ignore_ament_install']
[0.266s] Level 1:colcon.colcon_core.package_identification:_identify(my_base_learn/src/tbot_description) by extension 'ignore'
[0.266s] Level 1:colcon.colcon_core.package_identification:_identify(my_base_learn/src/tbot_description) by extension 'ignore_ament_install'
[0.266s] Level 1:colcon.colcon_core.package_identification:_identify(my_base_learn/src/tbot_description) by extensions ['colcon_pkg']
[0.266s] Level 1:colcon.colcon_core.package_identification:_identify(my_base_learn/src/tbot_description) by extension 'colcon_pkg'
[0.266s] Level 1:colcon.colcon_core.package_identification:_identify(my_base_learn/src/tbot_description) by extensions ['colcon_meta']
[0.266s] Level 1:colcon.colcon_core.package_identification:_identify(my_base_learn/src/tbot_description) by extension 'colcon_meta'
[0.266s] Level 1:colcon.colcon_core.package_identification:_identify(my_base_learn/src/tbot_description) by extensions ['ros']
[0.266s] Level 1:colcon.colcon_core.package_identification:_identify(my_base_learn/src/tbot_description) by extension 'ros'
[0.267s] DEBUG:colcon.colcon_core.package_identification:Package 'my_base_learn/src/tbot_description' with type 'ros.ament_cmake' and name 'tbot_description'
[0.267s] Level 1:colcon.colcon_core.package_discovery:discover_packages(recursive) using defaults
[0.267s] Level 1:colcon.colcon_core.package_discovery:discover_packages(ignore) discover
[0.267s] Level 1:colcon.colcon_core.package_discovery:discover_packages(ignore) using defaults
[0.267s] Level 1:colcon.colcon_core.package_discovery:discover_packages(path) discover
[0.267s] Level 1:colcon.colcon_core.package_discovery:discover_packages(path) using defaults
[0.294s] Level 1:colcon.colcon_core.package_discovery:discover_packages(prefix_path) check parameters
[0.294s] Level 1:colcon.colcon_core.package_discovery:discover_packages(prefix_path) discover
[0.297s] DEBUG:colcon.colcon_installed_package_information.package_discovery:Found 6 installed packages in /home/pi/Desktop/robot_move/my_base_learn/install
[0.299s] DEBUG:colcon.colcon_installed_package_information.package_discovery:Found 307 installed packages in /opt/ros/jazzy
[0.302s] Level 1:colcon.colcon_core.package_discovery:discover_packages(prefix_path) using defaults
[0.366s] Level 5:colcon.colcon_core.verb:set package 'lidar_test' build argument 'cmake_args' from command line to 'None'
[0.366s] Level 5:colcon.colcon_core.verb:set package 'lidar_test' build argument 'cmake_target' from command line to 'None'
[0.366s] Level 5:colcon.colcon_core.verb:set package 'lidar_test' build argument 'cmake_target_skip_unavailable' from command line to 'False'
[0.366s] Level 5:colcon.colcon_core.verb:set package 'lidar_test' build argument 'cmake_clean_cache' from command line to 'False'
[0.366s] Level 5:colcon.colcon_core.verb:set package 'lidar_test' build argument 'cmake_clean_first' from command line to 'False'
[0.366s] Level 5:colcon.colcon_core.verb:set package 'lidar_test' build argument 'cmake_force_configure' from command line to 'False'
[0.366s] Level 5:colcon.colcon_core.verb:set package 'lidar_test' build argument 'ament_cmake_args' from command line to 'None'
[0.366s] Level 5:colcon.colcon_core.verb:set package 'lidar_test' build argument 'catkin_cmake_args' from command line to 'None'
[0.366s] Level 5:colcon.colcon_core.verb:set package 'lidar_test' build argument 'catkin_skip_building_tests' from command line to 'False'
[0.366s] DEBUG:colcon.colcon_core.verb:Building package 'lidar_test' with the following arguments: {'ament_cmake_args': None, 'build_base': '/home/pi/Desktop/robot_move/build/lidar_test', 'catkin_cmake_args': None, 'catkin_skip_building_tests': False, 'cmake_args': None, 'cmake_clean_cache': False, 'cmake_clean_first': False, 'cmake_force_configure': False, 'cmake_target': None, 'cmake_target_skip_unavailable': False, 'install_base': '/home/pi/Desktop/robot_move/install/lidar_test', 'merge_install': False, 'path': '/home/pi/Desktop/robot_move/my_base_learn/src/lidar_test', 'symlink_install': False, 'test_result_base': None}
[0.367s] Level 5:colcon.colcon_core.verb:set package 'lslidar_msgs' build argument 'cmake_args' from command line to 'None'
[0.367s] Level 5:colcon.colcon_core.verb:set package 'lslidar_msgs' build argument 'cmake_target' from command line to 'None'
[0.367s] Level 5:colcon.colcon_core.verb:set package 'lslidar_msgs' build argument 'cmake_target_skip_unavailable' from command line to 'False'
[0.367s] Level 5:colcon.colcon_core.verb:set package 'lslidar_msgs' build argument 'cmake_clean_cache' from command line to 'False'
[0.367s] Level 5:colcon.colcon_core.verb:set package 'lslidar_msgs' build argument 'cmake_clean_first' from command line to 'False'
[0.367s] Level 5:colcon.colcon_core.verb:set package 'lslidar_msgs' build argument 'cmake_force_configure' from command line to 'False'
[0.367s] Level 5:colcon.colcon_core.verb:set package 'lslidar_msgs' build argument 'ament_cmake_args' from command line to 'None'
[0.367s] Level 5:colcon.colcon_core.verb:set package 'lslidar_msgs' build argument 'catkin_cmake_args' from command line to 'None'
[0.367s] Level 5:colcon.colcon_core.verb:set package 'lslidar_msgs' build argument 'catkin_skip_building_tests' from command line to 'False'
[0.367s] DEBUG:colcon.colcon_core.verb:Building package 'lslidar_msgs' with the following arguments: {'ament_cmake_args': None, 'build_base': '/home/pi/Desktop/robot_move/build/lslidar_msgs', 'catkin_cmake_args': None, 'catkin_skip_building_tests': False, 'cmake_args': None, 'cmake_clean_cache': False, 'cmake_clean_first': False, 'cmake_force_configure': False, 'cmake_target': None, 'cmake_target_skip_unavailable': False, 'install_base': '/home/pi/Desktop/robot_move/install/lslidar_msgs', 'merge_install': False, 'path': '/home/pi/Desktop/robot_move/my_base_learn/src/lslidar_driver/LSLIDAR_X_ROS2-20240228/src/lslidar_msgs', 'symlink_install': False, 'test_result_base': None}
[0.367s] Level 5:colcon.colcon_core.verb:set package 'my_base' build argument 'cmake_args' from command line to 'None'
[0.368s] Level 5:colcon.colcon_core.verb:set package 'my_base' build argument 'cmake_target' from command line to 'None'
[0.368s] Level 5:colcon.colcon_core.verb:set package 'my_base' build argument 'cmake_target_skip_unavailable' from command line to 'False'
[0.368s] Level 5:colcon.colcon_core.verb:set package 'my_base' build argument 'cmake_clean_cache' from command line to 'False'
[0.368s] Level 5:colcon.colcon_core.verb:set package 'my_base' build argument 'cmake_clean_first' from command line to 'False'
[0.368s] Level 5:colcon.colcon_core.verb:set package 'my_base' build argument 'cmake_force_configure' from command line to 'False'
[0.368s] Level 5:colcon.colcon_core.verb:set package 'my_base' build argument 'ament_cmake_args' from command line to 'None'
[0.368s] Level 5:colcon.colcon_core.verb:set package 'my_base' build argument 'catkin_cmake_args' from command line to 'None'
[0.368s] Level 5:colcon.colcon_core.verb:set package 'my_base' build argument 'catkin_skip_building_tests' from command line to 'False'
[0.368s] DEBUG:colcon.colcon_core.verb:Building package 'my_base' with the following arguments: {'ament_cmake_args': None, 'build_base': '/home/pi/Desktop/robot_move/build/my_base', 'catkin_cmake_args': None, 'catkin_skip_building_tests': False, 'cmake_args': None, 'cmake_clean_cache': False, 'cmake_clean_first': False, 'cmake_force_configure': False, 'cmake_target': None, 'cmake_target_skip_unavailable': False, 'install_base': '/home/pi/Desktop/robot_move/install/my_base', 'merge_install': False, 'path': '/home/pi/Desktop/robot_move/my_base_learn/src/my_base', 'symlink_install': False, 'test_result_base': None}
[0.368s] Level 5:colcon.colcon_core.verb:set package 'robot_control' build argument 'cmake_args' from command line to 'None'
[0.368s] Level 5:colcon.colcon_core.verb:set package 'robot_control' build argument 'cmake_target' from command line to 'None'
[0.368s] Level 5:colcon.colcon_core.verb:set package 'robot_control' build argument 'cmake_target_skip_unavailable' from command line to 'False'
[0.368s] Level 5:colcon.colcon_core.verb:set package 'robot_control' build argument 'cmake_clean_cache' from command line to 'False'
[0.368s] Level 5:colcon.colcon_core.verb:set package 'robot_control' build argument 'cmake_clean_first' from command line to 'False'
[0.368s] Level 5:colcon.colcon_core.verb:set package 'robot_control' build argument 'cmake_force_configure' from command line to 'False'
[0.368s] Level 5:colcon.colcon_core.verb:set package 'robot_control' build argument 'ament_cmake_args' from command line to 'None'
[0.368s] Level 5:colcon.colcon_core.verb:set package 'robot_control' build argument 'catkin_cmake_args' from command line to 'None'
[0.368s] Level 5:colcon.colcon_core.verb:set package 'robot_control' build argument 'catkin_skip_building_tests' from command line to 'False'
[0.369s] DEBUG:colcon.colcon_core.verb:Building package 'robot_control' with the following arguments: {'ament_cmake_args': None, 'build_base': '/home/pi/Desktop/robot_move/build/robot_control', 'catkin_cmake_args': None, 'catkin_skip_building_tests': False, 'cmake_args': None, 'cmake_clean_cache': False, 'cmake_clean_first': False, 'cmake_force_configure': False, 'cmake_target': None, 'cmake_target_skip_unavailable': False, 'install_base': '/home/pi/Desktop/robot_move/install/robot_control', 'merge_install': False, 'path': '/home/pi/Desktop/robot_move/my_base_learn/src/robot_control', 'symlink_install': False, 'test_result_base': None}
[0.369s] Level 5:colcon.colcon_core.verb:set package 'tbot_description' build argument 'cmake_args' from command line to 'None'
[0.369s] Level 5:colcon.colcon_core.verb:set package 'tbot_description' build argument 'cmake_target' from command line to 'None'
[0.369s] Level 5:colcon.colcon_core.verb:set package 'tbot_description' build argument 'cmake_target_skip_unavailable' from command line to 'False'
[0.369s] Level 5:colcon.colcon_core.verb:set package 'tbot_description' build argument 'cmake_clean_cache' from command line to 'False'
[0.369s] Level 5:colcon.colcon_core.verb:set package 'tbot_description' build argument 'cmake_clean_first' from command line to 'False'
[0.369s] Level 5:colcon.colcon_core.verb:set package 'tbot_description' build argument 'cmake_force_configure' from command line to 'False'
[0.369s] Level 5:colcon.colcon_core.verb:set package 'tbot_description' build argument 'ament_cmake_args' from command line to 'None'
[0.369s] Level 5:colcon.colcon_core.verb:set package 'tbot_description' build argument 'catkin_cmake_args' from command line to 'None'
[0.369s] Level 5:colcon.colcon_core.verb:set package 'tbot_description' build argument 'catkin_skip_building_tests' from command line to 'False'
[0.369s] DEBUG:colcon.colcon_core.verb:Building package 'tbot_description' with the following arguments: {'ament_cmake_args': None, 'build_base': '/home/pi/Desktop/robot_move/build/tbot_description', 'catkin_cmake_args': None, 'catkin_skip_building_tests': False, 'cmake_args': None, 'cmake_clean_cache': False, 'cmake_clean_first': False, 'cmake_force_configure': False, 'cmake_target': None, 'cmake_target_skip_unavailable': False, 'install_base': '/home/pi/Desktop/robot_move/install/tbot_description', 'merge_install': False, 'path': '/home/pi/Desktop/robot_move/my_base_learn/src/tbot_description', 'symlink_install': False, 'test_result_base': None}
[0.369s] Level 5:colcon.colcon_core.verb:set package 'lslidar_driver' build argument 'cmake_args' from command line to 'None'
[0.369s] Level 5:colcon.colcon_core.verb:set package 'lslidar_driver' build argument 'cmake_target' from command line to 'None'
[0.370s] Level 5:colcon.colcon_core.verb:set package 'lslidar_driver' build argument 'cmake_target_skip_unavailable' from command line to 'False'
[0.370s] Level 5:colcon.colcon_core.verb:set package 'lslidar_driver' build argument 'cmake_clean_cache' from command line to 'False'
[0.370s] Level 5:colcon.colcon_core.verb:set package 'lslidar_driver' build argument 'cmake_clean_first' from command line to 'False'
[0.370s] Level 5:colcon.colcon_core.verb:set package 'lslidar_driver' build argument 'cmake_force_configure' from command line to 'False'
[0.370s] Level 5:colcon.colcon_core.verb:set package 'lslidar_driver' build argument 'ament_cmake_args' from command line to 'None'
[0.370s] Level 5:colcon.colcon_core.verb:set package 'lslidar_driver' build argument 'catkin_cmake_args' from command line to 'None'
[0.370s] Level 5:colcon.colcon_core.verb:set package 'lslidar_driver' build argument 'catkin_skip_building_tests' from command line to 'False'
[0.370s] DEBUG:colcon.colcon_core.verb:Building package 'lslidar_driver' with the following arguments: {'ament_cmake_args': None, 'build_base': '/home/pi/Desktop/robot_move/build/lslidar_driver', 'catkin_cmake_args': None, 'catkin_skip_building_tests': False, 'cmake_args': None, 'cmake_clean_cache': False, 'cmake_clean_first': False, 'cmake_force_configure': False, 'cmake_target': None, 'cmake_target_skip_unavailable': False, 'install_base': '/home/pi/Desktop/robot_move/install/lslidar_driver', 'merge_install': False, 'path': '/home/pi/Desktop/robot_move/my_base_learn/src/lslidar_driver/LSLIDAR_X_ROS2-20240228/src/lslidar_driver', 'symlink_install': False, 'test_result_base': None}
[0.370s] INFO:colcon.colcon_core.executor:Executing jobs using 'parallel' executor
[0.371s] DEBUG:colcon.colcon_parallel_executor.executor.parallel:run_until_complete
[0.371s] INFO:colcon.colcon_ros.task.ament_cmake.build:Building ROS package in '/home/pi/Desktop/robot_move/my_base_learn/src/lslidar_driver/LSLIDAR_X_ROS2-20240228/src/lslidar_msgs' with build type 'ament_cmake'
[0.372s] INFO:colcon.colcon_cmake.task.cmake.build:Building CMake package in '/home/pi/Desktop/robot_move/my_base_learn/src/lslidar_driver/LSLIDAR_X_ROS2-20240228/src/lslidar_msgs'
[0.374s] INFO:colcon.colcon_core.plugin_system:Skipping extension 'colcon_core.shell.bat': Not used on non-Windows systems
[0.374s] INFO:colcon.colcon_core.shell:Skip shell extension 'powershell' for command environment: Not usable outside of PowerShell
[0.374s] DEBUG:colcon.colcon_core.shell:Skip shell extension 'dsv' for command environment
[0.380s] INFO:colcon.colcon_ros.task.ament_python.build:Building ROS package in '/home/pi/Desktop/robot_move/my_base_learn/src/lidar_test' with build type 'ament_python'
[0.381s] Level 1:colcon.colcon_core.shell:create_environment_hook('lidar_test', 'ament_prefix_path')
[0.381s] INFO:colcon.colcon_core.shell:Creating environment hook '/home/pi/Desktop/robot_move/install/lidar_test/share/lidar_test/hook/ament_prefix_path.ps1'
[0.386s] INFO:colcon.colcon_core.shell:Creating environment descriptor '/home/pi/Desktop/robot_move/install/lidar_test/share/lidar_test/hook/ament_prefix_path.dsv'
[0.387s] INFO:colcon.colcon_core.shell:Creating environment hook '/home/pi/Desktop/robot_move/install/lidar_test/share/lidar_test/hook/ament_prefix_path.sh'
[0.388s] INFO:colcon.colcon_core.shell:Skip shell extension 'powershell' for command environment: Not usable outside of PowerShell
[0.388s] DEBUG:colcon.colcon_core.shell:Skip shell extension 'dsv' for command environment
[0.393s] INFO:colcon.colcon_ros.task.ament_cmake.build:Building ROS package in '/home/pi/Desktop/robot_move/my_base_learn/src/my_base' with build type 'ament_cmake'
[0.396s] INFO:colcon.colcon_cmake.task.cmake.build:Building CMake package in '/home/pi/Desktop/robot_move/my_base_learn/src/my_base'
[0.397s] INFO:colcon.colcon_core.shell:Skip shell extension 'powershell' for command environment: Not usable outside of PowerShell
[0.397s] DEBUG:colcon.colcon_core.shell:Skip shell extension 'dsv' for command environment
[0.413s] INFO:colcon.colcon_ros.task.ament_python.build:Building ROS package in '/home/pi/Desktop/robot_move/my_base_learn/src/robot_control' with build type 'ament_python'
[0.413s] Level 1:colcon.colcon_core.shell:create_environment_hook('robot_control', 'ament_prefix_path')
[0.414s] INFO:colcon.colcon_core.shell:Creating environment hook '/home/pi/Desktop/robot_move/install/robot_control/share/robot_control/hook/ament_prefix_path.ps1'
[0.415s] INFO:colcon.colcon_core.shell:Creating environment descriptor '/home/pi/Desktop/robot_move/install/robot_control/share/robot_control/hook/ament_prefix_path.dsv'
[0.415s] INFO:colcon.colcon_core.shell:Creating environment hook '/home/pi/Desktop/robot_move/install/robot_control/share/robot_control/hook/ament_prefix_path.sh'
[0.416s] INFO:colcon.colcon_core.shell:Skip shell extension 'powershell' for command environment: Not usable outside of PowerShell
[0.416s] DEBUG:colcon.colcon_core.shell:Skip shell extension 'dsv' for command environment
[0.430s] DEBUG:colcon.colcon_core.event_handler.log_command:Invoking command in '/home/pi/Desktop/robot_move/build/lslidar_msgs': CMAKE_PREFIX_PATH=${CMAKE_PREFIX_PATH}:/home/pi/Desktop/robot_move/my_base_learn/install/robot_control:/home/pi/Desktop/robot_move/my_base_learn/install/lidar_test:/opt/ros/jazzy DEBUGINFOD_URLS=https://debuginfod.ubuntu.com /usr/bin/cmake --build /home/pi/Desktop/robot_move/build/lslidar_msgs -- -j4 -l4
[0.947s] INFO:colcon.colcon_core.task.python.build:Building Python package in '/home/pi/Desktop/robot_move/my_base_learn/src/lidar_test'
[0.947s] INFO:colcon.colcon_core.shell:Skip shell extension 'powershell' for command environment: Not usable outside of PowerShell
[0.947s] DEBUG:colcon.colcon_core.shell:Skip shell extension 'dsv' for command environment
[0.968s] DEBUG:colcon.colcon_core.event_handler.log_command:Invoking command in '/home/pi/Desktop/robot_move/build/my_base': CMAKE_PREFIX_PATH=${CMAKE_PREFIX_PATH}:/home/pi/Desktop/robot_move/my_base_learn/install/robot_control:/home/pi/Desktop/robot_move/my_base_learn/install/lidar_test:/opt/ros/jazzy DEBUGINFOD_URLS=https://debuginfod.ubuntu.com /usr/bin/cmake --build /home/pi/Desktop/robot_move/build/my_base -- -j4 -l4
[1.427s] INFO:colcon.colcon_core.task.python.build:Building Python package in '/home/pi/Desktop/robot_move/my_base_learn/src/robot_control'
[1.428s] INFO:colcon.colcon_core.shell:Skip shell extension 'powershell' for command environment: Not usable outside of PowerShell
[1.428s] DEBUG:colcon.colcon_core.shell:Skip shell extension 'dsv' for command environment
[1.437s] DEBUG:colcon.colcon_core.event_handler.log_command:Invoked command in '/home/pi/Desktop/robot_move/build/my_base' returned '0': CMAKE_PREFIX_PATH=${CMAKE_PREFIX_PATH}:/home/pi/Desktop/robot_move/my_base_learn/install/robot_control:/home/pi/Desktop/robot_move/my_base_learn/install/lidar_test:/opt/ros/jazzy DEBUGINFOD_URLS=https://debuginfod.ubuntu.com /usr/bin/cmake --build /home/pi/Desktop/robot_move/build/my_base -- -j4 -l4
[1.458s] DEBUG:colcon.colcon_core.event_handler.log_command:Invoking command in '/home/pi/Desktop/robot_move/build/my_base': CMAKE_PREFIX_PATH=${CMAKE_PREFIX_PATH}:/home/pi/Desktop/robot_move/my_base_learn/install/robot_control:/home/pi/Desktop/robot_move/my_base_learn/install/lidar_test:/opt/ros/jazzy DEBUGINFOD_URLS=https://debuginfod.ubuntu.com /usr/bin/cmake --install /home/pi/Desktop/robot_move/build/my_base
[1.463s] DEBUG:colcon.colcon_core.event_handler.log_command:Invoked command in '/home/pi/Desktop/robot_move/build/lslidar_msgs' returned '0': CMAKE_PREFIX_PATH=${CMAKE_PREFIX_PATH}:/home/pi/Desktop/robot_move/my_base_learn/install/robot_control:/home/pi/Desktop/robot_move/my_base_learn/install/lidar_test:/opt/ros/jazzy DEBUGINFOD_URLS=https://debuginfod.ubuntu.com /usr/bin/cmake --build /home/pi/Desktop/robot_move/build/lslidar_msgs -- -j4 -l4
[1.475s] DEBUG:colcon.colcon_core.event_handler.log_command:Invoking command in '/home/pi/Desktop/robot_move/build/lslidar_msgs': CMAKE_PREFIX_PATH=${CMAKE_PREFIX_PATH}:/home/pi/Desktop/robot_move/my_base_learn/install/robot_control:/home/pi/Desktop/robot_move/my_base_learn/install/lidar_test:/opt/ros/jazzy DEBUGINFOD_URLS=https://debuginfod.ubuntu.com /usr/bin/cmake --install /home/pi/Desktop/robot_move/build/lslidar_msgs
[1.497s] Level 1:colcon.colcon_core.environment:create_environment_scripts_only(my_base)
[1.503s] DEBUG:colcon.colcon_core.event_handler.log_command:Invoked command in '/home/pi/Desktop/robot_move/build/my_base' returned '0': CMAKE_PREFIX_PATH=${CMAKE_PREFIX_PATH}:/home/pi/Desktop/robot_move/my_base_learn/install/robot_control:/home/pi/Desktop/robot_move/my_base_learn/install/lidar_test:/opt/ros/jazzy DEBUGINFOD_URLS=https://debuginfod.ubuntu.com /usr/bin/cmake --install /home/pi/Desktop/robot_move/build/my_base
[1.511s] Level 1:colcon.colcon_core.environment:checking '/home/pi/Desktop/robot_move/install/my_base' for CMake module files
[1.512s] Level 1:colcon.colcon_core.environment:checking '/home/pi/Desktop/robot_move/install/my_base' for CMake config files
[1.513s] Level 1:colcon.colcon_core.shell:create_environment_hook('my_base', 'cmake_prefix_path')
[1.513s] INFO:colcon.colcon_core.shell:Creating environment hook '/home/pi/Desktop/robot_move/install/my_base/share/my_base/hook/cmake_prefix_path.ps1'
[1.514s] INFO:colcon.colcon_core.shell:Creating environment descriptor '/home/pi/Desktop/robot_move/install/my_base/share/my_base/hook/cmake_prefix_path.dsv'
[1.520s] INFO:colcon.colcon_core.shell:Creating environment hook '/home/pi/Desktop/robot_move/install/my_base/share/my_base/hook/cmake_prefix_path.sh'
[1.524s] Level 1:colcon.colcon_core.environment:checking '/home/pi/Desktop/robot_move/install/my_base/lib'
[1.524s] Level 1:colcon.colcon_core.environment:checking '/home/pi/Desktop/robot_move/install/my_base/bin'
[1.524s] Level 1:colcon.colcon_core.environment:checking '/home/pi/Desktop/robot_move/install/my_base/lib/pkgconfig/my_base.pc'
[1.525s] Level 1:colcon.colcon_core.environment:checking '/home/pi/Desktop/robot_move/install/my_base/lib/python3.12/site-packages'
[1.549s] Level 1:colcon.colcon_core.environment:checking '/home/pi/Desktop/robot_move/install/my_base/bin'
[1.552s] INFO:colcon.colcon_core.shell:Creating package script '/home/pi/Desktop/robot_move/install/my_base/share/my_base/package.ps1'
[1.566s] INFO:colcon.colcon_core.shell:Creating package descriptor '/home/pi/Desktop/robot_move/install/my_base/share/my_base/package.dsv'
[1.578s] INFO:colcon.colcon_core.shell:Creating package script '/home/pi/Desktop/robot_move/install/my_base/share/my_base/package.sh'
[1.579s] INFO:colcon.colcon_core.shell:Creating package script '/home/pi/Desktop/robot_move/install/my_base/share/my_base/package.bash'
[1.584s] INFO:colcon.colcon_core.shell:Creating package script '/home/pi/Desktop/robot_move/install/my_base/share/my_base/package.zsh'
[1.591s] Level 1:colcon.colcon_core.environment:create_file_with_runtime_dependencies(/home/pi/Desktop/robot_move/install/my_base/share/colcon-core/packages/my_base)
[1.593s] Level 1:colcon.colcon_core.environment:create_environment_scripts_only(my_base)
[1.598s] Level 1:colcon.colcon_core.environment:checking '/home/pi/Desktop/robot_move/install/my_base' for CMake module files
[1.600s] Level 1:colcon.colcon_core.environment:checking '/home/pi/Desktop/robot_move/install/my_base' for CMake config files
[1.600s] Level 1:colcon.colcon_core.shell:create_environment_hook('my_base', 'cmake_prefix_path')
[1.604s] INFO:colcon.colcon_core.shell:Creating environment hook '/home/pi/Desktop/robot_move/install/my_base/share/my_base/hook/cmake_prefix_path.ps1'
[1.605s] INFO:colcon.colcon_core.shell:Creating environment descriptor '/home/pi/Desktop/robot_move/install/my_base/share/my_base/hook/cmake_prefix_path.dsv'
[1.614s] INFO:colcon.colcon_core.shell:Creating environment hook '/home/pi/Desktop/robot_move/install/my_base/share/my_base/hook/cmake_prefix_path.sh'
[1.617s] Level 1:colcon.colcon_core.environment:checking '/home/pi/Desktop/robot_move/install/my_base/lib'
[1.617s] Level 1:colcon.colcon_core.environment:checking '/home/pi/Desktop/robot_move/install/my_base/bin'
[1.617s] Level 1:colcon.colcon_core.environment:checking '/home/pi/Desktop/robot_move/install/my_base/lib/pkgconfig/my_base.pc'
[1.618s] Level 1:colcon.colcon_core.environment:checking '/home/pi/Desktop/robot_move/install/my_base/lib/python3.12/site-packages'
[1.618s] Level 1:colcon.colcon_core.environment:checking '/home/pi/Desktop/robot_move/install/my_base/bin'
[1.622s] INFO:colcon.colcon_core.shell:Creating package script '/home/pi/Desktop/robot_move/install/my_base/share/my_base/package.ps1'
[1.628s] INFO:colcon.colcon_core.shell:Creating package descriptor '/home/pi/Desktop/robot_move/install/my_base/share/my_base/package.dsv'
[1.637s] INFO:colcon.colcon_core.shell:Creating package script '/home/pi/Desktop/robot_move/install/my_base/share/my_base/package.sh'
[1.638s] INFO:colcon.colcon_core.shell:Creating package script '/home/pi/Desktop/robot_move/install/my_base/share/my_base/package.bash'
[1.650s] INFO:colcon.colcon_core.shell:Creating package script '/home/pi/Desktop/robot_move/install/my_base/share/my_base/package.zsh'
[1.651s] Level 1:colcon.colcon_core.environment:create_file_with_runtime_dependencies(/home/pi/Desktop/robot_move/install/my_base/share/colcon-core/packages/my_base)
[1.653s] INFO:colcon.colcon_ros.task.ament_cmake.build:Building ROS package in '/home/pi/Desktop/robot_move/my_base_learn/src/tbot_description' with build type 'ament_cmake'
[1.653s] INFO:colcon.colcon_cmake.task.cmake.build:Building CMake package in '/home/pi/Desktop/robot_move/my_base_learn/src/tbot_description'
[1.654s] INFO:colcon.colcon_core.shell:Skip shell extension 'powershell' for command environment: Not usable outside of PowerShell
[1.654s] DEBUG:colcon.colcon_core.shell:Skip shell extension 'dsv' for command environment
[1.671s] Level 1:colcon.colcon_core.environment:create_environment_scripts_only(lslidar_msgs)
[1.672s] Level 1:colcon.colcon_core.environment:checking '/home/pi/Desktop/robot_move/install/lslidar_msgs' for CMake module files
[1.673s] Level 1:colcon.colcon_core.environment:checking '/home/pi/Desktop/robot_move/install/lslidar_msgs' for CMake config files
[1.676s] DEBUG:colcon.colcon_core.event_handler.log_command:Invoked command in '/home/pi/Desktop/robot_move/build/lslidar_msgs' returned '0': CMAKE_PREFIX_PATH=${CMAKE_PREFIX_PATH}:/home/pi/Desktop/robot_move/my_base_learn/install/robot_control:/home/pi/Desktop/robot_move/my_base_learn/install/lidar_test:/opt/ros/jazzy DEBUGINFOD_URLS=https://debuginfod.ubuntu.com /usr/bin/cmake --install /home/pi/Desktop/robot_move/build/lslidar_msgs
[1.678s] Level 1:colcon.colcon_core.shell:create_environment_hook('lslidar_msgs', 'cmake_prefix_path')
[1.678s] INFO:colcon.colcon_core.shell:Creating environment hook '/home/pi/Desktop/robot_move/install/lslidar_msgs/share/lslidar_msgs/hook/cmake_prefix_path.ps1'
[1.683s] INFO:colcon.colcon_core.shell:Creating environment descriptor '/home/pi/Desktop/robot_move/install/lslidar_msgs/share/lslidar_msgs/hook/cmake_prefix_path.dsv'
[1.684s] INFO:colcon.colcon_core.shell:Creating environment hook '/home/pi/Desktop/robot_move/install/lslidar_msgs/share/lslidar_msgs/hook/cmake_prefix_path.sh'
[1.685s] Level 1:colcon.colcon_core.environment:checking '/home/pi/Desktop/robot_move/install/lslidar_msgs/lib'
[1.685s] Level 1:colcon.colcon_core.shell:create_environment_hook('lslidar_msgs', 'ld_library_path_lib')
[1.686s] INFO:colcon.colcon_core.shell:Creating environment hook '/home/pi/Desktop/robot_move/install/lslidar_msgs/share/lslidar_msgs/hook/ld_library_path_lib.ps1'
[1.687s] INFO:colcon.colcon_core.shell:Creating environment descriptor '/home/pi/Desktop/robot_move/install/lslidar_msgs/share/lslidar_msgs/hook/ld_library_path_lib.dsv'
[1.688s] INFO:colcon.colcon_core.shell:Creating environment hook '/home/pi/Desktop/robot_move/install/lslidar_msgs/share/lslidar_msgs/hook/ld_library_path_lib.sh'
[1.690s] Level 1:colcon.colcon_core.environment:checking '/home/pi/Desktop/robot_move/install/lslidar_msgs/bin'
[1.690s] Level 1:colcon.colcon_core.environment:checking '/home/pi/Desktop/robot_move/install/lslidar_msgs/lib/pkgconfig/lslidar_msgs.pc'
[1.690s] Level 1:colcon.colcon_core.environment:checking '/home/pi/Desktop/robot_move/install/lslidar_msgs/lib/python3.12/site-packages'
[1.691s] Level 1:colcon.colcon_core.shell:create_environment_hook('lslidar_msgs', 'pythonpath')
[1.691s] INFO:colcon.colcon_core.shell:Creating environment hook '/home/pi/Desktop/robot_move/install/lslidar_msgs/share/lslidar_msgs/hook/pythonpath.ps1'
[1.692s] INFO:colcon.colcon_core.shell:Creating environment descriptor '/home/pi/Desktop/robot_move/install/lslidar_msgs/share/lslidar_msgs/hook/pythonpath.dsv'
[1.693s] INFO:colcon.colcon_core.shell:Creating environment hook '/home/pi/Desktop/robot_move/install/lslidar_msgs/share/lslidar_msgs/hook/pythonpath.sh'
[1.694s] Level 1:colcon.colcon_core.environment:checking '/home/pi/Desktop/robot_move/install/lslidar_msgs/bin'
[1.695s] INFO:colcon.colcon_core.shell:Creating package script '/home/pi/Desktop/robot_move/install/lslidar_msgs/share/lslidar_msgs/package.ps1'
[1.696s] INFO:colcon.colcon_core.shell:Creating package descriptor '/home/pi/Desktop/robot_move/install/lslidar_msgs/share/lslidar_msgs/package.dsv'
[1.698s] INFO:colcon.colcon_core.shell:Creating package script '/home/pi/Desktop/robot_move/install/lslidar_msgs/share/lslidar_msgs/package.sh'
[1.699s] INFO:colcon.colcon_core.shell:Creating package script '/home/pi/Desktop/robot_move/install/lslidar_msgs/share/lslidar_msgs/package.bash'
[1.700s] INFO:colcon.colcon_core.shell:Creating package script '/home/pi/Desktop/robot_move/install/lslidar_msgs/share/lslidar_msgs/package.zsh'
[1.701s] Level 1:colcon.colcon_core.environment:create_file_with_runtime_dependencies(/home/pi/Desktop/robot_move/install/lslidar_msgs/share/colcon-core/packages/lslidar_msgs)
[1.703s] Level 1:colcon.colcon_core.environment:create_environment_scripts_only(lslidar_msgs)
[1.703s] Level 1:colcon.colcon_core.environment:checking '/home/pi/Desktop/robot_move/install/lslidar_msgs' for CMake module files
[1.704s] Level 1:colcon.colcon_core.environment:checking '/home/pi/Desktop/robot_move/install/lslidar_msgs' for CMake config files
[1.705s] Level 1:colcon.colcon_core.shell:create_environment_hook('lslidar_msgs', 'cmake_prefix_path')
[1.705s] INFO:colcon.colcon_core.shell:Creating environment hook '/home/pi/Desktop/robot_move/install/lslidar_msgs/share/lslidar_msgs/hook/cmake_prefix_path.ps1'
[1.706s] INFO:colcon.colcon_core.shell:Creating environment descriptor '/home/pi/Desktop/robot_move/install/lslidar_msgs/share/lslidar_msgs/hook/cmake_prefix_path.dsv'
[1.708s] INFO:colcon.colcon_core.shell:Creating environment hook '/home/pi/Desktop/robot_move/install/lslidar_msgs/share/lslidar_msgs/hook/cmake_prefix_path.sh'
[1.709s] Level 1:colcon.colcon_core.environment:checking '/home/pi/Desktop/robot_move/install/lslidar_msgs/lib'
[1.709s] Level 1:colcon.colcon_core.shell:create_environment_hook('lslidar_msgs', 'ld_library_path_lib')
[1.710s] INFO:colcon.colcon_core.shell:Creating environment hook '/home/pi/Desktop/robot_move/install/lslidar_msgs/share/lslidar_msgs/hook/ld_library_path_lib.ps1'
[1.712s] INFO:colcon.colcon_core.shell:Creating environment descriptor '/home/pi/Desktop/robot_move/install/lslidar_msgs/share/lslidar_msgs/hook/ld_library_path_lib.dsv'
[1.713s] INFO:colcon.colcon_core.shell:Creating environment hook '/home/pi/Desktop/robot_move/install/lslidar_msgs/share/lslidar_msgs/hook/ld_library_path_lib.sh'
[1.714s] Level 1:colcon.colcon_core.environment:checking '/home/pi/Desktop/robot_move/install/lslidar_msgs/bin'
[1.715s] Level 1:colcon.colcon_core.environment:checking '/home/pi/Desktop/robot_move/install/lslidar_msgs/lib/pkgconfig/lslidar_msgs.pc'
[1.715s] Level 1:colcon.colcon_core.environment:checking '/home/pi/Desktop/robot_move/install/lslidar_msgs/lib/python3.12/site-packages'
[1.715s] Level 1:colcon.colcon_core.shell:create_environment_hook('lslidar_msgs', 'pythonpath')
[1.716s] INFO:colcon.colcon_core.shell:Creating environment hook '/home/pi/Desktop/robot_move/install/lslidar_msgs/share/lslidar_msgs/hook/pythonpath.ps1'
[1.716s] INFO:colcon.colcon_core.shell:Creating environment descriptor '/home/pi/Desktop/robot_move/install/lslidar_msgs/share/lslidar_msgs/hook/pythonpath.dsv'
[1.719s] INFO:colcon.colcon_core.shell:Creating environment hook '/home/pi/Desktop/robot_move/install/lslidar_msgs/share/lslidar_msgs/hook/pythonpath.sh'
[1.721s] Level 1:colcon.colcon_core.environment:checking '/home/pi/Desktop/robot_move/install/lslidar_msgs/bin'
[1.721s] INFO:colcon.colcon_core.shell:Creating package script '/home/pi/Desktop/robot_move/install/lslidar_msgs/share/lslidar_msgs/package.ps1'
[1.723s] INFO:colcon.colcon_core.shell:Creating package descriptor '/home/pi/Desktop/robot_move/install/lslidar_msgs/share/lslidar_msgs/package.dsv'
[1.725s] INFO:colcon.colcon_core.shell:Creating package script '/home/pi/Desktop/robot_move/install/lslidar_msgs/share/lslidar_msgs/package.sh'
[1.726s] INFO:colcon.colcon_core.shell:Creating package script '/home/pi/Desktop/robot_move/install/lslidar_msgs/share/lslidar_msgs/package.bash'
[1.727s] INFO:colcon.colcon_core.shell:Creating package script '/home/pi/Desktop/robot_move/install/lslidar_msgs/share/lslidar_msgs/package.zsh'
[1.729s] Level 1:colcon.colcon_core.environment:create_file_with_runtime_dependencies(/home/pi/Desktop/robot_move/install/lslidar_msgs/share/colcon-core/packages/lslidar_msgs)
[1.730s] INFO:colcon.colcon_ros.task.ament_cmake.build:Building ROS package in '/home/pi/Desktop/robot_move/my_base_learn/src/lslidar_driver/LSLIDAR_X_ROS2-20240228/src/lslidar_driver' with build type 'ament_cmake'
[1.730s] INFO:colcon.colcon_cmake.task.cmake.build:Building CMake package in '/home/pi/Desktop/robot_move/my_base_learn/src/lslidar_driver/LSLIDAR_X_ROS2-20240228/src/lslidar_driver'
[1.731s] INFO:colcon.colcon_core.shell:Skip shell extension 'powershell' for command environment: Not usable outside of PowerShell
[1.731s] DEBUG:colcon.colcon_core.shell:Skip shell extension 'dsv' for command environment
[1.744s] DEBUG:colcon.colcon_core.event_handler.log_command:Invoking command in '/home/pi/Desktop/robot_move/build/tbot_description': CMAKE_PREFIX_PATH=${CMAKE_PREFIX_PATH}:/home/pi/Desktop/robot_move/my_base_learn/install/robot_control:/home/pi/Desktop/robot_move/my_base_learn/install/lidar_test:/opt/ros/jazzy DEBUGINFOD_URLS=https://debuginfod.ubuntu.com /usr/bin/cmake --build /home/pi/Desktop/robot_move/build/tbot_description -- -j4 -l4
[1.785s] DEBUG:colcon.colcon_core.event_handler.log_command:Invoking command in '/home/pi/Desktop/robot_move/build/lslidar_driver': AMENT_PREFIX_PATH=/home/pi/Desktop/robot_move/install/lslidar_msgs:${AMENT_PREFIX_PATH} CMAKE_PREFIX_PATH=/home/pi/Desktop/robot_move/install/lslidar_msgs:/home/pi/Desktop/robot_move/my_base_learn/install/tbot_description:/home/pi/Desktop/robot_move/my_base_learn/install/my_base:/home/pi/Desktop/robot_move/my_base_learn/install/lslidar_driver:/home/pi/Desktop/robot_move/my_base_learn/install/lslidar_msgs:/opt/ros/jazzy/opt/gz_math_vendor:/opt/ros/jazzy/opt/gz_utils_vendor:/opt/ros/jazzy/opt/gz_cmake_vendor:/home/pi/Desktop/robot_move/my_base_learn/install/robot_control:/home/pi/Desktop/robot_move/my_base_learn/install/lidar_test:/opt/ros/jazzy DEBUGINFOD_URLS=https://debuginfod.ubuntu.com LD_LIBRARY_PATH=/home/pi/Desktop/robot_move/install/lslidar_msgs/lib:${LD_LIBRARY_PATH} PYTHONPATH=/home/pi/Desktop/robot_move/install/lslidar_msgs/lib/python3.12/site-packages:${PYTHONPATH} /usr/bin/cmake --build /home/pi/Desktop/robot_move/build/lslidar_driver -- -j4 -l4
[1.924s] DEBUG:colcon.colcon_core.event_handler.log_command:Invoked command in '/home/pi/Desktop/robot_move/build/tbot_description' returned '0': CMAKE_PREFIX_PATH=${CMAKE_PREFIX_PATH}:/home/pi/Desktop/robot_move/my_base_learn/install/robot_control:/home/pi/Desktop/robot_move/my_base_learn/install/lidar_test:/opt/ros/jazzy DEBUGINFOD_URLS=https://debuginfod.ubuntu.com /usr/bin/cmake --build /home/pi/Desktop/robot_move/build/tbot_description -- -j4 -l4
[1.925s] DEBUG:colcon.colcon_core.event_handler.log_command:Invoking command in '/home/pi/Desktop/robot_move/build/tbot_description': CMAKE_PREFIX_PATH=${CMAKE_PREFIX_PATH}:/home/pi/Desktop/robot_move/my_base_learn/install/robot_control:/home/pi/Desktop/robot_move/my_base_learn/install/lidar_test:/opt/ros/jazzy DEBUGINFOD_URLS=https://debuginfod.ubuntu.com /usr/bin/cmake --install /home/pi/Desktop/robot_move/build/tbot_description
[1.970s] Level 1:colcon.colcon_core.environment:create_environment_scripts_only(tbot_description)
[1.970s] Level 1:colcon.colcon_core.environment:checking '/home/pi/Desktop/robot_move/install/tbot_description' for CMake module files
[1.972s] Level 1:colcon.colcon_core.environment:checking '/home/pi/Desktop/robot_move/install/tbot_description' for CMake config files
[1.975s] Level 1:colcon.colcon_core.shell:create_environment_hook('tbot_description', 'cmake_prefix_path')
[1.976s] INFO:colcon.colcon_core.shell:Creating environment hook '/home/pi/Desktop/robot_move/install/tbot_description/share/tbot_description/hook/cmake_prefix_path.ps1'
[1.981s] DEBUG:colcon.colcon_core.event_handler.log_command:Invoked command in '/home/pi/Desktop/robot_move/build/tbot_description' returned '0': CMAKE_PREFIX_PATH=${CMAKE_PREFIX_PATH}:/home/pi/Desktop/robot_move/my_base_learn/install/robot_control:/home/pi/Desktop/robot_move/my_base_learn/install/lidar_test:/opt/ros/jazzy DEBUGINFOD_URLS=https://debuginfod.ubuntu.com /usr/bin/cmake --install /home/pi/Desktop/robot_move/build/tbot_description
[1.984s] INFO:colcon.colcon_core.shell:Creating environment descriptor '/home/pi/Desktop/robot_move/install/tbot_description/share/tbot_description/hook/cmake_prefix_path.dsv'
[1.985s] INFO:colcon.colcon_core.shell:Creating environment hook '/home/pi/Desktop/robot_move/install/tbot_description/share/tbot_description/hook/cmake_prefix_path.sh'
[1.990s] Level 1:colcon.colcon_core.environment:checking '/home/pi/Desktop/robot_move/install/tbot_description/bin'
[1.990s] Level 1:colcon.colcon_core.environment:checking '/home/pi/Desktop/robot_move/install/tbot_description/lib/pkgconfig/tbot_description.pc'
[1.991s] Level 1:colcon.colcon_core.environment:checking '/home/pi/Desktop/robot_move/install/tbot_description/lib/python3.12/site-packages'
[1.991s] Level 1:colcon.colcon_core.environment:checking '/home/pi/Desktop/robot_move/install/tbot_description/bin'
[1.992s] INFO:colcon.colcon_core.shell:Creating package script '/home/pi/Desktop/robot_move/install/tbot_description/share/tbot_description/package.ps1'
[1.996s] INFO:colcon.colcon_core.shell:Creating package descriptor '/home/pi/Desktop/robot_move/install/tbot_description/share/tbot_description/package.dsv'
[1.997s] INFO:colcon.colcon_core.shell:Creating package script '/home/pi/Desktop/robot_move/install/tbot_description/share/tbot_description/package.sh'
[2.000s] INFO:colcon.colcon_core.shell:Creating package script '/home/pi/Desktop/robot_move/install/tbot_description/share/tbot_description/package.bash'
[2.004s] INFO:colcon.colcon_core.shell:Creating package script '/home/pi/Desktop/robot_move/install/tbot_description/share/tbot_description/package.zsh'
[2.006s] Level 1:colcon.colcon_core.environment:create_file_with_runtime_dependencies(/home/pi/Desktop/robot_move/install/tbot_description/share/colcon-core/packages/tbot_description)
[2.010s] Level 1:colcon.colcon_core.environment:create_environment_scripts_only(tbot_description)
[2.011s] Level 1:colcon.colcon_core.environment:checking '/home/pi/Desktop/robot_move/install/tbot_description' for CMake module files
[2.012s] Level 1:colcon.colcon_core.environment:checking '/home/pi/Desktop/robot_move/install/tbot_description' for CMake config files
[2.012s] Level 1:colcon.colcon_core.shell:create_environment_hook('tbot_description', 'cmake_prefix_path')
[2.016s] INFO:colcon.colcon_core.shell:Creating environment hook '/home/pi/Desktop/robot_move/install/tbot_description/share/tbot_description/hook/cmake_prefix_path.ps1'
[2.017s] INFO:colcon.colcon_core.shell:Creating environment descriptor '/home/pi/Desktop/robot_move/install/tbot_description/share/tbot_description/hook/cmake_prefix_path.dsv'
[2.018s] INFO:colcon.colcon_core.shell:Creating environment hook '/home/pi/Desktop/robot_move/install/tbot_description/share/tbot_description/hook/cmake_prefix_path.sh'
[2.021s] Level 1:colcon.colcon_core.environment:checking '/home/pi/Desktop/robot_move/install/tbot_description/bin'
[2.021s] Level 1:colcon.colcon_core.environment:checking '/home/pi/Desktop/robot_move/install/tbot_description/lib/pkgconfig/tbot_description.pc'
[2.024s] Level 1:colcon.colcon_core.environment:checking '/home/pi/Desktop/robot_move/install/tbot_description/lib/python3.12/site-packages'
[2.025s] Level 1:colcon.colcon_core.environment:checking '/home/pi/Desktop/robot_move/install/tbot_description/bin'
[2.025s] INFO:colcon.colcon_core.shell:Creating package script '/home/pi/Desktop/robot_move/install/tbot_description/share/tbot_description/package.ps1'
[2.027s] INFO:colcon.colcon_core.shell:Creating package descriptor '/home/pi/Desktop/robot_move/install/tbot_description/share/tbot_description/package.dsv'
[2.032s] INFO:colcon.colcon_core.shell:Creating package script '/home/pi/Desktop/robot_move/install/tbot_description/share/tbot_description/package.sh'
[2.033s] INFO:colcon.colcon_core.shell:Creating package script '/home/pi/Desktop/robot_move/install/tbot_description/share/tbot_description/package.bash'
[2.034s] INFO:colcon.colcon_core.shell:Creating package script '/home/pi/Desktop/robot_move/install/tbot_description/share/tbot_description/package.zsh'
[2.037s] Level 1:colcon.colcon_core.environment:create_file_with_runtime_dependencies(/home/pi/Desktop/robot_move/install/tbot_description/share/colcon-core/packages/tbot_description)
[2.071s] DEBUG:colcon.colcon_core.event_handler.log_command:Invoked command in '/home/pi/Desktop/robot_move/build/lslidar_driver' returned '0': AMENT_PREFIX_PATH=/home/pi/Desktop/robot_move/install/lslidar_msgs:${AMENT_PREFIX_PATH} CMAKE_PREFIX_PATH=/home/pi/Desktop/robot_move/install/lslidar_msgs:/home/pi/Desktop/robot_move/my_base_learn/install/tbot_description:/home/pi/Desktop/robot_move/my_base_learn/install/my_base:/home/pi/Desktop/robot_move/my_base_learn/install/lslidar_driver:/home/pi/Desktop/robot_move/my_base_learn/install/lslidar_msgs:/opt/ros/jazzy/opt/gz_math_vendor:/opt/ros/jazzy/opt/gz_utils_vendor:/opt/ros/jazzy/opt/gz_cmake_vendor:/home/pi/Desktop/robot_move/my_base_learn/install/robot_control:/home/pi/Desktop/robot_move/my_base_learn/install/lidar_test:/opt/ros/jazzy DEBUGINFOD_URLS=https://debuginfod.ubuntu.com LD_LIBRARY_PATH=/home/pi/Desktop/robot_move/install/lslidar_msgs/lib:${LD_LIBRARY_PATH} PYTHONPATH=/home/pi/Desktop/robot_move/install/lslidar_msgs/lib/python3.12/site-packages:${PYTHONPATH} /usr/bin/cmake --build /home/pi/Desktop/robot_move/build/lslidar_driver -- -j4 -l4
[2.074s] DEBUG:colcon.colcon_core.event_handler.log_command:Invoking command in '/home/pi/Desktop/robot_move/build/lslidar_driver': AMENT_PREFIX_PATH=/home/pi/Desktop/robot_move/install/lslidar_msgs:${AMENT_PREFIX_PATH} CMAKE_PREFIX_PATH=/home/pi/Desktop/robot_move/install/lslidar_msgs:/home/pi/Desktop/robot_move/my_base_learn/install/tbot_description:/home/pi/Desktop/robot_move/my_base_learn/install/my_base:/home/pi/Desktop/robot_move/my_base_learn/install/lslidar_driver:/home/pi/Desktop/robot_move/my_base_learn/install/lslidar_msgs:/opt/ros/jazzy/opt/gz_math_vendor:/opt/ros/jazzy/opt/gz_utils_vendor:/opt/ros/jazzy/opt/gz_cmake_vendor:/home/pi/Desktop/robot_move/my_base_learn/install/robot_control:/home/pi/Desktop/robot_move/my_base_learn/install/lidar_test:/opt/ros/jazzy DEBUGINFOD_URLS=https://debuginfod.ubuntu.com LD_LIBRARY_PATH=/home/pi/Desktop/robot_move/install/lslidar_msgs/lib:${LD_LIBRARY_PATH} PYTHONPATH=/home/pi/Desktop/robot_move/install/lslidar_msgs/lib/python3.12/site-packages:${PYTHONPATH} /usr/bin/cmake --install /home/pi/Desktop/robot_move/build/lslidar_driver
[2.107s] Level 1:colcon.colcon_core.environment:create_environment_scripts_only(lslidar_driver)
[2.108s] Level 1:colcon.colcon_core.environment:checking '/home/pi/Desktop/robot_move/install/lslidar_driver' for CMake module files
[2.109s] Level 1:colcon.colcon_core.environment:checking '/home/pi/Desktop/robot_move/install/lslidar_driver' for CMake config files
[2.109s] Level 1:colcon.colcon_core.shell:create_environment_hook('lslidar_driver', 'cmake_prefix_path')
[2.110s] INFO:colcon.colcon_core.shell:Creating environment hook '/home/pi/Desktop/robot_move/install/lslidar_driver/share/lslidar_driver/hook/cmake_prefix_path.ps1'
[2.110s] DEBUG:colcon.colcon_core.event_handler.log_command:Invoked command in '/home/pi/Desktop/robot_move/build/lslidar_driver' returned '0': AMENT_PREFIX_PATH=/home/pi/Desktop/robot_move/install/lslidar_msgs:${AMENT_PREFIX_PATH} CMAKE_PREFIX_PATH=/home/pi/Desktop/robot_move/install/lslidar_msgs:/home/pi/Desktop/robot_move/my_base_learn/install/tbot_description:/home/pi/Desktop/robot_move/my_base_learn/install/my_base:/home/pi/Desktop/robot_move/my_base_learn/install/lslidar_driver:/home/pi/Desktop/robot_move/my_base_learn/install/lslidar_msgs:/opt/ros/jazzy/opt/gz_math_vendor:/opt/ros/jazzy/opt/gz_utils_vendor:/opt/ros/jazzy/opt/gz_cmake_vendor:/home/pi/Desktop/robot_move/my_base_learn/install/robot_control:/home/pi/Desktop/robot_move/my_base_learn/install/lidar_test:/opt/ros/jazzy DEBUGINFOD_URLS=https://debuginfod.ubuntu.com LD_LIBRARY_PATH=/home/pi/Desktop/robot_move/install/lslidar_msgs/lib:${LD_LIBRARY_PATH} PYTHONPATH=/home/pi/Desktop/robot_move/install/lslidar_msgs/lib/python3.12/site-packages:${PYTHONPATH} /usr/bin/cmake --install /home/pi/Desktop/robot_move/build/lslidar_driver
[2.111s] INFO:colcon.colcon_core.shell:Creating environment descriptor '/home/pi/Desktop/robot_move/install/lslidar_driver/share/lslidar_driver/hook/cmake_prefix_path.dsv'
[2.112s] INFO:colcon.colcon_core.shell:Creating environment hook '/home/pi/Desktop/robot_move/install/lslidar_driver/share/lslidar_driver/hook/cmake_prefix_path.sh'
[2.114s] Level 1:colcon.colcon_core.environment:checking '/home/pi/Desktop/robot_move/install/lslidar_driver/lib'
[2.114s] Level 1:colcon.colcon_core.environment:checking '/home/pi/Desktop/robot_move/install/lslidar_driver/bin'
[2.114s] Level 1:colcon.colcon_core.environment:checking '/home/pi/Desktop/robot_move/install/lslidar_driver/lib/pkgconfig/lslidar_driver.pc'
[2.115s] Level 1:colcon.colcon_core.environment:checking '/home/pi/Desktop/robot_move/install/lslidar_driver/lib/python3.12/site-packages'
[2.115s] Level 1:colcon.colcon_core.environment:checking '/home/pi/Desktop/robot_move/install/lslidar_driver/bin'
[2.116s] INFO:colcon.colcon_core.shell:Creating package script '/home/pi/Desktop/robot_move/install/lslidar_driver/share/lslidar_driver/package.ps1'
[2.117s] INFO:colcon.colcon_core.shell:Creating package descriptor '/home/pi/Desktop/robot_move/install/lslidar_driver/share/lslidar_driver/package.dsv'
[2.119s] INFO:colcon.colcon_core.shell:Creating package script '/home/pi/Desktop/robot_move/install/lslidar_driver/share/lslidar_driver/package.sh'
[2.120s] INFO:colcon.colcon_core.shell:Creating package script '/home/pi/Desktop/robot_move/install/lslidar_driver/share/lslidar_driver/package.bash'
[2.122s] INFO:colcon.colcon_core.shell:Creating package script '/home/pi/Desktop/robot_move/install/lslidar_driver/share/lslidar_driver/package.zsh'
[2.124s] Level 1:colcon.colcon_core.environment:create_file_with_runtime_dependencies(/home/pi/Desktop/robot_move/install/lslidar_driver/share/colcon-core/packages/lslidar_driver)
[2.125s] Level 1:colcon.colcon_core.environment:create_environment_scripts_only(lslidar_driver)
[2.126s] Level 1:colcon.colcon_core.environment:checking '/home/pi/Desktop/robot_move/install/lslidar_driver' for CMake module files
[2.127s] Level 1:colcon.colcon_core.environment:checking '/home/pi/Desktop/robot_move/install/lslidar_driver' for CMake config files
[2.127s] Level 1:colcon.colcon_core.shell:create_environment_hook('lslidar_driver', 'cmake_prefix_path')
[2.128s] INFO:colcon.colcon_core.shell:Creating environment hook '/home/pi/Desktop/robot_move/install/lslidar_driver/share/lslidar_driver/hook/cmake_prefix_path.ps1'
[2.129s] INFO:colcon.colcon_core.shell:Creating environment descriptor '/home/pi/Desktop/robot_move/install/lslidar_driver/share/lslidar_driver/hook/cmake_prefix_path.dsv'
[2.130s] INFO:colcon.colcon_core.shell:Creating environment hook '/home/pi/Desktop/robot_move/install/lslidar_driver/share/lslidar_driver/hook/cmake_prefix_path.sh'
[2.132s] Level 1:colcon.colcon_core.environment:checking '/home/pi/Desktop/robot_move/install/lslidar_driver/lib'
[2.132s] Level 1:colcon.colcon_core.environment:checking '/home/pi/Desktop/robot_move/install/lslidar_driver/bin'
[2.132s] Level 1:colcon.colcon_core.environment:checking '/home/pi/Desktop/robot_move/install/lslidar_driver/lib/pkgconfig/lslidar_driver.pc'
[2.132s] Level 1:colcon.colcon_core.environment:checking '/home/pi/Desktop/robot_move/install/lslidar_driver/lib/python3.12/site-packages'
[2.133s] Level 1:colcon.colcon_core.environment:checking '/home/pi/Desktop/robot_move/install/lslidar_driver/bin'
[2.133s] INFO:colcon.colcon_core.shell:Creating package script '/home/pi/Desktop/robot_move/install/lslidar_driver/share/lslidar_driver/package.ps1'
[2.135s] INFO:colcon.colcon_core.shell:Creating package descriptor '/home/pi/Desktop/robot_move/install/lslidar_driver/share/lslidar_driver/package.dsv'
[2.136s] INFO:colcon.colcon_core.shell:Creating package script '/home/pi/Desktop/robot_move/install/lslidar_driver/share/lslidar_driver/package.sh'
[2.137s] INFO:colcon.colcon_core.shell:Creating package script '/home/pi/Desktop/robot_move/install/lslidar_driver/share/lslidar_driver/package.bash'
[2.139s] INFO:colcon.colcon_core.shell:Creating package script '/home/pi/Desktop/robot_move/install/lslidar_driver/share/lslidar_driver/package.zsh'
[2.141s] Level 1:colcon.colcon_core.environment:create_file_with_runtime_dependencies(/home/pi/Desktop/robot_move/install/lslidar_driver/share/colcon-core/packages/lslidar_driver)
[2.667s] DEBUG:colcon.colcon_core.event_handler.log_command:Invoking command in '/home/pi/Desktop/robot_move/my_base_learn/src/lidar_test': DEBUGINFOD_URLS=https://debuginfod.ubuntu.com PYTHONPATH=/home/pi/Desktop/robot_move/build/lidar_test/prefix_override:/usr/lib/python3/dist-packages/colcon_core/task/python/colcon_distutils_commands:/home/pi/Desktop/robot_move/install/lidar_test/lib/python3.12/site-packages:${PYTHONPATH} /usr/bin/python3 -W ignore:setup.py install is deprecated -W ignore:easy_install command is deprecated setup.py egg_info --egg-base ../../../build/lidar_test build --build-base /home/pi/Desktop/robot_move/build/lidar_test/build install --record /home/pi/Desktop/robot_move/build/lidar_test/install.log --single-version-externally-managed install_data
[2.813s] DEBUG:colcon.colcon_core.event_handler.log_command:Invoking command in '/home/pi/Desktop/robot_move/my_base_learn/src/robot_control': DEBUGINFOD_URLS=https://debuginfod.ubuntu.com PYTHONPATH=/home/pi/Desktop/robot_move/build/robot_control/prefix_override:/usr/lib/python3/dist-packages/colcon_core/task/python/colcon_distutils_commands:/home/pi/Desktop/robot_move/install/robot_control/lib/python3.12/site-packages:${PYTHONPATH} /usr/bin/python3 -W ignore:setup.py install is deprecated -W ignore:easy_install command is deprecated setup.py egg_info --egg-base ../../../build/robot_control build --build-base /home/pi/Desktop/robot_move/build/robot_control/build install --record /home/pi/Desktop/robot_move/build/robot_control/install.log --single-version-externally-managed install_data
[3.746s] Level 1:colcon.colcon_core.environment:checking '/home/pi/Desktop/robot_move/install/lidar_test' for CMake module files
[3.747s] Level 1:colcon.colcon_core.environment:checking '/home/pi/Desktop/robot_move/install/lidar_test' for CMake config files
[3.748s] Level 1:colcon.colcon_core.environment:checking '/home/pi/Desktop/robot_move/install/lidar_test/lib'
[3.749s] Level 1:colcon.colcon_core.environment:checking '/home/pi/Desktop/robot_move/install/lidar_test/bin'
[3.749s] Level 1:colcon.colcon_core.environment:checking '/home/pi/Desktop/robot_move/install/lidar_test/lib/pkgconfig/lidar_test.pc'
[3.749s] Level 1:colcon.colcon_core.environment:checking '/home/pi/Desktop/robot_move/install/lidar_test/lib/python3.12/site-packages'
[3.750s] Level 1:colcon.colcon_core.shell:create_environment_hook('lidar_test', 'pythonpath')
[3.750s] DEBUG:colcon.colcon_core.event_handler.log_command:Invoked command in '/home/pi/Desktop/robot_move/my_base_learn/src/lidar_test' returned '0': DEBUGINFOD_URLS=https://debuginfod.ubuntu.com PYTHONPATH=/home/pi/Desktop/robot_move/build/lidar_test/prefix_override:/usr/lib/python3/dist-packages/colcon_core/task/python/colcon_distutils_commands:/home/pi/Desktop/robot_move/install/lidar_test/lib/python3.12/site-packages:${PYTHONPATH} /usr/bin/python3 -W ignore:setup.py install is deprecated -W ignore:easy_install command is deprecated setup.py egg_info --egg-base ../../../build/lidar_test build --build-base /home/pi/Desktop/robot_move/build/lidar_test/build install --record /home/pi/Desktop/robot_move/build/lidar_test/install.log --single-version-externally-managed install_data
[3.750s] INFO:colcon.colcon_core.shell:Creating environment hook '/home/pi/Desktop/robot_move/install/lidar_test/share/lidar_test/hook/pythonpath.ps1'
[3.759s] INFO:colcon.colcon_core.shell:Creating environment descriptor '/home/pi/Desktop/robot_move/install/lidar_test/share/lidar_test/hook/pythonpath.dsv'
[3.766s] INFO:colcon.colcon_core.shell:Creating environment hook '/home/pi/Desktop/robot_move/install/lidar_test/share/lidar_test/hook/pythonpath.sh'
[3.780s] Level 1:colcon.colcon_core.environment:checking '/home/pi/Desktop/robot_move/install/lidar_test/bin'
[3.781s] Level 1:colcon.colcon_core.environment:create_environment_scripts_only(lidar_test)
[3.781s] INFO:colcon.colcon_core.shell:Creating package script '/home/pi/Desktop/robot_move/install/lidar_test/share/lidar_test/package.ps1'
[3.782s] INFO:colcon.colcon_core.shell:Creating package descriptor '/home/pi/Desktop/robot_move/install/lidar_test/share/lidar_test/package.dsv'
[3.782s] INFO:colcon.colcon_core.shell:Creating package script '/home/pi/Desktop/robot_move/install/lidar_test/share/lidar_test/package.sh'
[3.783s] INFO:colcon.colcon_core.shell:Creating package script '/home/pi/Desktop/robot_move/install/lidar_test/share/lidar_test/package.bash'
[3.783s] INFO:colcon.colcon_core.shell:Creating package script '/home/pi/Desktop/robot_move/install/lidar_test/share/lidar_test/package.zsh'
[3.784s] Level 1:colcon.colcon_core.environment:create_file_with_runtime_dependencies(/home/pi/Desktop/robot_move/install/lidar_test/share/colcon-core/packages/lidar_test)
[3.785s] Level 1:colcon.colcon_core.environment:checking '/home/pi/Desktop/robot_move/install/robot_control' for CMake module files
[3.786s] DEBUG:colcon.colcon_core.event_handler.log_command:Invoked command in '/home/pi/Desktop/robot_move/my_base_learn/src/robot_control' returned '0': DEBUGINFOD_URLS=https://debuginfod.ubuntu.com PYTHONPATH=/home/pi/Desktop/robot_move/build/robot_control/prefix_override:/usr/lib/python3/dist-packages/colcon_core/task/python/colcon_distutils_commands:/home/pi/Desktop/robot_move/install/robot_control/lib/python3.12/site-packages:${PYTHONPATH} /usr/bin/python3 -W ignore:setup.py install is deprecated -W ignore:easy_install command is deprecated setup.py egg_info --egg-base ../../../build/robot_control build --build-base /home/pi/Desktop/robot_move/build/robot_control/build install --record /home/pi/Desktop/robot_move/build/robot_control/install.log --single-version-externally-managed install_data
[3.786s] Level 1:colcon.colcon_core.environment:checking '/home/pi/Desktop/robot_move/install/robot_control' for CMake config files
[3.787s] Level 1:colcon.colcon_core.environment:checking '/home/pi/Desktop/robot_move/install/robot_control/lib'
[3.787s] Level 1:colcon.colcon_core.environment:checking '/home/pi/Desktop/robot_move/install/robot_control/bin'
[3.787s] Level 1:colcon.colcon_core.environment:checking '/home/pi/Desktop/robot_move/install/robot_control/lib/pkgconfig/robot_control.pc'
[3.788s] Level 1:colcon.colcon_core.environment:checking '/home/pi/Desktop/robot_move/install/robot_control/lib/python3.12/site-packages'
[3.788s] Level 1:colcon.colcon_core.shell:create_environment_hook('robot_control', 'pythonpath')
[3.788s] INFO:colcon.colcon_core.shell:Creating environment hook '/home/pi/Desktop/robot_move/install/robot_control/share/robot_control/hook/pythonpath.ps1'
[3.789s] INFO:colcon.colcon_core.shell:Creating environment descriptor '/home/pi/Desktop/robot_move/install/robot_control/share/robot_control/hook/pythonpath.dsv'
[3.789s] INFO:colcon.colcon_core.shell:Creating environment hook '/home/pi/Desktop/robot_move/install/robot_control/share/robot_control/hook/pythonpath.sh'
[3.790s] Level 1:colcon.colcon_core.environment:checking '/home/pi/Desktop/robot_move/install/robot_control/bin'
[3.790s] Level 1:colcon.colcon_core.environment:create_environment_scripts_only(robot_control)
[3.790s] INFO:colcon.colcon_core.shell:Creating package script '/home/pi/Desktop/robot_move/install/robot_control/share/robot_control/package.ps1'
[3.791s] INFO:colcon.colcon_core.shell:Creating package descriptor '/home/pi/Desktop/robot_move/install/robot_control/share/robot_control/package.dsv'
[3.792s] INFO:colcon.colcon_core.shell:Creating package script '/home/pi/Desktop/robot_move/install/robot_control/share/robot_control/package.sh'
[3.792s] INFO:colcon.colcon_core.shell:Creating package script '/home/pi/Desktop/robot_move/install/robot_control/share/robot_control/package.bash'
[3.793s] INFO:colcon.colcon_core.shell:Creating package script '/home/pi/Desktop/robot_move/install/robot_control/share/robot_control/package.zsh'
[3.793s] Level 1:colcon.colcon_core.environment:create_file_with_runtime_dependencies(/home/pi/Desktop/robot_move/install/robot_control/share/colcon-core/packages/robot_control)
[3.794s] DEBUG:colcon.colcon_parallel_executor.executor.parallel:closing loop
[3.794s] DEBUG:colcon.colcon_parallel_executor.executor.parallel:loop closed
[3.794s] DEBUG:colcon.colcon_parallel_executor.executor.parallel:run_until_complete finished with '0'
[3.794s] DEBUG:colcon.colcon_core.event_reactor:joining thread
[3.795s] DEBUG:colcon.colcon_core.event_reactor:joined thread
[3.795s] INFO:colcon.colcon_core.shell:Creating prefix script '/home/pi/Desktop/robot_move/install/local_setup.ps1'
[3.797s] INFO:colcon.colcon_core.shell:Creating prefix util module '/home/pi/Desktop/robot_move/install/_local_setup_util_ps1.py'
[3.798s] INFO:colcon.colcon_core.shell:Creating prefix chain script '/home/pi/Desktop/robot_move/install/setup.ps1'
[3.800s] INFO:colcon.colcon_core.shell:Creating prefix script '/home/pi/Desktop/robot_move/install/local_setup.sh'
[3.801s] INFO:colcon.colcon_core.shell:Creating prefix util module '/home/pi/Desktop/robot_move/install/_local_setup_util_sh.py'
[3.802s] INFO:colcon.colcon_core.shell:Creating prefix chain script '/home/pi/Desktop/robot_move/install/setup.sh'
[3.804s] INFO:colcon.colcon_core.shell:Creating prefix script '/home/pi/Desktop/robot_move/install/local_setup.bash'
[3.804s] INFO:colcon.colcon_core.shell:Creating prefix chain script '/home/pi/Desktop/robot_move/install/setup.bash'
[3.806s] INFO:colcon.colcon_core.shell:Creating prefix script '/home/pi/Desktop/robot_move/install/local_setup.zsh'
[3.807s] INFO:colcon.colcon_core.shell:Creating prefix chain script '/home/pi/Desktop/robot_move/install/setup.zsh'
