[0.000000] (-) TimerEvent: {}
[0.000678] (-) JobUnselected: {'identifier': 'lidar_test'}
[0.000913] (-) JobUnselected: {'identifier': 'lslidar_driver'}
[0.001184] (-) JobUnselected: {'identifier': 'lslidar_msgs'}
[0.001291] (-) JobUnselected: {'identifier': 'robot_control'}
[0.001334] (-) JobUnselected: {'identifier': 'tbot_description'}
[0.001369] (my_base) JobQueued: {'identifier': 'my_base', 'dependencies': OrderedDict()}
[0.001506] (my_base) JobStarted: {'identifier': 'my_base'}
[0.014328] (my_base) JobProgress: {'identifier': 'my_base', 'progress': 'cmake'}
[0.015574] (my_base) JobProgress: {'identifier': 'my_base', 'progress': 'build'}
[0.016472] (my_base) Command: {'cmd': ['/usr/bin/cmake', '--build', '/home/pi/Desktop/robot_move/my_base_learn/build/my_base', '--', '-j4', '-l4'], 'cwd': '/home/pi/Desktop/robot_move/my_base_learn/build/my_base', 'env': OrderedDict({'SERVER_SCRIPT_PRODUCT': '/home/pi/.trae-server/bin/stable-84967093b3105381f26e13eca4ab8af60e8f40db-debian10/product.json', 'ARCH': 'aarch64', 'SERVER_PACKAGE_NAME': 'Trae-linux-arm64-1146106025986_3.tar.gz', 'USER': 'pi', 'SSH_CLIENT': '10.16.89.17 62631 22', 'DISTRO_COMMIT': '84967093b3105381f26e13eca4ab8af60e8f40db', 'XDG_SESSION_TYPE': 'tty', 'GIT_ASKPASS': '/home/pi/.trae-server/bin/stable-84967093b3105381f26e13eca4ab8af60e8f40db-debian10/extensions/git/dist/askpass.sh', 'SERVER_LISTEN_FLAG': '--port=0', 'MANAGER_LOGS_DIR': '/home/pi/.trae-server/manager-logs/1778565327051_047007', 'SCRIPT_ID': '129e294c30e83dcf9132430e', 'SHLVL': '2', 'LD_LIBRARY_PATH': '/opt/ros/jazzy/opt/rviz_ogre_vendor/lib:/opt/ros/jazzy/lib/aarch64-linux-gnu:/opt/ros/jazzy/opt/gz_math_vendor/lib:/opt/ros/jazzy/opt/gz_utils_vendor/lib:/opt/ros/jazzy/opt/gz_cmake_vendor/lib:/opt/ros/jazzy/lib', 'BROWSER': '/home/pi/.trae-server/bin/stable-84967093b3105381f26e13eca4ab8af60e8f40db-debian10/bin/helpers/browser.sh', 'HOME': '/home/pi', 'OLDPWD': '/home/pi/Desktop/robot_move/my_base_learn', 'TERM_PROGRAM_VERSION': '1.107.1', 'SERVER_APP_NAME': 'Trae', 'VSCODE_IPC_HOOK_CLI': '/run/user/1002/vscode-ipc-96e5a79d-4503-49fe-ab3b-632c4d31a771.sock', 'OS_RELEASE_ID': 'ubuntu', 'ROS_PYTHON_VERSION': '3', 'TRAE_RESOLVE_TYPE': 'ssh', 'VSCODE_GIT_ASKPASS_MAIN': '/home/pi/.trae-server/bin/stable-84967093b3105381f26e13eca4ab8af60e8f40db-debian10/extensions/git/dist/askpass-main.js', 'SERVER_DOWNLOAD_PREFIX': 'https://lf-cdn.trae.com.cn/obj/trae-com-cn/pkg/server/releases/stable/84967093b3105381f26e13eca4ab8af60e8f40db/linux-debian10/', 'VSCODE_GIT_ASKPASS_NODE': '/home/pi/.trae-server/bin/stable-84967093b3105381f26e13eca4ab8af60e8f40db-debian10/node', 'NO_USE_FETCH': '', 'VSCODE_PYTHON_AUTOACTIVATE_GUARD': '1', 'SERVER_DIR': '/home/pi/.trae-server/bin/stable-84967093b3105381f26e13eca4ab8af60e8f40db-debian10', 'DBUS_SESSION_BUS_ADDRESS': 'unix:path=/run/user/1002/bus', 'COLORTERM': 'truecolor', 'TRAE_JWT_TOKEN_PATH': '/home/pi/.trae/trae-jwt-token', 'DEBUGINFOD_URLS': 'https://debuginfod.ubuntu.com', 'COLCON_PREFIX_PATH': '/home/pi/Desktop/robot_move/my_base_learn/install', 'ROS_DISTRO': 'jazzy', 'LOGNAME': 'pi', '_': '/usr/bin/colcon', 'ROS_VERSION': '2', 'TRAE_REMOTE_SKIP_REMOTE_CHECK': '', 'XDG_SESSION_CLASS': 'user', 'TERM': 'xterm-256color', 'DISTRO_VERSION': '1.107.1', 'XDG_SESSION_ID': '3', 'SERVER_INITIAL_EXTENSIONS': '', 'EXTRACT_RETRY_COUNT': '0', 'TRAE_DETECT_COUNTRY_CODE': '', 'AHA_RUNTIME_DIR': '/home/pi/.trae-server/socks/2067/8496709', 'vscode_base_dir': '/home/pi/.trae-server', 'PATH': '/opt/ros/jazzy/bin:/home/pi/.trae-server/bin/stable-84967093b3105381f26e13eca4ab8af60e8f40db-debian10/bin/remote-cli:/usr/local/sbin:/usr/local/bin:/usr/sbin:/usr/bin:/sbin:/bin:/usr/games:/usr/local/games:/snap/bin', 'PLATFORM': 'linux', 'DISTRO_QUALITY': 'stable', 'XDG_RUNTIME_DIR': '/run/user/1002', 'SERVER_SCRIPT': '/home/pi/.trae-server/bin/stable-84967093b3105381f26e13eca4ab8af60e8f40db-debian10/index_trae.js', 'LANG': 'en_US.UTF-8', 'SERVER_PIDFILE': '/home/pi/.trae-server/.stable-84967093b3105381f26e13eca4ab8af60e8f40db-21a76510.pid', 'SERVER_LOGS_DIR': '/home/pi/.trae-server/logs', 'TRAE_BRAND_NAME': 'Trae', 'DOWNLOAD_RETRY_COUNT': '0', 'VSCODE_GIT_IPC_HANDLE': '/run/user/1002/vscode-git-f128588436.sock', 'TERM_PROGRAM': 'vscode', 'AMENT_PREFIX_PATH': '/home/pi/Desktop/robot_move/my_base_learn/install/my_base:/opt/ros/jazzy', 'SHELL': '/bin/bash', 'SERVER_HOST': '127.0.0.1', 'SERVER_LOGFILE': '/home/pi/.trae-server/.stable-84967093b3105381f26e13eca4ab8af60e8f40db-21a76510.log', 'TRAE_STORE_REGION': 'SG', 'DISTRO_VSCODIUM_RELEASE': '', 'TMP_DIR': '/run/user/1002', 'SERVER_TOKENFILE': '/home/pi/.trae-server/.stable-84967093b3105381f26e13eca4ab8af60e8f40db-21a76510.token', 'ROS_AUTOMATIC_DISCOVERY_RANGE': 'SUBNET', 'VSCODE_GIT_ASKPASS_EXTRA_ARGS': '', 'TRAE_REMOTE_EXTENSION_REGION': 'cn', 'SERVER_EXTENSIONS_DIR': '/home/pi/.trae-server/extensions', 'PWD': '/home/pi/Desktop/robot_move/my_base_learn/build/my_base', 'LC_ALL': 'en_US.UTF-8', 'SERVER_APP_VERSION': '', 'TERM_PRODUCT': 'Trae', 'SSH_CONNECTION': '10.16.89.17 62631 10.16.89.13 22', 'XDG_DATA_DIRS': '/usr/share/gnome:/usr/local/share:/usr/share:/var/lib/snapd/desktop', 'SERVER_ARCH': 'arm64', 'PYTHONPATH': '/opt/ros/jazzy/lib/python3.12/site-packages', 'TRAE_DETECT_REGION': 'CN', 'COLCON': '1', 'SERVER_APP_QUALITY': 'stable', 'SERVER_DATA_DIR': '/home/pi/.trae-server', 'REMOTE_VERSION': '1146106025986_3', 'CMAKE_PREFIX_PATH': '/home/pi/Desktop/robot_move/my_base_learn/install/my_base:/opt/ros/jazzy/opt/gz_math_vendor:/opt/ros/jazzy/opt/gz_utils_vendor:/opt/ros/jazzy/opt/gz_cmake_vendor:/opt/ros/jazzy'}), 'shell': False}
[0.099529] (-) TimerEvent: {}
[0.173380] (my_base) StdoutLine: {'line': b'[ 50%] \x1b[32mBuilding CXX object CMakeFiles/my_base.dir/src/my_base.cpp.o\x1b[0m\n'}
[0.199641] (-) TimerEvent: {}
[0.299988] (-) TimerEvent: {}
[0.400358] (-) TimerEvent: {}
[0.500781] (-) TimerEvent: {}
[0.601162] (-) TimerEvent: {}
[0.701581] (-) TimerEvent: {}
[0.802212] (-) TimerEvent: {}
[0.902641] (-) TimerEvent: {}
[1.002985] (-) TimerEvent: {}
[1.103614] (-) TimerEvent: {}
[1.204033] (-) TimerEvent: {}
[1.304451] (-) TimerEvent: {}
[1.404846] (-) TimerEvent: {}
[1.505246] (-) TimerEvent: {}
[1.605612] (-) TimerEvent: {}
[1.706034] (-) TimerEvent: {}
[1.806522] (-) TimerEvent: {}
[1.907133] (-) TimerEvent: {}
[2.007706] (-) TimerEvent: {}
[2.108108] (-) TimerEvent: {}
[2.208578] (-) TimerEvent: {}
[2.309420] (-) TimerEvent: {}
[2.410557] (-) TimerEvent: {}
[2.511162] (-) TimerEvent: {}
[2.611582] (-) TimerEvent: {}
[2.712169] (-) TimerEvent: {}
[2.812590] (-) TimerEvent: {}
[2.912988] (-) TimerEvent: {}
[3.013382] (-) TimerEvent: {}
[3.113788] (-) TimerEvent: {}
[3.214255] (-) TimerEvent: {}
[3.314656] (-) TimerEvent: {}
[3.415046] (-) TimerEvent: {}
[3.515453] (-) TimerEvent: {}
[3.615869] (-) TimerEvent: {}
[3.716261] (-) TimerEvent: {}
[3.816684] (-) TimerEvent: {}
[3.917338] (-) TimerEvent: {}
[3.975890] (my_base) StderrLine: {'line': b'In file included from \x1b[01m\x1b[K/home/pi/Desktop/robot_move/my_base_learn/src/my_base/src/my_base.cpp:1\x1b[m\x1b[K:\n'}
[3.976305] (my_base) StderrLine: {'line': b'\x1b[01m\x1b[K/home/pi/Desktop/robot_move/my_base_learn/src/my_base/src/bot_serial.h:\x1b[m\x1b[K In member function \xe2\x80\x98\x1b[01m\x1b[Kbool turn_on_robot::\x1b[01;32m\x1b[KGet_Sensor_Data_New\x1b[m\x1b[K()\x1b[m\x1b[K\xe2\x80\x99:\n'}
[3.976475] (my_base) StderrLine: {'line': b'\x1b[01m\x1b[K/home/pi/Desktop/robot_move/my_base_learn/src/my_base/src/bot_serial.h:138:20:\x1b[m\x1b[K \x1b[01;35m\x1b[Kwarning: \x1b[m\x1b[Kunused variable \xe2\x80\x98\x1b[01m\x1b[Kerror\x1b[m\x1b[K\xe2\x80\x99 [\x1b[01;35m\x1b[K\x1b]8;;https://gcc.gnu.org/onlinedocs/gcc/Warning-Options.html#index-Wunused-variable\x07-Wunused-variable\x1b]8;;\x07\x1b[m\x1b[K]\n'}
[3.976645] (my_base) StderrLine: {'line': b'  138 |   uint8_t check=0, \x1b[01;35m\x1b[Kerror\x1b[m\x1b[K=1;\n'}
[3.976778] (my_base) StderrLine: {'line': b'      |                    \x1b[01;35m\x1b[K^~~~~\x1b[m\x1b[K\n'}
[4.017445] (-) TimerEvent: {}
[4.117849] (-) TimerEvent: {}
[4.218260] (-) TimerEvent: {}
[4.318677] (-) TimerEvent: {}
[4.419081] (-) TimerEvent: {}
[4.519491] (-) TimerEvent: {}
[4.620131] (-) TimerEvent: {}
[4.720600] (-) TimerEvent: {}
[4.821153] (-) TimerEvent: {}
[4.921562] (-) TimerEvent: {}
[5.022157] (-) TimerEvent: {}
[5.122584] (-) TimerEvent: {}
[5.223066] (-) TimerEvent: {}
[5.323482] (-) TimerEvent: {}
[5.423881] (-) TimerEvent: {}
[5.524283] (-) TimerEvent: {}
[5.625190] (-) TimerEvent: {}
[5.725612] (-) TimerEvent: {}
[5.826270] (-) TimerEvent: {}
[5.927172] (-) TimerEvent: {}
[6.027611] (-) TimerEvent: {}
[6.128038] (-) TimerEvent: {}
[6.228449] (-) TimerEvent: {}
[6.329047] (-) TimerEvent: {}
[6.429596] (-) TimerEvent: {}
[6.530016] (-) TimerEvent: {}
[6.630419] (-) TimerEvent: {}
[6.730826] (-) TimerEvent: {}
[6.831230] (-) TimerEvent: {}
[6.931642] (-) TimerEvent: {}
[7.032039] (-) TimerEvent: {}
[7.132459] (-) TimerEvent: {}
[7.232862] (-) TimerEvent: {}
[7.333241] (-) TimerEvent: {}
[7.433640] (-) TimerEvent: {}
[7.534070] (-) TimerEvent: {}
[7.634575] (-) TimerEvent: {}
[7.735006] (-) TimerEvent: {}
[7.835468] (-) TimerEvent: {}
[7.935908] (-) TimerEvent: {}
[8.036402] (-) TimerEvent: {}
[8.136813] (-) TimerEvent: {}
[8.237421] (-) TimerEvent: {}
[8.337928] (-) TimerEvent: {}
[8.438384] (-) TimerEvent: {}
[8.539008] (-) TimerEvent: {}
[8.639839] (-) TimerEvent: {}
[8.740227] (-) TimerEvent: {}
[8.840610] (-) TimerEvent: {}
[8.940993] (-) TimerEvent: {}
[9.041426] (-) TimerEvent: {}
[9.142962] (-) TimerEvent: {}
[9.243616] (-) TimerEvent: {}
[9.345167] (-) TimerEvent: {}
[9.445754] (-) TimerEvent: {}
[9.546202] (-) TimerEvent: {}
[9.646706] (-) TimerEvent: {}
[9.747109] (-) TimerEvent: {}
[9.847674] (-) TimerEvent: {}
[9.948061] (-) TimerEvent: {}
[10.048452] (-) TimerEvent: {}
[10.148899] (-) TimerEvent: {}
[10.249281] (-) TimerEvent: {}
[10.349683] (-) TimerEvent: {}
[10.450073] (-) TimerEvent: {}
[10.550597] (-) TimerEvent: {}
[10.651017] (-) TimerEvent: {}
[10.751402] (-) TimerEvent: {}
[10.851809] (-) TimerEvent: {}
[10.952261] (-) TimerEvent: {}
[11.053097] (-) TimerEvent: {}
[11.153507] (-) TimerEvent: {}
[11.253911] (-) TimerEvent: {}
[11.354459] (-) TimerEvent: {}
[11.454872] (-) TimerEvent: {}
[11.555478] (-) TimerEvent: {}
[11.655886] (-) TimerEvent: {}
[11.756288] (-) TimerEvent: {}
[11.856693] (-) TimerEvent: {}
[11.957088] (-) TimerEvent: {}
[12.057479] (-) TimerEvent: {}
[12.157904] (-) TimerEvent: {}
[12.258312] (-) TimerEvent: {}
[12.358777] (-) TimerEvent: {}
[12.459186] (-) TimerEvent: {}
[12.559606] (-) TimerEvent: {}
[12.660125] (-) TimerEvent: {}
[12.760942] (-) TimerEvent: {}
[12.861409] (-) TimerEvent: {}
[12.961834] (-) TimerEvent: {}
[13.062537] (-) TimerEvent: {}
[13.162987] (-) TimerEvent: {}
[13.263444] (-) TimerEvent: {}
[13.363880] (-) TimerEvent: {}
[13.464292] (-) TimerEvent: {}
[13.564720] (-) TimerEvent: {}
[13.665198] (-) TimerEvent: {}
[13.765646] (-) TimerEvent: {}
[13.866072] (-) TimerEvent: {}
[13.966497] (-) TimerEvent: {}
[14.067141] (-) TimerEvent: {}
[14.167555] (-) TimerEvent: {}
[14.268015] (-) TimerEvent: {}
[14.368610] (-) TimerEvent: {}
[14.469174] (-) TimerEvent: {}
[14.569774] (-) TimerEvent: {}
[14.670220] (-) TimerEvent: {}
[14.716162] (my_base) StdoutLine: {'line': b'[100%] \x1b[32m\x1b[1mLinking CXX executable my_base\x1b[0m\n'}
[14.770345] (-) TimerEvent: {}
[14.870913] (-) TimerEvent: {}
[14.971614] (-) TimerEvent: {}
[15.072165] (-) TimerEvent: {}
[15.172903] (-) TimerEvent: {}
[15.273625] (-) TimerEvent: {}
[15.374286] (-) TimerEvent: {}
[15.475103] (-) TimerEvent: {}
[15.575847] (-) TimerEvent: {}
[15.676274] (-) TimerEvent: {}
[15.776706] (-) TimerEvent: {}
[15.877069] (-) TimerEvent: {}
[15.878073] (my_base) StdoutLine: {'line': b'[100%] Built target my_base\n'}
[15.904802] (my_base) CommandEnded: {'returncode': 0}
[15.907446] (my_base) JobProgress: {'identifier': 'my_base', 'progress': 'install'}
[15.925618] (my_base) Command: {'cmd': ['/usr/bin/cmake', '--install', '/home/pi/Desktop/robot_move/my_base_learn/build/my_base'], 'cwd': '/home/pi/Desktop/robot_move/my_base_learn/build/my_base', 'env': OrderedDict({'SERVER_SCRIPT_PRODUCT': '/home/pi/.trae-server/bin/stable-84967093b3105381f26e13eca4ab8af60e8f40db-debian10/product.json', 'ARCH': 'aarch64', 'SERVER_PACKAGE_NAME': 'Trae-linux-arm64-1146106025986_3.tar.gz', 'USER': 'pi', 'SSH_CLIENT': '10.16.89.17 62631 22', 'DISTRO_COMMIT': '84967093b3105381f26e13eca4ab8af60e8f40db', 'XDG_SESSION_TYPE': 'tty', 'GIT_ASKPASS': '/home/pi/.trae-server/bin/stable-84967093b3105381f26e13eca4ab8af60e8f40db-debian10/extensions/git/dist/askpass.sh', 'SERVER_LISTEN_FLAG': '--port=0', 'MANAGER_LOGS_DIR': '/home/pi/.trae-server/manager-logs/1778565327051_047007', 'SCRIPT_ID': '129e294c30e83dcf9132430e', 'SHLVL': '2', 'LD_LIBRARY_PATH': '/opt/ros/jazzy/opt/rviz_ogre_vendor/lib:/opt/ros/jazzy/lib/aarch64-linux-gnu:/opt/ros/jazzy/opt/gz_math_vendor/lib:/opt/ros/jazzy/opt/gz_utils_vendor/lib:/opt/ros/jazzy/opt/gz_cmake_vendor/lib:/opt/ros/jazzy/lib', 'BROWSER': '/home/pi/.trae-server/bin/stable-84967093b3105381f26e13eca4ab8af60e8f40db-debian10/bin/helpers/browser.sh', 'HOME': '/home/pi', 'OLDPWD': '/home/pi/Desktop/robot_move/my_base_learn', 'TERM_PROGRAM_VERSION': '1.107.1', 'SERVER_APP_NAME': 'Trae', 'VSCODE_IPC_HOOK_CLI': '/run/user/1002/vscode-ipc-96e5a79d-4503-49fe-ab3b-632c4d31a771.sock', 'OS_RELEASE_ID': 'ubuntu', 'ROS_PYTHON_VERSION': '3', 'TRAE_RESOLVE_TYPE': 'ssh', 'VSCODE_GIT_ASKPASS_MAIN': '/home/pi/.trae-server/bin/stable-84967093b3105381f26e13eca4ab8af60e8f40db-debian10/extensions/git/dist/askpass-main.js', 'SERVER_DOWNLOAD_PREFIX': 'https://lf-cdn.trae.com.cn/obj/trae-com-cn/pkg/server/releases/stable/84967093b3105381f26e13eca4ab8af60e8f40db/linux-debian10/', 'VSCODE_GIT_ASKPASS_NODE': '/home/pi/.trae-server/bin/stable-84967093b3105381f26e13eca4ab8af60e8f40db-debian10/node', 'NO_USE_FETCH': '', 'VSCODE_PYTHON_AUTOACTIVATE_GUARD': '1', 'SERVER_DIR': '/home/pi/.trae-server/bin/stable-84967093b3105381f26e13eca4ab8af60e8f40db-debian10', 'DBUS_SESSION_BUS_ADDRESS': 'unix:path=/run/user/1002/bus', 'COLORTERM': 'truecolor', 'TRAE_JWT_TOKEN_PATH': '/home/pi/.trae/trae-jwt-token', 'DEBUGINFOD_URLS': 'https://debuginfod.ubuntu.com', 'COLCON_PREFIX_PATH': '/home/pi/Desktop/robot_move/my_base_learn/install', 'ROS_DISTRO': 'jazzy', 'LOGNAME': 'pi', '_': '/usr/bin/colcon', 'ROS_VERSION': '2', 'TRAE_REMOTE_SKIP_REMOTE_CHECK': '', 'XDG_SESSION_CLASS': 'user', 'TERM': 'xterm-256color', 'DISTRO_VERSION': '1.107.1', 'XDG_SESSION_ID': '3', 'SERVER_INITIAL_EXTENSIONS': '', 'EXTRACT_RETRY_COUNT': '0', 'TRAE_DETECT_COUNTRY_CODE': '', 'AHA_RUNTIME_DIR': '/home/pi/.trae-server/socks/2067/8496709', 'vscode_base_dir': '/home/pi/.trae-server', 'PATH': '/opt/ros/jazzy/bin:/home/pi/.trae-server/bin/stable-84967093b3105381f26e13eca4ab8af60e8f40db-debian10/bin/remote-cli:/usr/local/sbin:/usr/local/bin:/usr/sbin:/usr/bin:/sbin:/bin:/usr/games:/usr/local/games:/snap/bin', 'PLATFORM': 'linux', 'DISTRO_QUALITY': 'stable', 'XDG_RUNTIME_DIR': '/run/user/1002', 'SERVER_SCRIPT': '/home/pi/.trae-server/bin/stable-84967093b3105381f26e13eca4ab8af60e8f40db-debian10/index_trae.js', 'LANG': 'en_US.UTF-8', 'SERVER_PIDFILE': '/home/pi/.trae-server/.stable-84967093b3105381f26e13eca4ab8af60e8f40db-21a76510.pid', 'SERVER_LOGS_DIR': '/home/pi/.trae-server/logs', 'TRAE_BRAND_NAME': 'Trae', 'DOWNLOAD_RETRY_COUNT': '0', 'VSCODE_GIT_IPC_HANDLE': '/run/user/1002/vscode-git-f128588436.sock', 'TERM_PROGRAM': 'vscode', 'AMENT_PREFIX_PATH': '/home/pi/Desktop/robot_move/my_base_learn/install/my_base:/opt/ros/jazzy', 'SHELL': '/bin/bash', 'SERVER_HOST': '127.0.0.1', 'SERVER_LOGFILE': '/home/pi/.trae-server/.stable-84967093b3105381f26e13eca4ab8af60e8f40db-21a76510.log', 'TRAE_STORE_REGION': 'SG', 'DISTRO_VSCODIUM_RELEASE': '', 'TMP_DIR': '/run/user/1002', 'SERVER_TOKENFILE': '/home/pi/.trae-server/.stable-84967093b3105381f26e13eca4ab8af60e8f40db-21a76510.token', 'ROS_AUTOMATIC_DISCOVERY_RANGE': 'SUBNET', 'VSCODE_GIT_ASKPASS_EXTRA_ARGS': '', 'TRAE_REMOTE_EXTENSION_REGION': 'cn', 'SERVER_EXTENSIONS_DIR': '/home/pi/.trae-server/extensions', 'PWD': '/home/pi/Desktop/robot_move/my_base_learn/build/my_base', 'LC_ALL': 'en_US.UTF-8', 'SERVER_APP_VERSION': '', 'TERM_PRODUCT': 'Trae', 'SSH_CONNECTION': '10.16.89.17 62631 10.16.89.13 22', 'XDG_DATA_DIRS': '/usr/share/gnome:/usr/local/share:/usr/share:/var/lib/snapd/desktop', 'SERVER_ARCH': 'arm64', 'PYTHONPATH': '/opt/ros/jazzy/lib/python3.12/site-packages', 'TRAE_DETECT_REGION': 'CN', 'COLCON': '1', 'SERVER_APP_QUALITY': 'stable', 'SERVER_DATA_DIR': '/home/pi/.trae-server', 'REMOTE_VERSION': '1146106025986_3', 'CMAKE_PREFIX_PATH': '/home/pi/Desktop/robot_move/my_base_learn/install/my_base:/opt/ros/jazzy/opt/gz_math_vendor:/opt/ros/jazzy/opt/gz_utils_vendor:/opt/ros/jazzy/opt/gz_cmake_vendor:/opt/ros/jazzy'}), 'shell': False}
[15.940523] (my_base) StdoutLine: {'line': b'-- Install configuration: ""\n'}
[15.941284] (my_base) StdoutLine: {'line': b'-- Installing: /home/pi/Desktop/robot_move/my_base_learn/install/my_base/lib/my_base/my_base\n'}
[15.970998] (my_base) StdoutLine: {'line': b'-- Set non-toolchain portion of runtime path of "/home/pi/Desktop/robot_move/my_base_learn/install/my_base/lib/my_base/my_base" to "/usr/local/lib:/opt/ros/jazzy/lib"\n'}
[15.971371] (my_base) StdoutLine: {'line': b'-- Up-to-date: /home/pi/Desktop/robot_move/my_base_learn/install/my_base/share/ament_index/resource_index/package_run_dependencies/my_base\n'}
[15.971625] (my_base) StdoutLine: {'line': b'-- Up-to-date: /home/pi/Desktop/robot_move/my_base_learn/install/my_base/share/ament_index/resource_index/parent_prefix_path/my_base\n'}
[15.971804] (my_base) StdoutLine: {'line': b'-- Up-to-date: /home/pi/Desktop/robot_move/my_base_learn/install/my_base/share/my_base/environment/ament_prefix_path.sh\n'}
[15.971978] (my_base) StdoutLine: {'line': b'-- Up-to-date: /home/pi/Desktop/robot_move/my_base_learn/install/my_base/share/my_base/environment/ament_prefix_path.dsv\n'}
[15.972145] (my_base) StdoutLine: {'line': b'-- Up-to-date: /home/pi/Desktop/robot_move/my_base_learn/install/my_base/share/my_base/environment/path.sh\n'}
[15.972307] (my_base) StdoutLine: {'line': b'-- Up-to-date: /home/pi/Desktop/robot_move/my_base_learn/install/my_base/share/my_base/environment/path.dsv\n'}
[15.972715] (my_base) StdoutLine: {'line': b'-- Up-to-date: /home/pi/Desktop/robot_move/my_base_learn/install/my_base/share/my_base/local_setup.bash\n'}
[15.972911] (my_base) StdoutLine: {'line': b'-- Up-to-date: /home/pi/Desktop/robot_move/my_base_learn/install/my_base/share/my_base/local_setup.sh\n'}
[15.973105] (my_base) StdoutLine: {'line': b'-- Up-to-date: /home/pi/Desktop/robot_move/my_base_learn/install/my_base/share/my_base/local_setup.zsh\n'}
[15.973289] (my_base) StdoutLine: {'line': b'-- Up-to-date: /home/pi/Desktop/robot_move/my_base_learn/install/my_base/share/my_base/local_setup.dsv\n'}
[15.973476] (my_base) StdoutLine: {'line': b'-- Installing: /home/pi/Desktop/robot_move/my_base_learn/install/my_base/share/my_base/package.dsv\n'}
[15.973821] (my_base) StdoutLine: {'line': b'-- Up-to-date: /home/pi/Desktop/robot_move/my_base_learn/install/my_base/share/ament_index/resource_index/packages/my_base\n'}
[15.974031] (my_base) StdoutLine: {'line': b'-- Up-to-date: /home/pi/Desktop/robot_move/my_base_learn/install/my_base/share/my_base/cmake/my_baseConfig.cmake\n'}
[15.974226] (my_base) StdoutLine: {'line': b'-- Up-to-date: /home/pi/Desktop/robot_move/my_base_learn/install/my_base/share/my_base/cmake/my_baseConfig-version.cmake\n'}
[15.974404] (my_base) StdoutLine: {'line': b'-- Up-to-date: /home/pi/Desktop/robot_move/my_base_learn/install/my_base/share/my_base/package.xml\n'}
[15.976455] (my_base) CommandEnded: {'returncode': 0}
[15.977504] (-) TimerEvent: {}
[16.018743] (my_base) JobEnded: {'identifier': 'my_base', 'rc': 0}
[16.021886] (-) EventReactorShutdown: {}
