[0.000000] (-) TimerEvent: {}
[0.000642] (-) JobUnselected: {'identifier': 'lidar_test'}
[0.000917] (-) JobUnselected: {'identifier': 'lslidar_driver'}
[0.001292] (-) JobUnselected: {'identifier': 'lslidar_msgs'}
[0.001371] (-) JobUnselected: {'identifier': 'robot_control'}
[0.001417] (-) JobUnselected: {'identifier': 'tbot_description'}
[0.001452] (my_base) JobQueued: {'identifier': 'my_base', 'dependencies': OrderedDict()}
[0.001486] (my_base) JobStarted: {'identifier': 'my_base'}
[0.012747] (my_base) JobProgress: {'identifier': 'my_base', 'progress': 'cmake'}
[0.013924] (my_base) Command: {'cmd': ['/usr/bin/cmake', '/home/pi/Desktop/robot_move/my_base_learn/src/my_base', '-DCMAKE_INSTALL_PREFIX=/home/pi/Desktop/robot_move/my_base_learn/install/my_base'], 'cwd': '/home/pi/Desktop/robot_move/my_base_learn/build/my_base', 'env': OrderedDict({'SERVER_SCRIPT_PRODUCT': '/home/pi/.trae-server/bin/stable-84967093b3105381f26e13eca4ab8af60e8f40db-debian10/product.json', 'ARCH': 'aarch64', 'SERVER_PACKAGE_NAME': 'Trae-linux-arm64-1146106025986_3.tar.gz', 'USER': 'pi', 'SSH_CLIENT': '10.16.89.17 62631 22', 'DISTRO_COMMIT': '84967093b3105381f26e13eca4ab8af60e8f40db', 'XDG_SESSION_TYPE': 'tty', 'GIT_ASKPASS': '/home/pi/.trae-server/bin/stable-84967093b3105381f26e13eca4ab8af60e8f40db-debian10/extensions/git/dist/askpass.sh', 'SERVER_LISTEN_FLAG': '--port=0', 'MANAGER_LOGS_DIR': '/home/pi/.trae-server/manager-logs/1778565327051_047007', 'SCRIPT_ID': '129e294c30e83dcf9132430e', 'SHLVL': '2', 'LD_LIBRARY_PATH': '/home/pi/Desktop/robot_move/my_base_learn/install/lslidar_msgs/lib:/opt/ros/jazzy/opt/rviz_ogre_vendor/lib:/opt/ros/jazzy/lib/aarch64-linux-gnu:/opt/ros/jazzy/opt/gz_math_vendor/lib:/opt/ros/jazzy/opt/gz_utils_vendor/lib:/opt/ros/jazzy/opt/gz_cmake_vendor/lib:/opt/ros/jazzy/lib', 'BROWSER': '/home/pi/.trae-server/bin/stable-84967093b3105381f26e13eca4ab8af60e8f40db-debian10/bin/helpers/browser.sh', 'HOME': '/home/pi', 'OLDPWD': '/home/pi/Desktop/robot_move/my_base_learn', 'TERM_PROGRAM_VERSION': '1.107.1', 'SERVER_APP_NAME': 'Trae', 'VSCODE_IPC_HOOK_CLI': '/run/user/1002/vscode-ipc-fc304ad6-3f63-4000-8969-2899da6a7111.sock', 'OS_RELEASE_ID': 'ubuntu', 'ROS_PYTHON_VERSION': '3', 'TRAE_RESOLVE_TYPE': 'ssh', 'VSCODE_GIT_ASKPASS_MAIN': '/home/pi/.trae-server/bin/stable-84967093b3105381f26e13eca4ab8af60e8f40db-debian10/extensions/git/dist/askpass-main.js', 'SERVER_DOWNLOAD_PREFIX': 'https://lf-cdn.trae.com.cn/obj/trae-com-cn/pkg/server/releases/stable/84967093b3105381f26e13eca4ab8af60e8f40db/linux-debian10/', 'VSCODE_GIT_ASKPASS_NODE': '/home/pi/.trae-server/bin/stable-84967093b3105381f26e13eca4ab8af60e8f40db-debian10/node', 'NO_USE_FETCH': '', 'VSCODE_PYTHON_AUTOACTIVATE_GUARD': '1', 'SERVER_DIR': '/home/pi/.trae-server/bin/stable-84967093b3105381f26e13eca4ab8af60e8f40db-debian10', 'DBUS_SESSION_BUS_ADDRESS': 'unix:path=/run/user/1002/bus', 'COLORTERM': 'truecolor', 'TRAE_JWT_TOKEN_PATH': '/home/pi/.trae/trae-jwt-token', 'DEBUGINFOD_URLS': 'https://debuginfod.ubuntu.com', 'COLCON_PREFIX_PATH': '/home/pi/Desktop/robot_move/my_base_learn/install', 'ROS_DISTRO': 'jazzy', 'LOGNAME': 'pi', '_': '/usr/bin/colcon', 'ROS_VERSION': '2', 'TRAE_REMOTE_SKIP_REMOTE_CHECK': '', 'XDG_SESSION_CLASS': 'user', 'TERM': 'xterm-256color', 'DISTRO_VERSION': '1.107.1', 'XDG_SESSION_ID': '3', 'SERVER_INITIAL_EXTENSIONS': '', 'EXTRACT_RETRY_COUNT': '0', 'TRAE_DETECT_COUNTRY_CODE': '', 'AHA_RUNTIME_DIR': '/home/pi/.trae-server/socks/2067/8496709', 'vscode_base_dir': '/home/pi/.trae-server', 'PATH': '/opt/ros/jazzy/bin:/home/pi/.trae-server/bin/stable-84967093b3105381f26e13eca4ab8af60e8f40db-debian10/bin/remote-cli:/usr/local/sbin:/usr/local/bin:/usr/sbin:/usr/bin:/sbin:/bin:/usr/games:/usr/local/games:/snap/bin', 'PLATFORM': 'linux', 'DISTRO_QUALITY': 'stable', 'XDG_RUNTIME_DIR': '/run/user/1002', 'SERVER_SCRIPT': '/home/pi/.trae-server/bin/stable-84967093b3105381f26e13eca4ab8af60e8f40db-debian10/index_trae.js', 'LANG': 'en_US.UTF-8', 'SERVER_PIDFILE': '/home/pi/.trae-server/.stable-84967093b3105381f26e13eca4ab8af60e8f40db-21a76510.pid', 'SERVER_LOGS_DIR': '/home/pi/.trae-server/logs', 'TRAE_BRAND_NAME': 'Trae', 'DOWNLOAD_RETRY_COUNT': '0', 'VSCODE_GIT_IPC_HANDLE': '/run/user/1002/vscode-git-f128588436.sock', 'TERM_PROGRAM': 'vscode', 'AMENT_PREFIX_PATH': '/home/pi/Desktop/robot_move/my_base_learn/install/tbot_description:/home/pi/Desktop/robot_move/my_base_learn/install/robot_control:/home/pi/Desktop/robot_move/my_base_learn/install/my_base:/home/pi/Desktop/robot_move/my_base_learn/install/lslidar_driver:/home/pi/Desktop/robot_move/my_base_learn/install/lslidar_msgs:/home/pi/Desktop/robot_move/my_base_learn/install/lidar_test:/opt/ros/jazzy', 'SHELL': '/bin/bash', 'SERVER_HOST': '127.0.0.1', 'SERVER_LOGFILE': '/home/pi/.trae-server/.stable-84967093b3105381f26e13eca4ab8af60e8f40db-21a76510.log', 'TRAE_STORE_REGION': 'SG', 'DISTRO_VSCODIUM_RELEASE': '', 'TMP_DIR': '/run/user/1002', 'SERVER_TOKENFILE': '/home/pi/.trae-server/.stable-84967093b3105381f26e13eca4ab8af60e8f40db-21a76510.token', 'ROS_AUTOMATIC_DISCOVERY_RANGE': 'SUBNET', 'VSCODE_GIT_ASKPASS_EXTRA_ARGS': '', 'TRAE_REMOTE_EXTENSION_REGION': 'cn', 'SERVER_EXTENSIONS_DIR': '/home/pi/.trae-server/extensions', 'PWD': '/home/pi/Desktop/robot_move/my_base_learn/build/my_base', 'LC_ALL': 'en_US.UTF-8', 'SERVER_APP_VERSION': '', 'TERM_PRODUCT': 'Trae', 'SSH_CONNECTION': '10.16.89.17 62631 10.16.89.13 22', 'XDG_DATA_DIRS': '/usr/share/gnome:/usr/local/share:/usr/share:/var/lib/snapd/desktop', 'SERVER_ARCH': 'arm64', 'PYTHONPATH': '/home/pi/Desktop/robot_move/my_base_learn/install/robot_control/lib/python3.12/site-packages:/home/pi/Desktop/robot_move/my_base_learn/install/lslidar_msgs/lib/python3.12/site-packages:/home/pi/Desktop/robot_move/my_base_learn/install/lidar_test/lib/python3.12/site-packages:/opt/ros/jazzy/lib/python3.12/site-packages', 'TRAE_DETECT_REGION': 'CN', 'COLCON': '1', 'SERVER_APP_QUALITY': 'stable', 'SERVER_DATA_DIR': '/home/pi/.trae-server', 'REMOTE_VERSION': '1146106025986_3', 'CMAKE_PREFIX_PATH': '/home/pi/Desktop/robot_move/my_base_learn/install/tbot_description:/home/pi/Desktop/robot_move/my_base_learn/install/my_base:/home/pi/Desktop/robot_move/my_base_learn/install/lslidar_driver:/home/pi/Desktop/robot_move/my_base_learn/install/lslidar_msgs:/opt/ros/jazzy/opt/gz_math_vendor:/opt/ros/jazzy/opt/gz_utils_vendor:/opt/ros/jazzy/opt/gz_cmake_vendor:/home/pi/Desktop/robot_move/my_base_learn/install/robot_control:/home/pi/Desktop/robot_move/my_base_learn/install/lidar_test:/opt/ros/jazzy'}), 'shell': False}
[0.099612] (-) TimerEvent: {}
[0.143647] (my_base) StdoutLine: {'line': b'-- The C compiler identification is GNU 13.3.0\n'}
[0.199723] (-) TimerEvent: {}
[0.266220] (my_base) StdoutLine: {'line': b'-- The CXX compiler identification is GNU 13.3.0\n'}
[0.297760] (my_base) StdoutLine: {'line': b'-- Detecting C compiler ABI info\n'}
[0.299806] (-) TimerEvent: {}
[0.400142] (-) TimerEvent: {}
[0.496117] (my_base) StdoutLine: {'line': b'-- Detecting C compiler ABI info - done\n'}
[0.500281] (-) TimerEvent: {}
[0.518911] (my_base) StdoutLine: {'line': b'-- Check for working C compiler: /usr/bin/cc - skipped\n'}
[0.519419] (my_base) StdoutLine: {'line': b'-- Detecting C compile features\n'}
[0.520052] (my_base) StdoutLine: {'line': b'-- Detecting C compile features - done\n'}
[0.538971] (my_base) StdoutLine: {'line': b'-- Detecting CXX compiler ABI info\n'}
[0.600402] (-) TimerEvent: {}
[0.700954] (-) TimerEvent: {}
[0.744915] (my_base) StdoutLine: {'line': b'-- Detecting CXX compiler ABI info - done\n'}
[0.770712] (my_base) StdoutLine: {'line': b'-- Check for working CXX compiler: /usr/bin/c++ - skipped\n'}
[0.771507] (my_base) StdoutLine: {'line': b'-- Detecting CXX compile features\n'}
[0.772577] (my_base) StdoutLine: {'line': b'-- Detecting CXX compile features - done\n'}
[0.777420] (my_base) StdoutLine: {'line': b'-- Found ament_cmake: 2.5.5 (/opt/ros/jazzy/share/ament_cmake/cmake)\n'}
[0.801099] (-) TimerEvent: {}
[0.901470] (-) TimerEvent: {}
[1.001868] (-) TimerEvent: {}
[1.043633] (my_base) StdoutLine: {'line': b'-- Found Python3: /usr/bin/python3 (found version "3.12.3") found components: Interpreter \n'}
[1.101984] (-) TimerEvent: {}
[1.202384] (-) TimerEvent: {}
[1.211977] (my_base) StdoutLine: {'line': b'-- Found ament_lint_auto: 0.17.4 (/opt/ros/jazzy/share/ament_lint_auto/cmake)\n'}
[1.302499] (-) TimerEvent: {}
[1.389257] (my_base) StdoutLine: {'line': b'-- Found rclcpp: 28.1.16 (/opt/ros/jazzy/share/rclcpp/cmake)\n'}
[1.402607] (-) TimerEvent: {}
[1.443879] (my_base) StdoutLine: {'line': b'-- Found rosidl_generator_c: 4.6.7 (/opt/ros/jazzy/share/rosidl_generator_c/cmake)\n'}
[1.463071] (my_base) StdoutLine: {'line': b'-- Found rosidl_generator_cpp: 4.6.7 (/opt/ros/jazzy/share/rosidl_generator_cpp/cmake)\n'}
[1.486308] (my_base) StdoutLine: {'line': b'-- Using all available rosidl_typesupport_c: rosidl_typesupport_fastrtps_c;rosidl_typesupport_introspection_c\n'}
[1.502753] (-) TimerEvent: {}
[1.515286] (my_base) StdoutLine: {'line': b'-- Using all available rosidl_typesupport_cpp: rosidl_typesupport_fastrtps_cpp;rosidl_typesupport_introspection_cpp\n'}
[1.602846] (-) TimerEvent: {}
[1.618433] (my_base) StdoutLine: {'line': b'-- Found rmw_implementation_cmake: 7.3.3 (/opt/ros/jazzy/share/rmw_implementation_cmake/cmake)\n'}
[1.622543] (my_base) StdoutLine: {'line': b'-- Found rmw_fastrtps_cpp: 8.4.3 (/opt/ros/jazzy/share/rmw_fastrtps_cpp/cmake)\n'}
[1.702927] (-) TimerEvent: {}
[1.760705] (my_base) StdoutLine: {'line': b'-- Found OpenSSL: /usr/lib/aarch64-linux-gnu/libcrypto.so (found version "3.0.13")  \n'}
[1.791949] (my_base) StdoutLine: {'line': b'-- Found FastRTPS: /opt/ros/jazzy/include (Required is at least version "2.13") \n'}
[1.803043] (-) TimerEvent: {}
[1.831873] (my_base) StdoutLine: {'line': b"-- Using RMW implementation 'rmw_fastrtps_cpp' as default\n"}
[1.903155] (-) TimerEvent: {}
[1.935347] (my_base) StdoutLine: {'line': b'-- Found geometry_msgs: 5.3.6 (/opt/ros/jazzy/share/geometry_msgs/cmake)\n'}
[1.979902] (my_base) StdoutLine: {'line': b'-- Found tf2_geometry_msgs: 0.36.19 (/opt/ros/jazzy/share/tf2_geometry_msgs/cmake)\n'}
[1.999736] (my_base) StdoutLine: {'line': b'-- Found eigen3_cmake_module: 0.3.0 (/opt/ros/jazzy/share/eigen3_cmake_module/cmake)\n'}
[2.001984] (my_base) StdoutLine: {'line': b'-- Found Eigen3: TRUE (found version "3.4.0") \n'}
[2.002946] (my_base) StdoutLine: {'line': b'-- Ensuring Eigen3 include directory is part of orocos-kdl CMake target\n'}
[2.003189] (-) TimerEvent: {}
[2.103823] (-) TimerEvent: {}
[2.194834] (my_base) StdoutLine: {'line': b'-- Found serial: 1.2.1 (/usr/local/share/serial/cmake)\n'}
[2.199528] (my_base) StdoutLine: {'line': b'-- Found nav_msgs: 5.3.6 (/opt/ros/jazzy/share/nav_msgs/cmake)\n'}
[2.203871] (-) TimerEvent: {}
[2.253055] (my_base) StdoutLine: {'line': b"-- Added test 'cppcheck' to perform static code analysis on C / C++ code\n"}
[2.258037] (my_base) StdoutLine: {'line': b'-- Configured cppcheck include dirs: \n'}
[2.258242] (my_base) StdoutLine: {'line': b'-- Configured cppcheck exclude dirs and/or files: \n'}
[2.260336] (my_base) StdoutLine: {'line': b"-- Added test 'flake8' to check Python code syntax and style conventions\n"}
[2.265112] (my_base) StdoutLine: {'line': b"-- Configured 'flake8' exclude dirs and/or files: \n"}
[2.270141] (my_base) StdoutLine: {'line': b"-- Added test 'lint_cmake' to check CMake code style\n"}
[2.272576] (my_base) StdoutLine: {'line': b"-- Added test 'pep257' to check Python code against some of the docstring style conventions in PEP 257\n"}
[2.289738] (my_base) StdoutLine: {'line': b"-- Added test 'uncrustify' to check C / C++ code style\n"}
[2.290136] (my_base) StdoutLine: {'line': b'-- Configured uncrustify additional arguments: \n'}
[2.294510] (my_base) StdoutLine: {'line': b"-- Added test 'xmllint' to check XML markup files\n"}
[2.299644] (my_base) StdoutLine: {'line': b'-- Configuring done (2.3s)\n'}
[2.303998] (-) TimerEvent: {}
[2.345509] (my_base) StdoutLine: {'line': b'-- Generating done (0.0s)\n'}
[2.357374] (my_base) StdoutLine: {'line': b'-- Build files have been written to: /home/pi/Desktop/robot_move/my_base_learn/build/my_base\n'}
[2.388796] (my_base) CommandEnded: {'returncode': 0}
[2.389619] (my_base) JobProgress: {'identifier': 'my_base', 'progress': 'build'}
[2.389700] (my_base) Command: {'cmd': ['/usr/bin/cmake', '--build', '/home/pi/Desktop/robot_move/my_base_learn/build/my_base', '--', '-j4', '-l4'], 'cwd': '/home/pi/Desktop/robot_move/my_base_learn/build/my_base', 'env': OrderedDict({'SERVER_SCRIPT_PRODUCT': '/home/pi/.trae-server/bin/stable-84967093b3105381f26e13eca4ab8af60e8f40db-debian10/product.json', 'ARCH': 'aarch64', 'SERVER_PACKAGE_NAME': 'Trae-linux-arm64-1146106025986_3.tar.gz', 'USER': 'pi', 'SSH_CLIENT': '10.16.89.17 62631 22', 'DISTRO_COMMIT': '84967093b3105381f26e13eca4ab8af60e8f40db', 'XDG_SESSION_TYPE': 'tty', 'GIT_ASKPASS': '/home/pi/.trae-server/bin/stable-84967093b3105381f26e13eca4ab8af60e8f40db-debian10/extensions/git/dist/askpass.sh', 'SERVER_LISTEN_FLAG': '--port=0', 'MANAGER_LOGS_DIR': '/home/pi/.trae-server/manager-logs/1778565327051_047007', 'SCRIPT_ID': '129e294c30e83dcf9132430e', 'SHLVL': '2', 'LD_LIBRARY_PATH': '/home/pi/Desktop/robot_move/my_base_learn/install/lslidar_msgs/lib:/opt/ros/jazzy/opt/rviz_ogre_vendor/lib:/opt/ros/jazzy/lib/aarch64-linux-gnu:/opt/ros/jazzy/opt/gz_math_vendor/lib:/opt/ros/jazzy/opt/gz_utils_vendor/lib:/opt/ros/jazzy/opt/gz_cmake_vendor/lib:/opt/ros/jazzy/lib', 'BROWSER': '/home/pi/.trae-server/bin/stable-84967093b3105381f26e13eca4ab8af60e8f40db-debian10/bin/helpers/browser.sh', 'HOME': '/home/pi', 'OLDPWD': '/home/pi/Desktop/robot_move/my_base_learn', 'TERM_PROGRAM_VERSION': '1.107.1', 'SERVER_APP_NAME': 'Trae', 'VSCODE_IPC_HOOK_CLI': '/run/user/1002/vscode-ipc-fc304ad6-3f63-4000-8969-2899da6a7111.sock', 'OS_RELEASE_ID': 'ubuntu', 'ROS_PYTHON_VERSION': '3', 'TRAE_RESOLVE_TYPE': 'ssh', 'VSCODE_GIT_ASKPASS_MAIN': '/home/pi/.trae-server/bin/stable-84967093b3105381f26e13eca4ab8af60e8f40db-debian10/extensions/git/dist/askpass-main.js', 'SERVER_DOWNLOAD_PREFIX': 'https://lf-cdn.trae.com.cn/obj/trae-com-cn/pkg/server/releases/stable/84967093b3105381f26e13eca4ab8af60e8f40db/linux-debian10/', 'VSCODE_GIT_ASKPASS_NODE': '/home/pi/.trae-server/bin/stable-84967093b3105381f26e13eca4ab8af60e8f40db-debian10/node', 'NO_USE_FETCH': '', 'VSCODE_PYTHON_AUTOACTIVATE_GUARD': '1', 'SERVER_DIR': '/home/pi/.trae-server/bin/stable-84967093b3105381f26e13eca4ab8af60e8f40db-debian10', 'DBUS_SESSION_BUS_ADDRESS': 'unix:path=/run/user/1002/bus', 'COLORTERM': 'truecolor', 'TRAE_JWT_TOKEN_PATH': '/home/pi/.trae/trae-jwt-token', 'DEBUGINFOD_URLS': 'https://debuginfod.ubuntu.com', 'COLCON_PREFIX_PATH': '/home/pi/Desktop/robot_move/my_base_learn/install', 'ROS_DISTRO': 'jazzy', 'LOGNAME': 'pi', '_': '/usr/bin/colcon', 'ROS_VERSION': '2', 'TRAE_REMOTE_SKIP_REMOTE_CHECK': '', 'XDG_SESSION_CLASS': 'user', 'TERM': 'xterm-256color', 'DISTRO_VERSION': '1.107.1', 'XDG_SESSION_ID': '3', 'SERVER_INITIAL_EXTENSIONS': '', 'EXTRACT_RETRY_COUNT': '0', 'TRAE_DETECT_COUNTRY_CODE': '', 'AHA_RUNTIME_DIR': '/home/pi/.trae-server/socks/2067/8496709', 'vscode_base_dir': '/home/pi/.trae-server', 'PATH': '/opt/ros/jazzy/bin:/home/pi/.trae-server/bin/stable-84967093b3105381f26e13eca4ab8af60e8f40db-debian10/bin/remote-cli:/usr/local/sbin:/usr/local/bin:/usr/sbin:/usr/bin:/sbin:/bin:/usr/games:/usr/local/games:/snap/bin', 'PLATFORM': 'linux', 'DISTRO_QUALITY': 'stable', 'XDG_RUNTIME_DIR': '/run/user/1002', 'SERVER_SCRIPT': '/home/pi/.trae-server/bin/stable-84967093b3105381f26e13eca4ab8af60e8f40db-debian10/index_trae.js', 'LANG': 'en_US.UTF-8', 'SERVER_PIDFILE': '/home/pi/.trae-server/.stable-84967093b3105381f26e13eca4ab8af60e8f40db-21a76510.pid', 'SERVER_LOGS_DIR': '/home/pi/.trae-server/logs', 'TRAE_BRAND_NAME': 'Trae', 'DOWNLOAD_RETRY_COUNT': '0', 'VSCODE_GIT_IPC_HANDLE': '/run/user/1002/vscode-git-f128588436.sock', 'TERM_PROGRAM': 'vscode', 'AMENT_PREFIX_PATH': '/home/pi/Desktop/robot_move/my_base_learn/install/tbot_description:/home/pi/Desktop/robot_move/my_base_learn/install/robot_control:/home/pi/Desktop/robot_move/my_base_learn/install/my_base:/home/pi/Desktop/robot_move/my_base_learn/install/lslidar_driver:/home/pi/Desktop/robot_move/my_base_learn/install/lslidar_msgs:/home/pi/Desktop/robot_move/my_base_learn/install/lidar_test:/opt/ros/jazzy', 'SHELL': '/bin/bash', 'SERVER_HOST': '127.0.0.1', 'SERVER_LOGFILE': '/home/pi/.trae-server/.stable-84967093b3105381f26e13eca4ab8af60e8f40db-21a76510.log', 'TRAE_STORE_REGION': 'SG', 'DISTRO_VSCODIUM_RELEASE': '', 'TMP_DIR': '/run/user/1002', 'SERVER_TOKENFILE': '/home/pi/.trae-server/.stable-84967093b3105381f26e13eca4ab8af60e8f40db-21a76510.token', 'ROS_AUTOMATIC_DISCOVERY_RANGE': 'SUBNET', 'VSCODE_GIT_ASKPASS_EXTRA_ARGS': '', 'TRAE_REMOTE_EXTENSION_REGION': 'cn', 'SERVER_EXTENSIONS_DIR': '/home/pi/.trae-server/extensions', 'PWD': '/home/pi/Desktop/robot_move/my_base_learn/build/my_base', 'LC_ALL': 'en_US.UTF-8', 'SERVER_APP_VERSION': '', 'TERM_PRODUCT': 'Trae', 'SSH_CONNECTION': '10.16.89.17 62631 10.16.89.13 22', 'XDG_DATA_DIRS': '/usr/share/gnome:/usr/local/share:/usr/share:/var/lib/snapd/desktop', 'SERVER_ARCH': 'arm64', 'PYTHONPATH': '/home/pi/Desktop/robot_move/my_base_learn/install/robot_control/lib/python3.12/site-packages:/home/pi/Desktop/robot_move/my_base_learn/install/lslidar_msgs/lib/python3.12/site-packages:/home/pi/Desktop/robot_move/my_base_learn/install/lidar_test/lib/python3.12/site-packages:/opt/ros/jazzy/lib/python3.12/site-packages', 'TRAE_DETECT_REGION': 'CN', 'COLCON': '1', 'SERVER_APP_QUALITY': 'stable', 'SERVER_DATA_DIR': '/home/pi/.trae-server', 'REMOTE_VERSION': '1146106025986_3', 'CMAKE_PREFIX_PATH': '/home/pi/Desktop/robot_move/my_base_learn/install/tbot_description:/home/pi/Desktop/robot_move/my_base_learn/install/my_base:/home/pi/Desktop/robot_move/my_base_learn/install/lslidar_driver:/home/pi/Desktop/robot_move/my_base_learn/install/lslidar_msgs:/opt/ros/jazzy/opt/gz_math_vendor:/opt/ros/jazzy/opt/gz_utils_vendor:/opt/ros/jazzy/opt/gz_cmake_vendor:/home/pi/Desktop/robot_move/my_base_learn/install/robot_control:/home/pi/Desktop/robot_move/my_base_learn/install/lidar_test:/opt/ros/jazzy'}), 'shell': False}
[2.404133] (-) TimerEvent: {}
[2.492714] (my_base) StdoutLine: {'line': b'[ 50%] \x1b[32mBuilding CXX object CMakeFiles/my_base.dir/src/my_base.cpp.o\x1b[0m\n'}
[2.504250] (-) TimerEvent: {}
[2.604784] (-) TimerEvent: {}
[2.705195] (-) TimerEvent: {}
[2.805596] (-) TimerEvent: {}
[2.905940] (-) TimerEvent: {}
[3.006381] (-) TimerEvent: {}
[3.106786] (-) TimerEvent: {}
[3.207181] (-) TimerEvent: {}
[3.307590] (-) TimerEvent: {}
[3.407995] (-) TimerEvent: {}
[3.508420] (-) TimerEvent: {}
[3.608821] (-) TimerEvent: {}
[3.709239] (-) TimerEvent: {}
[3.809702] (-) TimerEvent: {}
[3.910148] (-) TimerEvent: {}
[4.010551] (-) TimerEvent: {}
[4.110952] (-) TimerEvent: {}
[4.211380] (-) TimerEvent: {}
[4.311770] (-) TimerEvent: {}
[4.412171] (-) TimerEvent: {}
[4.512630] (-) TimerEvent: {}
[4.613115] (-) TimerEvent: {}
[4.713522] (-) TimerEvent: {}
[4.813945] (-) TimerEvent: {}
[4.914350] (-) TimerEvent: {}
[5.014746] (-) TimerEvent: {}
[5.115158] (-) TimerEvent: {}
[5.215538] (-) TimerEvent: {}
[5.315917] (-) TimerEvent: {}
[5.416373] (-) TimerEvent: {}
[5.516773] (-) TimerEvent: {}
[5.617165] (-) TimerEvent: {}
[5.717621] (-) TimerEvent: {}
[5.818040] (-) TimerEvent: {}
[5.918467] (-) TimerEvent: {}
[6.019357] (-) TimerEvent: {}
[6.119771] (-) TimerEvent: {}
[6.220167] (-) TimerEvent: {}
[6.311240] (my_base) StderrLine: {'line': b'In file included from \x1b[01m\x1b[K/home/pi/Desktop/robot_move/my_base_learn/src/my_base/src/my_base.cpp:1\x1b[m\x1b[K:\n'}
[6.311673] (my_base) StderrLine: {'line': b'\x1b[01m\x1b[K/home/pi/Desktop/robot_move/my_base_learn/src/my_base/src/bot_serial.h:\x1b[m\x1b[K In member function \xe2\x80\x98\x1b[01m\x1b[Kbool turn_on_robot::\x1b[01;32m\x1b[KGet_Sensor_Data_New\x1b[m\x1b[K()\x1b[m\x1b[K\xe2\x80\x99:\n'}
[6.311832] (my_base) StderrLine: {'line': b'\x1b[01m\x1b[K/home/pi/Desktop/robot_move/my_base_learn/src/my_base/src/bot_serial.h:138:20:\x1b[m\x1b[K \x1b[01;35m\x1b[Kwarning: \x1b[m\x1b[Kunused variable \xe2\x80\x98\x1b[01m\x1b[Kerror\x1b[m\x1b[K\xe2\x80\x99 [\x1b[01;35m\x1b[K\x1b]8;;https://gcc.gnu.org/onlinedocs/gcc/Warning-Options.html#index-Wunused-variable\x07-Wunused-variable\x1b]8;;\x07\x1b[m\x1b[K]\n'}
[6.311972] (my_base) StderrLine: {'line': b'  138 |   uint8_t check=0, \x1b[01;35m\x1b[Kerror\x1b[m\x1b[K=1;\n'}
[6.312132] (my_base) StderrLine: {'line': b'      |                    \x1b[01;35m\x1b[K^~~~~\x1b[m\x1b[K\n'}
[6.320274] (-) TimerEvent: {}
[6.420766] (-) TimerEvent: {}
[6.521211] (-) TimerEvent: {}
[6.621722] (-) TimerEvent: {}
[6.722152] (-) TimerEvent: {}
[6.822597] (-) TimerEvent: {}
[6.923043] (-) TimerEvent: {}
[7.023489] (-) TimerEvent: {}
[7.123877] (-) TimerEvent: {}
[7.224462] (-) TimerEvent: {}
[7.324874] (-) TimerEvent: {}
[7.425287] (-) TimerEvent: {}
[7.525693] (-) TimerEvent: {}
[7.626123] (-) TimerEvent: {}
[7.726506] (-) TimerEvent: {}
[7.826883] (-) TimerEvent: {}
[7.927297] (-) TimerEvent: {}
[8.027683] (-) TimerEvent: {}
[8.128299] (-) TimerEvent: {}
[8.228987] (-) TimerEvent: {}
[8.329606] (-) TimerEvent: {}
[8.430024] (-) TimerEvent: {}
[8.530444] (-) TimerEvent: {}
[8.630840] (-) TimerEvent: {}
[8.731251] (-) TimerEvent: {}
[8.831653] (-) TimerEvent: {}
[8.932126] (-) TimerEvent: {}
[9.032533] (-) TimerEvent: {}
[9.133535] (-) TimerEvent: {}
[9.233948] (-) TimerEvent: {}
[9.334377] (-) TimerEvent: {}
[9.434871] (-) TimerEvent: {}
[9.535346] (-) TimerEvent: {}
[9.635997] (-) TimerEvent: {}
[9.736413] (-) TimerEvent: {}
[9.836787] (-) TimerEvent: {}
[9.937221] (-) TimerEvent: {}
[10.037618] (-) TimerEvent: {}
[10.138185] (-) TimerEvent: {}
[10.239032] (-) TimerEvent: {}
[10.340069] (-) TimerEvent: {}
[10.441353] (-) TimerEvent: {}
[10.542015] (-) TimerEvent: {}
[10.642510] (-) TimerEvent: {}
[10.742974] (-) TimerEvent: {}
[10.843453] (-) TimerEvent: {}
[10.943915] (-) TimerEvent: {}
[11.044443] (-) TimerEvent: {}
[11.144855] (-) TimerEvent: {}
[11.245283] (-) TimerEvent: {}
[11.345681] (-) TimerEvent: {}
[11.446063] (-) TimerEvent: {}
[11.546712] (-) TimerEvent: {}
[11.647156] (-) TimerEvent: {}
[11.749633] (-) TimerEvent: {}
[11.850708] (-) TimerEvent: {}
[11.951142] (-) TimerEvent: {}
[12.051797] (-) TimerEvent: {}
[12.152225] (-) TimerEvent: {}
[12.252670] (-) TimerEvent: {}
[12.353096] (-) TimerEvent: {}
[12.453757] (-) TimerEvent: {}
[12.554162] (-) TimerEvent: {}
[12.654900] (-) TimerEvent: {}
[12.755598] (-) TimerEvent: {}
[12.856018] (-) TimerEvent: {}
[12.956449] (-) TimerEvent: {}
[13.056849] (-) TimerEvent: {}
[13.157262] (-) TimerEvent: {}
[13.257760] (-) TimerEvent: {}
[13.358264] (-) TimerEvent: {}
[13.458634] (-) TimerEvent: {}
[13.559037] (-) TimerEvent: {}
[13.659440] (-) TimerEvent: {}
[13.759851] (-) TimerEvent: {}
[13.864222] (-) TimerEvent: {}
[13.964655] (-) TimerEvent: {}
[14.065290] (-) TimerEvent: {}
[14.165681] (-) TimerEvent: {}
[14.266303] (-) TimerEvent: {}
[14.366719] (-) TimerEvent: {}
[14.467140] (-) TimerEvent: {}
[14.567616] (-) TimerEvent: {}
[14.667997] (-) TimerEvent: {}
[14.768431] (-) TimerEvent: {}
[14.868997] (-) TimerEvent: {}
[14.969410] (-) TimerEvent: {}
[15.069828] (-) TimerEvent: {}
[15.170244] (-) TimerEvent: {}
[15.270668] (-) TimerEvent: {}
[15.372340] (-) TimerEvent: {}
[15.472965] (-) TimerEvent: {}
[15.573406] (-) TimerEvent: {}
[15.673830] (-) TimerEvent: {}
[15.774292] (-) TimerEvent: {}
[15.874708] (-) TimerEvent: {}
[15.975132] (-) TimerEvent: {}
[16.075520] (-) TimerEvent: {}
[16.175962] (-) TimerEvent: {}
[16.276806] (-) TimerEvent: {}
[16.377170] (-) TimerEvent: {}
[16.477560] (-) TimerEvent: {}
[16.577907] (-) TimerEvent: {}
[16.678332] (-) TimerEvent: {}
[16.778709] (-) TimerEvent: {}
[16.879128] (-) TimerEvent: {}
[16.979682] (-) TimerEvent: {}
[17.080163] (-) TimerEvent: {}
[17.180685] (-) TimerEvent: {}
[17.281127] (-) TimerEvent: {}
[17.330744] (my_base) StdoutLine: {'line': b'[100%] \x1b[32m\x1b[1mLinking CXX executable my_base\x1b[0m\n'}
[17.381376] (-) TimerEvent: {}
[17.482432] (-) TimerEvent: {}
[17.583206] (-) TimerEvent: {}
[17.684129] (-) TimerEvent: {}
[17.785009] (-) TimerEvent: {}
[17.886053] (-) TimerEvent: {}
[17.987250] (-) TimerEvent: {}
[18.087889] (-) TimerEvent: {}
[18.188555] (-) TimerEvent: {}
[18.288979] (-) TimerEvent: {}
[18.389380] (-) TimerEvent: {}
[18.431864] (my_base) StdoutLine: {'line': b'[100%] Built target my_base\n'}
[18.455820] (my_base) CommandEnded: {'returncode': 0}
[18.456695] (my_base) JobProgress: {'identifier': 'my_base', 'progress': 'install'}
[18.474114] (my_base) Command: {'cmd': ['/usr/bin/cmake', '--install', '/home/pi/Desktop/robot_move/my_base_learn/build/my_base'], 'cwd': '/home/pi/Desktop/robot_move/my_base_learn/build/my_base', 'env': OrderedDict({'SERVER_SCRIPT_PRODUCT': '/home/pi/.trae-server/bin/stable-84967093b3105381f26e13eca4ab8af60e8f40db-debian10/product.json', 'ARCH': 'aarch64', 'SERVER_PACKAGE_NAME': 'Trae-linux-arm64-1146106025986_3.tar.gz', 'USER': 'pi', 'SSH_CLIENT': '10.16.89.17 62631 22', 'DISTRO_COMMIT': '84967093b3105381f26e13eca4ab8af60e8f40db', 'XDG_SESSION_TYPE': 'tty', 'GIT_ASKPASS': '/home/pi/.trae-server/bin/stable-84967093b3105381f26e13eca4ab8af60e8f40db-debian10/extensions/git/dist/askpass.sh', 'SERVER_LISTEN_FLAG': '--port=0', 'MANAGER_LOGS_DIR': '/home/pi/.trae-server/manager-logs/1778565327051_047007', 'SCRIPT_ID': '129e294c30e83dcf9132430e', 'SHLVL': '2', 'LD_LIBRARY_PATH': '/home/pi/Desktop/robot_move/my_base_learn/install/lslidar_msgs/lib:/opt/ros/jazzy/opt/rviz_ogre_vendor/lib:/opt/ros/jazzy/lib/aarch64-linux-gnu:/opt/ros/jazzy/opt/gz_math_vendor/lib:/opt/ros/jazzy/opt/gz_utils_vendor/lib:/opt/ros/jazzy/opt/gz_cmake_vendor/lib:/opt/ros/jazzy/lib', 'BROWSER': '/home/pi/.trae-server/bin/stable-84967093b3105381f26e13eca4ab8af60e8f40db-debian10/bin/helpers/browser.sh', 'HOME': '/home/pi', 'OLDPWD': '/home/pi/Desktop/robot_move/my_base_learn', 'TERM_PROGRAM_VERSION': '1.107.1', 'SERVER_APP_NAME': 'Trae', 'VSCODE_IPC_HOOK_CLI': '/run/user/1002/vscode-ipc-fc304ad6-3f63-4000-8969-2899da6a7111.sock', 'OS_RELEASE_ID': 'ubuntu', 'ROS_PYTHON_VERSION': '3', 'TRAE_RESOLVE_TYPE': 'ssh', 'VSCODE_GIT_ASKPASS_MAIN': '/home/pi/.trae-server/bin/stable-84967093b3105381f26e13eca4ab8af60e8f40db-debian10/extensions/git/dist/askpass-main.js', 'SERVER_DOWNLOAD_PREFIX': 'https://lf-cdn.trae.com.cn/obj/trae-com-cn/pkg/server/releases/stable/84967093b3105381f26e13eca4ab8af60e8f40db/linux-debian10/', 'VSCODE_GIT_ASKPASS_NODE': '/home/pi/.trae-server/bin/stable-84967093b3105381f26e13eca4ab8af60e8f40db-debian10/node', 'NO_USE_FETCH': '', 'VSCODE_PYTHON_AUTOACTIVATE_GUARD': '1', 'SERVER_DIR': '/home/pi/.trae-server/bin/stable-84967093b3105381f26e13eca4ab8af60e8f40db-debian10', 'DBUS_SESSION_BUS_ADDRESS': 'unix:path=/run/user/1002/bus', 'COLORTERM': 'truecolor', 'TRAE_JWT_TOKEN_PATH': '/home/pi/.trae/trae-jwt-token', 'DEBUGINFOD_URLS': 'https://debuginfod.ubuntu.com', 'COLCON_PREFIX_PATH': '/home/pi/Desktop/robot_move/my_base_learn/install', 'ROS_DISTRO': 'jazzy', 'LOGNAME': 'pi', '_': '/usr/bin/colcon', 'ROS_VERSION': '2', 'TRAE_REMOTE_SKIP_REMOTE_CHECK': '', 'XDG_SESSION_CLASS': 'user', 'TERM': 'xterm-256color', 'DISTRO_VERSION': '1.107.1', 'XDG_SESSION_ID': '3', 'SERVER_INITIAL_EXTENSIONS': '', 'EXTRACT_RETRY_COUNT': '0', 'TRAE_DETECT_COUNTRY_CODE': '', 'AHA_RUNTIME_DIR': '/home/pi/.trae-server/socks/2067/8496709', 'vscode_base_dir': '/home/pi/.trae-server', 'PATH': '/opt/ros/jazzy/bin:/home/pi/.trae-server/bin/stable-84967093b3105381f26e13eca4ab8af60e8f40db-debian10/bin/remote-cli:/usr/local/sbin:/usr/local/bin:/usr/sbin:/usr/bin:/sbin:/bin:/usr/games:/usr/local/games:/snap/bin', 'PLATFORM': 'linux', 'DISTRO_QUALITY': 'stable', 'XDG_RUNTIME_DIR': '/run/user/1002', 'SERVER_SCRIPT': '/home/pi/.trae-server/bin/stable-84967093b3105381f26e13eca4ab8af60e8f40db-debian10/index_trae.js', 'LANG': 'en_US.UTF-8', 'SERVER_PIDFILE': '/home/pi/.trae-server/.stable-84967093b3105381f26e13eca4ab8af60e8f40db-21a76510.pid', 'SERVER_LOGS_DIR': '/home/pi/.trae-server/logs', 'TRAE_BRAND_NAME': 'Trae', 'DOWNLOAD_RETRY_COUNT': '0', 'VSCODE_GIT_IPC_HANDLE': '/run/user/1002/vscode-git-f128588436.sock', 'TERM_PROGRAM': 'vscode', 'AMENT_PREFIX_PATH': '/home/pi/Desktop/robot_move/my_base_learn/install/tbot_description:/home/pi/Desktop/robot_move/my_base_learn/install/robot_control:/home/pi/Desktop/robot_move/my_base_learn/install/my_base:/home/pi/Desktop/robot_move/my_base_learn/install/lslidar_driver:/home/pi/Desktop/robot_move/my_base_learn/install/lslidar_msgs:/home/pi/Desktop/robot_move/my_base_learn/install/lidar_test:/opt/ros/jazzy', 'SHELL': '/bin/bash', 'SERVER_HOST': '127.0.0.1', 'SERVER_LOGFILE': '/home/pi/.trae-server/.stable-84967093b3105381f26e13eca4ab8af60e8f40db-21a76510.log', 'TRAE_STORE_REGION': 'SG', 'DISTRO_VSCODIUM_RELEASE': '', 'TMP_DIR': '/run/user/1002', 'SERVER_TOKENFILE': '/home/pi/.trae-server/.stable-84967093b3105381f26e13eca4ab8af60e8f40db-21a76510.token', 'ROS_AUTOMATIC_DISCOVERY_RANGE': 'SUBNET', 'VSCODE_GIT_ASKPASS_EXTRA_ARGS': '', 'TRAE_REMOTE_EXTENSION_REGION': 'cn', 'SERVER_EXTENSIONS_DIR': '/home/pi/.trae-server/extensions', 'PWD': '/home/pi/Desktop/robot_move/my_base_learn/build/my_base', 'LC_ALL': 'en_US.UTF-8', 'SERVER_APP_VERSION': '', 'TERM_PRODUCT': 'Trae', 'SSH_CONNECTION': '10.16.89.17 62631 10.16.89.13 22', 'XDG_DATA_DIRS': '/usr/share/gnome:/usr/local/share:/usr/share:/var/lib/snapd/desktop', 'SERVER_ARCH': 'arm64', 'PYTHONPATH': '/home/pi/Desktop/robot_move/my_base_learn/install/robot_control/lib/python3.12/site-packages:/home/pi/Desktop/robot_move/my_base_learn/install/lslidar_msgs/lib/python3.12/site-packages:/home/pi/Desktop/robot_move/my_base_learn/install/lidar_test/lib/python3.12/site-packages:/opt/ros/jazzy/lib/python3.12/site-packages', 'TRAE_DETECT_REGION': 'CN', 'COLCON': '1', 'SERVER_APP_QUALITY': 'stable', 'SERVER_DATA_DIR': '/home/pi/.trae-server', 'REMOTE_VERSION': '1146106025986_3', 'CMAKE_PREFIX_PATH': '/home/pi/Desktop/robot_move/my_base_learn/install/tbot_description:/home/pi/Desktop/robot_move/my_base_learn/install/my_base:/home/pi/Desktop/robot_move/my_base_learn/install/lslidar_driver:/home/pi/Desktop/robot_move/my_base_learn/install/lslidar_msgs:/opt/ros/jazzy/opt/gz_math_vendor:/opt/ros/jazzy/opt/gz_utils_vendor:/opt/ros/jazzy/opt/gz_cmake_vendor:/home/pi/Desktop/robot_move/my_base_learn/install/robot_control:/home/pi/Desktop/robot_move/my_base_learn/install/lidar_test:/opt/ros/jazzy'}), 'shell': False}
[18.488523] (my_base) StdoutLine: {'line': b'-- Install configuration: ""\n'}
[18.489319] (my_base) StdoutLine: {'line': b'-- Installing: /home/pi/Desktop/robot_move/my_base_learn/install/my_base/lib/my_base/my_base\n'}
[18.489582] (-) TimerEvent: {}
[18.507639] (my_base) StdoutLine: {'line': b'-- Set non-toolchain portion of runtime path of "/home/pi/Desktop/robot_move/my_base_learn/install/my_base/lib/my_base/my_base" to ""\n'}
[18.509638] (my_base) StdoutLine: {'line': b'-- Installing: /home/pi/Desktop/robot_move/my_base_learn/install/my_base/share/ament_index/resource_index/package_run_dependencies/my_base\n'}
[18.509999] (my_base) StdoutLine: {'line': b'-- Installing: /home/pi/Desktop/robot_move/my_base_learn/install/my_base/share/ament_index/resource_index/parent_prefix_path/my_base\n'}
[18.510250] (my_base) StdoutLine: {'line': b'-- Installing: /home/pi/Desktop/robot_move/my_base_learn/install/my_base/share/my_base/environment/ament_prefix_path.sh\n'}
[18.510445] (my_base) StdoutLine: {'line': b'-- Installing: /home/pi/Desktop/robot_move/my_base_learn/install/my_base/share/my_base/environment/ament_prefix_path.dsv\n'}
[18.510798] (my_base) StdoutLine: {'line': b'-- Installing: /home/pi/Desktop/robot_move/my_base_learn/install/my_base/share/my_base/environment/path.sh\n'}
[18.511125] (my_base) StdoutLine: {'line': b'-- Installing: /home/pi/Desktop/robot_move/my_base_learn/install/my_base/share/my_base/environment/path.dsv\n'}
[18.511364] (my_base) StdoutLine: {'line': b'-- Installing: /home/pi/Desktop/robot_move/my_base_learn/install/my_base/share/my_base/local_setup.bash\n'}
[18.511590] (my_base) StdoutLine: {'line': b'-- Installing: /home/pi/Desktop/robot_move/my_base_learn/install/my_base/share/my_base/local_setup.sh\n'}
[18.511785] (my_base) StdoutLine: {'line': b'-- Installing: /home/pi/Desktop/robot_move/my_base_learn/install/my_base/share/my_base/local_setup.zsh\n'}
[18.512183] (my_base) StdoutLine: {'line': b'-- Installing: /home/pi/Desktop/robot_move/my_base_learn/install/my_base/share/my_base/local_setup.dsv\n'}
[18.512413] (my_base) StdoutLine: {'line': b'-- Installing: /home/pi/Desktop/robot_move/my_base_learn/install/my_base/share/my_base/package.dsv\n'}
[18.512636] (my_base) StdoutLine: {'line': b'-- Installing: /home/pi/Desktop/robot_move/my_base_learn/install/my_base/share/ament_index/resource_index/packages/my_base\n'}
[18.512814] (my_base) StdoutLine: {'line': b'-- Installing: /home/pi/Desktop/robot_move/my_base_learn/install/my_base/share/my_base/cmake/my_baseConfig.cmake\n'}
[18.513214] (my_base) StdoutLine: {'line': b'-- Installing: /home/pi/Desktop/robot_move/my_base_learn/install/my_base/share/my_base/cmake/my_baseConfig-version.cmake\n'}
[18.513421] (my_base) StdoutLine: {'line': b'-- Installing: /home/pi/Desktop/robot_move/my_base_learn/install/my_base/share/my_base/package.xml\n'}
[18.519212] (my_base) CommandEnded: {'returncode': 0}
[18.589701] (-) TimerEvent: {}
[18.690059] (-) TimerEvent: {}
[18.716586] (my_base) JobEnded: {'identifier': 'my_base', 'rc': 0}
[18.718129] (-) EventReactorShutdown: {}
