-- The C compiler identification is GNU 13.3.0
-- The CXX compiler identification is GNU 13.3.0
-- Detecting C compiler ABI info
-- Detecting C compiler ABI info - done
-- Check for working C compiler: /usr/bin/cc - skipped
-- Detecting C compile features
-- Detecting C compile features - done
-- Detecting CXX compiler ABI info
-- Detecting CXX compiler ABI info - done
-- Check for working CXX compiler: /usr/bin/c++ - skipped
-- Detecting CXX compile features
-- Detecting CXX compile features - done
-- Found Boost: /usr/lib/aarch64-linux-gnu/cmake/Boost-1.83.0/BoostConfig.cmake (found version "1.83.0") found components: thread 
-- Found rclcpp: 28.1.16 (/opt/ros/jazzy/share/rclcpp/cmake)
-- Found Python3: /usr/bin/python3 (found version "3.12.3") found components: Interpreter 
-- Found rosidl_generator_c: 4.6.7 (/opt/ros/jazzy/share/rosidl_generator_c/cmake)
-- Found rosidl_generator_cpp: 4.6.7 (/opt/ros/jazzy/share/rosidl_generator_cpp/cmake)
-- Using all available rosidl_typesupport_c: rosidl_typesupport_fastrtps_c;rosidl_typesupport_introspection_c
-- Using all available rosidl_typesupport_cpp: rosidl_typesupport_fastrtps_cpp;rosidl_typesupport_introspection_cpp
-- Found rmw_implementation_cmake: 7.3.3 (/opt/ros/jazzy/share/rmw_implementation_cmake/cmake)
-- Found rmw_fastrtps_cpp: 8.4.3 (/opt/ros/jazzy/share/rmw_fastrtps_cpp/cmake)
-- Found OpenSSL: /usr/lib/aarch64-linux-gnu/libcrypto.so (found version "3.0.13")  
-- Found FastRTPS: /opt/ros/jazzy/include (Required is at least version "2.13") 
-- Using RMW implementation 'rmw_fastrtps_cpp' as default
-- Found diagnostic_updater: 4.2.6 (/opt/ros/jazzy/share/diagnostic_updater/cmake)
-- Found lslidar_msgs: 1.2.0 (/home/pi/Desktop/robot_move/install/lslidar_msgs/share/lslidar_msgs/cmake)
-- Found pluginlib: 5.4.4 (/opt/ros/jazzy/share/pluginlib/cmake)
-- Found sensor_msgs: 5.3.6 (/opt/ros/jazzy/share/sensor_msgs/cmake)
-- Configuring done (3.3s)
-- Generating done (0.3s)
-- Build files have been written to: /home/pi/Desktop/robot_move/build/lslidar_driver
[ 20%] [32mBuilding CXX object CMakeFiles/lslidar_driver_node.dir/src/lslidar_driver.cc.o[0m
[ 40%] [32mBuilding CXX object CMakeFiles/lslidar_driver_node.dir/src/lslidar_driver_node.cc.o[0m
[ 60%] [32mBuilding CXX object CMakeFiles/lslidar_driver_node.dir/src/lsiosr.cpp.o[0m
[ 80%] [32mBuilding CXX object CMakeFiles/lslidar_driver_node.dir/src/input.cc.o[0m
[100%] [32m[1mLinking CXX executable lslidar_driver_node[0m
[100%] Built target lslidar_driver_node
-- Install configuration: ""
-- Installing: /home/pi/Desktop/robot_move/install/lslidar_driver/share/lslidar_driver/launch
-- Installing: /home/pi/Desktop/robot_move/install/lslidar_driver/share/lslidar_driver/launch/lslidar_double_launch.py
-- Installing: /home/pi/Desktop/robot_move/install/lslidar_driver/share/lslidar_driver/launch/lsn10p_launch.py
-- Installing: /home/pi/Desktop/robot_move/install/lslidar_driver/share/lslidar_driver/launch/viewer_scan_launch.py
-- Installing: /home/pi/Desktop/robot_move/install/lslidar_driver/share/lslidar_driver/params
-- Installing: /home/pi/Desktop/robot_move/install/lslidar_driver/share/lslidar_driver/params/lidar_uart_ros2
-- Installing: /home/pi/Desktop/robot_move/install/lslidar_driver/share/lslidar_driver/params/lidar_uart_ros2/lsn10.yaml
-- Installing: /home/pi/Desktop/robot_move/install/lslidar_driver/share/lslidar_driver/params/lidar_uart_ros2/lsn10p.yaml
-- Installing: /home/pi/Desktop/robot_move/install/lslidar_driver/share/lslidar_driver/rviz
-- Installing: /home/pi/Desktop/robot_move/install/lslidar_driver/share/lslidar_driver/rviz/lslidar.rviz
-- Installing: /home/pi/Desktop/robot_move/install/lslidar_driver/lib/lslidar_driver/lslidar_driver_node
-- Set non-toolchain portion of runtime path of "/home/pi/Desktop/robot_move/install/lslidar_driver/lib/lslidar_driver/lslidar_driver_node" to ""
-- Installing: /home/pi/Desktop/robot_move/install/lslidar_driver/share/ament_index/resource_index/package_run_dependencies/lslidar_driver
-- Installing: /home/pi/Desktop/robot_move/install/lslidar_driver/share/ament_index/resource_index/parent_prefix_path/lslidar_driver
-- Installing: /home/pi/Desktop/robot_move/install/lslidar_driver/share/lslidar_driver/environment/ament_prefix_path.sh
-- Installing: /home/pi/Desktop/robot_move/install/lslidar_driver/share/lslidar_driver/environment/ament_prefix_path.dsv
-- Installing: /home/pi/Desktop/robot_move/install/lslidar_driver/share/lslidar_driver/environment/path.sh
-- Installing: /home/pi/Desktop/robot_move/install/lslidar_driver/share/lslidar_driver/environment/path.dsv
-- Installing: /home/pi/Desktop/robot_move/install/lslidar_driver/share/lslidar_driver/local_setup.bash
-- Installing: /home/pi/Desktop/robot_move/install/lslidar_driver/share/lslidar_driver/local_setup.sh
-- Installing: /home/pi/Desktop/robot_move/install/lslidar_driver/share/lslidar_driver/local_setup.zsh
-- Installing: /home/pi/Desktop/robot_move/install/lslidar_driver/share/lslidar_driver/local_setup.dsv
-- Installing: /home/pi/Desktop/robot_move/install/lslidar_driver/share/lslidar_driver/package.dsv
-- Installing: /home/pi/Desktop/robot_move/install/lslidar_driver/share/ament_index/resource_index/packages/lslidar_driver
-- Installing: /home/pi/Desktop/robot_move/install/lslidar_driver/share/lslidar_driver/cmake/ament_cmake_export_dependencies-extras.cmake
-- Installing: /home/pi/Desktop/robot_move/install/lslidar_driver/share/lslidar_driver/cmake/lslidar_driverConfig.cmake
-- Installing: /home/pi/Desktop/robot_move/install/lslidar_driver/share/lslidar_driver/cmake/lslidar_driverConfig-version.cmake
-- Installing: /home/pi/Desktop/robot_move/install/lslidar_driver/share/lslidar_driver/package.xml
