[0.416s] Invoking command in '/home/pi/Desktop/robot_move/build/my_base': CMAKE_PREFIX_PATH=${CMAKE_PREFIX_PATH}:/home/pi/Desktop/robot_move/my_base_learn/install/robot_control:/home/pi/Desktop/robot_move/my_base_learn/install/lidar_test:/opt/ros/jazzy DEBUGINFOD_URLS=https://debuginfod.ubuntu.com /usr/bin/cmake /home/pi/Desktop/robot_move/my_base_learn/src/my_base -DCMAKE_INSTALL_PREFIX=/home/pi/Desktop/robot_move/install/my_base
[1.117s] -- The C compiler identification is GNU 13.3.0
[2.232s] -- The CXX compiler identification is GNU 13.3.0
[2.320s] -- Detecting C compiler ABI info
[2.668s] -- Detecting C compiler ABI info - done
[2.687s] -- Check for working C compiler: /usr/bin/cc - skipped
[2.687s] -- Detecting C compile features
[2.688s] -- Detecting C compile features - done
[2.721s] -- Detecting CXX compiler ABI info
[2.980s] -- Detecting CXX compiler ABI info - done
[2.995s] -- Check for working CXX compiler: /usr/bin/c++ - skipped
[2.996s] -- Detecting CXX compile features
[2.996s] -- Detecting CXX compile features - done
[3.012s] -- Found ament_cmake: 2.5.5 (/opt/ros/jazzy/share/ament_cmake/cmake)
[3.342s] -- Found Python3: /usr/bin/python3 (found version "3.12.3") found components: Interpreter 
[3.755s] -- Found ament_lint_auto: 0.17.4 (/opt/ros/jazzy/share/ament_lint_auto/cmake)
[4.057s] -- Found rclcpp: 28.1.16 (/opt/ros/jazzy/share/rclcpp/cmake)
[4.162s] -- Found rosidl_generator_c: 4.6.7 (/opt/ros/jazzy/share/rosidl_generator_c/cmake)
[4.188s] -- Found rosidl_generator_cpp: 4.6.7 (/opt/ros/jazzy/share/rosidl_generator_cpp/cmake)
[4.225s] -- Using all available rosidl_typesupport_c: rosidl_typesupport_fastrtps_c;rosidl_typesupport_introspection_c
[4.286s] -- Using all available rosidl_typesupport_cpp: rosidl_typesupport_fastrtps_cpp;rosidl_typesupport_introspection_cpp
[4.668s] -- Found rmw_implementation_cmake: 7.3.3 (/opt/ros/jazzy/share/rmw_implementation_cmake/cmake)
[4.683s] -- Found rmw_fastrtps_cpp: 8.4.3 (/opt/ros/jazzy/share/rmw_fastrtps_cpp/cmake)
[5.190s] -- Found OpenSSL: /usr/lib/aarch64-linux-gnu/libcrypto.so (found version "3.0.13")  
[5.250s] -- Found FastRTPS: /opt/ros/jazzy/include (Required is at least version "2.13") 
[5.304s] -- Using RMW implementation 'rmw_fastrtps_cpp' as default
[5.607s] -- Found geometry_msgs: 5.3.6 (/opt/ros/jazzy/share/geometry_msgs/cmake)
[5.666s] -- Found tf2_geometry_msgs: 0.36.19 (/opt/ros/jazzy/share/tf2_geometry_msgs/cmake)
[5.723s] -- Found eigen3_cmake_module: 0.3.0 (/opt/ros/jazzy/share/eigen3_cmake_module/cmake)
[5.730s] -- Found Eigen3: TRUE (found version "3.4.0") 
[5.730s] -- Ensuring Eigen3 include directory is part of orocos-kdl CMake target
[6.218s] -- Found nav_msgs: 5.3.6 (/opt/ros/jazzy/share/nav_msgs/cmake)
[6.302s] -- Added test 'cppcheck' to perform static code analysis on C / C++ code
[6.303s] -- Configured cppcheck include dirs: 
[6.303s] -- Configured cppcheck exclude dirs and/or files: 
[6.308s] -- Added test 'flake8' to check Python code syntax and style conventions
[6.309s] -- Configured 'flake8' exclude dirs and/or files: 
[6.319s] -- Added test 'lint_cmake' to check CMake code style
[6.324s] -- Added test 'pep257' to check Python code against some of the docstring style conventions in PEP 257
[6.351s] -- Added test 'uncrustify' to check C / C++ code style
[6.351s] -- Configured uncrustify additional arguments: 
[6.362s] -- Added test 'xmllint' to check XML markup files
[6.374s] -- Configuring done (5.9s)
[6.480s] -- Generating done (0.1s)
[6.493s] -- Build files have been written to: /home/pi/Desktop/robot_move/build/my_base
[6.525s] Invoked command in '/home/pi/Desktop/robot_move/build/my_base' returned '0': CMAKE_PREFIX_PATH=${CMAKE_PREFIX_PATH}:/home/pi/Desktop/robot_move/my_base_learn/install/robot_control:/home/pi/Desktop/robot_move/my_base_learn/install/lidar_test:/opt/ros/jazzy DEBUGINFOD_URLS=https://debuginfod.ubuntu.com /usr/bin/cmake /home/pi/Desktop/robot_move/my_base_learn/src/my_base -DCMAKE_INSTALL_PREFIX=/home/pi/Desktop/robot_move/install/my_base
[6.526s] Invoking command in '/home/pi/Desktop/robot_move/build/my_base': CMAKE_PREFIX_PATH=${CMAKE_PREFIX_PATH}:/home/pi/Desktop/robot_move/my_base_learn/install/robot_control:/home/pi/Desktop/robot_move/my_base_learn/install/lidar_test:/opt/ros/jazzy DEBUGINFOD_URLS=https://debuginfod.ubuntu.com /usr/bin/cmake --build /home/pi/Desktop/robot_move/build/my_base -- -j4 -l4
[6.652s] [ 50%] [32mBuilding CXX object CMakeFiles/my_base.dir/src/my_base.cpp.o[0m
[13.263s] In file included from [01m[K/home/pi/Desktop/robot_move/my_base_learn/src/my_base/src/my_base.cpp:1[m[K:
[13.263s] [01m[K/home/pi/Desktop/robot_move/my_base_learn/src/my_base/src/bot_serial.h:[m[K In member function ‘[01m[Kbool turn_on_robot::[01;32m[KGet_Sensor_Data_New[m[K()[m[K’:
[13.263s] [01m[K/home/pi/Desktop/robot_move/my_base_learn/src/my_base/src/bot_serial.h:138:20:[m[K [01;35m[Kwarning: [m[Kunused variable ‘[01m[Kerror[m[K’ [[01;35m[K]8;;https://gcc.gnu.org/onlinedocs/gcc/Warning-Options.html#index-Wunused-variable-Wunused-variable]8;;[m[K]
[13.263s]   138 |   uint8_t check=0, [01;35m[Kerror[m[K=1;
[13.263s]       |                    [01;35m[K^~~~~[m[K
[29.378s] [100%] [32m[1mLinking CXX executable my_base[0m
[31.341s] [100%] Built target my_base
[31.372s] Invoked command in '/home/pi/Desktop/robot_move/build/my_base' returned '0': CMAKE_PREFIX_PATH=${CMAKE_PREFIX_PATH}:/home/pi/Desktop/robot_move/my_base_learn/install/robot_control:/home/pi/Desktop/robot_move/my_base_learn/install/lidar_test:/opt/ros/jazzy DEBUGINFOD_URLS=https://debuginfod.ubuntu.com /usr/bin/cmake --build /home/pi/Desktop/robot_move/build/my_base -- -j4 -l4
[31.373s] Invoking command in '/home/pi/Desktop/robot_move/build/my_base': CMAKE_PREFIX_PATH=${CMAKE_PREFIX_PATH}:/home/pi/Desktop/robot_move/my_base_learn/install/robot_control:/home/pi/Desktop/robot_move/my_base_learn/install/lidar_test:/opt/ros/jazzy DEBUGINFOD_URLS=https://debuginfod.ubuntu.com /usr/bin/cmake --install /home/pi/Desktop/robot_move/build/my_base
[31.401s] -- Install configuration: ""
[31.402s] -- Installing: /home/pi/Desktop/robot_move/install/my_base/lib/my_base/my_base
[31.430s] -- Set non-toolchain portion of runtime path of "/home/pi/Desktop/robot_move/install/my_base/lib/my_base/my_base" to "/usr/local/lib:/opt/ros/jazzy/lib"
[31.432s] -- Installing: /home/pi/Desktop/robot_move/install/my_base/share/ament_index/resource_index/package_run_dependencies/my_base
[31.434s] -- Installing: /home/pi/Desktop/robot_move/install/my_base/share/ament_index/resource_index/parent_prefix_path/my_base
[31.435s] -- Installing: /home/pi/Desktop/robot_move/install/my_base/share/my_base/environment/ament_prefix_path.sh
[31.436s] -- Installing: /home/pi/Desktop/robot_move/install/my_base/share/my_base/environment/ament_prefix_path.dsv
[31.438s] -- Installing: /home/pi/Desktop/robot_move/install/my_base/share/my_base/environment/path.sh
[31.438s] -- Installing: /home/pi/Desktop/robot_move/install/my_base/share/my_base/environment/path.dsv
[31.439s] -- Installing: /home/pi/Desktop/robot_move/install/my_base/share/my_base/local_setup.bash
[31.439s] -- Installing: /home/pi/Desktop/robot_move/install/my_base/share/my_base/local_setup.sh
[31.440s] -- Installing: /home/pi/Desktop/robot_move/install/my_base/share/my_base/local_setup.zsh
[31.442s] -- Installing: /home/pi/Desktop/robot_move/install/my_base/share/my_base/local_setup.dsv
[31.443s] -- Installing: /home/pi/Desktop/robot_move/install/my_base/share/my_base/package.dsv
[31.444s] -- Installing: /home/pi/Desktop/robot_move/install/my_base/share/ament_index/resource_index/packages/my_base
[31.446s] -- Installing: /home/pi/Desktop/robot_move/install/my_base/share/my_base/cmake/my_baseConfig.cmake
[31.450s] -- Installing: /home/pi/Desktop/robot_move/install/my_base/share/my_base/cmake/my_baseConfig-version.cmake
[31.451s] -- Installing: /home/pi/Desktop/robot_move/install/my_base/share/my_base/package.xml
[31.457s] Invoked command in '/home/pi/Desktop/robot_move/build/my_base' returned '0': CMAKE_PREFIX_PATH=${CMAKE_PREFIX_PATH}:/home/pi/Desktop/robot_move/my_base_learn/install/robot_control:/home/pi/Desktop/robot_move/my_base_learn/install/lidar_test:/opt/ros/jazzy DEBUGINFOD_URLS=https://debuginfod.ubuntu.com /usr/bin/cmake --install /home/pi/Desktop/robot_move/build/my_base
