[0.508s] DEBUG:colcon:Command line arguments: ['/usr/bin/colcon', 'build']
[0.508s] DEBUG:colcon:Parsed command line arguments: Namespace(log_base=None, log_level=None, verb_name='build', build_base='build', install_base='install', merge_install=False, symlink_install=False, test_result_base=None, continue_on_error=False, executor='parallel', parallel_workers=4, event_handlers=None, ignore_user_meta=False, metas=['./colcon.meta'], base_paths=['.'], packages_ignore=None, packages_ignore_regex=None, paths=None, packages_up_to=None, packages_up_to_regex=None, packages_above=None, packages_above_and_dependencies=None, packages_above_depth=None, packages_select_by_dep=None, packages_skip_by_dep=None, packages_skip_up_to=None, packages_select_build_failed=False, packages_skip_build_finished=False, packages_select_test_failures=False, packages_skip_test_passed=False, packages_select=None, packages_skip=None, packages_select_regex=None, packages_skip_regex=None, packages_start=None, packages_end=None, allow_overriding=[], cmake_args=None, cmake_target=None, cmake_target_skip_unavailable=False, cmake_clean_cache=False, cmake_clean_first=False, cmake_force_configure=False, ament_cmake_args=None, catkin_cmake_args=None, catkin_skip_building_tests=False, verb_parser=<colcon_defaults.argument_parser.defaults.DefaultArgumentsDecorator object at 0xffff9fd0e1e0>, verb_extension=<colcon_core.verb.build.BuildVerb object at 0xffff9fd0d520>, main=<bound method BuildVerb.main of <colcon_core.verb.build.BuildVerb object at 0xffff9fd0d520>>)
[0.774s] Level 1:colcon.colcon_core.package_discovery:discover_packages(colcon_meta) check parameters
[0.775s] Level 1:colcon.colcon_core.package_discovery:discover_packages(recursive) check parameters
[0.775s] Level 1:colcon.colcon_core.package_discovery:discover_packages(ignore) check parameters
[0.775s] Level 1:colcon.colcon_core.package_discovery:discover_packages(path) check parameters
[0.775s] Level 1:colcon.colcon_core.package_discovery:discover_packages(colcon_meta) discover
[0.775s] Level 1:colcon.colcon_core.package_discovery:discover_packages(recursive) discover
[0.775s] INFO:colcon.colcon_core.package_discovery:Crawling recursively for packages in '/home/pi/Desktop/robot_move'
[0.775s] Level 1:colcon.colcon_core.package_identification:_identify(.) by extensions ['ignore', 'ignore_ament_install']
[0.776s] Level 1:colcon.colcon_core.package_identification:_identify(.) by extension 'ignore'
[0.776s] Level 1:colcon.colcon_core.package_identification:_identify(.) by extension 'ignore_ament_install'
[0.776s] Level 1:colcon.colcon_core.package_identification:_identify(.) by extensions ['colcon_pkg']
[0.776s] Level 1:colcon.colcon_core.package_identification:_identify(.) by extension 'colcon_pkg'
[0.776s] Level 1:colcon.colcon_core.package_identification:_identify(.) by extensions ['colcon_meta']
[0.776s] Level 1:colcon.colcon_core.package_identification:_identify(.) by extension 'colcon_meta'
[0.776s] Level 1:colcon.colcon_core.package_identification:_identify(.) by extensions ['ros']
[0.776s] Level 1:colcon.colcon_core.package_identification:_identify(.) by extension 'ros'
[0.927s] Level 1:colcon.colcon_core.package_identification:_identify(.) by extensions ['cmake', 'python']
[0.928s] Level 1:colcon.colcon_core.package_identification:_identify(.) by extension 'cmake'
[0.928s] Level 1:colcon.colcon_core.package_identification:_identify(.) by extension 'python'
[0.928s] Level 1:colcon.colcon_core.package_identification:_identify(.) by extensions ['python_setup_py']
[0.928s] Level 1:colcon.colcon_core.package_identification:_identify(.) by extension 'python_setup_py'
[0.928s] Level 1:colcon.colcon_core.package_identification:_identify(build) by extensions ['ignore', 'ignore_ament_install']
[0.928s] Level 1:colcon.colcon_core.package_identification:_identify(build) by extension 'ignore'
[0.928s] Level 1:colcon.colcon_core.package_identification:_identify(build) ignored
[0.928s] Level 1:colcon.colcon_core.package_identification:_identify(install) by extensions ['ignore', 'ignore_ament_install']
[0.928s] Level 1:colcon.colcon_core.package_identification:_identify(install) by extension 'ignore'
[0.929s] Level 1:colcon.colcon_core.package_identification:_identify(install) ignored
[0.929s] Level 1:colcon.colcon_core.package_identification:_identify(log) by extensions ['ignore', 'ignore_ament_install']
[0.929s] Level 1:colcon.colcon_core.package_identification:_identify(log) by extension 'ignore'
[0.929s] Level 1:colcon.colcon_core.package_identification:_identify(log) ignored
[0.929s] Level 1:colcon.colcon_core.package_identification:_identify(my_base_learn) by extensions ['ignore', 'ignore_ament_install']
[0.929s] Level 1:colcon.colcon_core.package_identification:_identify(my_base_learn) by extension 'ignore'
[0.929s] Level 1:colcon.colcon_core.package_identification:_identify(my_base_learn) by extension 'ignore_ament_install'
[0.929s] Level 1:colcon.colcon_core.package_identification:_identify(my_base_learn) by extensions ['colcon_pkg']
[0.929s] Level 1:colcon.colcon_core.package_identification:_identify(my_base_learn) by extension 'colcon_pkg'
[0.929s] Level 1:colcon.colcon_core.package_identification:_identify(my_base_learn) by extensions ['colcon_meta']
[0.929s] Level 1:colcon.colcon_core.package_identification:_identify(my_base_learn) by extension 'colcon_meta'
[0.929s] Level 1:colcon.colcon_core.package_identification:_identify(my_base_learn) by extensions ['ros']
[0.929s] Level 1:colcon.colcon_core.package_identification:_identify(my_base_learn) by extension 'ros'
[0.930s] Level 1:colcon.colcon_core.package_identification:_identify(my_base_learn) by extensions ['cmake', 'python']
[0.930s] Level 1:colcon.colcon_core.package_identification:_identify(my_base_learn) by extension 'cmake'
[0.930s] Level 1:colcon.colcon_core.package_identification:_identify(my_base_learn) by extension 'python'
[0.930s] Level 1:colcon.colcon_core.package_identification:_identify(my_base_learn) by extensions ['python_setup_py']
[0.930s] Level 1:colcon.colcon_core.package_identification:_identify(my_base_learn) by extension 'python_setup_py'
[0.930s] Level 1:colcon.colcon_core.package_identification:_identify(my_base_learn/build) by extensions ['ignore', 'ignore_ament_install']
[0.930s] Level 1:colcon.colcon_core.package_identification:_identify(my_base_learn/build) by extension 'ignore'
[0.930s] Level 1:colcon.colcon_core.package_identification:_identify(my_base_learn/build) ignored
[0.930s] Level 1:colcon.colcon_core.package_identification:_identify(my_base_learn/install) by extensions ['ignore', 'ignore_ament_install']
[0.930s] Level 1:colcon.colcon_core.package_identification:_identify(my_base_learn/install) by extension 'ignore'
[0.930s] Level 1:colcon.colcon_core.package_identification:_identify(my_base_learn/install) ignored
[0.931s] Level 1:colcon.colcon_core.package_identification:_identify(my_base_learn/log) by extensions ['ignore', 'ignore_ament_install']
[0.931s] Level 1:colcon.colcon_core.package_identification:_identify(my_base_learn/log) by extension 'ignore'
[0.931s] Level 1:colcon.colcon_core.package_identification:_identify(my_base_learn/log) ignored
[0.931s] Level 1:colcon.colcon_core.package_identification:_identify(my_base_learn/src) by extensions ['ignore', 'ignore_ament_install']
[0.931s] Level 1:colcon.colcon_core.package_identification:_identify(my_base_learn/src) by extension 'ignore'
[0.931s] Level 1:colcon.colcon_core.package_identification:_identify(my_base_learn/src) by extension 'ignore_ament_install'
[0.931s] Level 1:colcon.colcon_core.package_identification:_identify(my_base_learn/src) by extensions ['colcon_pkg']
[0.931s] Level 1:colcon.colcon_core.package_identification:_identify(my_base_learn/src) by extension 'colcon_pkg'
[0.931s] Level 1:colcon.colcon_core.package_identification:_identify(my_base_learn/src) by extensions ['colcon_meta']
[0.931s] Level 1:colcon.colcon_core.package_identification:_identify(my_base_learn/src) by extension 'colcon_meta'
[0.931s] Level 1:colcon.colcon_core.package_identification:_identify(my_base_learn/src) by extensions ['ros']
[0.931s] Level 1:colcon.colcon_core.package_identification:_identify(my_base_learn/src) by extension 'ros'
[0.931s] Level 1:colcon.colcon_core.package_identification:_identify(my_base_learn/src) by extensions ['cmake', 'python']
[0.931s] Level 1:colcon.colcon_core.package_identification:_identify(my_base_learn/src) by extension 'cmake'
[0.931s] Level 1:colcon.colcon_core.package_identification:_identify(my_base_learn/src) by extension 'python'
[0.932s] Level 1:colcon.colcon_core.package_identification:_identify(my_base_learn/src) by extensions ['python_setup_py']
[0.932s] Level 1:colcon.colcon_core.package_identification:_identify(my_base_learn/src) by extension 'python_setup_py'
[0.932s] Level 1:colcon.colcon_core.package_identification:_identify(my_base_learn/src/lidar_test) by extensions ['ignore', 'ignore_ament_install']
[0.932s] Level 1:colcon.colcon_core.package_identification:_identify(my_base_learn/src/lidar_test) by extension 'ignore'
[0.932s] Level 1:colcon.colcon_core.package_identification:_identify(my_base_learn/src/lidar_test) by extension 'ignore_ament_install'
[0.932s] Level 1:colcon.colcon_core.package_identification:_identify(my_base_learn/src/lidar_test) by extensions ['colcon_pkg']
[0.932s] Level 1:colcon.colcon_core.package_identification:_identify(my_base_learn/src/lidar_test) by extension 'colcon_pkg'
[0.932s] Level 1:colcon.colcon_core.package_identification:_identify(my_base_learn/src/lidar_test) by extensions ['colcon_meta']
[0.932s] Level 1:colcon.colcon_core.package_identification:_identify(my_base_learn/src/lidar_test) by extension 'colcon_meta'
[0.932s] Level 1:colcon.colcon_core.package_identification:_identify(my_base_learn/src/lidar_test) by extensions ['ros']
[0.932s] Level 1:colcon.colcon_core.package_identification:_identify(my_base_learn/src/lidar_test) by extension 'ros'
[0.939s] DEBUG:colcon.colcon_core.package_identification:Package 'my_base_learn/src/lidar_test' with type 'ros.ament_python' and name 'lidar_test'
[0.939s] Level 1:colcon.colcon_core.package_identification:_identify(my_base_learn/src/lslidar_driver) by extensions ['ignore', 'ignore_ament_install']
[0.939s] Level 1:colcon.colcon_core.package_identification:_identify(my_base_learn/src/lslidar_driver) by extension 'ignore'
[0.939s] Level 1:colcon.colcon_core.package_identification:_identify(my_base_learn/src/lslidar_driver) by extension 'ignore_ament_install'
[0.939s] Level 1:colcon.colcon_core.package_identification:_identify(my_base_learn/src/lslidar_driver) by extensions ['colcon_pkg']
[0.939s] Level 1:colcon.colcon_core.package_identification:_identify(my_base_learn/src/lslidar_driver) by extension 'colcon_pkg'
[0.939s] Level 1:colcon.colcon_core.package_identification:_identify(my_base_learn/src/lslidar_driver) by extensions ['colcon_meta']
[0.939s] Level 1:colcon.colcon_core.package_identification:_identify(my_base_learn/src/lslidar_driver) by extension 'colcon_meta'
[0.939s] Level 1:colcon.colcon_core.package_identification:_identify(my_base_learn/src/lslidar_driver) by extensions ['ros']
[0.939s] Level 1:colcon.colcon_core.package_identification:_identify(my_base_learn/src/lslidar_driver) by extension 'ros'
[0.939s] Level 1:colcon.colcon_core.package_identification:_identify(my_base_learn/src/lslidar_driver) by extensions ['cmake', 'python']
[0.940s] Level 1:colcon.colcon_core.package_identification:_identify(my_base_learn/src/lslidar_driver) by extension 'cmake'
[0.940s] Level 1:colcon.colcon_core.package_identification:_identify(my_base_learn/src/lslidar_driver) by extension 'python'
[0.940s] Level 1:colcon.colcon_core.package_identification:_identify(my_base_learn/src/lslidar_driver) by extensions ['python_setup_py']
[0.940s] Level 1:colcon.colcon_core.package_identification:_identify(my_base_learn/src/lslidar_driver) by extension 'python_setup_py'
[0.940s] Level 1:colcon.colcon_core.package_identification:_identify(my_base_learn/src/lslidar_driver/LSLIDAR_X_ROS2-20240228) by extensions ['ignore', 'ignore_ament_install']
[0.940s] Level 1:colcon.colcon_core.package_identification:_identify(my_base_learn/src/lslidar_driver/LSLIDAR_X_ROS2-20240228) by extension 'ignore'
[0.940s] Level 1:colcon.colcon_core.package_identification:_identify(my_base_learn/src/lslidar_driver/LSLIDAR_X_ROS2-20240228) by extension 'ignore_ament_install'
[0.940s] Level 1:colcon.colcon_core.package_identification:_identify(my_base_learn/src/lslidar_driver/LSLIDAR_X_ROS2-20240228) by extensions ['colcon_pkg']
[0.940s] Level 1:colcon.colcon_core.package_identification:_identify(my_base_learn/src/lslidar_driver/LSLIDAR_X_ROS2-20240228) by extension 'colcon_pkg'
[0.940s] Level 1:colcon.colcon_core.package_identification:_identify(my_base_learn/src/lslidar_driver/LSLIDAR_X_ROS2-20240228) by extensions ['colcon_meta']
[0.940s] Level 1:colcon.colcon_core.package_identification:_identify(my_base_learn/src/lslidar_driver/LSLIDAR_X_ROS2-20240228) by extension 'colcon_meta'
[0.940s] Level 1:colcon.colcon_core.package_identification:_identify(my_base_learn/src/lslidar_driver/LSLIDAR_X_ROS2-20240228) by extensions ['ros']
[0.940s] Level 1:colcon.colcon_core.package_identification:_identify(my_base_learn/src/lslidar_driver/LSLIDAR_X_ROS2-20240228) by extension 'ros'
[0.940s] Level 1:colcon.colcon_core.package_identification:_identify(my_base_learn/src/lslidar_driver/LSLIDAR_X_ROS2-20240228) by extensions ['cmake', 'python']
[0.940s] Level 1:colcon.colcon_core.package_identification:_identify(my_base_learn/src/lslidar_driver/LSLIDAR_X_ROS2-20240228) by extension 'cmake'
[0.941s] Level 1:colcon.colcon_core.package_identification:_identify(my_base_learn/src/lslidar_driver/LSLIDAR_X_ROS2-20240228) by extension 'python'
[0.941s] Level 1:colcon.colcon_core.package_identification:_identify(my_base_learn/src/lslidar_driver/LSLIDAR_X_ROS2-20240228) by extensions ['python_setup_py']
[0.941s] Level 1:colcon.colcon_core.package_identification:_identify(my_base_learn/src/lslidar_driver/LSLIDAR_X_ROS2-20240228) by extension 'python_setup_py'
[0.941s] Level 1:colcon.colcon_core.package_identification:_identify(my_base_learn/src/lslidar_driver/LSLIDAR_X_ROS2-20240228/src) by extensions ['ignore', 'ignore_ament_install']
[0.941s] Level 1:colcon.colcon_core.package_identification:_identify(my_base_learn/src/lslidar_driver/LSLIDAR_X_ROS2-20240228/src) by extension 'ignore'
[0.941s] Level 1:colcon.colcon_core.package_identification:_identify(my_base_learn/src/lslidar_driver/LSLIDAR_X_ROS2-20240228/src) by extension 'ignore_ament_install'
[0.941s] Level 1:colcon.colcon_core.package_identification:_identify(my_base_learn/src/lslidar_driver/LSLIDAR_X_ROS2-20240228/src) by extensions ['colcon_pkg']
[0.941s] Level 1:colcon.colcon_core.package_identification:_identify(my_base_learn/src/lslidar_driver/LSLIDAR_X_ROS2-20240228/src) by extension 'colcon_pkg'
[0.941s] Level 1:colcon.colcon_core.package_identification:_identify(my_base_learn/src/lslidar_driver/LSLIDAR_X_ROS2-20240228/src) by extensions ['colcon_meta']
[0.941s] Level 1:colcon.colcon_core.package_identification:_identify(my_base_learn/src/lslidar_driver/LSLIDAR_X_ROS2-20240228/src) by extension 'colcon_meta'
[0.941s] Level 1:colcon.colcon_core.package_identification:_identify(my_base_learn/src/lslidar_driver/LSLIDAR_X_ROS2-20240228/src) by extensions ['ros']
[0.941s] Level 1:colcon.colcon_core.package_identification:_identify(my_base_learn/src/lslidar_driver/LSLIDAR_X_ROS2-20240228/src) by extension 'ros'
[0.941s] Level 1:colcon.colcon_core.package_identification:_identify(my_base_learn/src/lslidar_driver/LSLIDAR_X_ROS2-20240228/src) by extensions ['cmake', 'python']
[0.941s] Level 1:colcon.colcon_core.package_identification:_identify(my_base_learn/src/lslidar_driver/LSLIDAR_X_ROS2-20240228/src) by extension 'cmake'
[0.941s] Level 1:colcon.colcon_core.package_identification:_identify(my_base_learn/src/lslidar_driver/LSLIDAR_X_ROS2-20240228/src) by extension 'python'
[0.941s] Level 1:colcon.colcon_core.package_identification:_identify(my_base_learn/src/lslidar_driver/LSLIDAR_X_ROS2-20240228/src) by extensions ['python_setup_py']
[0.941s] Level 1:colcon.colcon_core.package_identification:_identify(my_base_learn/src/lslidar_driver/LSLIDAR_X_ROS2-20240228/src) by extension 'python_setup_py'
[0.942s] Level 1:colcon.colcon_core.package_identification:_identify(my_base_learn/src/lslidar_driver/LSLIDAR_X_ROS2-20240228/src/lslidar_driver) by extensions ['ignore', 'ignore_ament_install']
[0.942s] Level 1:colcon.colcon_core.package_identification:_identify(my_base_learn/src/lslidar_driver/LSLIDAR_X_ROS2-20240228/src/lslidar_driver) by extension 'ignore'
[0.942s] Level 1:colcon.colcon_core.package_identification:_identify(my_base_learn/src/lslidar_driver/LSLIDAR_X_ROS2-20240228/src/lslidar_driver) by extension 'ignore_ament_install'
[0.942s] Level 1:colcon.colcon_core.package_identification:_identify(my_base_learn/src/lslidar_driver/LSLIDAR_X_ROS2-20240228/src/lslidar_driver) by extensions ['colcon_pkg']
[0.942s] Level 1:colcon.colcon_core.package_identification:_identify(my_base_learn/src/lslidar_driver/LSLIDAR_X_ROS2-20240228/src/lslidar_driver) by extension 'colcon_pkg'
[0.942s] Level 1:colcon.colcon_core.package_identification:_identify(my_base_learn/src/lslidar_driver/LSLIDAR_X_ROS2-20240228/src/lslidar_driver) by extensions ['colcon_meta']
[0.942s] Level 1:colcon.colcon_core.package_identification:_identify(my_base_learn/src/lslidar_driver/LSLIDAR_X_ROS2-20240228/src/lslidar_driver) by extension 'colcon_meta'
[0.942s] Level 1:colcon.colcon_core.package_identification:_identify(my_base_learn/src/lslidar_driver/LSLIDAR_X_ROS2-20240228/src/lslidar_driver) by extensions ['ros']
[0.942s] Level 1:colcon.colcon_core.package_identification:_identify(my_base_learn/src/lslidar_driver/LSLIDAR_X_ROS2-20240228/src/lslidar_driver) by extension 'ros'
[0.944s] DEBUG:colcon.colcon_core.package_identification:Package 'my_base_learn/src/lslidar_driver/LSLIDAR_X_ROS2-20240228/src/lslidar_driver' with type 'ros.ament_cmake' and name 'lslidar_driver'
[0.944s] Level 1:colcon.colcon_core.package_identification:_identify(my_base_learn/src/lslidar_driver/LSLIDAR_X_ROS2-20240228/src/lslidar_msgs) by extensions ['ignore', 'ignore_ament_install']
[0.944s] Level 1:colcon.colcon_core.package_identification:_identify(my_base_learn/src/lslidar_driver/LSLIDAR_X_ROS2-20240228/src/lslidar_msgs) by extension 'ignore'
[0.944s] Level 1:colcon.colcon_core.package_identification:_identify(my_base_learn/src/lslidar_driver/LSLIDAR_X_ROS2-20240228/src/lslidar_msgs) by extension 'ignore_ament_install'
[0.944s] Level 1:colcon.colcon_core.package_identification:_identify(my_base_learn/src/lslidar_driver/LSLIDAR_X_ROS2-20240228/src/lslidar_msgs) by extensions ['colcon_pkg']
[0.944s] Level 1:colcon.colcon_core.package_identification:_identify(my_base_learn/src/lslidar_driver/LSLIDAR_X_ROS2-20240228/src/lslidar_msgs) by extension 'colcon_pkg'
[0.944s] Level 1:colcon.colcon_core.package_identification:_identify(my_base_learn/src/lslidar_driver/LSLIDAR_X_ROS2-20240228/src/lslidar_msgs) by extensions ['colcon_meta']
[0.944s] Level 1:colcon.colcon_core.package_identification:_identify(my_base_learn/src/lslidar_driver/LSLIDAR_X_ROS2-20240228/src/lslidar_msgs) by extension 'colcon_meta'
[0.944s] Level 1:colcon.colcon_core.package_identification:_identify(my_base_learn/src/lslidar_driver/LSLIDAR_X_ROS2-20240228/src/lslidar_msgs) by extensions ['ros']
[0.944s] Level 1:colcon.colcon_core.package_identification:_identify(my_base_learn/src/lslidar_driver/LSLIDAR_X_ROS2-20240228/src/lslidar_msgs) by extension 'ros'
[0.946s] DEBUG:colcon.colcon_core.package_identification:Package 'my_base_learn/src/lslidar_driver/LSLIDAR_X_ROS2-20240228/src/lslidar_msgs' with type 'ros.ament_cmake' and name 'lslidar_msgs'
[0.946s] Level 1:colcon.colcon_core.package_identification:_identify(my_base_learn/src/my_base) by extensions ['ignore', 'ignore_ament_install']
[0.946s] Level 1:colcon.colcon_core.package_identification:_identify(my_base_learn/src/my_base) by extension 'ignore'
[0.946s] Level 1:colcon.colcon_core.package_identification:_identify(my_base_learn/src/my_base) by extension 'ignore_ament_install'
[0.946s] Level 1:colcon.colcon_core.package_identification:_identify(my_base_learn/src/my_base) by extensions ['colcon_pkg']
[0.946s] Level 1:colcon.colcon_core.package_identification:_identify(my_base_learn/src/my_base) by extension 'colcon_pkg'
[0.946s] Level 1:colcon.colcon_core.package_identification:_identify(my_base_learn/src/my_base) by extensions ['colcon_meta']
[0.946s] Level 1:colcon.colcon_core.package_identification:_identify(my_base_learn/src/my_base) by extension 'colcon_meta'
[0.946s] Level 1:colcon.colcon_core.package_identification:_identify(my_base_learn/src/my_base) by extensions ['ros']
[0.947s] Level 1:colcon.colcon_core.package_identification:_identify(my_base_learn/src/my_base) by extension 'ros'
[0.948s] DEBUG:colcon.colcon_core.package_identification:Package 'my_base_learn/src/my_base' with type 'ros.ament_cmake' and name 'my_base'
[0.948s] Level 1:colcon.colcon_core.package_identification:_identify(my_base_learn/src/robot_control) by extensions ['ignore', 'ignore_ament_install']
[0.948s] Level 1:colcon.colcon_core.package_identification:_identify(my_base_learn/src/robot_control) by extension 'ignore'
[0.949s] Level 1:colcon.colcon_core.package_identification:_identify(my_base_learn/src/robot_control) by extension 'ignore_ament_install'
[0.949s] Level 1:colcon.colcon_core.package_identification:_identify(my_base_learn/src/robot_control) by extensions ['colcon_pkg']
[0.949s] Level 1:colcon.colcon_core.package_identification:_identify(my_base_learn/src/robot_control) by extension 'colcon_pkg'
[0.949s] Level 1:colcon.colcon_core.package_identification:_identify(my_base_learn/src/robot_control) by extensions ['colcon_meta']
[0.949s] Level 1:colcon.colcon_core.package_identification:_identify(my_base_learn/src/robot_control) by extension 'colcon_meta'
[0.949s] Level 1:colcon.colcon_core.package_identification:_identify(my_base_learn/src/robot_control) by extensions ['ros']
[0.949s] Level 1:colcon.colcon_core.package_identification:_identify(my_base_learn/src/robot_control) by extension 'ros'
[0.950s] DEBUG:colcon.colcon_core.package_identification:Package 'my_base_learn/src/robot_control' with type 'ros.ament_python' and name 'robot_control'
[0.950s] Level 1:colcon.colcon_core.package_identification:_identify(my_base_learn/src/tbot_description) by extensions ['ignore', 'ignore_ament_install']
[0.950s] Level 1:colcon.colcon_core.package_identification:_identify(my_base_learn/src/tbot_description) by extension 'ignore'
[0.950s] Level 1:colcon.colcon_core.package_identification:_identify(my_base_learn/src/tbot_description) by extension 'ignore_ament_install'
[0.950s] Level 1:colcon.colcon_core.package_identification:_identify(my_base_learn/src/tbot_description) by extensions ['colcon_pkg']
[0.950s] Level 1:colcon.colcon_core.package_identification:_identify(my_base_learn/src/tbot_description) by extension 'colcon_pkg'
[0.950s] Level 1:colcon.colcon_core.package_identification:_identify(my_base_learn/src/tbot_description) by extensions ['colcon_meta']
[0.950s] Level 1:colcon.colcon_core.package_identification:_identify(my_base_learn/src/tbot_description) by extension 'colcon_meta'
[0.950s] Level 1:colcon.colcon_core.package_identification:_identify(my_base_learn/src/tbot_description) by extensions ['ros']
[0.950s] Level 1:colcon.colcon_core.package_identification:_identify(my_base_learn/src/tbot_description) by extension 'ros'
[0.952s] DEBUG:colcon.colcon_core.package_identification:Package 'my_base_learn/src/tbot_description' with type 'ros.ament_cmake' and name 'tbot_description'
[0.952s] Level 1:colcon.colcon_core.package_discovery:discover_packages(recursive) using defaults
[0.952s] Level 1:colcon.colcon_core.package_discovery:discover_packages(ignore) discover
[0.952s] Level 1:colcon.colcon_core.package_discovery:discover_packages(ignore) using defaults
[0.952s] Level 1:colcon.colcon_core.package_discovery:discover_packages(path) discover
[0.952s] Level 1:colcon.colcon_core.package_discovery:discover_packages(path) using defaults
[1.042s] Level 1:colcon.colcon_core.package_discovery:discover_packages(prefix_path) check parameters
[1.042s] Level 1:colcon.colcon_core.package_discovery:discover_packages(prefix_path) discover
[1.053s] DEBUG:colcon.colcon_installed_package_information.package_discovery:Found 6 installed packages in /home/pi/Desktop/robot_move/my_base_learn/install
[1.056s] DEBUG:colcon.colcon_installed_package_information.package_discovery:Found 307 installed packages in /opt/ros/jazzy
[1.059s] Level 1:colcon.colcon_core.package_discovery:discover_packages(prefix_path) using defaults
[1.151s] Level 5:colcon.colcon_core.verb:set package 'lidar_test' build argument 'cmake_args' from command line to 'None'
[1.151s] Level 5:colcon.colcon_core.verb:set package 'lidar_test' build argument 'cmake_target' from command line to 'None'
[1.151s] Level 5:colcon.colcon_core.verb:set package 'lidar_test' build argument 'cmake_target_skip_unavailable' from command line to 'False'
[1.151s] Level 5:colcon.colcon_core.verb:set package 'lidar_test' build argument 'cmake_clean_cache' from command line to 'False'
[1.151s] Level 5:colcon.colcon_core.verb:set package 'lidar_test' build argument 'cmake_clean_first' from command line to 'False'
[1.151s] Level 5:colcon.colcon_core.verb:set package 'lidar_test' build argument 'cmake_force_configure' from command line to 'False'
[1.151s] Level 5:colcon.colcon_core.verb:set package 'lidar_test' build argument 'ament_cmake_args' from command line to 'None'
[1.151s] Level 5:colcon.colcon_core.verb:set package 'lidar_test' build argument 'catkin_cmake_args' from command line to 'None'
[1.151s] Level 5:colcon.colcon_core.verb:set package 'lidar_test' build argument 'catkin_skip_building_tests' from command line to 'False'
[1.151s] DEBUG:colcon.colcon_core.verb:Building package 'lidar_test' with the following arguments: {'ament_cmake_args': None, 'build_base': '/home/pi/Desktop/robot_move/build/lidar_test', 'catkin_cmake_args': None, 'catkin_skip_building_tests': False, 'cmake_args': None, 'cmake_clean_cache': False, 'cmake_clean_first': False, 'cmake_force_configure': False, 'cmake_target': None, 'cmake_target_skip_unavailable': False, 'install_base': '/home/pi/Desktop/robot_move/install/lidar_test', 'merge_install': False, 'path': '/home/pi/Desktop/robot_move/my_base_learn/src/lidar_test', 'symlink_install': False, 'test_result_base': None}
[1.151s] Level 5:colcon.colcon_core.verb:set package 'lslidar_msgs' build argument 'cmake_args' from command line to 'None'
[1.151s] Level 5:colcon.colcon_core.verb:set package 'lslidar_msgs' build argument 'cmake_target' from command line to 'None'
[1.151s] Level 5:colcon.colcon_core.verb:set package 'lslidar_msgs' build argument 'cmake_target_skip_unavailable' from command line to 'False'
[1.151s] Level 5:colcon.colcon_core.verb:set package 'lslidar_msgs' build argument 'cmake_clean_cache' from command line to 'False'
[1.152s] Level 5:colcon.colcon_core.verb:set package 'lslidar_msgs' build argument 'cmake_clean_first' from command line to 'False'
[1.152s] Level 5:colcon.colcon_core.verb:set package 'lslidar_msgs' build argument 'cmake_force_configure' from command line to 'False'
[1.152s] Level 5:colcon.colcon_core.verb:set package 'lslidar_msgs' build argument 'ament_cmake_args' from command line to 'None'
[1.152s] Level 5:colcon.colcon_core.verb:set package 'lslidar_msgs' build argument 'catkin_cmake_args' from command line to 'None'
[1.152s] Level 5:colcon.colcon_core.verb:set package 'lslidar_msgs' build argument 'catkin_skip_building_tests' from command line to 'False'
[1.152s] DEBUG:colcon.colcon_core.verb:Building package 'lslidar_msgs' with the following arguments: {'ament_cmake_args': None, 'build_base': '/home/pi/Desktop/robot_move/build/lslidar_msgs', 'catkin_cmake_args': None, 'catkin_skip_building_tests': False, 'cmake_args': None, 'cmake_clean_cache': False, 'cmake_clean_first': False, 'cmake_force_configure': False, 'cmake_target': None, 'cmake_target_skip_unavailable': False, 'install_base': '/home/pi/Desktop/robot_move/install/lslidar_msgs', 'merge_install': False, 'path': '/home/pi/Desktop/robot_move/my_base_learn/src/lslidar_driver/LSLIDAR_X_ROS2-20240228/src/lslidar_msgs', 'symlink_install': False, 'test_result_base': None}
[1.152s] Level 5:colcon.colcon_core.verb:set package 'my_base' build argument 'cmake_args' from command line to 'None'
[1.152s] Level 5:colcon.colcon_core.verb:set package 'my_base' build argument 'cmake_target' from command line to 'None'
[1.152s] Level 5:colcon.colcon_core.verb:set package 'my_base' build argument 'cmake_target_skip_unavailable' from command line to 'False'
[1.152s] Level 5:colcon.colcon_core.verb:set package 'my_base' build argument 'cmake_clean_cache' from command line to 'False'
[1.152s] Level 5:colcon.colcon_core.verb:set package 'my_base' build argument 'cmake_clean_first' from command line to 'False'
[1.152s] Level 5:colcon.colcon_core.verb:set package 'my_base' build argument 'cmake_force_configure' from command line to 'False'
[1.152s] Level 5:colcon.colcon_core.verb:set package 'my_base' build argument 'ament_cmake_args' from command line to 'None'
[1.152s] Level 5:colcon.colcon_core.verb:set package 'my_base' build argument 'catkin_cmake_args' from command line to 'None'
[1.152s] Level 5:colcon.colcon_core.verb:set package 'my_base' build argument 'catkin_skip_building_tests' from command line to 'False'
[1.152s] DEBUG:colcon.colcon_core.verb:Building package 'my_base' with the following arguments: {'ament_cmake_args': None, 'build_base': '/home/pi/Desktop/robot_move/build/my_base', 'catkin_cmake_args': None, 'catkin_skip_building_tests': False, 'cmake_args': None, 'cmake_clean_cache': False, 'cmake_clean_first': False, 'cmake_force_configure': False, 'cmake_target': None, 'cmake_target_skip_unavailable': False, 'install_base': '/home/pi/Desktop/robot_move/install/my_base', 'merge_install': False, 'path': '/home/pi/Desktop/robot_move/my_base_learn/src/my_base', 'symlink_install': False, 'test_result_base': None}
[1.153s] Level 5:colcon.colcon_core.verb:set package 'robot_control' build argument 'cmake_args' from command line to 'None'
[1.153s] Level 5:colcon.colcon_core.verb:set package 'robot_control' build argument 'cmake_target' from command line to 'None'
[1.153s] Level 5:colcon.colcon_core.verb:set package 'robot_control' build argument 'cmake_target_skip_unavailable' from command line to 'False'
[1.153s] Level 5:colcon.colcon_core.verb:set package 'robot_control' build argument 'cmake_clean_cache' from command line to 'False'
[1.153s] Level 5:colcon.colcon_core.verb:set package 'robot_control' build argument 'cmake_clean_first' from command line to 'False'
[1.153s] Level 5:colcon.colcon_core.verb:set package 'robot_control' build argument 'cmake_force_configure' from command line to 'False'
[1.153s] Level 5:colcon.colcon_core.verb:set package 'robot_control' build argument 'ament_cmake_args' from command line to 'None'
[1.153s] Level 5:colcon.colcon_core.verb:set package 'robot_control' build argument 'catkin_cmake_args' from command line to 'None'
[1.153s] Level 5:colcon.colcon_core.verb:set package 'robot_control' build argument 'catkin_skip_building_tests' from command line to 'False'
[1.153s] DEBUG:colcon.colcon_core.verb:Building package 'robot_control' with the following arguments: {'ament_cmake_args': None, 'build_base': '/home/pi/Desktop/robot_move/build/robot_control', 'catkin_cmake_args': None, 'catkin_skip_building_tests': False, 'cmake_args': None, 'cmake_clean_cache': False, 'cmake_clean_first': False, 'cmake_force_configure': False, 'cmake_target': None, 'cmake_target_skip_unavailable': False, 'install_base': '/home/pi/Desktop/robot_move/install/robot_control', 'merge_install': False, 'path': '/home/pi/Desktop/robot_move/my_base_learn/src/robot_control', 'symlink_install': False, 'test_result_base': None}
[1.153s] Level 5:colcon.colcon_core.verb:set package 'tbot_description' build argument 'cmake_args' from command line to 'None'
[1.153s] Level 5:colcon.colcon_core.verb:set package 'tbot_description' build argument 'cmake_target' from command line to 'None'
[1.153s] Level 5:colcon.colcon_core.verb:set package 'tbot_description' build argument 'cmake_target_skip_unavailable' from command line to 'False'
[1.153s] Level 5:colcon.colcon_core.verb:set package 'tbot_description' build argument 'cmake_clean_cache' from command line to 'False'
[1.153s] Level 5:colcon.colcon_core.verb:set package 'tbot_description' build argument 'cmake_clean_first' from command line to 'False'
[1.153s] Level 5:colcon.colcon_core.verb:set package 'tbot_description' build argument 'cmake_force_configure' from command line to 'False'
[1.153s] Level 5:colcon.colcon_core.verb:set package 'tbot_description' build argument 'ament_cmake_args' from command line to 'None'
[1.153s] Level 5:colcon.colcon_core.verb:set package 'tbot_description' build argument 'catkin_cmake_args' from command line to 'None'
[1.153s] Level 5:colcon.colcon_core.verb:set package 'tbot_description' build argument 'catkin_skip_building_tests' from command line to 'False'
[1.153s] DEBUG:colcon.colcon_core.verb:Building package 'tbot_description' with the following arguments: {'ament_cmake_args': None, 'build_base': '/home/pi/Desktop/robot_move/build/tbot_description', 'catkin_cmake_args': None, 'catkin_skip_building_tests': False, 'cmake_args': None, 'cmake_clean_cache': False, 'cmake_clean_first': False, 'cmake_force_configure': False, 'cmake_target': None, 'cmake_target_skip_unavailable': False, 'install_base': '/home/pi/Desktop/robot_move/install/tbot_description', 'merge_install': False, 'path': '/home/pi/Desktop/robot_move/my_base_learn/src/tbot_description', 'symlink_install': False, 'test_result_base': None}
[1.154s] Level 5:colcon.colcon_core.verb:set package 'lslidar_driver' build argument 'cmake_args' from command line to 'None'
[1.154s] Level 5:colcon.colcon_core.verb:set package 'lslidar_driver' build argument 'cmake_target' from command line to 'None'
[1.154s] Level 5:colcon.colcon_core.verb:set package 'lslidar_driver' build argument 'cmake_target_skip_unavailable' from command line to 'False'
[1.154s] Level 5:colcon.colcon_core.verb:set package 'lslidar_driver' build argument 'cmake_clean_cache' from command line to 'False'
[1.154s] Level 5:colcon.colcon_core.verb:set package 'lslidar_driver' build argument 'cmake_clean_first' from command line to 'False'
[1.154s] Level 5:colcon.colcon_core.verb:set package 'lslidar_driver' build argument 'cmake_force_configure' from command line to 'False'
[1.154s] Level 5:colcon.colcon_core.verb:set package 'lslidar_driver' build argument 'ament_cmake_args' from command line to 'None'
[1.154s] Level 5:colcon.colcon_core.verb:set package 'lslidar_driver' build argument 'catkin_cmake_args' from command line to 'None'
[1.154s] Level 5:colcon.colcon_core.verb:set package 'lslidar_driver' build argument 'catkin_skip_building_tests' from command line to 'False'
[1.154s] DEBUG:colcon.colcon_core.verb:Building package 'lslidar_driver' with the following arguments: {'ament_cmake_args': None, 'build_base': '/home/pi/Desktop/robot_move/build/lslidar_driver', 'catkin_cmake_args': None, 'catkin_skip_building_tests': False, 'cmake_args': None, 'cmake_clean_cache': False, 'cmake_clean_first': False, 'cmake_force_configure': False, 'cmake_target': None, 'cmake_target_skip_unavailable': False, 'install_base': '/home/pi/Desktop/robot_move/install/lslidar_driver', 'merge_install': False, 'path': '/home/pi/Desktop/robot_move/my_base_learn/src/lslidar_driver/LSLIDAR_X_ROS2-20240228/src/lslidar_driver', 'symlink_install': False, 'test_result_base': None}
[1.154s] INFO:colcon.colcon_core.executor:Executing jobs using 'parallel' executor
[1.155s] DEBUG:colcon.colcon_parallel_executor.executor.parallel:run_until_complete
[1.156s] INFO:colcon.colcon_ros.task.ament_cmake.build:Building ROS package in '/home/pi/Desktop/robot_move/my_base_learn/src/lslidar_driver/LSLIDAR_X_ROS2-20240228/src/lslidar_msgs' with build type 'ament_cmake'
[1.156s] INFO:colcon.colcon_cmake.task.cmake.build:Building CMake package in '/home/pi/Desktop/robot_move/my_base_learn/src/lslidar_driver/LSLIDAR_X_ROS2-20240228/src/lslidar_msgs'
[1.186s] INFO:colcon.colcon_core.plugin_system:Skipping extension 'colcon_core.shell.bat': Not used on non-Windows systems
[1.186s] INFO:colcon.colcon_core.shell:Skip shell extension 'powershell' for command environment: Not usable outside of PowerShell
[1.186s] DEBUG:colcon.colcon_core.shell:Skip shell extension 'dsv' for command environment
[1.194s] INFO:colcon.colcon_ros.task.ament_python.build:Building ROS package in '/home/pi/Desktop/robot_move/my_base_learn/src/lidar_test' with build type 'ament_python'
[1.194s] Level 1:colcon.colcon_core.shell:create_environment_hook('lidar_test', 'ament_prefix_path')
[1.194s] INFO:colcon.colcon_core.shell:Creating environment hook '/home/pi/Desktop/robot_move/install/lidar_test/share/lidar_test/hook/ament_prefix_path.ps1'
[1.200s] INFO:colcon.colcon_core.shell:Creating environment descriptor '/home/pi/Desktop/robot_move/install/lidar_test/share/lidar_test/hook/ament_prefix_path.dsv'
[1.202s] INFO:colcon.colcon_core.shell:Creating environment hook '/home/pi/Desktop/robot_move/install/lidar_test/share/lidar_test/hook/ament_prefix_path.sh'
[1.205s] INFO:colcon.colcon_core.shell:Skip shell extension 'powershell' for command environment: Not usable outside of PowerShell
[1.205s] DEBUG:colcon.colcon_core.shell:Skip shell extension 'dsv' for command environment
[1.211s] INFO:colcon.colcon_ros.task.ament_cmake.build:Building ROS package in '/home/pi/Desktop/robot_move/my_base_learn/src/my_base' with build type 'ament_cmake'
[1.211s] INFO:colcon.colcon_cmake.task.cmake.build:Building CMake package in '/home/pi/Desktop/robot_move/my_base_learn/src/my_base'
[1.211s] INFO:colcon.colcon_core.shell:Skip shell extension 'powershell' for command environment: Not usable outside of PowerShell
[1.211s] DEBUG:colcon.colcon_core.shell:Skip shell extension 'dsv' for command environment
[1.218s] INFO:colcon.colcon_ros.task.ament_python.build:Building ROS package in '/home/pi/Desktop/robot_move/my_base_learn/src/robot_control' with build type 'ament_python'
[1.218s] Level 1:colcon.colcon_core.shell:create_environment_hook('robot_control', 'ament_prefix_path')
[1.219s] INFO:colcon.colcon_core.shell:Creating environment hook '/home/pi/Desktop/robot_move/install/robot_control/share/robot_control/hook/ament_prefix_path.ps1'
[1.221s] INFO:colcon.colcon_core.shell:Creating environment descriptor '/home/pi/Desktop/robot_move/install/robot_control/share/robot_control/hook/ament_prefix_path.dsv'
[1.221s] INFO:colcon.colcon_core.shell:Creating environment hook '/home/pi/Desktop/robot_move/install/robot_control/share/robot_control/hook/ament_prefix_path.sh'
[1.222s] INFO:colcon.colcon_core.shell:Skip shell extension 'powershell' for command environment: Not usable outside of PowerShell
[1.222s] DEBUG:colcon.colcon_core.shell:Skip shell extension 'dsv' for command environment
[1.232s] DEBUG:colcon.colcon_core.event_handler.log_command:Invoking command in '/home/pi/Desktop/robot_move/build/lslidar_msgs': CMAKE_PREFIX_PATH=${CMAKE_PREFIX_PATH}:/home/pi/Desktop/robot_move/my_base_learn/install/robot_control:/home/pi/Desktop/robot_move/my_base_learn/install/lidar_test:/opt/ros/jazzy DEBUGINFOD_URLS=https://debuginfod.ubuntu.com /usr/bin/cmake /home/pi/Desktop/robot_move/my_base_learn/src/lslidar_driver/LSLIDAR_X_ROS2-20240228/src/lslidar_msgs -DCMAKE_INSTALL_PREFIX=/home/pi/Desktop/robot_move/install/lslidar_msgs
[1.616s] INFO:colcon.colcon_core.task.python.build:Building Python package in '/home/pi/Desktop/robot_move/my_base_learn/src/lidar_test'
[1.617s] INFO:colcon.colcon_core.shell:Skip shell extension 'powershell' for command environment: Not usable outside of PowerShell
[1.617s] DEBUG:colcon.colcon_core.shell:Skip shell extension 'dsv' for command environment
[1.627s] DEBUG:colcon.colcon_core.event_handler.log_command:Invoking command in '/home/pi/Desktop/robot_move/build/my_base': CMAKE_PREFIX_PATH=${CMAKE_PREFIX_PATH}:/home/pi/Desktop/robot_move/my_base_learn/install/robot_control:/home/pi/Desktop/robot_move/my_base_learn/install/lidar_test:/opt/ros/jazzy DEBUGINFOD_URLS=https://debuginfod.ubuntu.com /usr/bin/cmake /home/pi/Desktop/robot_move/my_base_learn/src/my_base -DCMAKE_INSTALL_PREFIX=/home/pi/Desktop/robot_move/install/my_base
[1.976s] INFO:colcon.colcon_core.task.python.build:Building Python package in '/home/pi/Desktop/robot_move/my_base_learn/src/robot_control'
[1.977s] INFO:colcon.colcon_core.shell:Skip shell extension 'powershell' for command environment: Not usable outside of PowerShell
[1.977s] DEBUG:colcon.colcon_core.shell:Skip shell extension 'dsv' for command environment
[5.335s] DEBUG:colcon.colcon_core.event_handler.log_command:Invoking command in '/home/pi/Desktop/robot_move/my_base_learn/src/robot_control': DEBUGINFOD_URLS=https://debuginfod.ubuntu.com PYTHONPATH=/home/pi/Desktop/robot_move/build/robot_control/prefix_override:/usr/lib/python3/dist-packages/colcon_core/task/python/colcon_distutils_commands:/home/pi/Desktop/robot_move/install/robot_control/lib/python3.12/site-packages:${PYTHONPATH} /usr/bin/python3 -W ignore:setup.py install is deprecated -W ignore:easy_install command is deprecated setup.py egg_info --egg-base ../../../build/robot_control build --build-base /home/pi/Desktop/robot_move/build/robot_control/build install --record /home/pi/Desktop/robot_move/build/robot_control/install.log --single-version-externally-managed install_data
[5.344s] DEBUG:colcon.colcon_core.event_handler.log_command:Invoking command in '/home/pi/Desktop/robot_move/my_base_learn/src/lidar_test': DEBUGINFOD_URLS=https://debuginfod.ubuntu.com PYTHONPATH=/home/pi/Desktop/robot_move/build/lidar_test/prefix_override:/usr/lib/python3/dist-packages/colcon_core/task/python/colcon_distutils_commands:/home/pi/Desktop/robot_move/install/lidar_test/lib/python3.12/site-packages:${PYTHONPATH} /usr/bin/python3 -W ignore:setup.py install is deprecated -W ignore:easy_install command is deprecated setup.py egg_info --egg-base ../../../build/lidar_test build --build-base /home/pi/Desktop/robot_move/build/lidar_test/build install --record /home/pi/Desktop/robot_move/build/lidar_test/install.log --single-version-externally-managed install_data
[6.424s] DEBUG:colcon.colcon_core.event_handler.log_command:Invoked command in '/home/pi/Desktop/robot_move/my_base_learn/src/lidar_test' returned '0': DEBUGINFOD_URLS=https://debuginfod.ubuntu.com PYTHONPATH=/home/pi/Desktop/robot_move/build/lidar_test/prefix_override:/usr/lib/python3/dist-packages/colcon_core/task/python/colcon_distutils_commands:/home/pi/Desktop/robot_move/install/lidar_test/lib/python3.12/site-packages:${PYTHONPATH} /usr/bin/python3 -W ignore:setup.py install is deprecated -W ignore:easy_install command is deprecated setup.py egg_info --egg-base ../../../build/lidar_test build --build-base /home/pi/Desktop/robot_move/build/lidar_test/build install --record /home/pi/Desktop/robot_move/build/lidar_test/install.log --single-version-externally-managed install_data
[6.470s] Level 1:colcon.colcon_core.environment:checking '/home/pi/Desktop/robot_move/install/lidar_test' for CMake module files
[6.471s] Level 1:colcon.colcon_core.environment:checking '/home/pi/Desktop/robot_move/install/lidar_test' for CMake config files
[6.473s] Level 1:colcon.colcon_core.environment:checking '/home/pi/Desktop/robot_move/install/lidar_test/lib'
[6.474s] Level 1:colcon.colcon_core.environment:checking '/home/pi/Desktop/robot_move/install/lidar_test/bin'
[6.474s] Level 1:colcon.colcon_core.environment:checking '/home/pi/Desktop/robot_move/install/lidar_test/lib/pkgconfig/lidar_test.pc'
[6.475s] Level 1:colcon.colcon_core.environment:checking '/home/pi/Desktop/robot_move/install/lidar_test/lib/python3.12/site-packages'
[6.475s] Level 1:colcon.colcon_core.shell:create_environment_hook('lidar_test', 'pythonpath')
[6.475s] INFO:colcon.colcon_core.shell:Creating environment hook '/home/pi/Desktop/robot_move/install/lidar_test/share/lidar_test/hook/pythonpath.ps1'
[6.476s] INFO:colcon.colcon_core.shell:Creating environment descriptor '/home/pi/Desktop/robot_move/install/lidar_test/share/lidar_test/hook/pythonpath.dsv'
[6.477s] INFO:colcon.colcon_core.shell:Creating environment hook '/home/pi/Desktop/robot_move/install/lidar_test/share/lidar_test/hook/pythonpath.sh'
[6.479s] Level 1:colcon.colcon_core.environment:checking '/home/pi/Desktop/robot_move/install/lidar_test/bin'
[6.479s] Level 1:colcon.colcon_core.environment:create_environment_scripts_only(lidar_test)
[6.479s] INFO:colcon.colcon_core.shell:Creating package script '/home/pi/Desktop/robot_move/install/lidar_test/share/lidar_test/package.ps1'
[6.484s] INFO:colcon.colcon_core.shell:Creating package descriptor '/home/pi/Desktop/robot_move/install/lidar_test/share/lidar_test/package.dsv'
[6.485s] INFO:colcon.colcon_core.shell:Creating package script '/home/pi/Desktop/robot_move/install/lidar_test/share/lidar_test/package.sh'
[6.487s] INFO:colcon.colcon_core.shell:Creating package script '/home/pi/Desktop/robot_move/install/lidar_test/share/lidar_test/package.bash'
[6.491s] INFO:colcon.colcon_core.shell:Creating package script '/home/pi/Desktop/robot_move/install/lidar_test/share/lidar_test/package.zsh'
[6.495s] Level 1:colcon.colcon_core.environment:create_file_with_runtime_dependencies(/home/pi/Desktop/robot_move/install/lidar_test/share/colcon-core/packages/lidar_test)
[6.496s] INFO:colcon.colcon_ros.task.ament_cmake.build:Building ROS package in '/home/pi/Desktop/robot_move/my_base_learn/src/tbot_description' with build type 'ament_cmake'
[6.496s] INFO:colcon.colcon_cmake.task.cmake.build:Building CMake package in '/home/pi/Desktop/robot_move/my_base_learn/src/tbot_description'
[6.496s] INFO:colcon.colcon_core.shell:Skip shell extension 'powershell' for command environment: Not usable outside of PowerShell
[6.498s] DEBUG:colcon.colcon_core.shell:Skip shell extension 'dsv' for command environment
[6.507s] Level 1:colcon.colcon_core.environment:checking '/home/pi/Desktop/robot_move/install/robot_control' for CMake module files
[6.508s] Level 1:colcon.colcon_core.environment:checking '/home/pi/Desktop/robot_move/install/robot_control' for CMake config files
[6.509s] DEBUG:colcon.colcon_core.event_handler.log_command:Invoked command in '/home/pi/Desktop/robot_move/my_base_learn/src/robot_control' returned '0': DEBUGINFOD_URLS=https://debuginfod.ubuntu.com PYTHONPATH=/home/pi/Desktop/robot_move/build/robot_control/prefix_override:/usr/lib/python3/dist-packages/colcon_core/task/python/colcon_distutils_commands:/home/pi/Desktop/robot_move/install/robot_control/lib/python3.12/site-packages:${PYTHONPATH} /usr/bin/python3 -W ignore:setup.py install is deprecated -W ignore:easy_install command is deprecated setup.py egg_info --egg-base ../../../build/robot_control build --build-base /home/pi/Desktop/robot_move/build/robot_control/build install --record /home/pi/Desktop/robot_move/build/robot_control/install.log --single-version-externally-managed install_data
[6.509s] Level 1:colcon.colcon_core.environment:checking '/home/pi/Desktop/robot_move/install/robot_control/lib'
[6.510s] Level 1:colcon.colcon_core.environment:checking '/home/pi/Desktop/robot_move/install/robot_control/bin'
[6.510s] Level 1:colcon.colcon_core.environment:checking '/home/pi/Desktop/robot_move/install/robot_control/lib/pkgconfig/robot_control.pc'
[6.511s] Level 1:colcon.colcon_core.environment:checking '/home/pi/Desktop/robot_move/install/robot_control/lib/python3.12/site-packages'
[6.511s] Level 1:colcon.colcon_core.shell:create_environment_hook('robot_control', 'pythonpath')
[6.511s] INFO:colcon.colcon_core.shell:Creating environment hook '/home/pi/Desktop/robot_move/install/robot_control/share/robot_control/hook/pythonpath.ps1'
[6.513s] INFO:colcon.colcon_core.shell:Creating environment descriptor '/home/pi/Desktop/robot_move/install/robot_control/share/robot_control/hook/pythonpath.dsv'
[6.513s] INFO:colcon.colcon_core.shell:Creating environment hook '/home/pi/Desktop/robot_move/install/robot_control/share/robot_control/hook/pythonpath.sh'
[6.515s] Level 1:colcon.colcon_core.environment:checking '/home/pi/Desktop/robot_move/install/robot_control/bin'
[6.516s] Level 1:colcon.colcon_core.environment:create_environment_scripts_only(robot_control)
[6.516s] INFO:colcon.colcon_core.shell:Creating package script '/home/pi/Desktop/robot_move/install/robot_control/share/robot_control/package.ps1'
[6.517s] INFO:colcon.colcon_core.shell:Creating package descriptor '/home/pi/Desktop/robot_move/install/robot_control/share/robot_control/package.dsv'
[6.518s] INFO:colcon.colcon_core.shell:Creating package script '/home/pi/Desktop/robot_move/install/robot_control/share/robot_control/package.sh'
[6.520s] INFO:colcon.colcon_core.shell:Creating package script '/home/pi/Desktop/robot_move/install/robot_control/share/robot_control/package.bash'
[6.520s] INFO:colcon.colcon_core.shell:Creating package script '/home/pi/Desktop/robot_move/install/robot_control/share/robot_control/package.zsh'
[6.521s] Level 1:colcon.colcon_core.environment:create_file_with_runtime_dependencies(/home/pi/Desktop/robot_move/install/robot_control/share/colcon-core/packages/robot_control)
[6.529s] DEBUG:colcon.colcon_core.event_handler.log_command:Invoking command in '/home/pi/Desktop/robot_move/build/tbot_description': CMAKE_PREFIX_PATH=${CMAKE_PREFIX_PATH}:/home/pi/Desktop/robot_move/my_base_learn/install/robot_control:/home/pi/Desktop/robot_move/my_base_learn/install/lidar_test:/opt/ros/jazzy DEBUGINFOD_URLS=https://debuginfod.ubuntu.com /usr/bin/cmake /home/pi/Desktop/robot_move/my_base_learn/src/tbot_description -DCMAKE_INSTALL_PREFIX=/home/pi/Desktop/robot_move/install/tbot_description
[7.736s] DEBUG:colcon.colcon_core.event_handler.log_command:Invoked command in '/home/pi/Desktop/robot_move/build/my_base' returned '0': CMAKE_PREFIX_PATH=${CMAKE_PREFIX_PATH}:/home/pi/Desktop/robot_move/my_base_learn/install/robot_control:/home/pi/Desktop/robot_move/my_base_learn/install/lidar_test:/opt/ros/jazzy DEBUGINFOD_URLS=https://debuginfod.ubuntu.com /usr/bin/cmake /home/pi/Desktop/robot_move/my_base_learn/src/my_base -DCMAKE_INSTALL_PREFIX=/home/pi/Desktop/robot_move/install/my_base
[7.737s] DEBUG:colcon.colcon_core.event_handler.log_command:Invoking command in '/home/pi/Desktop/robot_move/build/my_base': CMAKE_PREFIX_PATH=${CMAKE_PREFIX_PATH}:/home/pi/Desktop/robot_move/my_base_learn/install/robot_control:/home/pi/Desktop/robot_move/my_base_learn/install/lidar_test:/opt/ros/jazzy DEBUGINFOD_URLS=https://debuginfod.ubuntu.com /usr/bin/cmake --build /home/pi/Desktop/robot_move/build/my_base -- -j4 -l4
[8.064s] DEBUG:colcon.colcon_core.event_handler.log_command:Invoked command in '/home/pi/Desktop/robot_move/build/tbot_description' returned '0': CMAKE_PREFIX_PATH=${CMAKE_PREFIX_PATH}:/home/pi/Desktop/robot_move/my_base_learn/install/robot_control:/home/pi/Desktop/robot_move/my_base_learn/install/lidar_test:/opt/ros/jazzy DEBUGINFOD_URLS=https://debuginfod.ubuntu.com /usr/bin/cmake /home/pi/Desktop/robot_move/my_base_learn/src/tbot_description -DCMAKE_INSTALL_PREFIX=/home/pi/Desktop/robot_move/install/tbot_description
[8.081s] DEBUG:colcon.colcon_core.event_handler.log_command:Invoking command in '/home/pi/Desktop/robot_move/build/tbot_description': CMAKE_PREFIX_PATH=${CMAKE_PREFIX_PATH}:/home/pi/Desktop/robot_move/my_base_learn/install/robot_control:/home/pi/Desktop/robot_move/my_base_learn/install/lidar_test:/opt/ros/jazzy DEBUGINFOD_URLS=https://debuginfod.ubuntu.com /usr/bin/cmake --build /home/pi/Desktop/robot_move/build/tbot_description -- -j4 -l4
[8.166s] DEBUG:colcon.colcon_core.event_handler.log_command:Invoked command in '/home/pi/Desktop/robot_move/build/tbot_description' returned '0': CMAKE_PREFIX_PATH=${CMAKE_PREFIX_PATH}:/home/pi/Desktop/robot_move/my_base_learn/install/robot_control:/home/pi/Desktop/robot_move/my_base_learn/install/lidar_test:/opt/ros/jazzy DEBUGINFOD_URLS=https://debuginfod.ubuntu.com /usr/bin/cmake --build /home/pi/Desktop/robot_move/build/tbot_description -- -j4 -l4
[8.185s] DEBUG:colcon.colcon_core.event_handler.log_command:Invoking command in '/home/pi/Desktop/robot_move/build/tbot_description': CMAKE_PREFIX_PATH=${CMAKE_PREFIX_PATH}:/home/pi/Desktop/robot_move/my_base_learn/install/robot_control:/home/pi/Desktop/robot_move/my_base_learn/install/lidar_test:/opt/ros/jazzy DEBUGINFOD_URLS=https://debuginfod.ubuntu.com /usr/bin/cmake --install /home/pi/Desktop/robot_move/build/tbot_description
[8.318s] Level 1:colcon.colcon_core.environment:create_environment_scripts_only(tbot_description)
[8.319s] Level 1:colcon.colcon_core.environment:checking '/home/pi/Desktop/robot_move/install/tbot_description' for CMake module files
[8.319s] DEBUG:colcon.colcon_core.event_handler.log_command:Invoked command in '/home/pi/Desktop/robot_move/build/tbot_description' returned '0': CMAKE_PREFIX_PATH=${CMAKE_PREFIX_PATH}:/home/pi/Desktop/robot_move/my_base_learn/install/robot_control:/home/pi/Desktop/robot_move/my_base_learn/install/lidar_test:/opt/ros/jazzy DEBUGINFOD_URLS=https://debuginfod.ubuntu.com /usr/bin/cmake --install /home/pi/Desktop/robot_move/build/tbot_description
[8.320s] Level 1:colcon.colcon_core.environment:checking '/home/pi/Desktop/robot_move/install/tbot_description' for CMake config files
[8.321s] Level 1:colcon.colcon_core.shell:create_environment_hook('tbot_description', 'cmake_prefix_path')
[8.321s] INFO:colcon.colcon_core.shell:Creating environment hook '/home/pi/Desktop/robot_move/install/tbot_description/share/tbot_description/hook/cmake_prefix_path.ps1'
[8.322s] INFO:colcon.colcon_core.shell:Creating environment descriptor '/home/pi/Desktop/robot_move/install/tbot_description/share/tbot_description/hook/cmake_prefix_path.dsv'
[8.322s] INFO:colcon.colcon_core.shell:Creating environment hook '/home/pi/Desktop/robot_move/install/tbot_description/share/tbot_description/hook/cmake_prefix_path.sh'
[8.323s] Level 1:colcon.colcon_core.environment:checking '/home/pi/Desktop/robot_move/install/tbot_description/bin'
[8.323s] Level 1:colcon.colcon_core.environment:checking '/home/pi/Desktop/robot_move/install/tbot_description/lib/pkgconfig/tbot_description.pc'
[8.324s] Level 1:colcon.colcon_core.environment:checking '/home/pi/Desktop/robot_move/install/tbot_description/lib/python3.12/site-packages'
[8.324s] Level 1:colcon.colcon_core.environment:checking '/home/pi/Desktop/robot_move/install/tbot_description/bin'
[8.325s] INFO:colcon.colcon_core.shell:Creating package script '/home/pi/Desktop/robot_move/install/tbot_description/share/tbot_description/package.ps1'
[8.326s] INFO:colcon.colcon_core.shell:Creating package descriptor '/home/pi/Desktop/robot_move/install/tbot_description/share/tbot_description/package.dsv'
[8.377s] INFO:colcon.colcon_core.shell:Creating package script '/home/pi/Desktop/robot_move/install/tbot_description/share/tbot_description/package.sh'
[8.378s] INFO:colcon.colcon_core.shell:Creating package script '/home/pi/Desktop/robot_move/install/tbot_description/share/tbot_description/package.bash'
[8.378s] INFO:colcon.colcon_core.shell:Creating package script '/home/pi/Desktop/robot_move/install/tbot_description/share/tbot_description/package.zsh'
[8.379s] Level 1:colcon.colcon_core.environment:create_file_with_runtime_dependencies(/home/pi/Desktop/robot_move/install/tbot_description/share/colcon-core/packages/tbot_description)
[8.380s] Level 1:colcon.colcon_core.environment:create_environment_scripts_only(tbot_description)
[8.380s] Level 1:colcon.colcon_core.environment:checking '/home/pi/Desktop/robot_move/install/tbot_description' for CMake module files
[8.381s] Level 1:colcon.colcon_core.environment:checking '/home/pi/Desktop/robot_move/install/tbot_description' for CMake config files
[8.381s] Level 1:colcon.colcon_core.shell:create_environment_hook('tbot_description', 'cmake_prefix_path')
[8.382s] INFO:colcon.colcon_core.shell:Creating environment hook '/home/pi/Desktop/robot_move/install/tbot_description/share/tbot_description/hook/cmake_prefix_path.ps1'
[8.382s] INFO:colcon.colcon_core.shell:Creating environment descriptor '/home/pi/Desktop/robot_move/install/tbot_description/share/tbot_description/hook/cmake_prefix_path.dsv'
[8.383s] INFO:colcon.colcon_core.shell:Creating environment hook '/home/pi/Desktop/robot_move/install/tbot_description/share/tbot_description/hook/cmake_prefix_path.sh'
[8.384s] Level 1:colcon.colcon_core.environment:checking '/home/pi/Desktop/robot_move/install/tbot_description/bin'
[8.384s] Level 1:colcon.colcon_core.environment:checking '/home/pi/Desktop/robot_move/install/tbot_description/lib/pkgconfig/tbot_description.pc'
[8.384s] Level 1:colcon.colcon_core.environment:checking '/home/pi/Desktop/robot_move/install/tbot_description/lib/python3.12/site-packages'
[8.384s] Level 1:colcon.colcon_core.environment:checking '/home/pi/Desktop/robot_move/install/tbot_description/bin'
[8.385s] INFO:colcon.colcon_core.shell:Creating package script '/home/pi/Desktop/robot_move/install/tbot_description/share/tbot_description/package.ps1'
[8.386s] INFO:colcon.colcon_core.shell:Creating package descriptor '/home/pi/Desktop/robot_move/install/tbot_description/share/tbot_description/package.dsv'
[8.390s] INFO:colcon.colcon_core.shell:Creating package script '/home/pi/Desktop/robot_move/install/tbot_description/share/tbot_description/package.sh'
[8.391s] INFO:colcon.colcon_core.shell:Creating package script '/home/pi/Desktop/robot_move/install/tbot_description/share/tbot_description/package.bash'
[8.391s] INFO:colcon.colcon_core.shell:Creating package script '/home/pi/Desktop/robot_move/install/tbot_description/share/tbot_description/package.zsh'
[8.392s] Level 1:colcon.colcon_core.environment:create_file_with_runtime_dependencies(/home/pi/Desktop/robot_move/install/tbot_description/share/colcon-core/packages/tbot_description)
[11.137s] DEBUG:colcon.colcon_core.event_handler.log_command:Invoked command in '/home/pi/Desktop/robot_move/build/lslidar_msgs' returned '0': CMAKE_PREFIX_PATH=${CMAKE_PREFIX_PATH}:/home/pi/Desktop/robot_move/my_base_learn/install/robot_control:/home/pi/Desktop/robot_move/my_base_learn/install/lidar_test:/opt/ros/jazzy DEBUGINFOD_URLS=https://debuginfod.ubuntu.com /usr/bin/cmake /home/pi/Desktop/robot_move/my_base_learn/src/lslidar_driver/LSLIDAR_X_ROS2-20240228/src/lslidar_msgs -DCMAKE_INSTALL_PREFIX=/home/pi/Desktop/robot_move/install/lslidar_msgs
[11.139s] DEBUG:colcon.colcon_core.event_handler.log_command:Invoking command in '/home/pi/Desktop/robot_move/build/lslidar_msgs': CMAKE_PREFIX_PATH=${CMAKE_PREFIX_PATH}:/home/pi/Desktop/robot_move/my_base_learn/install/robot_control:/home/pi/Desktop/robot_move/my_base_learn/install/lidar_test:/opt/ros/jazzy DEBUGINFOD_URLS=https://debuginfod.ubuntu.com /usr/bin/cmake --build /home/pi/Desktop/robot_move/build/lslidar_msgs -- -j4 -l4
[26.070s] DEBUG:colcon.colcon_core.event_handler.log_command:Invoked command in '/home/pi/Desktop/robot_move/build/lslidar_msgs' returned '0': CMAKE_PREFIX_PATH=${CMAKE_PREFIX_PATH}:/home/pi/Desktop/robot_move/my_base_learn/install/robot_control:/home/pi/Desktop/robot_move/my_base_learn/install/lidar_test:/opt/ros/jazzy DEBUGINFOD_URLS=https://debuginfod.ubuntu.com /usr/bin/cmake --build /home/pi/Desktop/robot_move/build/lslidar_msgs -- -j4 -l4
[26.073s] DEBUG:colcon.colcon_core.event_handler.log_command:Invoking command in '/home/pi/Desktop/robot_move/build/lslidar_msgs': CMAKE_PREFIX_PATH=${CMAKE_PREFIX_PATH}:/home/pi/Desktop/robot_move/my_base_learn/install/robot_control:/home/pi/Desktop/robot_move/my_base_learn/install/lidar_test:/opt/ros/jazzy DEBUGINFOD_URLS=https://debuginfod.ubuntu.com /usr/bin/cmake --install /home/pi/Desktop/robot_move/build/lslidar_msgs
[26.307s] Level 1:colcon.colcon_core.environment:create_environment_scripts_only(lslidar_msgs)
[26.308s] Level 1:colcon.colcon_core.environment:checking '/home/pi/Desktop/robot_move/install/lslidar_msgs' for CMake module files
[26.308s] DEBUG:colcon.colcon_core.event_handler.log_command:Invoked command in '/home/pi/Desktop/robot_move/build/lslidar_msgs' returned '0': CMAKE_PREFIX_PATH=${CMAKE_PREFIX_PATH}:/home/pi/Desktop/robot_move/my_base_learn/install/robot_control:/home/pi/Desktop/robot_move/my_base_learn/install/lidar_test:/opt/ros/jazzy DEBUGINFOD_URLS=https://debuginfod.ubuntu.com /usr/bin/cmake --install /home/pi/Desktop/robot_move/build/lslidar_msgs
[26.309s] Level 1:colcon.colcon_core.environment:checking '/home/pi/Desktop/robot_move/install/lslidar_msgs' for CMake config files
[26.310s] Level 1:colcon.colcon_core.shell:create_environment_hook('lslidar_msgs', 'cmake_prefix_path')
[26.311s] INFO:colcon.colcon_core.shell:Creating environment hook '/home/pi/Desktop/robot_move/install/lslidar_msgs/share/lslidar_msgs/hook/cmake_prefix_path.ps1'
[26.314s] INFO:colcon.colcon_core.shell:Creating environment descriptor '/home/pi/Desktop/robot_move/install/lslidar_msgs/share/lslidar_msgs/hook/cmake_prefix_path.dsv'
[26.315s] INFO:colcon.colcon_core.shell:Creating environment hook '/home/pi/Desktop/robot_move/install/lslidar_msgs/share/lslidar_msgs/hook/cmake_prefix_path.sh'
[26.317s] Level 1:colcon.colcon_core.environment:checking '/home/pi/Desktop/robot_move/install/lslidar_msgs/lib'
[26.317s] Level 1:colcon.colcon_core.shell:create_environment_hook('lslidar_msgs', 'ld_library_path_lib')
[26.318s] INFO:colcon.colcon_core.shell:Creating environment hook '/home/pi/Desktop/robot_move/install/lslidar_msgs/share/lslidar_msgs/hook/ld_library_path_lib.ps1'
[26.319s] INFO:colcon.colcon_core.shell:Creating environment descriptor '/home/pi/Desktop/robot_move/install/lslidar_msgs/share/lslidar_msgs/hook/ld_library_path_lib.dsv'
[26.320s] INFO:colcon.colcon_core.shell:Creating environment hook '/home/pi/Desktop/robot_move/install/lslidar_msgs/share/lslidar_msgs/hook/ld_library_path_lib.sh'
[26.321s] Level 1:colcon.colcon_core.environment:checking '/home/pi/Desktop/robot_move/install/lslidar_msgs/bin'
[26.321s] Level 1:colcon.colcon_core.environment:checking '/home/pi/Desktop/robot_move/install/lslidar_msgs/lib/pkgconfig/lslidar_msgs.pc'
[26.322s] Level 1:colcon.colcon_core.environment:checking '/home/pi/Desktop/robot_move/install/lslidar_msgs/lib/python3.12/site-packages'
[26.322s] Level 1:colcon.colcon_core.shell:create_environment_hook('lslidar_msgs', 'pythonpath')
[26.323s] INFO:colcon.colcon_core.shell:Creating environment hook '/home/pi/Desktop/robot_move/install/lslidar_msgs/share/lslidar_msgs/hook/pythonpath.ps1'
[26.325s] INFO:colcon.colcon_core.shell:Creating environment descriptor '/home/pi/Desktop/robot_move/install/lslidar_msgs/share/lslidar_msgs/hook/pythonpath.dsv'
[26.326s] INFO:colcon.colcon_core.shell:Creating environment hook '/home/pi/Desktop/robot_move/install/lslidar_msgs/share/lslidar_msgs/hook/pythonpath.sh'
[26.327s] Level 1:colcon.colcon_core.environment:checking '/home/pi/Desktop/robot_move/install/lslidar_msgs/bin'
[26.328s] INFO:colcon.colcon_core.shell:Creating package script '/home/pi/Desktop/robot_move/install/lslidar_msgs/share/lslidar_msgs/package.ps1'
[26.329s] INFO:colcon.colcon_core.shell:Creating package descriptor '/home/pi/Desktop/robot_move/install/lslidar_msgs/share/lslidar_msgs/package.dsv'
[26.330s] INFO:colcon.colcon_core.shell:Creating package script '/home/pi/Desktop/robot_move/install/lslidar_msgs/share/lslidar_msgs/package.sh'
[26.331s] INFO:colcon.colcon_core.shell:Creating package script '/home/pi/Desktop/robot_move/install/lslidar_msgs/share/lslidar_msgs/package.bash'
[26.332s] INFO:colcon.colcon_core.shell:Creating package script '/home/pi/Desktop/robot_move/install/lslidar_msgs/share/lslidar_msgs/package.zsh'
[26.333s] Level 1:colcon.colcon_core.environment:create_file_with_runtime_dependencies(/home/pi/Desktop/robot_move/install/lslidar_msgs/share/colcon-core/packages/lslidar_msgs)
[26.334s] Level 1:colcon.colcon_core.environment:create_environment_scripts_only(lslidar_msgs)
[26.335s] Level 1:colcon.colcon_core.environment:checking '/home/pi/Desktop/robot_move/install/lslidar_msgs' for CMake module files
[26.336s] Level 1:colcon.colcon_core.environment:checking '/home/pi/Desktop/robot_move/install/lslidar_msgs' for CMake config files
[26.337s] Level 1:colcon.colcon_core.shell:create_environment_hook('lslidar_msgs', 'cmake_prefix_path')
[26.337s] INFO:colcon.colcon_core.shell:Creating environment hook '/home/pi/Desktop/robot_move/install/lslidar_msgs/share/lslidar_msgs/hook/cmake_prefix_path.ps1'
[26.338s] INFO:colcon.colcon_core.shell:Creating environment descriptor '/home/pi/Desktop/robot_move/install/lslidar_msgs/share/lslidar_msgs/hook/cmake_prefix_path.dsv'
[26.339s] INFO:colcon.colcon_core.shell:Creating environment hook '/home/pi/Desktop/robot_move/install/lslidar_msgs/share/lslidar_msgs/hook/cmake_prefix_path.sh'
[26.341s] Level 1:colcon.colcon_core.environment:checking '/home/pi/Desktop/robot_move/install/lslidar_msgs/lib'
[26.341s] Level 1:colcon.colcon_core.shell:create_environment_hook('lslidar_msgs', 'ld_library_path_lib')
[26.341s] INFO:colcon.colcon_core.shell:Creating environment hook '/home/pi/Desktop/robot_move/install/lslidar_msgs/share/lslidar_msgs/hook/ld_library_path_lib.ps1'
[26.342s] INFO:colcon.colcon_core.shell:Creating environment descriptor '/home/pi/Desktop/robot_move/install/lslidar_msgs/share/lslidar_msgs/hook/ld_library_path_lib.dsv'
[26.347s] INFO:colcon.colcon_core.shell:Creating environment hook '/home/pi/Desktop/robot_move/install/lslidar_msgs/share/lslidar_msgs/hook/ld_library_path_lib.sh'
[26.350s] Level 1:colcon.colcon_core.environment:checking '/home/pi/Desktop/robot_move/install/lslidar_msgs/bin'
[26.350s] Level 1:colcon.colcon_core.environment:checking '/home/pi/Desktop/robot_move/install/lslidar_msgs/lib/pkgconfig/lslidar_msgs.pc'
[26.351s] Level 1:colcon.colcon_core.environment:checking '/home/pi/Desktop/robot_move/install/lslidar_msgs/lib/python3.12/site-packages'
[26.351s] Level 1:colcon.colcon_core.shell:create_environment_hook('lslidar_msgs', 'pythonpath')
[26.354s] INFO:colcon.colcon_core.shell:Creating environment hook '/home/pi/Desktop/robot_move/install/lslidar_msgs/share/lslidar_msgs/hook/pythonpath.ps1'
[26.355s] INFO:colcon.colcon_core.shell:Creating environment descriptor '/home/pi/Desktop/robot_move/install/lslidar_msgs/share/lslidar_msgs/hook/pythonpath.dsv'
[26.358s] INFO:colcon.colcon_core.shell:Creating environment hook '/home/pi/Desktop/robot_move/install/lslidar_msgs/share/lslidar_msgs/hook/pythonpath.sh'
[26.361s] Level 1:colcon.colcon_core.environment:checking '/home/pi/Desktop/robot_move/install/lslidar_msgs/bin'
[26.362s] INFO:colcon.colcon_core.shell:Creating package script '/home/pi/Desktop/robot_move/install/lslidar_msgs/share/lslidar_msgs/package.ps1'
[26.363s] INFO:colcon.colcon_core.shell:Creating package descriptor '/home/pi/Desktop/robot_move/install/lslidar_msgs/share/lslidar_msgs/package.dsv'
[26.364s] INFO:colcon.colcon_core.shell:Creating package script '/home/pi/Desktop/robot_move/install/lslidar_msgs/share/lslidar_msgs/package.sh'
[26.365s] INFO:colcon.colcon_core.shell:Creating package script '/home/pi/Desktop/robot_move/install/lslidar_msgs/share/lslidar_msgs/package.bash'
[26.366s] INFO:colcon.colcon_core.shell:Creating package script '/home/pi/Desktop/robot_move/install/lslidar_msgs/share/lslidar_msgs/package.zsh'
[26.367s] Level 1:colcon.colcon_core.environment:create_file_with_runtime_dependencies(/home/pi/Desktop/robot_move/install/lslidar_msgs/share/colcon-core/packages/lslidar_msgs)
[26.370s] INFO:colcon.colcon_ros.task.ament_cmake.build:Building ROS package in '/home/pi/Desktop/robot_move/my_base_learn/src/lslidar_driver/LSLIDAR_X_ROS2-20240228/src/lslidar_driver' with build type 'ament_cmake'
[26.371s] INFO:colcon.colcon_cmake.task.cmake.build:Building CMake package in '/home/pi/Desktop/robot_move/my_base_learn/src/lslidar_driver/LSLIDAR_X_ROS2-20240228/src/lslidar_driver'
[26.372s] INFO:colcon.colcon_core.shell:Skip shell extension 'powershell' for command environment: Not usable outside of PowerShell
[26.372s] DEBUG:colcon.colcon_core.shell:Skip shell extension 'dsv' for command environment
[26.402s] DEBUG:colcon.colcon_core.event_handler.log_command:Invoking command in '/home/pi/Desktop/robot_move/build/lslidar_driver': AMENT_PREFIX_PATH=/home/pi/Desktop/robot_move/install/lslidar_msgs:${AMENT_PREFIX_PATH} CMAKE_PREFIX_PATH=/home/pi/Desktop/robot_move/install/lslidar_msgs:/home/pi/Desktop/robot_move/my_base_learn/install/tbot_description:/home/pi/Desktop/robot_move/my_base_learn/install/my_base:/home/pi/Desktop/robot_move/my_base_learn/install/lslidar_driver:/home/pi/Desktop/robot_move/my_base_learn/install/lslidar_msgs:/opt/ros/jazzy/opt/gz_math_vendor:/opt/ros/jazzy/opt/gz_utils_vendor:/opt/ros/jazzy/opt/gz_cmake_vendor:/home/pi/Desktop/robot_move/my_base_learn/install/robot_control:/home/pi/Desktop/robot_move/my_base_learn/install/lidar_test:/opt/ros/jazzy DEBUGINFOD_URLS=https://debuginfod.ubuntu.com LD_LIBRARY_PATH=/home/pi/Desktop/robot_move/install/lslidar_msgs/lib:${LD_LIBRARY_PATH} PYTHONPATH=/home/pi/Desktop/robot_move/install/lslidar_msgs/lib/python3.12/site-packages:${PYTHONPATH} /usr/bin/cmake /home/pi/Desktop/robot_move/my_base_learn/src/lslidar_driver/LSLIDAR_X_ROS2-20240228/src/lslidar_driver -DCMAKE_INSTALL_PREFIX=/home/pi/Desktop/robot_move/install/lslidar_driver
[30.119s] DEBUG:colcon.colcon_core.event_handler.log_command:Invoked command in '/home/pi/Desktop/robot_move/build/lslidar_driver' returned '0': AMENT_PREFIX_PATH=/home/pi/Desktop/robot_move/install/lslidar_msgs:${AMENT_PREFIX_PATH} CMAKE_PREFIX_PATH=/home/pi/Desktop/robot_move/install/lslidar_msgs:/home/pi/Desktop/robot_move/my_base_learn/install/tbot_description:/home/pi/Desktop/robot_move/my_base_learn/install/my_base:/home/pi/Desktop/robot_move/my_base_learn/install/lslidar_driver:/home/pi/Desktop/robot_move/my_base_learn/install/lslidar_msgs:/opt/ros/jazzy/opt/gz_math_vendor:/opt/ros/jazzy/opt/gz_utils_vendor:/opt/ros/jazzy/opt/gz_cmake_vendor:/home/pi/Desktop/robot_move/my_base_learn/install/robot_control:/home/pi/Desktop/robot_move/my_base_learn/install/lidar_test:/opt/ros/jazzy DEBUGINFOD_URLS=https://debuginfod.ubuntu.com LD_LIBRARY_PATH=/home/pi/Desktop/robot_move/install/lslidar_msgs/lib:${LD_LIBRARY_PATH} PYTHONPATH=/home/pi/Desktop/robot_move/install/lslidar_msgs/lib/python3.12/site-packages:${PYTHONPATH} /usr/bin/cmake /home/pi/Desktop/robot_move/my_base_learn/src/lslidar_driver/LSLIDAR_X_ROS2-20240228/src/lslidar_driver -DCMAKE_INSTALL_PREFIX=/home/pi/Desktop/robot_move/install/lslidar_driver
[30.120s] DEBUG:colcon.colcon_core.event_handler.log_command:Invoking command in '/home/pi/Desktop/robot_move/build/lslidar_driver': AMENT_PREFIX_PATH=/home/pi/Desktop/robot_move/install/lslidar_msgs:${AMENT_PREFIX_PATH} CMAKE_PREFIX_PATH=/home/pi/Desktop/robot_move/install/lslidar_msgs:/home/pi/Desktop/robot_move/my_base_learn/install/tbot_description:/home/pi/Desktop/robot_move/my_base_learn/install/my_base:/home/pi/Desktop/robot_move/my_base_learn/install/lslidar_driver:/home/pi/Desktop/robot_move/my_base_learn/install/lslidar_msgs:/opt/ros/jazzy/opt/gz_math_vendor:/opt/ros/jazzy/opt/gz_utils_vendor:/opt/ros/jazzy/opt/gz_cmake_vendor:/home/pi/Desktop/robot_move/my_base_learn/install/robot_control:/home/pi/Desktop/robot_move/my_base_learn/install/lidar_test:/opt/ros/jazzy DEBUGINFOD_URLS=https://debuginfod.ubuntu.com LD_LIBRARY_PATH=/home/pi/Desktop/robot_move/install/lslidar_msgs/lib:${LD_LIBRARY_PATH} PYTHONPATH=/home/pi/Desktop/robot_move/install/lslidar_msgs/lib/python3.12/site-packages:${PYTHONPATH} /usr/bin/cmake --build /home/pi/Desktop/robot_move/build/lslidar_driver -- -j4 -l4
[32.583s] DEBUG:colcon.colcon_core.event_handler.log_command:Invoked command in '/home/pi/Desktop/robot_move/build/my_base' returned '0': CMAKE_PREFIX_PATH=${CMAKE_PREFIX_PATH}:/home/pi/Desktop/robot_move/my_base_learn/install/robot_control:/home/pi/Desktop/robot_move/my_base_learn/install/lidar_test:/opt/ros/jazzy DEBUGINFOD_URLS=https://debuginfod.ubuntu.com /usr/bin/cmake --build /home/pi/Desktop/robot_move/build/my_base -- -j4 -l4
[32.584s] DEBUG:colcon.colcon_core.event_handler.log_command:Invoking command in '/home/pi/Desktop/robot_move/build/my_base': CMAKE_PREFIX_PATH=${CMAKE_PREFIX_PATH}:/home/pi/Desktop/robot_move/my_base_learn/install/robot_control:/home/pi/Desktop/robot_move/my_base_learn/install/lidar_test:/opt/ros/jazzy DEBUGINFOD_URLS=https://debuginfod.ubuntu.com /usr/bin/cmake --install /home/pi/Desktop/robot_move/build/my_base
[32.667s] Level 1:colcon.colcon_core.environment:create_environment_scripts_only(my_base)
[32.667s] Level 1:colcon.colcon_core.environment:checking '/home/pi/Desktop/robot_move/install/my_base' for CMake module files
[32.668s] DEBUG:colcon.colcon_core.event_handler.log_command:Invoked command in '/home/pi/Desktop/robot_move/build/my_base' returned '0': CMAKE_PREFIX_PATH=${CMAKE_PREFIX_PATH}:/home/pi/Desktop/robot_move/my_base_learn/install/robot_control:/home/pi/Desktop/robot_move/my_base_learn/install/lidar_test:/opt/ros/jazzy DEBUGINFOD_URLS=https://debuginfod.ubuntu.com /usr/bin/cmake --install /home/pi/Desktop/robot_move/build/my_base
[32.669s] Level 1:colcon.colcon_core.environment:checking '/home/pi/Desktop/robot_move/install/my_base' for CMake config files
[32.669s] Level 1:colcon.colcon_core.shell:create_environment_hook('my_base', 'cmake_prefix_path')
[32.669s] INFO:colcon.colcon_core.shell:Creating environment hook '/home/pi/Desktop/robot_move/install/my_base/share/my_base/hook/cmake_prefix_path.ps1'
[32.671s] INFO:colcon.colcon_core.shell:Creating environment descriptor '/home/pi/Desktop/robot_move/install/my_base/share/my_base/hook/cmake_prefix_path.dsv'
[32.672s] INFO:colcon.colcon_core.shell:Creating environment hook '/home/pi/Desktop/robot_move/install/my_base/share/my_base/hook/cmake_prefix_path.sh'
[32.673s] Level 1:colcon.colcon_core.environment:checking '/home/pi/Desktop/robot_move/install/my_base/lib'
[32.673s] Level 1:colcon.colcon_core.environment:checking '/home/pi/Desktop/robot_move/install/my_base/bin'
[32.674s] Level 1:colcon.colcon_core.environment:checking '/home/pi/Desktop/robot_move/install/my_base/lib/pkgconfig/my_base.pc'
[32.674s] Level 1:colcon.colcon_core.environment:checking '/home/pi/Desktop/robot_move/install/my_base/lib/python3.12/site-packages'
[32.675s] Level 1:colcon.colcon_core.environment:checking '/home/pi/Desktop/robot_move/install/my_base/bin'
[32.675s] INFO:colcon.colcon_core.shell:Creating package script '/home/pi/Desktop/robot_move/install/my_base/share/my_base/package.ps1'
[32.677s] INFO:colcon.colcon_core.shell:Creating package descriptor '/home/pi/Desktop/robot_move/install/my_base/share/my_base/package.dsv'
[32.678s] INFO:colcon.colcon_core.shell:Creating package script '/home/pi/Desktop/robot_move/install/my_base/share/my_base/package.sh'
[32.679s] INFO:colcon.colcon_core.shell:Creating package script '/home/pi/Desktop/robot_move/install/my_base/share/my_base/package.bash'
[32.679s] INFO:colcon.colcon_core.shell:Creating package script '/home/pi/Desktop/robot_move/install/my_base/share/my_base/package.zsh'
[32.680s] Level 1:colcon.colcon_core.environment:create_file_with_runtime_dependencies(/home/pi/Desktop/robot_move/install/my_base/share/colcon-core/packages/my_base)
[32.682s] Level 1:colcon.colcon_core.environment:create_environment_scripts_only(my_base)
[32.682s] Level 1:colcon.colcon_core.environment:checking '/home/pi/Desktop/robot_move/install/my_base' for CMake module files
[32.683s] Level 1:colcon.colcon_core.environment:checking '/home/pi/Desktop/robot_move/install/my_base' for CMake config files
[32.683s] Level 1:colcon.colcon_core.shell:create_environment_hook('my_base', 'cmake_prefix_path')
[32.684s] INFO:colcon.colcon_core.shell:Creating environment hook '/home/pi/Desktop/robot_move/install/my_base/share/my_base/hook/cmake_prefix_path.ps1'
[32.685s] INFO:colcon.colcon_core.shell:Creating environment descriptor '/home/pi/Desktop/robot_move/install/my_base/share/my_base/hook/cmake_prefix_path.dsv'
[32.686s] INFO:colcon.colcon_core.shell:Creating environment hook '/home/pi/Desktop/robot_move/install/my_base/share/my_base/hook/cmake_prefix_path.sh'
[32.687s] Level 1:colcon.colcon_core.environment:checking '/home/pi/Desktop/robot_move/install/my_base/lib'
[32.687s] Level 1:colcon.colcon_core.environment:checking '/home/pi/Desktop/robot_move/install/my_base/bin'
[32.687s] Level 1:colcon.colcon_core.environment:checking '/home/pi/Desktop/robot_move/install/my_base/lib/pkgconfig/my_base.pc'
[32.688s] Level 1:colcon.colcon_core.environment:checking '/home/pi/Desktop/robot_move/install/my_base/lib/python3.12/site-packages'
[32.688s] Level 1:colcon.colcon_core.environment:checking '/home/pi/Desktop/robot_move/install/my_base/bin'
[32.689s] INFO:colcon.colcon_core.shell:Creating package script '/home/pi/Desktop/robot_move/install/my_base/share/my_base/package.ps1'
[32.691s] INFO:colcon.colcon_core.shell:Creating package descriptor '/home/pi/Desktop/robot_move/install/my_base/share/my_base/package.dsv'
[32.727s] INFO:colcon.colcon_core.shell:Creating package script '/home/pi/Desktop/robot_move/install/my_base/share/my_base/package.sh'
[32.728s] INFO:colcon.colcon_core.shell:Creating package script '/home/pi/Desktop/robot_move/install/my_base/share/my_base/package.bash'
[32.731s] INFO:colcon.colcon_core.shell:Creating package script '/home/pi/Desktop/robot_move/install/my_base/share/my_base/package.zsh'
[32.732s] Level 1:colcon.colcon_core.environment:create_file_with_runtime_dependencies(/home/pi/Desktop/robot_move/install/my_base/share/colcon-core/packages/my_base)
[54.989s] DEBUG:colcon.colcon_core.event_handler.log_command:Invoked command in '/home/pi/Desktop/robot_move/build/lslidar_driver' returned '0': AMENT_PREFIX_PATH=/home/pi/Desktop/robot_move/install/lslidar_msgs:${AMENT_PREFIX_PATH} CMAKE_PREFIX_PATH=/home/pi/Desktop/robot_move/install/lslidar_msgs:/home/pi/Desktop/robot_move/my_base_learn/install/tbot_description:/home/pi/Desktop/robot_move/my_base_learn/install/my_base:/home/pi/Desktop/robot_move/my_base_learn/install/lslidar_driver:/home/pi/Desktop/robot_move/my_base_learn/install/lslidar_msgs:/opt/ros/jazzy/opt/gz_math_vendor:/opt/ros/jazzy/opt/gz_utils_vendor:/opt/ros/jazzy/opt/gz_cmake_vendor:/home/pi/Desktop/robot_move/my_base_learn/install/robot_control:/home/pi/Desktop/robot_move/my_base_learn/install/lidar_test:/opt/ros/jazzy DEBUGINFOD_URLS=https://debuginfod.ubuntu.com LD_LIBRARY_PATH=/home/pi/Desktop/robot_move/install/lslidar_msgs/lib:${LD_LIBRARY_PATH} PYTHONPATH=/home/pi/Desktop/robot_move/install/lslidar_msgs/lib/python3.12/site-packages:${PYTHONPATH} /usr/bin/cmake --build /home/pi/Desktop/robot_move/build/lslidar_driver -- -j4 -l4
[54.991s] DEBUG:colcon.colcon_core.event_handler.log_command:Invoking command in '/home/pi/Desktop/robot_move/build/lslidar_driver': AMENT_PREFIX_PATH=/home/pi/Desktop/robot_move/install/lslidar_msgs:${AMENT_PREFIX_PATH} CMAKE_PREFIX_PATH=/home/pi/Desktop/robot_move/install/lslidar_msgs:/home/pi/Desktop/robot_move/my_base_learn/install/tbot_description:/home/pi/Desktop/robot_move/my_base_learn/install/my_base:/home/pi/Desktop/robot_move/my_base_learn/install/lslidar_driver:/home/pi/Desktop/robot_move/my_base_learn/install/lslidar_msgs:/opt/ros/jazzy/opt/gz_math_vendor:/opt/ros/jazzy/opt/gz_utils_vendor:/opt/ros/jazzy/opt/gz_cmake_vendor:/home/pi/Desktop/robot_move/my_base_learn/install/robot_control:/home/pi/Desktop/robot_move/my_base_learn/install/lidar_test:/opt/ros/jazzy DEBUGINFOD_URLS=https://debuginfod.ubuntu.com LD_LIBRARY_PATH=/home/pi/Desktop/robot_move/install/lslidar_msgs/lib:${LD_LIBRARY_PATH} PYTHONPATH=/home/pi/Desktop/robot_move/install/lslidar_msgs/lib/python3.12/site-packages:${PYTHONPATH} /usr/bin/cmake --install /home/pi/Desktop/robot_move/build/lslidar_driver
[55.071s] Level 1:colcon.colcon_core.environment:create_environment_scripts_only(lslidar_driver)
[55.072s] Level 1:colcon.colcon_core.environment:checking '/home/pi/Desktop/robot_move/install/lslidar_driver' for CMake module files
[55.072s] DEBUG:colcon.colcon_core.event_handler.log_command:Invoked command in '/home/pi/Desktop/robot_move/build/lslidar_driver' returned '0': AMENT_PREFIX_PATH=/home/pi/Desktop/robot_move/install/lslidar_msgs:${AMENT_PREFIX_PATH} CMAKE_PREFIX_PATH=/home/pi/Desktop/robot_move/install/lslidar_msgs:/home/pi/Desktop/robot_move/my_base_learn/install/tbot_description:/home/pi/Desktop/robot_move/my_base_learn/install/my_base:/home/pi/Desktop/robot_move/my_base_learn/install/lslidar_driver:/home/pi/Desktop/robot_move/my_base_learn/install/lslidar_msgs:/opt/ros/jazzy/opt/gz_math_vendor:/opt/ros/jazzy/opt/gz_utils_vendor:/opt/ros/jazzy/opt/gz_cmake_vendor:/home/pi/Desktop/robot_move/my_base_learn/install/robot_control:/home/pi/Desktop/robot_move/my_base_learn/install/lidar_test:/opt/ros/jazzy DEBUGINFOD_URLS=https://debuginfod.ubuntu.com LD_LIBRARY_PATH=/home/pi/Desktop/robot_move/install/lslidar_msgs/lib:${LD_LIBRARY_PATH} PYTHONPATH=/home/pi/Desktop/robot_move/install/lslidar_msgs/lib/python3.12/site-packages:${PYTHONPATH} /usr/bin/cmake --install /home/pi/Desktop/robot_move/build/lslidar_driver
[55.073s] Level 1:colcon.colcon_core.environment:checking '/home/pi/Desktop/robot_move/install/lslidar_driver' for CMake config files
[55.073s] Level 1:colcon.colcon_core.shell:create_environment_hook('lslidar_driver', 'cmake_prefix_path')
[55.074s] INFO:colcon.colcon_core.shell:Creating environment hook '/home/pi/Desktop/robot_move/install/lslidar_driver/share/lslidar_driver/hook/cmake_prefix_path.ps1'
[55.074s] INFO:colcon.colcon_core.shell:Creating environment descriptor '/home/pi/Desktop/robot_move/install/lslidar_driver/share/lslidar_driver/hook/cmake_prefix_path.dsv'
[55.075s] INFO:colcon.colcon_core.shell:Creating environment hook '/home/pi/Desktop/robot_move/install/lslidar_driver/share/lslidar_driver/hook/cmake_prefix_path.sh'
[55.075s] Level 1:colcon.colcon_core.environment:checking '/home/pi/Desktop/robot_move/install/lslidar_driver/lib'
[55.075s] Level 1:colcon.colcon_core.environment:checking '/home/pi/Desktop/robot_move/install/lslidar_driver/bin'
[55.076s] Level 1:colcon.colcon_core.environment:checking '/home/pi/Desktop/robot_move/install/lslidar_driver/lib/pkgconfig/lslidar_driver.pc'
[55.076s] Level 1:colcon.colcon_core.environment:checking '/home/pi/Desktop/robot_move/install/lslidar_driver/lib/python3.12/site-packages'
[55.076s] Level 1:colcon.colcon_core.environment:checking '/home/pi/Desktop/robot_move/install/lslidar_driver/bin'
[55.077s] INFO:colcon.colcon_core.shell:Creating package script '/home/pi/Desktop/robot_move/install/lslidar_driver/share/lslidar_driver/package.ps1'
[55.078s] INFO:colcon.colcon_core.shell:Creating package descriptor '/home/pi/Desktop/robot_move/install/lslidar_driver/share/lslidar_driver/package.dsv'
[55.078s] INFO:colcon.colcon_core.shell:Creating package script '/home/pi/Desktop/robot_move/install/lslidar_driver/share/lslidar_driver/package.sh'
[55.079s] INFO:colcon.colcon_core.shell:Creating package script '/home/pi/Desktop/robot_move/install/lslidar_driver/share/lslidar_driver/package.bash'
[55.079s] INFO:colcon.colcon_core.shell:Creating package script '/home/pi/Desktop/robot_move/install/lslidar_driver/share/lslidar_driver/package.zsh'
[55.080s] Level 1:colcon.colcon_core.environment:create_file_with_runtime_dependencies(/home/pi/Desktop/robot_move/install/lslidar_driver/share/colcon-core/packages/lslidar_driver)
[55.080s] Level 1:colcon.colcon_core.environment:create_environment_scripts_only(lslidar_driver)
[55.081s] Level 1:colcon.colcon_core.environment:checking '/home/pi/Desktop/robot_move/install/lslidar_driver' for CMake module files
[55.082s] Level 1:colcon.colcon_core.environment:checking '/home/pi/Desktop/robot_move/install/lslidar_driver' for CMake config files
[55.082s] Level 1:colcon.colcon_core.shell:create_environment_hook('lslidar_driver', 'cmake_prefix_path')
[55.082s] INFO:colcon.colcon_core.shell:Creating environment hook '/home/pi/Desktop/robot_move/install/lslidar_driver/share/lslidar_driver/hook/cmake_prefix_path.ps1'
[55.084s] INFO:colcon.colcon_core.shell:Creating environment descriptor '/home/pi/Desktop/robot_move/install/lslidar_driver/share/lslidar_driver/hook/cmake_prefix_path.dsv'
[55.085s] INFO:colcon.colcon_core.shell:Creating environment hook '/home/pi/Desktop/robot_move/install/lslidar_driver/share/lslidar_driver/hook/cmake_prefix_path.sh'
[55.086s] Level 1:colcon.colcon_core.environment:checking '/home/pi/Desktop/robot_move/install/lslidar_driver/lib'
[55.087s] Level 1:colcon.colcon_core.environment:checking '/home/pi/Desktop/robot_move/install/lslidar_driver/bin'
[55.087s] Level 1:colcon.colcon_core.environment:checking '/home/pi/Desktop/robot_move/install/lslidar_driver/lib/pkgconfig/lslidar_driver.pc'
[55.087s] Level 1:colcon.colcon_core.environment:checking '/home/pi/Desktop/robot_move/install/lslidar_driver/lib/python3.12/site-packages'
[55.088s] Level 1:colcon.colcon_core.environment:checking '/home/pi/Desktop/robot_move/install/lslidar_driver/bin'
[55.088s] INFO:colcon.colcon_core.shell:Creating package script '/home/pi/Desktop/robot_move/install/lslidar_driver/share/lslidar_driver/package.ps1'
[55.089s] INFO:colcon.colcon_core.shell:Creating package descriptor '/home/pi/Desktop/robot_move/install/lslidar_driver/share/lslidar_driver/package.dsv'
[55.090s] INFO:colcon.colcon_core.shell:Creating package script '/home/pi/Desktop/robot_move/install/lslidar_driver/share/lslidar_driver/package.sh'
[55.091s] INFO:colcon.colcon_core.shell:Creating package script '/home/pi/Desktop/robot_move/install/lslidar_driver/share/lslidar_driver/package.bash'
[55.092s] INFO:colcon.colcon_core.shell:Creating package script '/home/pi/Desktop/robot_move/install/lslidar_driver/share/lslidar_driver/package.zsh'
[55.093s] Level 1:colcon.colcon_core.environment:create_file_with_runtime_dependencies(/home/pi/Desktop/robot_move/install/lslidar_driver/share/colcon-core/packages/lslidar_driver)
[55.095s] DEBUG:colcon.colcon_parallel_executor.executor.parallel:closing loop
[55.096s] DEBUG:colcon.colcon_parallel_executor.executor.parallel:loop closed
[55.096s] DEBUG:colcon.colcon_parallel_executor.executor.parallel:run_until_complete finished with '0'
[55.096s] DEBUG:colcon.colcon_core.event_reactor:joining thread
[55.098s] DEBUG:colcon.colcon_core.event_reactor:joined thread
[55.098s] INFO:colcon.colcon_core.shell:Creating prefix script '/home/pi/Desktop/robot_move/install/local_setup.ps1'
[55.102s] INFO:colcon.colcon_core.shell:Creating prefix util module '/home/pi/Desktop/robot_move/install/_local_setup_util_ps1.py'
[55.108s] INFO:colcon.colcon_core.shell:Creating prefix chain script '/home/pi/Desktop/robot_move/install/setup.ps1'
[55.114s] INFO:colcon.colcon_core.shell:Creating prefix script '/home/pi/Desktop/robot_move/install/local_setup.sh'
[55.116s] INFO:colcon.colcon_core.shell:Creating prefix util module '/home/pi/Desktop/robot_move/install/_local_setup_util_sh.py'
[55.117s] INFO:colcon.colcon_core.shell:Creating prefix chain script '/home/pi/Desktop/robot_move/install/setup.sh'
[55.122s] INFO:colcon.colcon_core.shell:Creating prefix script '/home/pi/Desktop/robot_move/install/local_setup.bash'
[55.123s] INFO:colcon.colcon_core.shell:Creating prefix chain script '/home/pi/Desktop/robot_move/install/setup.bash'
[55.125s] INFO:colcon.colcon_core.shell:Creating prefix script '/home/pi/Desktop/robot_move/install/local_setup.zsh'
[55.127s] INFO:colcon.colcon_core.shell:Creating prefix chain script '/home/pi/Desktop/robot_move/install/setup.zsh'
