[2.400s] Invoking command in '/home/pi/Desktop/robot_move/my_base_learn/src/robot_control': DEBUGINFOD_URLS=https://debuginfod.ubuntu.com PYTHONPATH=/home/pi/Desktop/robot_move/build/robot_control/prefix_override:/usr/lib/python3/dist-packages/colcon_core/task/python/colcon_distutils_commands:/home/pi/Desktop/robot_move/install/robot_control/lib/python3.12/site-packages:${PYTHONPATH} /usr/bin/python3 -W ignore:setup.py install is deprecated -W ignore:easy_install command is deprecated setup.py egg_info --egg-base ../../../build/robot_control build --build-base /home/pi/Desktop/robot_move/build/robot_control/build install --record /home/pi/Desktop/robot_move/build/robot_control/install.log --single-version-externally-managed install_data
[2.787s] running egg_info
[2.812s] writing ../../../build/robot_control/robot_control.egg-info/PKG-INFO
[2.825s] writing dependency_links to ../../../build/robot_control/robot_control.egg-info/dependency_links.txt
[2.825s] writing entry points to ../../../build/robot_control/robot_control.egg-info/entry_points.txt
[2.825s] writing requirements to ../../../build/robot_control/robot_control.egg-info/requires.txt
[2.825s] writing top-level names to ../../../build/robot_control/robot_control.egg-info/top_level.txt
[2.880s] reading manifest file '../../../build/robot_control/robot_control.egg-info/SOURCES.txt'
[2.952s] writing manifest file '../../../build/robot_control/robot_control.egg-info/SOURCES.txt'
[2.955s] running build
[2.955s] running build_py
[2.955s] running install
[2.965s] running install_lib
[2.999s] running install_data
[2.999s] running install_egg_info
[3.032s] removing '/home/pi/Desktop/robot_move/install/robot_control/lib/python3.12/site-packages/robot_control-0.0.0-py3.12.egg-info' (and everything under it)
[3.042s] Copying ../../../build/robot_control/robot_control.egg-info to /home/pi/Desktop/robot_move/install/robot_control/lib/python3.12/site-packages/robot_control-0.0.0-py3.12.egg-info
[3.042s] running install_scripts
[3.257s] Installing bow_controller script to /home/pi/Desktop/robot_move/install/robot_control/lib/robot_control
[3.258s] Installing circle_controller script to /home/pi/Desktop/robot_move/install/robot_control/lib/robot_control
[3.258s] writing list of installed files to '/home/pi/Desktop/robot_move/build/robot_control/install.log'
[3.373s] Invoked command in '/home/pi/Desktop/robot_move/my_base_learn/src/robot_control' returned '0': DEBUGINFOD_URLS=https://debuginfod.ubuntu.com PYTHONPATH=/home/pi/Desktop/robot_move/build/robot_control/prefix_override:/usr/lib/python3/dist-packages/colcon_core/task/python/colcon_distutils_commands:/home/pi/Desktop/robot_move/install/robot_control/lib/python3.12/site-packages:${PYTHONPATH} /usr/bin/python3 -W ignore:setup.py install is deprecated -W ignore:easy_install command is deprecated setup.py egg_info --egg-base ../../../build/robot_control build --build-base /home/pi/Desktop/robot_move/build/robot_control/build install --record /home/pi/Desktop/robot_move/build/robot_control/install.log --single-version-externally-managed install_data
