[0.203s] DEBUG:colcon:Command line arguments: ['/usr/bin/colcon', 'build', '--packages-select', 'my_base']
[0.203s] DEBUG:colcon:Parsed command line arguments: Namespace(log_base=None, log_level=None, verb_name='build', build_base='build', install_base='install', merge_install=False, symlink_install=False, test_result_base=None, continue_on_error=False, executor='parallel', parallel_workers=4, event_handlers=None, ignore_user_meta=False, metas=['./colcon.meta'], base_paths=['.'], packages_ignore=None, packages_ignore_regex=None, paths=None, packages_up_to=None, packages_up_to_regex=None, packages_above=None, packages_above_and_dependencies=None, packages_above_depth=None, packages_select_by_dep=None, packages_skip_by_dep=None, packages_skip_up_to=None, packages_select_build_failed=False, packages_skip_build_finished=False, packages_select_test_failures=False, packages_skip_test_passed=False, packages_select=['my_base'], packages_skip=None, packages_select_regex=None, packages_skip_regex=None, packages_start=None, packages_end=None, allow_overriding=[], cmake_args=None, cmake_target=None, cmake_target_skip_unavailable=False, cmake_clean_cache=False, cmake_clean_first=False, cmake_force_configure=False, ament_cmake_args=None, catkin_cmake_args=None, catkin_skip_building_tests=False, verb_parser=<colcon_defaults.argument_parser.defaults.DefaultArgumentsDecorator object at 0xffffb90a68d0>, verb_extension=<colcon_core.verb.build.BuildVerb object at 0xffffb90a6630>, main=<bound method BuildVerb.main of <colcon_core.verb.build.BuildVerb object at 0xffffb90a6630>>)
[0.268s] Level 1:colcon.colcon_core.package_discovery:discover_packages(colcon_meta) check parameters
[0.269s] Level 1:colcon.colcon_core.package_discovery:discover_packages(recursive) check parameters
[0.269s] Level 1:colcon.colcon_core.package_discovery:discover_packages(ignore) check parameters
[0.269s] Level 1:colcon.colcon_core.package_discovery:discover_packages(path) check parameters
[0.269s] Level 1:colcon.colcon_core.package_discovery:discover_packages(colcon_meta) discover
[0.272s] Level 1:colcon.colcon_core.package_discovery:discover_packages(recursive) discover
[0.273s] INFO:colcon.colcon_core.package_discovery:Crawling recursively for packages in '/home/pi/Desktop/robot_move/my_base_learn'
[0.273s] Level 1:colcon.colcon_core.package_identification:_identify(.) by extensions ['ignore', 'ignore_ament_install']
[0.273s] Level 1:colcon.colcon_core.package_identification:_identify(.) by extension 'ignore'
[0.273s] Level 1:colcon.colcon_core.package_identification:_identify(.) by extension 'ignore_ament_install'
[0.273s] Level 1:colcon.colcon_core.package_identification:_identify(.) by extensions ['colcon_pkg']
[0.274s] Level 1:colcon.colcon_core.package_identification:_identify(.) by extension 'colcon_pkg'
[0.274s] Level 1:colcon.colcon_core.package_identification:_identify(.) by extensions ['colcon_meta']
[0.274s] Level 1:colcon.colcon_core.package_identification:_identify(.) by extension 'colcon_meta'
[0.274s] Level 1:colcon.colcon_core.package_identification:_identify(.) by extensions ['ros']
[0.274s] Level 1:colcon.colcon_core.package_identification:_identify(.) by extension 'ros'
[0.314s] Level 1:colcon.colcon_core.package_identification:_identify(.) by extensions ['cmake', 'python']
[0.314s] Level 1:colcon.colcon_core.package_identification:_identify(.) by extension 'cmake'
[0.314s] Level 1:colcon.colcon_core.package_identification:_identify(.) by extension 'python'
[0.314s] Level 1:colcon.colcon_core.package_identification:_identify(.) by extensions ['python_setup_py']
[0.314s] Level 1:colcon.colcon_core.package_identification:_identify(.) by extension 'python_setup_py'
[0.315s] Level 1:colcon.colcon_core.package_identification:_identify(build) by extensions ['ignore', 'ignore_ament_install']
[0.315s] Level 1:colcon.colcon_core.package_identification:_identify(build) by extension 'ignore'
[0.315s] Level 1:colcon.colcon_core.package_identification:_identify(build) ignored
[0.315s] Level 1:colcon.colcon_core.package_identification:_identify(install) by extensions ['ignore', 'ignore_ament_install']
[0.315s] Level 1:colcon.colcon_core.package_identification:_identify(install) by extension 'ignore'
[0.315s] Level 1:colcon.colcon_core.package_identification:_identify(install) ignored
[0.315s] Level 1:colcon.colcon_core.package_identification:_identify(log) by extensions ['ignore', 'ignore_ament_install']
[0.316s] Level 1:colcon.colcon_core.package_identification:_identify(log) by extension 'ignore'
[0.316s] Level 1:colcon.colcon_core.package_identification:_identify(log) ignored
[0.316s] Level 1:colcon.colcon_core.package_identification:_identify(src) by extensions ['ignore', 'ignore_ament_install']
[0.316s] Level 1:colcon.colcon_core.package_identification:_identify(src) by extension 'ignore'
[0.316s] Level 1:colcon.colcon_core.package_identification:_identify(src) by extension 'ignore_ament_install'
[0.316s] Level 1:colcon.colcon_core.package_identification:_identify(src) by extensions ['colcon_pkg']
[0.316s] Level 1:colcon.colcon_core.package_identification:_identify(src) by extension 'colcon_pkg'
[0.316s] Level 1:colcon.colcon_core.package_identification:_identify(src) by extensions ['colcon_meta']
[0.316s] Level 1:colcon.colcon_core.package_identification:_identify(src) by extension 'colcon_meta'
[0.316s] Level 1:colcon.colcon_core.package_identification:_identify(src) by extensions ['ros']
[0.316s] Level 1:colcon.colcon_core.package_identification:_identify(src) by extension 'ros'
[0.316s] Level 1:colcon.colcon_core.package_identification:_identify(src) by extensions ['cmake', 'python']
[0.316s] Level 1:colcon.colcon_core.package_identification:_identify(src) by extension 'cmake'
[0.316s] Level 1:colcon.colcon_core.package_identification:_identify(src) by extension 'python'
[0.316s] Level 1:colcon.colcon_core.package_identification:_identify(src) by extensions ['python_setup_py']
[0.317s] Level 1:colcon.colcon_core.package_identification:_identify(src) by extension 'python_setup_py'
[0.317s] Level 1:colcon.colcon_core.package_identification:_identify(src/lidar_test) by extensions ['ignore', 'ignore_ament_install']
[0.317s] Level 1:colcon.colcon_core.package_identification:_identify(src/lidar_test) by extension 'ignore'
[0.317s] Level 1:colcon.colcon_core.package_identification:_identify(src/lidar_test) by extension 'ignore_ament_install'
[0.317s] Level 1:colcon.colcon_core.package_identification:_identify(src/lidar_test) by extensions ['colcon_pkg']
[0.317s] Level 1:colcon.colcon_core.package_identification:_identify(src/lidar_test) by extension 'colcon_pkg'
[0.317s] Level 1:colcon.colcon_core.package_identification:_identify(src/lidar_test) by extensions ['colcon_meta']
[0.317s] Level 1:colcon.colcon_core.package_identification:_identify(src/lidar_test) by extension 'colcon_meta'
[0.317s] Level 1:colcon.colcon_core.package_identification:_identify(src/lidar_test) by extensions ['ros']
[0.317s] Level 1:colcon.colcon_core.package_identification:_identify(src/lidar_test) by extension 'ros'
[0.320s] DEBUG:colcon.colcon_core.package_identification:Package 'src/lidar_test' with type 'ros.ament_python' and name 'lidar_test'
[0.321s] Level 1:colcon.colcon_core.package_identification:_identify(src/lslidar_driver) by extensions ['ignore', 'ignore_ament_install']
[0.321s] Level 1:colcon.colcon_core.package_identification:_identify(src/lslidar_driver) by extension 'ignore'
[0.321s] Level 1:colcon.colcon_core.package_identification:_identify(src/lslidar_driver) by extension 'ignore_ament_install'
[0.321s] Level 1:colcon.colcon_core.package_identification:_identify(src/lslidar_driver) by extensions ['colcon_pkg']
[0.321s] Level 1:colcon.colcon_core.package_identification:_identify(src/lslidar_driver) by extension 'colcon_pkg'
[0.321s] Level 1:colcon.colcon_core.package_identification:_identify(src/lslidar_driver) by extensions ['colcon_meta']
[0.321s] Level 1:colcon.colcon_core.package_identification:_identify(src/lslidar_driver) by extension 'colcon_meta'
[0.321s] Level 1:colcon.colcon_core.package_identification:_identify(src/lslidar_driver) by extensions ['ros']
[0.321s] Level 1:colcon.colcon_core.package_identification:_identify(src/lslidar_driver) by extension 'ros'
[0.321s] Level 1:colcon.colcon_core.package_identification:_identify(src/lslidar_driver) by extensions ['cmake', 'python']
[0.321s] Level 1:colcon.colcon_core.package_identification:_identify(src/lslidar_driver) by extension 'cmake'
[0.321s] Level 1:colcon.colcon_core.package_identification:_identify(src/lslidar_driver) by extension 'python'
[0.321s] Level 1:colcon.colcon_core.package_identification:_identify(src/lslidar_driver) by extensions ['python_setup_py']
[0.322s] Level 1:colcon.colcon_core.package_identification:_identify(src/lslidar_driver) by extension 'python_setup_py'
[0.322s] Level 1:colcon.colcon_core.package_identification:_identify(src/lslidar_driver/LSLIDAR_X_ROS2-20240228) by extensions ['ignore', 'ignore_ament_install']
[0.322s] Level 1:colcon.colcon_core.package_identification:_identify(src/lslidar_driver/LSLIDAR_X_ROS2-20240228) by extension 'ignore'
[0.322s] Level 1:colcon.colcon_core.package_identification:_identify(src/lslidar_driver/LSLIDAR_X_ROS2-20240228) by extension 'ignore_ament_install'
[0.322s] Level 1:colcon.colcon_core.package_identification:_identify(src/lslidar_driver/LSLIDAR_X_ROS2-20240228) by extensions ['colcon_pkg']
[0.322s] Level 1:colcon.colcon_core.package_identification:_identify(src/lslidar_driver/LSLIDAR_X_ROS2-20240228) by extension 'colcon_pkg'
[0.322s] Level 1:colcon.colcon_core.package_identification:_identify(src/lslidar_driver/LSLIDAR_X_ROS2-20240228) by extensions ['colcon_meta']
[0.322s] Level 1:colcon.colcon_core.package_identification:_identify(src/lslidar_driver/LSLIDAR_X_ROS2-20240228) by extension 'colcon_meta'
[0.322s] Level 1:colcon.colcon_core.package_identification:_identify(src/lslidar_driver/LSLIDAR_X_ROS2-20240228) by extensions ['ros']
[0.322s] Level 1:colcon.colcon_core.package_identification:_identify(src/lslidar_driver/LSLIDAR_X_ROS2-20240228) by extension 'ros'
[0.322s] Level 1:colcon.colcon_core.package_identification:_identify(src/lslidar_driver/LSLIDAR_X_ROS2-20240228) by extensions ['cmake', 'python']
[0.322s] Level 1:colcon.colcon_core.package_identification:_identify(src/lslidar_driver/LSLIDAR_X_ROS2-20240228) by extension 'cmake'
[0.322s] Level 1:colcon.colcon_core.package_identification:_identify(src/lslidar_driver/LSLIDAR_X_ROS2-20240228) by extension 'python'
[0.322s] Level 1:colcon.colcon_core.package_identification:_identify(src/lslidar_driver/LSLIDAR_X_ROS2-20240228) by extensions ['python_setup_py']
[0.323s] Level 1:colcon.colcon_core.package_identification:_identify(src/lslidar_driver/LSLIDAR_X_ROS2-20240228) by extension 'python_setup_py'
[0.323s] Level 1:colcon.colcon_core.package_identification:_identify(src/lslidar_driver/LSLIDAR_X_ROS2-20240228/src) by extensions ['ignore', 'ignore_ament_install']
[0.323s] Level 1:colcon.colcon_core.package_identification:_identify(src/lslidar_driver/LSLIDAR_X_ROS2-20240228/src) by extension 'ignore'
[0.323s] Level 1:colcon.colcon_core.package_identification:_identify(src/lslidar_driver/LSLIDAR_X_ROS2-20240228/src) by extension 'ignore_ament_install'
[0.323s] Level 1:colcon.colcon_core.package_identification:_identify(src/lslidar_driver/LSLIDAR_X_ROS2-20240228/src) by extensions ['colcon_pkg']
[0.323s] Level 1:colcon.colcon_core.package_identification:_identify(src/lslidar_driver/LSLIDAR_X_ROS2-20240228/src) by extension 'colcon_pkg'
[0.323s] Level 1:colcon.colcon_core.package_identification:_identify(src/lslidar_driver/LSLIDAR_X_ROS2-20240228/src) by extensions ['colcon_meta']
[0.323s] Level 1:colcon.colcon_core.package_identification:_identify(src/lslidar_driver/LSLIDAR_X_ROS2-20240228/src) by extension 'colcon_meta'
[0.323s] Level 1:colcon.colcon_core.package_identification:_identify(src/lslidar_driver/LSLIDAR_X_ROS2-20240228/src) by extensions ['ros']
[0.323s] Level 1:colcon.colcon_core.package_identification:_identify(src/lslidar_driver/LSLIDAR_X_ROS2-20240228/src) by extension 'ros'
[0.323s] Level 1:colcon.colcon_core.package_identification:_identify(src/lslidar_driver/LSLIDAR_X_ROS2-20240228/src) by extensions ['cmake', 'python']
[0.323s] Level 1:colcon.colcon_core.package_identification:_identify(src/lslidar_driver/LSLIDAR_X_ROS2-20240228/src) by extension 'cmake'
[0.323s] Level 1:colcon.colcon_core.package_identification:_identify(src/lslidar_driver/LSLIDAR_X_ROS2-20240228/src) by extension 'python'
[0.323s] Level 1:colcon.colcon_core.package_identification:_identify(src/lslidar_driver/LSLIDAR_X_ROS2-20240228/src) by extensions ['python_setup_py']
[0.323s] Level 1:colcon.colcon_core.package_identification:_identify(src/lslidar_driver/LSLIDAR_X_ROS2-20240228/src) by extension 'python_setup_py'
[0.324s] Level 1:colcon.colcon_core.package_identification:_identify(src/lslidar_driver/LSLIDAR_X_ROS2-20240228/src/lslidar_driver) by extensions ['ignore', 'ignore_ament_install']
[0.324s] Level 1:colcon.colcon_core.package_identification:_identify(src/lslidar_driver/LSLIDAR_X_ROS2-20240228/src/lslidar_driver) by extension 'ignore'
[0.324s] Level 1:colcon.colcon_core.package_identification:_identify(src/lslidar_driver/LSLIDAR_X_ROS2-20240228/src/lslidar_driver) by extension 'ignore_ament_install'
[0.324s] Level 1:colcon.colcon_core.package_identification:_identify(src/lslidar_driver/LSLIDAR_X_ROS2-20240228/src/lslidar_driver) by extensions ['colcon_pkg']
[0.324s] Level 1:colcon.colcon_core.package_identification:_identify(src/lslidar_driver/LSLIDAR_X_ROS2-20240228/src/lslidar_driver) by extension 'colcon_pkg'
[0.324s] Level 1:colcon.colcon_core.package_identification:_identify(src/lslidar_driver/LSLIDAR_X_ROS2-20240228/src/lslidar_driver) by extensions ['colcon_meta']
[0.324s] Level 1:colcon.colcon_core.package_identification:_identify(src/lslidar_driver/LSLIDAR_X_ROS2-20240228/src/lslidar_driver) by extension 'colcon_meta'
[0.324s] Level 1:colcon.colcon_core.package_identification:_identify(src/lslidar_driver/LSLIDAR_X_ROS2-20240228/src/lslidar_driver) by extensions ['ros']
[0.324s] Level 1:colcon.colcon_core.package_identification:_identify(src/lslidar_driver/LSLIDAR_X_ROS2-20240228/src/lslidar_driver) by extension 'ros'
[0.325s] DEBUG:colcon.colcon_core.package_identification:Package 'src/lslidar_driver/LSLIDAR_X_ROS2-20240228/src/lslidar_driver' with type 'ros.ament_cmake' and name 'lslidar_driver'
[0.325s] Level 1:colcon.colcon_core.package_identification:_identify(src/lslidar_driver/LSLIDAR_X_ROS2-20240228/src/lslidar_msgs) by extensions ['ignore', 'ignore_ament_install']
[0.325s] Level 1:colcon.colcon_core.package_identification:_identify(src/lslidar_driver/LSLIDAR_X_ROS2-20240228/src/lslidar_msgs) by extension 'ignore'
[0.326s] Level 1:colcon.colcon_core.package_identification:_identify(src/lslidar_driver/LSLIDAR_X_ROS2-20240228/src/lslidar_msgs) by extension 'ignore_ament_install'
[0.326s] Level 1:colcon.colcon_core.package_identification:_identify(src/lslidar_driver/LSLIDAR_X_ROS2-20240228/src/lslidar_msgs) by extensions ['colcon_pkg']
[0.326s] Level 1:colcon.colcon_core.package_identification:_identify(src/lslidar_driver/LSLIDAR_X_ROS2-20240228/src/lslidar_msgs) by extension 'colcon_pkg'
[0.326s] Level 1:colcon.colcon_core.package_identification:_identify(src/lslidar_driver/LSLIDAR_X_ROS2-20240228/src/lslidar_msgs) by extensions ['colcon_meta']
[0.326s] Level 1:colcon.colcon_core.package_identification:_identify(src/lslidar_driver/LSLIDAR_X_ROS2-20240228/src/lslidar_msgs) by extension 'colcon_meta'
[0.326s] Level 1:colcon.colcon_core.package_identification:_identify(src/lslidar_driver/LSLIDAR_X_ROS2-20240228/src/lslidar_msgs) by extensions ['ros']
[0.326s] Level 1:colcon.colcon_core.package_identification:_identify(src/lslidar_driver/LSLIDAR_X_ROS2-20240228/src/lslidar_msgs) by extension 'ros'
[0.327s] DEBUG:colcon.colcon_core.package_identification:Package 'src/lslidar_driver/LSLIDAR_X_ROS2-20240228/src/lslidar_msgs' with type 'ros.ament_cmake' and name 'lslidar_msgs'
[0.327s] Level 1:colcon.colcon_core.package_identification:_identify(src/my_base) by extensions ['ignore', 'ignore_ament_install']
[0.327s] Level 1:colcon.colcon_core.package_identification:_identify(src/my_base) by extension 'ignore'
[0.327s] Level 1:colcon.colcon_core.package_identification:_identify(src/my_base) by extension 'ignore_ament_install'
[0.327s] Level 1:colcon.colcon_core.package_identification:_identify(src/my_base) by extensions ['colcon_pkg']
[0.327s] Level 1:colcon.colcon_core.package_identification:_identify(src/my_base) by extension 'colcon_pkg'
[0.327s] Level 1:colcon.colcon_core.package_identification:_identify(src/my_base) by extensions ['colcon_meta']
[0.327s] Level 1:colcon.colcon_core.package_identification:_identify(src/my_base) by extension 'colcon_meta'
[0.327s] Level 1:colcon.colcon_core.package_identification:_identify(src/my_base) by extensions ['ros']
[0.327s] Level 1:colcon.colcon_core.package_identification:_identify(src/my_base) by extension 'ros'
[0.328s] DEBUG:colcon.colcon_core.package_identification:Package 'src/my_base' with type 'ros.ament_cmake' and name 'my_base'
[0.328s] Level 1:colcon.colcon_core.package_identification:_identify(src/robot_control) by extensions ['ignore', 'ignore_ament_install']
[0.329s] Level 1:colcon.colcon_core.package_identification:_identify(src/robot_control) by extension 'ignore'
[0.329s] Level 1:colcon.colcon_core.package_identification:_identify(src/robot_control) by extension 'ignore_ament_install'
[0.329s] Level 1:colcon.colcon_core.package_identification:_identify(src/robot_control) by extensions ['colcon_pkg']
[0.329s] Level 1:colcon.colcon_core.package_identification:_identify(src/robot_control) by extension 'colcon_pkg'
[0.329s] Level 1:colcon.colcon_core.package_identification:_identify(src/robot_control) by extensions ['colcon_meta']
[0.329s] Level 1:colcon.colcon_core.package_identification:_identify(src/robot_control) by extension 'colcon_meta'
[0.329s] Level 1:colcon.colcon_core.package_identification:_identify(src/robot_control) by extensions ['ros']
[0.329s] Level 1:colcon.colcon_core.package_identification:_identify(src/robot_control) by extension 'ros'
[0.330s] DEBUG:colcon.colcon_core.package_identification:Package 'src/robot_control' with type 'ros.ament_python' and name 'robot_control'
[0.330s] Level 1:colcon.colcon_core.package_identification:_identify(src/tbot_description) by extensions ['ignore', 'ignore_ament_install']
[0.331s] Level 1:colcon.colcon_core.package_identification:_identify(src/tbot_description) by extension 'ignore'
[0.331s] Level 1:colcon.colcon_core.package_identification:_identify(src/tbot_description) by extension 'ignore_ament_install'
[0.331s] Level 1:colcon.colcon_core.package_identification:_identify(src/tbot_description) by extensions ['colcon_pkg']
[0.331s] Level 1:colcon.colcon_core.package_identification:_identify(src/tbot_description) by extension 'colcon_pkg'
[0.331s] Level 1:colcon.colcon_core.package_identification:_identify(src/tbot_description) by extensions ['colcon_meta']
[0.331s] Level 1:colcon.colcon_core.package_identification:_identify(src/tbot_description) by extension 'colcon_meta'
[0.331s] Level 1:colcon.colcon_core.package_identification:_identify(src/tbot_description) by extensions ['ros']
[0.331s] Level 1:colcon.colcon_core.package_identification:_identify(src/tbot_description) by extension 'ros'
[0.332s] DEBUG:colcon.colcon_core.package_identification:Package 'src/tbot_description' with type 'ros.ament_cmake' and name 'tbot_description'
[0.332s] Level 1:colcon.colcon_core.package_discovery:discover_packages(recursive) using defaults
[0.332s] Level 1:colcon.colcon_core.package_discovery:discover_packages(ignore) discover
[0.332s] Level 1:colcon.colcon_core.package_discovery:discover_packages(ignore) using defaults
[0.332s] Level 1:colcon.colcon_core.package_discovery:discover_packages(path) discover
[0.332s] Level 1:colcon.colcon_core.package_discovery:discover_packages(path) using defaults
[0.358s] INFO:colcon.colcon_core.package_selection:Skipping not selected package 'lidar_test' in 'src/lidar_test'
[0.359s] INFO:colcon.colcon_core.package_selection:Skipping not selected package 'lslidar_msgs' in 'src/lslidar_driver/LSLIDAR_X_ROS2-20240228/src/lslidar_msgs'
[0.359s] INFO:colcon.colcon_core.package_selection:Skipping not selected package 'robot_control' in 'src/robot_control'
[0.359s] INFO:colcon.colcon_core.package_selection:Skipping not selected package 'tbot_description' in 'src/tbot_description'
[0.359s] INFO:colcon.colcon_core.package_selection:Skipping not selected package 'lslidar_driver' in 'src/lslidar_driver/LSLIDAR_X_ROS2-20240228/src/lslidar_driver'
[0.359s] Level 1:colcon.colcon_core.package_discovery:discover_packages(prefix_path) check parameters
[0.359s] Level 1:colcon.colcon_core.package_discovery:discover_packages(prefix_path) discover
[0.361s] WARNING:colcon.colcon_ros.prefix_path.ament:The path '/home/pi/Desktop/robot_move/my_base_learn/install/tbot_description' in the environment variable AMENT_PREFIX_PATH doesn't exist
[0.361s] WARNING:colcon.colcon_ros.prefix_path.ament:The path '/home/pi/Desktop/robot_move/my_base_learn/install/robot_control' in the environment variable AMENT_PREFIX_PATH doesn't exist
[0.361s] WARNING:colcon.colcon_ros.prefix_path.ament:The path '/home/pi/Desktop/robot_move/my_base_learn/install/my_base' in the environment variable AMENT_PREFIX_PATH doesn't exist
[0.361s] WARNING:colcon.colcon_ros.prefix_path.ament:The path '/home/pi/Desktop/robot_move/my_base_learn/install/lslidar_driver' in the environment variable AMENT_PREFIX_PATH doesn't exist
[0.361s] WARNING:colcon.colcon_ros.prefix_path.ament:The path '/home/pi/Desktop/robot_move/my_base_learn/install/lslidar_msgs' in the environment variable AMENT_PREFIX_PATH doesn't exist
[0.361s] WARNING:colcon.colcon_ros.prefix_path.ament:The path '/home/pi/Desktop/robot_move/my_base_learn/install/lidar_test' in the environment variable AMENT_PREFIX_PATH doesn't exist
[0.361s] WARNING:colcon.colcon_ros.prefix_path.catkin:The path '/home/pi/Desktop/robot_move/my_base_learn/install/tbot_description' in the environment variable CMAKE_PREFIX_PATH doesn't exist
[0.361s] WARNING:colcon.colcon_ros.prefix_path.catkin:The path '/home/pi/Desktop/robot_move/my_base_learn/install/my_base' in the environment variable CMAKE_PREFIX_PATH doesn't exist
[0.361s] WARNING:colcon.colcon_ros.prefix_path.catkin:The path '/home/pi/Desktop/robot_move/my_base_learn/install/lslidar_driver' in the environment variable CMAKE_PREFIX_PATH doesn't exist
[0.361s] WARNING:colcon.colcon_ros.prefix_path.catkin:The path '/home/pi/Desktop/robot_move/my_base_learn/install/lslidar_msgs' in the environment variable CMAKE_PREFIX_PATH doesn't exist
[0.362s] DEBUG:colcon.colcon_installed_package_information.package_discovery:Found 0 installed packages in /home/pi/Desktop/robot_move/my_base_learn/install
[0.365s] DEBUG:colcon.colcon_installed_package_information.package_discovery:Found 306 installed packages in /opt/ros/jazzy
[0.367s] Level 1:colcon.colcon_core.package_discovery:discover_packages(prefix_path) using defaults
[0.431s] Level 5:colcon.colcon_core.verb:set package 'my_base' build argument 'cmake_args' from command line to 'None'
[0.431s] Level 5:colcon.colcon_core.verb:set package 'my_base' build argument 'cmake_target' from command line to 'None'
[0.431s] Level 5:colcon.colcon_core.verb:set package 'my_base' build argument 'cmake_target_skip_unavailable' from command line to 'False'
[0.432s] Level 5:colcon.colcon_core.verb:set package 'my_base' build argument 'cmake_clean_cache' from command line to 'False'
[0.432s] Level 5:colcon.colcon_core.verb:set package 'my_base' build argument 'cmake_clean_first' from command line to 'False'
[0.432s] Level 5:colcon.colcon_core.verb:set package 'my_base' build argument 'cmake_force_configure' from command line to 'False'
[0.432s] Level 5:colcon.colcon_core.verb:set package 'my_base' build argument 'ament_cmake_args' from command line to 'None'
[0.432s] Level 5:colcon.colcon_core.verb:set package 'my_base' build argument 'catkin_cmake_args' from command line to 'None'
[0.432s] Level 5:colcon.colcon_core.verb:set package 'my_base' build argument 'catkin_skip_building_tests' from command line to 'False'
[0.432s] DEBUG:colcon.colcon_core.verb:Building package 'my_base' with the following arguments: {'ament_cmake_args': None, 'build_base': '/home/pi/Desktop/robot_move/my_base_learn/build/my_base', 'catkin_cmake_args': None, 'catkin_skip_building_tests': False, 'cmake_args': None, 'cmake_clean_cache': False, 'cmake_clean_first': False, 'cmake_force_configure': False, 'cmake_target': None, 'cmake_target_skip_unavailable': False, 'install_base': '/home/pi/Desktop/robot_move/my_base_learn/install/my_base', 'merge_install': False, 'path': '/home/pi/Desktop/robot_move/my_base_learn/src/my_base', 'symlink_install': False, 'test_result_base': None}
[0.432s] INFO:colcon.colcon_core.executor:Executing jobs using 'parallel' executor
[0.434s] DEBUG:colcon.colcon_parallel_executor.executor.parallel:run_until_complete
[0.434s] INFO:colcon.colcon_ros.task.ament_cmake.build:Building ROS package in '/home/pi/Desktop/robot_move/my_base_learn/src/my_base' with build type 'ament_cmake'
[0.434s] INFO:colcon.colcon_cmake.task.cmake.build:Building CMake package in '/home/pi/Desktop/robot_move/my_base_learn/src/my_base'
[0.437s] INFO:colcon.colcon_core.plugin_system:Skipping extension 'colcon_core.shell.bat': Not used on non-Windows systems
[0.437s] INFO:colcon.colcon_core.shell:Skip shell extension 'powershell' for command environment: Not usable outside of PowerShell
[0.437s] DEBUG:colcon.colcon_core.shell:Skip shell extension 'dsv' for command environment
[0.458s] DEBUG:colcon.colcon_core.event_handler.log_command:Invoking command in '/home/pi/Desktop/robot_move/my_base_learn/build/my_base': CMAKE_PREFIX_PATH=${CMAKE_PREFIX_PATH}:/home/pi/Desktop/robot_move/my_base_learn/install/robot_control:/home/pi/Desktop/robot_move/my_base_learn/install/lidar_test:/opt/ros/jazzy DEBUGINFOD_URLS=https://debuginfod.ubuntu.com /usr/bin/cmake /home/pi/Desktop/robot_move/my_base_learn/src/my_base -DCMAKE_INSTALL_PREFIX=/home/pi/Desktop/robot_move/my_base_learn/install/my_base
[2.795s] DEBUG:colcon.colcon_core.event_handler.log_command:Invoked command in '/home/pi/Desktop/robot_move/my_base_learn/build/my_base' returned '0': CMAKE_PREFIX_PATH=${CMAKE_PREFIX_PATH}:/home/pi/Desktop/robot_move/my_base_learn/install/robot_control:/home/pi/Desktop/robot_move/my_base_learn/install/lidar_test:/opt/ros/jazzy DEBUGINFOD_URLS=https://debuginfod.ubuntu.com /usr/bin/cmake /home/pi/Desktop/robot_move/my_base_learn/src/my_base -DCMAKE_INSTALL_PREFIX=/home/pi/Desktop/robot_move/my_base_learn/install/my_base
[2.797s] DEBUG:colcon.colcon_core.event_handler.log_command:Invoking command in '/home/pi/Desktop/robot_move/my_base_learn/build/my_base': CMAKE_PREFIX_PATH=${CMAKE_PREFIX_PATH}:/home/pi/Desktop/robot_move/my_base_learn/install/robot_control:/home/pi/Desktop/robot_move/my_base_learn/install/lidar_test:/opt/ros/jazzy DEBUGINFOD_URLS=https://debuginfod.ubuntu.com /usr/bin/cmake --build /home/pi/Desktop/robot_move/my_base_learn/build/my_base -- -j4 -l4
[18.976s] DEBUG:colcon.colcon_core.event_handler.log_command:Invoked command in '/home/pi/Desktop/robot_move/my_base_learn/build/my_base' returned '0': CMAKE_PREFIX_PATH=${CMAKE_PREFIX_PATH}:/home/pi/Desktop/robot_move/my_base_learn/install/robot_control:/home/pi/Desktop/robot_move/my_base_learn/install/lidar_test:/opt/ros/jazzy DEBUGINFOD_URLS=https://debuginfod.ubuntu.com /usr/bin/cmake --build /home/pi/Desktop/robot_move/my_base_learn/build/my_base -- -j4 -l4
[18.996s] DEBUG:colcon.colcon_core.event_handler.log_command:Invoking command in '/home/pi/Desktop/robot_move/my_base_learn/build/my_base': CMAKE_PREFIX_PATH=${CMAKE_PREFIX_PATH}:/home/pi/Desktop/robot_move/my_base_learn/install/robot_control:/home/pi/Desktop/robot_move/my_base_learn/install/lidar_test:/opt/ros/jazzy DEBUGINFOD_URLS=https://debuginfod.ubuntu.com /usr/bin/cmake --install /home/pi/Desktop/robot_move/my_base_learn/build/my_base
[19.031s] Level 1:colcon.colcon_core.environment:create_environment_scripts_only(my_base)
[19.039s] DEBUG:colcon.colcon_core.event_handler.log_command:Invoked command in '/home/pi/Desktop/robot_move/my_base_learn/build/my_base' returned '0': CMAKE_PREFIX_PATH=${CMAKE_PREFIX_PATH}:/home/pi/Desktop/robot_move/my_base_learn/install/robot_control:/home/pi/Desktop/robot_move/my_base_learn/install/lidar_test:/opt/ros/jazzy DEBUGINFOD_URLS=https://debuginfod.ubuntu.com /usr/bin/cmake --install /home/pi/Desktop/robot_move/my_base_learn/build/my_base
[19.042s] Level 1:colcon.colcon_core.environment:checking '/home/pi/Desktop/robot_move/my_base_learn/install/my_base' for CMake module files
[19.043s] Level 1:colcon.colcon_core.environment:checking '/home/pi/Desktop/robot_move/my_base_learn/install/my_base' for CMake config files
[19.043s] Level 1:colcon.colcon_core.shell:create_environment_hook('my_base', 'cmake_prefix_path')
[19.044s] INFO:colcon.colcon_core.shell:Creating environment hook '/home/pi/Desktop/robot_move/my_base_learn/install/my_base/share/my_base/hook/cmake_prefix_path.ps1'
[19.045s] INFO:colcon.colcon_core.shell:Creating environment descriptor '/home/pi/Desktop/robot_move/my_base_learn/install/my_base/share/my_base/hook/cmake_prefix_path.dsv'
[19.045s] INFO:colcon.colcon_core.shell:Creating environment hook '/home/pi/Desktop/robot_move/my_base_learn/install/my_base/share/my_base/hook/cmake_prefix_path.sh'
[19.047s] Level 1:colcon.colcon_core.environment:checking '/home/pi/Desktop/robot_move/my_base_learn/install/my_base/lib'
[19.047s] Level 1:colcon.colcon_core.environment:checking '/home/pi/Desktop/robot_move/my_base_learn/install/my_base/bin'
[19.047s] Level 1:colcon.colcon_core.environment:checking '/home/pi/Desktop/robot_move/my_base_learn/install/my_base/lib/pkgconfig/my_base.pc'
[19.048s] Level 1:colcon.colcon_core.environment:checking '/home/pi/Desktop/robot_move/my_base_learn/install/my_base/lib/python3.12/site-packages'
[19.049s] Level 1:colcon.colcon_core.environment:checking '/home/pi/Desktop/robot_move/my_base_learn/install/my_base/bin'
[19.049s] INFO:colcon.colcon_core.shell:Creating package script '/home/pi/Desktop/robot_move/my_base_learn/install/my_base/share/my_base/package.ps1'
[19.051s] INFO:colcon.colcon_core.shell:Creating package descriptor '/home/pi/Desktop/robot_move/my_base_learn/install/my_base/share/my_base/package.dsv'
[19.052s] INFO:colcon.colcon_core.shell:Creating package script '/home/pi/Desktop/robot_move/my_base_learn/install/my_base/share/my_base/package.sh'
[19.058s] INFO:colcon.colcon_core.shell:Creating package script '/home/pi/Desktop/robot_move/my_base_learn/install/my_base/share/my_base/package.bash'
[19.063s] INFO:colcon.colcon_core.shell:Creating package script '/home/pi/Desktop/robot_move/my_base_learn/install/my_base/share/my_base/package.zsh'
[19.064s] Level 1:colcon.colcon_core.environment:create_file_with_runtime_dependencies(/home/pi/Desktop/robot_move/my_base_learn/install/my_base/share/colcon-core/packages/my_base)
[19.065s] Level 1:colcon.colcon_core.environment:create_environment_scripts_only(my_base)
[19.066s] Level 1:colcon.colcon_core.environment:checking '/home/pi/Desktop/robot_move/my_base_learn/install/my_base' for CMake module files
[19.067s] Level 1:colcon.colcon_core.environment:checking '/home/pi/Desktop/robot_move/my_base_learn/install/my_base' for CMake config files
[19.067s] Level 1:colcon.colcon_core.shell:create_environment_hook('my_base', 'cmake_prefix_path')
[19.067s] INFO:colcon.colcon_core.shell:Creating environment hook '/home/pi/Desktop/robot_move/my_base_learn/install/my_base/share/my_base/hook/cmake_prefix_path.ps1'
[19.068s] INFO:colcon.colcon_core.shell:Creating environment descriptor '/home/pi/Desktop/robot_move/my_base_learn/install/my_base/share/my_base/hook/cmake_prefix_path.dsv'
[19.069s] INFO:colcon.colcon_core.shell:Creating environment hook '/home/pi/Desktop/robot_move/my_base_learn/install/my_base/share/my_base/hook/cmake_prefix_path.sh'
[19.070s] Level 1:colcon.colcon_core.environment:checking '/home/pi/Desktop/robot_move/my_base_learn/install/my_base/lib'
[19.071s] Level 1:colcon.colcon_core.environment:checking '/home/pi/Desktop/robot_move/my_base_learn/install/my_base/bin'
[19.071s] Level 1:colcon.colcon_core.environment:checking '/home/pi/Desktop/robot_move/my_base_learn/install/my_base/lib/pkgconfig/my_base.pc'
[19.072s] Level 1:colcon.colcon_core.environment:checking '/home/pi/Desktop/robot_move/my_base_learn/install/my_base/lib/python3.12/site-packages'
[19.073s] Level 1:colcon.colcon_core.environment:checking '/home/pi/Desktop/robot_move/my_base_learn/install/my_base/bin'
[19.077s] INFO:colcon.colcon_core.shell:Creating package script '/home/pi/Desktop/robot_move/my_base_learn/install/my_base/share/my_base/package.ps1'
[19.078s] INFO:colcon.colcon_core.shell:Creating package descriptor '/home/pi/Desktop/robot_move/my_base_learn/install/my_base/share/my_base/package.dsv'
[19.080s] INFO:colcon.colcon_core.shell:Creating package script '/home/pi/Desktop/robot_move/my_base_learn/install/my_base/share/my_base/package.sh'
[19.082s] INFO:colcon.colcon_core.shell:Creating package script '/home/pi/Desktop/robot_move/my_base_learn/install/my_base/share/my_base/package.bash'
[19.082s] INFO:colcon.colcon_core.shell:Creating package script '/home/pi/Desktop/robot_move/my_base_learn/install/my_base/share/my_base/package.zsh'
[19.083s] Level 1:colcon.colcon_core.environment:create_file_with_runtime_dependencies(/home/pi/Desktop/robot_move/my_base_learn/install/my_base/share/colcon-core/packages/my_base)
[19.085s] DEBUG:colcon.colcon_parallel_executor.executor.parallel:closing loop
[19.085s] DEBUG:colcon.colcon_parallel_executor.executor.parallel:loop closed
[19.085s] DEBUG:colcon.colcon_parallel_executor.executor.parallel:run_until_complete finished with '0'
[19.085s] DEBUG:colcon.colcon_core.event_reactor:joining thread
[19.089s] DEBUG:colcon.colcon_core.event_reactor:joined thread
[19.090s] INFO:colcon.colcon_core.shell:Creating prefix script '/home/pi/Desktop/robot_move/my_base_learn/install/local_setup.ps1'
[19.091s] INFO:colcon.colcon_core.shell:Creating prefix util module '/home/pi/Desktop/robot_move/my_base_learn/install/_local_setup_util_ps1.py'
[19.094s] INFO:colcon.colcon_core.shell:Creating prefix chain script '/home/pi/Desktop/robot_move/my_base_learn/install/setup.ps1'
[19.096s] INFO:colcon.colcon_core.shell:Creating prefix script '/home/pi/Desktop/robot_move/my_base_learn/install/local_setup.sh'
[19.098s] INFO:colcon.colcon_core.shell:Creating prefix util module '/home/pi/Desktop/robot_move/my_base_learn/install/_local_setup_util_sh.py'
[19.100s] INFO:colcon.colcon_core.shell:Creating prefix chain script '/home/pi/Desktop/robot_move/my_base_learn/install/setup.sh'
[19.102s] INFO:colcon.colcon_core.shell:Creating prefix script '/home/pi/Desktop/robot_move/my_base_learn/install/local_setup.bash'
[19.103s] INFO:colcon.colcon_core.shell:Creating prefix chain script '/home/pi/Desktop/robot_move/my_base_learn/install/setup.bash'
[19.105s] INFO:colcon.colcon_core.shell:Creating prefix script '/home/pi/Desktop/robot_move/my_base_learn/install/local_setup.zsh'
[19.107s] INFO:colcon.colcon_core.shell:Creating prefix chain script '/home/pi/Desktop/robot_move/my_base_learn/install/setup.zsh'
