[0.027s] Invoking command in '/home/pi/Desktop/robot_move/my_base_learn/build/my_base': CMAKE_PREFIX_PATH=${CMAKE_PREFIX_PATH}:/opt/ros/jazzy DEBUGINFOD_URLS=https://debuginfod.ubuntu.com /usr/bin/cmake --build /home/pi/Desktop/robot_move/my_base_learn/build/my_base -- -j4 -l4
[0.172s] [ 50%] [32mBuilding CXX object CMakeFiles/my_base.dir/src/my_base.cpp.o[0m
[3.975s] In file included from [01m[K/home/pi/Desktop/robot_move/my_base_learn/src/my_base/src/my_base.cpp:1[m[K:
[3.975s] [01m[K/home/pi/Desktop/robot_move/my_base_learn/src/my_base/src/bot_serial.h:[m[K In member function ‘[01m[Kbool turn_on_robot::[01;32m[KGet_Sensor_Data_New[m[K()[m[K’:
[3.975s] [01m[K/home/pi/Desktop/robot_move/my_base_learn/src/my_base/src/bot_serial.h:138:20:[m[K [01;35m[Kwarning: [m[Kunused variable ‘[01m[Kerror[m[K’ [[01;35m[K]8;;https://gcc.gnu.org/onlinedocs/gcc/Warning-Options.html#index-Wunused-variable-Wunused-variable]8;;[m[K]
[3.975s]   138 |   uint8_t check=0, [01;35m[Kerror[m[K=1;
[3.975s]       |                    [01;35m[K^~~~~[m[K
[14.715s] [100%] [32m[1mLinking CXX executable my_base[0m
[15.877s] [100%] Built target my_base
[15.904s] Invoked command in '/home/pi/Desktop/robot_move/my_base_learn/build/my_base' returned '0': CMAKE_PREFIX_PATH=${CMAKE_PREFIX_PATH}:/opt/ros/jazzy DEBUGINFOD_URLS=https://debuginfod.ubuntu.com /usr/bin/cmake --build /home/pi/Desktop/robot_move/my_base_learn/build/my_base -- -j4 -l4
[15.925s] Invoking command in '/home/pi/Desktop/robot_move/my_base_learn/build/my_base': CMAKE_PREFIX_PATH=${CMAKE_PREFIX_PATH}:/opt/ros/jazzy DEBUGINFOD_URLS=https://debuginfod.ubuntu.com /usr/bin/cmake --install /home/pi/Desktop/robot_move/my_base_learn/build/my_base
[15.940s] -- Install configuration: ""
[15.941s] -- Installing: /home/pi/Desktop/robot_move/my_base_learn/install/my_base/lib/my_base/my_base
[15.970s] -- Set non-toolchain portion of runtime path of "/home/pi/Desktop/robot_move/my_base_learn/install/my_base/lib/my_base/my_base" to "/usr/local/lib:/opt/ros/jazzy/lib"
[15.970s] -- Up-to-date: /home/pi/Desktop/robot_move/my_base_learn/install/my_base/share/ament_index/resource_index/package_run_dependencies/my_base
[15.970s] -- Up-to-date: /home/pi/Desktop/robot_move/my_base_learn/install/my_base/share/ament_index/resource_index/parent_prefix_path/my_base
[15.970s] -- Up-to-date: /home/pi/Desktop/robot_move/my_base_learn/install/my_base/share/my_base/environment/ament_prefix_path.sh
[15.971s] -- Up-to-date: /home/pi/Desktop/robot_move/my_base_learn/install/my_base/share/my_base/environment/ament_prefix_path.dsv
[15.971s] -- Up-to-date: /home/pi/Desktop/robot_move/my_base_learn/install/my_base/share/my_base/environment/path.sh
[15.971s] -- Up-to-date: /home/pi/Desktop/robot_move/my_base_learn/install/my_base/share/my_base/environment/path.dsv
[15.971s] -- Up-to-date: /home/pi/Desktop/robot_move/my_base_learn/install/my_base/share/my_base/local_setup.bash
[15.972s] -- Up-to-date: /home/pi/Desktop/robot_move/my_base_learn/install/my_base/share/my_base/local_setup.sh
[15.972s] -- Up-to-date: /home/pi/Desktop/robot_move/my_base_learn/install/my_base/share/my_base/local_setup.zsh
[15.972s] -- Up-to-date: /home/pi/Desktop/robot_move/my_base_learn/install/my_base/share/my_base/local_setup.dsv
[15.972s] -- Installing: /home/pi/Desktop/robot_move/my_base_learn/install/my_base/share/my_base/package.dsv
[15.972s] -- Up-to-date: /home/pi/Desktop/robot_move/my_base_learn/install/my_base/share/ament_index/resource_index/packages/my_base
[15.973s] -- Up-to-date: /home/pi/Desktop/robot_move/my_base_learn/install/my_base/share/my_base/cmake/my_baseConfig.cmake
[15.973s] -- Up-to-date: /home/pi/Desktop/robot_move/my_base_learn/install/my_base/share/my_base/cmake/my_baseConfig-version.cmake
[15.973s] -- Up-to-date: /home/pi/Desktop/robot_move/my_base_learn/install/my_base/share/my_base/package.xml
[15.976s] Invoked command in '/home/pi/Desktop/robot_move/my_base_learn/build/my_base' returned '0': CMAKE_PREFIX_PATH=${CMAKE_PREFIX_PATH}:/opt/ros/jazzy DEBUGINFOD_URLS=https://debuginfod.ubuntu.com /usr/bin/cmake --install /home/pi/Desktop/robot_move/my_base_learn/build/my_base
