[0.000000] (-) TimerEvent: {}
[0.000850] (-) JobUnselected: {'identifier': 'lidar_test'}
[0.001375] (-) JobUnselected: {'identifier': 'lslidar_driver'}
[0.001435] (-) JobUnselected: {'identifier': 'lslidar_msgs'}
[0.001467] (-) JobUnselected: {'identifier': 'robot_control'}
[0.001494] (-) JobUnselected: {'identifier': 'tbot_description'}
[0.001526] (my_base) JobQueued: {'identifier': 'my_base', 'dependencies': OrderedDict()}
[0.001563] (my_base) JobStarted: {'identifier': 'my_base'}
[0.020946] (my_base) JobProgress: {'identifier': 'my_base', 'progress': 'cmake'}
[0.023951] (my_base) Command: {'cmd': ['/usr/bin/cmake', '/home/pi/Desktop/robot_move/my_base_learn/src/my_base', '-DCMAKE_INSTALL_PREFIX=/home/pi/Desktop/robot_move/my_base_learn/install/my_base'], 'cwd': '/home/pi/Desktop/robot_move/my_base_learn/build/my_base', 'env': OrderedDict({'SERVER_SCRIPT_PRODUCT': '/home/pi/.trae-server/bin/stable-84967093b3105381f26e13eca4ab8af60e8f40db-debian10/product.json', 'ARCH': 'aarch64', 'SERVER_PACKAGE_NAME': 'Trae-linux-arm64-1146106025986_3.tar.gz', 'USER': 'pi', 'SSH_CLIENT': '10.16.89.17 62631 22', 'DISTRO_COMMIT': '84967093b3105381f26e13eca4ab8af60e8f40db', 'XDG_SESSION_TYPE': 'tty', 'GIT_ASKPASS': '/home/pi/.trae-server/bin/stable-84967093b3105381f26e13eca4ab8af60e8f40db-debian10/extensions/git/dist/askpass.sh', 'SERVER_LISTEN_FLAG': '--port=0', 'MANAGER_LOGS_DIR': '/home/pi/.trae-server/manager-logs/1778565327051_047007', 'SCRIPT_ID': '129e294c30e83dcf9132430e', 'SHLVL': '2', 'LD_LIBRARY_PATH': '/home/pi/Desktop/robot_move/my_base_learn/install/lslidar_msgs/lib:/opt/ros/jazzy/opt/rviz_ogre_vendor/lib:/opt/ros/jazzy/lib/aarch64-linux-gnu:/opt/ros/jazzy/opt/gz_math_vendor/lib:/opt/ros/jazzy/opt/gz_utils_vendor/lib:/opt/ros/jazzy/opt/gz_cmake_vendor/lib:/opt/ros/jazzy/lib', 'BROWSER': '/home/pi/.trae-server/bin/stable-84967093b3105381f26e13eca4ab8af60e8f40db-debian10/bin/helpers/browser.sh', 'HOME': '/home/pi', 'OLDPWD': '/home/pi/Desktop', 'TERM_PROGRAM_VERSION': '1.107.1', 'SERVER_APP_NAME': 'Trae', 'VSCODE_IPC_HOOK_CLI': '/run/user/1002/vscode-ipc-fc304ad6-3f63-4000-8969-2899da6a7111.sock', 'OS_RELEASE_ID': 'ubuntu', 'ROS_PYTHON_VERSION': '3', 'TRAE_RESOLVE_TYPE': 'ssh', 'VSCODE_GIT_ASKPASS_MAIN': '/home/pi/.trae-server/bin/stable-84967093b3105381f26e13eca4ab8af60e8f40db-debian10/extensions/git/dist/askpass-main.js', 'SERVER_DOWNLOAD_PREFIX': 'https://lf-cdn.trae.com.cn/obj/trae-com-cn/pkg/server/releases/stable/84967093b3105381f26e13eca4ab8af60e8f40db/linux-debian10/', 'VSCODE_GIT_ASKPASS_NODE': '/home/pi/.trae-server/bin/stable-84967093b3105381f26e13eca4ab8af60e8f40db-debian10/node', 'NO_USE_FETCH': '', 'VSCODE_PYTHON_AUTOACTIVATE_GUARD': '1', 'SERVER_DIR': '/home/pi/.trae-server/bin/stable-84967093b3105381f26e13eca4ab8af60e8f40db-debian10', 'DBUS_SESSION_BUS_ADDRESS': 'unix:path=/run/user/1002/bus', 'COLORTERM': 'truecolor', 'TRAE_JWT_TOKEN_PATH': '/home/pi/.trae/trae-jwt-token', 'DEBUGINFOD_URLS': 'https://debuginfod.ubuntu.com', 'COLCON_PREFIX_PATH': '/home/pi/Desktop/robot_move/my_base_learn/install', 'ROS_DISTRO': 'jazzy', 'LOGNAME': 'pi', '_': '/usr/bin/colcon', 'ROS_VERSION': '2', 'TRAE_REMOTE_SKIP_REMOTE_CHECK': '', 'XDG_SESSION_CLASS': 'user', 'TERM': 'xterm-256color', 'DISTRO_VERSION': '1.107.1', 'XDG_SESSION_ID': '3', 'SERVER_INITIAL_EXTENSIONS': '', 'EXTRACT_RETRY_COUNT': '0', 'TRAE_DETECT_COUNTRY_CODE': '', 'AHA_RUNTIME_DIR': '/home/pi/.trae-server/socks/2067/8496709', 'vscode_base_dir': '/home/pi/.trae-server', 'PATH': '/opt/ros/jazzy/bin:/home/pi/.trae-server/bin/stable-84967093b3105381f26e13eca4ab8af60e8f40db-debian10/bin/remote-cli:/usr/local/sbin:/usr/local/bin:/usr/sbin:/usr/bin:/sbin:/bin:/usr/games:/usr/local/games:/snap/bin', 'PLATFORM': 'linux', 'DISTRO_QUALITY': 'stable', 'XDG_RUNTIME_DIR': '/run/user/1002', 'SERVER_SCRIPT': '/home/pi/.trae-server/bin/stable-84967093b3105381f26e13eca4ab8af60e8f40db-debian10/index_trae.js', 'LANG': 'en_US.UTF-8', 'SERVER_PIDFILE': '/home/pi/.trae-server/.stable-84967093b3105381f26e13eca4ab8af60e8f40db-21a76510.pid', 'SERVER_LOGS_DIR': '/home/pi/.trae-server/logs', 'TRAE_BRAND_NAME': 'Trae', 'DOWNLOAD_RETRY_COUNT': '0', 'VSCODE_GIT_IPC_HANDLE': '/run/user/1002/vscode-git-f128588436.sock', 'TERM_PROGRAM': 'vscode', 'AMENT_PREFIX_PATH': '/home/pi/Desktop/robot_move/my_base_learn/install/tbot_description:/home/pi/Desktop/robot_move/my_base_learn/install/robot_control:/home/pi/Desktop/robot_move/my_base_learn/install/my_base:/home/pi/Desktop/robot_move/my_base_learn/install/lslidar_driver:/home/pi/Desktop/robot_move/my_base_learn/install/lslidar_msgs:/home/pi/Desktop/robot_move/my_base_learn/install/lidar_test:/opt/ros/jazzy', 'SHELL': '/bin/bash', 'SERVER_HOST': '127.0.0.1', 'SERVER_LOGFILE': '/home/pi/.trae-server/.stable-84967093b3105381f26e13eca4ab8af60e8f40db-21a76510.log', 'TRAE_STORE_REGION': 'SG', 'DISTRO_VSCODIUM_RELEASE': '', 'TMP_DIR': '/run/user/1002', 'SERVER_TOKENFILE': '/home/pi/.trae-server/.stable-84967093b3105381f26e13eca4ab8af60e8f40db-21a76510.token', 'ROS_AUTOMATIC_DISCOVERY_RANGE': 'SUBNET', 'VSCODE_GIT_ASKPASS_EXTRA_ARGS': '', 'TRAE_REMOTE_EXTENSION_REGION': 'cn', 'SERVER_EXTENSIONS_DIR': '/home/pi/.trae-server/extensions', 'PWD': '/home/pi/Desktop/robot_move/my_base_learn/build/my_base', 'LC_ALL': 'en_US.UTF-8', 'SERVER_APP_VERSION': '', 'TERM_PRODUCT': 'Trae', 'SSH_CONNECTION': '10.16.89.17 62631 10.16.89.13 22', 'XDG_DATA_DIRS': '/usr/share/gnome:/usr/local/share:/usr/share:/var/lib/snapd/desktop', 'SERVER_ARCH': 'arm64', 'PYTHONPATH': '/home/pi/Desktop/robot_move/my_base_learn/install/robot_control/lib/python3.12/site-packages:/home/pi/Desktop/robot_move/my_base_learn/install/lslidar_msgs/lib/python3.12/site-packages:/home/pi/Desktop/robot_move/my_base_learn/install/lidar_test/lib/python3.12/site-packages:/opt/ros/jazzy/lib/python3.12/site-packages', 'TRAE_DETECT_REGION': 'CN', 'COLCON': '1', 'SERVER_APP_QUALITY': 'stable', 'SERVER_DATA_DIR': '/home/pi/.trae-server', 'REMOTE_VERSION': '1146106025986_3', 'CMAKE_PREFIX_PATH': '/home/pi/Desktop/robot_move/my_base_learn/install/tbot_description:/home/pi/Desktop/robot_move/my_base_learn/install/my_base:/home/pi/Desktop/robot_move/my_base_learn/install/lslidar_driver:/home/pi/Desktop/robot_move/my_base_learn/install/lslidar_msgs:/opt/ros/jazzy/opt/gz_math_vendor:/opt/ros/jazzy/opt/gz_utils_vendor:/opt/ros/jazzy/opt/gz_cmake_vendor:/home/pi/Desktop/robot_move/my_base_learn/install/robot_control:/home/pi/Desktop/robot_move/my_base_learn/install/lidar_test:/opt/ros/jazzy'}), 'shell': False}
[0.099380] (-) TimerEvent: {}
[0.153741] (my_base) StdoutLine: {'line': b'-- The C compiler identification is GNU 13.3.0\n'}
[0.199502] (-) TimerEvent: {}
[0.275638] (my_base) StdoutLine: {'line': b'-- The CXX compiler identification is GNU 13.3.0\n'}
[0.300002] (-) TimerEvent: {}
[0.328916] (my_base) StdoutLine: {'line': b'-- Detecting C compiler ABI info\n'}
[0.400140] (-) TimerEvent: {}
[0.500586] (-) TimerEvent: {}
[0.521080] (my_base) StdoutLine: {'line': b'-- Detecting C compiler ABI info - done\n'}
[0.540251] (my_base) StdoutLine: {'line': b'-- Check for working C compiler: /usr/bin/cc - skipped\n'}
[0.540629] (my_base) StdoutLine: {'line': b'-- Detecting C compile features\n'}
[0.540767] (my_base) StdoutLine: {'line': b'-- Detecting C compile features - done\n'}
[0.553944] (my_base) StdoutLine: {'line': b'-- Detecting CXX compiler ABI info\n'}
[0.600705] (-) TimerEvent: {}
[0.701203] (-) TimerEvent: {}
[0.753502] (my_base) StdoutLine: {'line': b'-- Detecting CXX compiler ABI info - done\n'}
[0.771604] (my_base) StdoutLine: {'line': b'-- Check for working CXX compiler: /usr/bin/c++ - skipped\n'}
[0.772201] (my_base) StdoutLine: {'line': b'-- Detecting CXX compile features\n'}
[0.772865] (my_base) StdoutLine: {'line': b'-- Detecting CXX compile features - done\n'}
[0.777211] (my_base) StdoutLine: {'line': b'-- Found ament_cmake: 2.5.5 (/opt/ros/jazzy/share/ament_cmake/cmake)\n'}
[0.801316] (-) TimerEvent: {}
[0.901669] (-) TimerEvent: {}
[1.002095] (-) TimerEvent: {}
[1.046098] (my_base) StdoutLine: {'line': b'-- Found Python3: /usr/bin/python3 (found version "3.12.3") found components: Interpreter \n'}
[1.102209] (-) TimerEvent: {}
[1.202605] (-) TimerEvent: {}
[1.232345] (my_base) StdoutLine: {'line': b'-- Found ament_lint_auto: 0.17.4 (/opt/ros/jazzy/share/ament_lint_auto/cmake)\n'}
[1.302728] (-) TimerEvent: {}
[1.403464] (-) TimerEvent: {}
[1.438959] (my_base) StdoutLine: {'line': b'-- Found rclcpp: 28.1.16 (/opt/ros/jazzy/share/rclcpp/cmake)\n'}
[1.503568] (-) TimerEvent: {}
[1.510066] (my_base) StdoutLine: {'line': b'-- Found rosidl_generator_c: 4.6.7 (/opt/ros/jazzy/share/rosidl_generator_c/cmake)\n'}
[1.525457] (my_base) StdoutLine: {'line': b'-- Found rosidl_generator_cpp: 4.6.7 (/opt/ros/jazzy/share/rosidl_generator_cpp/cmake)\n'}
[1.549023] (my_base) StdoutLine: {'line': b'-- Using all available rosidl_typesupport_c: rosidl_typesupport_fastrtps_c;rosidl_typesupport_introspection_c\n'}
[1.575443] (my_base) StdoutLine: {'line': b'-- Using all available rosidl_typesupport_cpp: rosidl_typesupport_fastrtps_cpp;rosidl_typesupport_introspection_cpp\n'}
[1.603663] (-) TimerEvent: {}
[1.684694] (my_base) StdoutLine: {'line': b'-- Found rmw_implementation_cmake: 7.3.3 (/opt/ros/jazzy/share/rmw_implementation_cmake/cmake)\n'}
[1.688926] (my_base) StdoutLine: {'line': b'-- Found rmw_fastrtps_cpp: 8.4.3 (/opt/ros/jazzy/share/rmw_fastrtps_cpp/cmake)\n'}
[1.703741] (-) TimerEvent: {}
[1.804179] (-) TimerEvent: {}
[1.831282] (my_base) StdoutLine: {'line': b'-- Found OpenSSL: /usr/lib/aarch64-linux-gnu/libcrypto.so (found version "3.0.13")  \n'}
[1.864830] (my_base) StdoutLine: {'line': b'-- Found FastRTPS: /opt/ros/jazzy/include (Required is at least version "2.13") \n'}
[1.904283] (-) TimerEvent: {}
[1.905023] (my_base) StdoutLine: {'line': b"-- Using RMW implementation 'rmw_fastrtps_cpp' as default\n"}
[2.004324] (my_base) StdoutLine: {'line': b'-- Found geometry_msgs: 5.3.6 (/opt/ros/jazzy/share/geometry_msgs/cmake)\n'}
[2.004679] (-) TimerEvent: {}
[2.049505] (my_base) StdoutLine: {'line': b'-- Found tf2_geometry_msgs: 0.36.19 (/opt/ros/jazzy/share/tf2_geometry_msgs/cmake)\n'}
[2.069205] (my_base) StdoutLine: {'line': b'-- Found eigen3_cmake_module: 0.3.0 (/opt/ros/jazzy/share/eigen3_cmake_module/cmake)\n'}
[2.071184] (my_base) StdoutLine: {'line': b'-- Found Eigen3: TRUE (found version "3.4.0") \n'}
[2.071601] (my_base) StdoutLine: {'line': b'-- Ensuring Eigen3 include directory is part of orocos-kdl CMake target\n'}
[2.104814] (-) TimerEvent: {}
[2.205310] (-) TimerEvent: {}
[2.265033] (my_base) StdoutLine: {'line': b'-- Found serial: 1.2.1 (/usr/local/share/serial/cmake)\n'}
[2.268306] (my_base) StdoutLine: {'line': b'-- Found nav_msgs: 5.3.6 (/opt/ros/jazzy/share/nav_msgs/cmake)\n'}
[2.305466] (-) TimerEvent: {}
[2.324929] (my_base) StdoutLine: {'line': b"-- Added test 'cppcheck' to perform static code analysis on C / C++ code\n"}
[2.326959] (my_base) StdoutLine: {'line': b'-- Configured cppcheck include dirs: \n'}
[2.327249] (my_base) StdoutLine: {'line': b'-- Configured cppcheck exclude dirs and/or files: \n'}
[2.329734] (my_base) StdoutLine: {'line': b"-- Added test 'flake8' to check Python code syntax and style conventions\n"}
[2.332276] (my_base) StdoutLine: {'line': b"-- Configured 'flake8' exclude dirs and/or files: \n"}
[2.333753] (my_base) StdoutLine: {'line': b"-- Added test 'lint_cmake' to check CMake code style\n"}
[2.336774] (my_base) StdoutLine: {'line': b"-- Added test 'pep257' to check Python code against some of the docstring style conventions in PEP 257\n"}
[2.350986] (my_base) StdoutLine: {'line': b"-- Added test 'uncrustify' to check C / C++ code style\n"}
[2.352680] (my_base) StdoutLine: {'line': b'-- Configured uncrustify additional arguments: \n'}
[2.354100] (my_base) StdoutLine: {'line': b"-- Added test 'xmllint' to check XML markup files\n"}
[2.357190] (my_base) StdoutLine: {'line': b'-- Configuring done (2.3s)\n'}
[2.385561] (my_base) StdoutLine: {'line': b'-- Generating done (0.0s)\n'}
[2.392013] (my_base) StdoutLine: {'line': b'-- Build files have been written to: /home/pi/Desktop/robot_move/my_base_learn/build/my_base\n'}
[2.405543] (-) TimerEvent: {}
[2.422056] (my_base) CommandEnded: {'returncode': 0}
[2.422978] (my_base) JobProgress: {'identifier': 'my_base', 'progress': 'build'}
[2.423067] (my_base) Command: {'cmd': ['/usr/bin/cmake', '--build', '/home/pi/Desktop/robot_move/my_base_learn/build/my_base', '--', '-j4', '-l4'], 'cwd': '/home/pi/Desktop/robot_move/my_base_learn/build/my_base', 'env': OrderedDict({'SERVER_SCRIPT_PRODUCT': '/home/pi/.trae-server/bin/stable-84967093b3105381f26e13eca4ab8af60e8f40db-debian10/product.json', 'ARCH': 'aarch64', 'SERVER_PACKAGE_NAME': 'Trae-linux-arm64-1146106025986_3.tar.gz', 'USER': 'pi', 'SSH_CLIENT': '10.16.89.17 62631 22', 'DISTRO_COMMIT': '84967093b3105381f26e13eca4ab8af60e8f40db', 'XDG_SESSION_TYPE': 'tty', 'GIT_ASKPASS': '/home/pi/.trae-server/bin/stable-84967093b3105381f26e13eca4ab8af60e8f40db-debian10/extensions/git/dist/askpass.sh', 'SERVER_LISTEN_FLAG': '--port=0', 'MANAGER_LOGS_DIR': '/home/pi/.trae-server/manager-logs/1778565327051_047007', 'SCRIPT_ID': '129e294c30e83dcf9132430e', 'SHLVL': '2', 'LD_LIBRARY_PATH': '/home/pi/Desktop/robot_move/my_base_learn/install/lslidar_msgs/lib:/opt/ros/jazzy/opt/rviz_ogre_vendor/lib:/opt/ros/jazzy/lib/aarch64-linux-gnu:/opt/ros/jazzy/opt/gz_math_vendor/lib:/opt/ros/jazzy/opt/gz_utils_vendor/lib:/opt/ros/jazzy/opt/gz_cmake_vendor/lib:/opt/ros/jazzy/lib', 'BROWSER': '/home/pi/.trae-server/bin/stable-84967093b3105381f26e13eca4ab8af60e8f40db-debian10/bin/helpers/browser.sh', 'HOME': '/home/pi', 'OLDPWD': '/home/pi/Desktop', 'TERM_PROGRAM_VERSION': '1.107.1', 'SERVER_APP_NAME': 'Trae', 'VSCODE_IPC_HOOK_CLI': '/run/user/1002/vscode-ipc-fc304ad6-3f63-4000-8969-2899da6a7111.sock', 'OS_RELEASE_ID': 'ubuntu', 'ROS_PYTHON_VERSION': '3', 'TRAE_RESOLVE_TYPE': 'ssh', 'VSCODE_GIT_ASKPASS_MAIN': '/home/pi/.trae-server/bin/stable-84967093b3105381f26e13eca4ab8af60e8f40db-debian10/extensions/git/dist/askpass-main.js', 'SERVER_DOWNLOAD_PREFIX': 'https://lf-cdn.trae.com.cn/obj/trae-com-cn/pkg/server/releases/stable/84967093b3105381f26e13eca4ab8af60e8f40db/linux-debian10/', 'VSCODE_GIT_ASKPASS_NODE': '/home/pi/.trae-server/bin/stable-84967093b3105381f26e13eca4ab8af60e8f40db-debian10/node', 'NO_USE_FETCH': '', 'VSCODE_PYTHON_AUTOACTIVATE_GUARD': '1', 'SERVER_DIR': '/home/pi/.trae-server/bin/stable-84967093b3105381f26e13eca4ab8af60e8f40db-debian10', 'DBUS_SESSION_BUS_ADDRESS': 'unix:path=/run/user/1002/bus', 'COLORTERM': 'truecolor', 'TRAE_JWT_TOKEN_PATH': '/home/pi/.trae/trae-jwt-token', 'DEBUGINFOD_URLS': 'https://debuginfod.ubuntu.com', 'COLCON_PREFIX_PATH': '/home/pi/Desktop/robot_move/my_base_learn/install', 'ROS_DISTRO': 'jazzy', 'LOGNAME': 'pi', '_': '/usr/bin/colcon', 'ROS_VERSION': '2', 'TRAE_REMOTE_SKIP_REMOTE_CHECK': '', 'XDG_SESSION_CLASS': 'user', 'TERM': 'xterm-256color', 'DISTRO_VERSION': '1.107.1', 'XDG_SESSION_ID': '3', 'SERVER_INITIAL_EXTENSIONS': '', 'EXTRACT_RETRY_COUNT': '0', 'TRAE_DETECT_COUNTRY_CODE': '', 'AHA_RUNTIME_DIR': '/home/pi/.trae-server/socks/2067/8496709', 'vscode_base_dir': '/home/pi/.trae-server', 'PATH': '/opt/ros/jazzy/bin:/home/pi/.trae-server/bin/stable-84967093b3105381f26e13eca4ab8af60e8f40db-debian10/bin/remote-cli:/usr/local/sbin:/usr/local/bin:/usr/sbin:/usr/bin:/sbin:/bin:/usr/games:/usr/local/games:/snap/bin', 'PLATFORM': 'linux', 'DISTRO_QUALITY': 'stable', 'XDG_RUNTIME_DIR': '/run/user/1002', 'SERVER_SCRIPT': '/home/pi/.trae-server/bin/stable-84967093b3105381f26e13eca4ab8af60e8f40db-debian10/index_trae.js', 'LANG': 'en_US.UTF-8', 'SERVER_PIDFILE': '/home/pi/.trae-server/.stable-84967093b3105381f26e13eca4ab8af60e8f40db-21a76510.pid', 'SERVER_LOGS_DIR': '/home/pi/.trae-server/logs', 'TRAE_BRAND_NAME': 'Trae', 'DOWNLOAD_RETRY_COUNT': '0', 'VSCODE_GIT_IPC_HANDLE': '/run/user/1002/vscode-git-f128588436.sock', 'TERM_PROGRAM': 'vscode', 'AMENT_PREFIX_PATH': '/home/pi/Desktop/robot_move/my_base_learn/install/tbot_description:/home/pi/Desktop/robot_move/my_base_learn/install/robot_control:/home/pi/Desktop/robot_move/my_base_learn/install/my_base:/home/pi/Desktop/robot_move/my_base_learn/install/lslidar_driver:/home/pi/Desktop/robot_move/my_base_learn/install/lslidar_msgs:/home/pi/Desktop/robot_move/my_base_learn/install/lidar_test:/opt/ros/jazzy', 'SHELL': '/bin/bash', 'SERVER_HOST': '127.0.0.1', 'SERVER_LOGFILE': '/home/pi/.trae-server/.stable-84967093b3105381f26e13eca4ab8af60e8f40db-21a76510.log', 'TRAE_STORE_REGION': 'SG', 'DISTRO_VSCODIUM_RELEASE': '', 'TMP_DIR': '/run/user/1002', 'SERVER_TOKENFILE': '/home/pi/.trae-server/.stable-84967093b3105381f26e13eca4ab8af60e8f40db-21a76510.token', 'ROS_AUTOMATIC_DISCOVERY_RANGE': 'SUBNET', 'VSCODE_GIT_ASKPASS_EXTRA_ARGS': '', 'TRAE_REMOTE_EXTENSION_REGION': 'cn', 'SERVER_EXTENSIONS_DIR': '/home/pi/.trae-server/extensions', 'PWD': '/home/pi/Desktop/robot_move/my_base_learn/build/my_base', 'LC_ALL': 'en_US.UTF-8', 'SERVER_APP_VERSION': '', 'TERM_PRODUCT': 'Trae', 'SSH_CONNECTION': '10.16.89.17 62631 10.16.89.13 22', 'XDG_DATA_DIRS': '/usr/share/gnome:/usr/local/share:/usr/share:/var/lib/snapd/desktop', 'SERVER_ARCH': 'arm64', 'PYTHONPATH': '/home/pi/Desktop/robot_move/my_base_learn/install/robot_control/lib/python3.12/site-packages:/home/pi/Desktop/robot_move/my_base_learn/install/lslidar_msgs/lib/python3.12/site-packages:/home/pi/Desktop/robot_move/my_base_learn/install/lidar_test/lib/python3.12/site-packages:/opt/ros/jazzy/lib/python3.12/site-packages', 'TRAE_DETECT_REGION': 'CN', 'COLCON': '1', 'SERVER_APP_QUALITY': 'stable', 'SERVER_DATA_DIR': '/home/pi/.trae-server', 'REMOTE_VERSION': '1146106025986_3', 'CMAKE_PREFIX_PATH': '/home/pi/Desktop/robot_move/my_base_learn/install/tbot_description:/home/pi/Desktop/robot_move/my_base_learn/install/my_base:/home/pi/Desktop/robot_move/my_base_learn/install/lslidar_driver:/home/pi/Desktop/robot_move/my_base_learn/install/lslidar_msgs:/opt/ros/jazzy/opt/gz_math_vendor:/opt/ros/jazzy/opt/gz_utils_vendor:/opt/ros/jazzy/opt/gz_cmake_vendor:/home/pi/Desktop/robot_move/my_base_learn/install/robot_control:/home/pi/Desktop/robot_move/my_base_learn/install/lidar_test:/opt/ros/jazzy'}), 'shell': False}
[2.505648] (-) TimerEvent: {}
[2.520907] (my_base) StdoutLine: {'line': b'[ 50%] \x1b[32mBuilding CXX object CMakeFiles/my_base.dir/src/my_base.cpp.o\x1b[0m\n'}
[2.605762] (-) TimerEvent: {}
[2.706148] (-) TimerEvent: {}
[2.806649] (-) TimerEvent: {}
[2.907065] (-) TimerEvent: {}
[3.007453] (-) TimerEvent: {}
[3.107858] (-) TimerEvent: {}
[3.208453] (-) TimerEvent: {}
[3.308982] (-) TimerEvent: {}
[3.411113] (-) TimerEvent: {}
[3.512819] (-) TimerEvent: {}
[3.613253] (-) TimerEvent: {}
[3.713927] (-) TimerEvent: {}
[3.814377] (-) TimerEvent: {}
[3.914761] (-) TimerEvent: {}
[4.015188] (-) TimerEvent: {}
[4.115591] (-) TimerEvent: {}
[4.216015] (-) TimerEvent: {}
[4.316450] (-) TimerEvent: {}
[4.417096] (-) TimerEvent: {}
[4.517503] (-) TimerEvent: {}
[4.617923] (-) TimerEvent: {}
[4.718341] (-) TimerEvent: {}
[4.818749] (-) TimerEvent: {}
[4.919183] (-) TimerEvent: {}
[5.019586] (-) TimerEvent: {}
[5.119998] (-) TimerEvent: {}
[5.220374] (-) TimerEvent: {}
[5.320781] (-) TimerEvent: {}
[5.421169] (-) TimerEvent: {}
[5.521570] (-) TimerEvent: {}
[5.621965] (-) TimerEvent: {}
[5.722375] (-) TimerEvent: {}
[5.822901] (-) TimerEvent: {}
[5.923314] (-) TimerEvent: {}
[6.023717] (-) TimerEvent: {}
[6.124161] (-) TimerEvent: {}
[6.224571] (-) TimerEvent: {}
[6.324942] (-) TimerEvent: {}
[6.384942] (my_base) StderrLine: {'line': b'In file included from \x1b[01m\x1b[K/home/pi/Desktop/robot_move/my_base_learn/src/my_base/src/my_base.cpp:1\x1b[m\x1b[K:\n'}
[6.385375] (my_base) StderrLine: {'line': b'\x1b[01m\x1b[K/home/pi/Desktop/robot_move/my_base_learn/src/my_base/src/bot_serial.h:\x1b[m\x1b[K In member function \xe2\x80\x98\x1b[01m\x1b[Kbool turn_on_robot::\x1b[01;32m\x1b[KGet_Sensor_Data_New\x1b[m\x1b[K()\x1b[m\x1b[K\xe2\x80\x99:\n'}
[6.385534] (my_base) StderrLine: {'line': b'\x1b[01m\x1b[K/home/pi/Desktop/robot_move/my_base_learn/src/my_base/src/bot_serial.h:138:20:\x1b[m\x1b[K \x1b[01;35m\x1b[Kwarning: \x1b[m\x1b[Kunused variable \xe2\x80\x98\x1b[01m\x1b[Kerror\x1b[m\x1b[K\xe2\x80\x99 [\x1b[01;35m\x1b[K\x1b]8;;https://gcc.gnu.org/onlinedocs/gcc/Warning-Options.html#index-Wunused-variable\x07-Wunused-variable\x1b]8;;\x07\x1b[m\x1b[K]\n'}
[6.385670] (my_base) StderrLine: {'line': b'  138 |   uint8_t check=0, \x1b[01;35m\x1b[Kerror\x1b[m\x1b[K=1;\n'}
[6.385808] (my_base) StderrLine: {'line': b'      |                    \x1b[01;35m\x1b[K^~~~~\x1b[m\x1b[K\n'}
[6.425059] (-) TimerEvent: {}
[6.525492] (-) TimerEvent: {}
[6.625901] (-) TimerEvent: {}
[6.726310] (-) TimerEvent: {}
[6.826716] (-) TimerEvent: {}
[6.927684] (-) TimerEvent: {}
[7.028406] (-) TimerEvent: {}
[7.129343] (-) TimerEvent: {}
[7.229733] (-) TimerEvent: {}
[7.330394] (-) TimerEvent: {}
[7.430893] (-) TimerEvent: {}
[7.531279] (-) TimerEvent: {}
[7.631700] (-) TimerEvent: {}
[7.732228] (-) TimerEvent: {}
[7.832693] (-) TimerEvent: {}
[7.933126] (-) TimerEvent: {}
[8.033556] (-) TimerEvent: {}
[8.133951] (-) TimerEvent: {}
[8.234348] (-) TimerEvent: {}
[8.334744] (-) TimerEvent: {}
[8.435218] (-) TimerEvent: {}
[8.535625] (-) TimerEvent: {}
[8.636102] (-) TimerEvent: {}
[8.736494] (-) TimerEvent: {}
[8.836864] (-) TimerEvent: {}
[8.937319] (-) TimerEvent: {}
[9.037701] (-) TimerEvent: {}
[9.138112] (-) TimerEvent: {}
[9.238505] (-) TimerEvent: {}
[9.338924] (-) TimerEvent: {}
[9.439312] (-) TimerEvent: {}
[9.539885] (-) TimerEvent: {}
[9.640269] (-) TimerEvent: {}
[9.740619] (-) TimerEvent: {}
[9.840958] (-) TimerEvent: {}
[9.941379] (-) TimerEvent: {}
[10.041829] (-) TimerEvent: {}
[10.142282] (-) TimerEvent: {}
[10.242679] (-) TimerEvent: {}
[10.343736] (-) TimerEvent: {}
[10.444171] (-) TimerEvent: {}
[10.545753] (-) TimerEvent: {}
[10.646729] (-) TimerEvent: {}
[10.747349] (-) TimerEvent: {}
[10.847750] (-) TimerEvent: {}
[10.948158] (-) TimerEvent: {}
[11.048609] (-) TimerEvent: {}
[11.149047] (-) TimerEvent: {}
[11.249505] (-) TimerEvent: {}
[11.349902] (-) TimerEvent: {}
[11.450378] (-) TimerEvent: {}
[11.550787] (-) TimerEvent: {}
[11.651186] (-) TimerEvent: {}
[11.751743] (-) TimerEvent: {}
[11.852184] (-) TimerEvent: {}
[11.952676] (-) TimerEvent: {}
[12.053086] (-) TimerEvent: {}
[12.153476] (-) TimerEvent: {}
[12.253895] (-) TimerEvent: {}
[12.354272] (-) TimerEvent: {}
[12.454656] (-) TimerEvent: {}
[12.555074] (-) TimerEvent: {}
[12.655784] (-) TimerEvent: {}
[12.756186] (-) TimerEvent: {}
[12.856577] (-) TimerEvent: {}
[12.956962] (-) TimerEvent: {}
[13.057351] (-) TimerEvent: {}
[13.157702] (-) TimerEvent: {}
[13.258127] (-) TimerEvent: {}
[13.358504] (-) TimerEvent: {}
[13.458915] (-) TimerEvent: {}
[13.559315] (-) TimerEvent: {}
[13.659696] (-) TimerEvent: {}
[13.760093] (-) TimerEvent: {}
[13.860491] (-) TimerEvent: {}
[13.960889] (-) TimerEvent: {}
[14.061337] (-) TimerEvent: {}
[14.161736] (-) TimerEvent: {}
[14.262210] (-) TimerEvent: {}
[14.362695] (-) TimerEvent: {}
[14.463098] (-) TimerEvent: {}
[14.563539] (-) TimerEvent: {}
[14.663931] (-) TimerEvent: {}
[14.764334] (-) TimerEvent: {}
[14.864741] (-) TimerEvent: {}
[14.965164] (-) TimerEvent: {}
[15.066064] (-) TimerEvent: {}
[15.166532] (-) TimerEvent: {}
[15.266947] (-) TimerEvent: {}
[15.367353] (-) TimerEvent: {}
[15.467770] (-) TimerEvent: {}
[15.568221] (-) TimerEvent: {}
[15.668640] (-) TimerEvent: {}
[15.769083] (-) TimerEvent: {}
[15.869479] (-) TimerEvent: {}
[15.969913] (-) TimerEvent: {}
[16.070356] (-) TimerEvent: {}
[16.170842] (-) TimerEvent: {}
[16.271317] (-) TimerEvent: {}
[16.371726] (-) TimerEvent: {}
[16.472173] (-) TimerEvent: {}
[16.572585] (-) TimerEvent: {}
[16.673060] (-) TimerEvent: {}
[16.773569] (-) TimerEvent: {}
[16.874122] (-) TimerEvent: {}
[16.974647] (-) TimerEvent: {}
[17.075191] (-) TimerEvent: {}
[17.134994] (my_base) StdoutLine: {'line': b'[100%] \x1b[32m\x1b[1mLinking CXX executable my_base\x1b[0m\n'}
[17.175330] (-) TimerEvent: {}
[17.282225] (-) TimerEvent: {}
[17.383281] (-) TimerEvent: {}
[17.483749] (-) TimerEvent: {}
[17.584503] (-) TimerEvent: {}
[17.686912] (-) TimerEvent: {}
[17.788045] (-) TimerEvent: {}
[17.890927] (-) TimerEvent: {}
[17.991454] (-) TimerEvent: {}
[18.091961] (-) TimerEvent: {}
[18.192418] (-) TimerEvent: {}
[18.292762] (-) TimerEvent: {}
[18.304011] (my_base) StdoutLine: {'line': b'[100%] Built target my_base\n'}
[18.325970] (my_base) CommandEnded: {'returncode': 0}
[18.335143] (my_base) JobProgress: {'identifier': 'my_base', 'progress': 'install'}
[18.352853] (my_base) Command: {'cmd': ['/usr/bin/cmake', '--install', '/home/pi/Desktop/robot_move/my_base_learn/build/my_base'], 'cwd': '/home/pi/Desktop/robot_move/my_base_learn/build/my_base', 'env': OrderedDict({'SERVER_SCRIPT_PRODUCT': '/home/pi/.trae-server/bin/stable-84967093b3105381f26e13eca4ab8af60e8f40db-debian10/product.json', 'ARCH': 'aarch64', 'SERVER_PACKAGE_NAME': 'Trae-linux-arm64-1146106025986_3.tar.gz', 'USER': 'pi', 'SSH_CLIENT': '10.16.89.17 62631 22', 'DISTRO_COMMIT': '84967093b3105381f26e13eca4ab8af60e8f40db', 'XDG_SESSION_TYPE': 'tty', 'GIT_ASKPASS': '/home/pi/.trae-server/bin/stable-84967093b3105381f26e13eca4ab8af60e8f40db-debian10/extensions/git/dist/askpass.sh', 'SERVER_LISTEN_FLAG': '--port=0', 'MANAGER_LOGS_DIR': '/home/pi/.trae-server/manager-logs/1778565327051_047007', 'SCRIPT_ID': '129e294c30e83dcf9132430e', 'SHLVL': '2', 'LD_LIBRARY_PATH': '/home/pi/Desktop/robot_move/my_base_learn/install/lslidar_msgs/lib:/opt/ros/jazzy/opt/rviz_ogre_vendor/lib:/opt/ros/jazzy/lib/aarch64-linux-gnu:/opt/ros/jazzy/opt/gz_math_vendor/lib:/opt/ros/jazzy/opt/gz_utils_vendor/lib:/opt/ros/jazzy/opt/gz_cmake_vendor/lib:/opt/ros/jazzy/lib', 'BROWSER': '/home/pi/.trae-server/bin/stable-84967093b3105381f26e13eca4ab8af60e8f40db-debian10/bin/helpers/browser.sh', 'HOME': '/home/pi', 'OLDPWD': '/home/pi/Desktop', 'TERM_PROGRAM_VERSION': '1.107.1', 'SERVER_APP_NAME': 'Trae', 'VSCODE_IPC_HOOK_CLI': '/run/user/1002/vscode-ipc-fc304ad6-3f63-4000-8969-2899da6a7111.sock', 'OS_RELEASE_ID': 'ubuntu', 'ROS_PYTHON_VERSION': '3', 'TRAE_RESOLVE_TYPE': 'ssh', 'VSCODE_GIT_ASKPASS_MAIN': '/home/pi/.trae-server/bin/stable-84967093b3105381f26e13eca4ab8af60e8f40db-debian10/extensions/git/dist/askpass-main.js', 'SERVER_DOWNLOAD_PREFIX': 'https://lf-cdn.trae.com.cn/obj/trae-com-cn/pkg/server/releases/stable/84967093b3105381f26e13eca4ab8af60e8f40db/linux-debian10/', 'VSCODE_GIT_ASKPASS_NODE': '/home/pi/.trae-server/bin/stable-84967093b3105381f26e13eca4ab8af60e8f40db-debian10/node', 'NO_USE_FETCH': '', 'VSCODE_PYTHON_AUTOACTIVATE_GUARD': '1', 'SERVER_DIR': '/home/pi/.trae-server/bin/stable-84967093b3105381f26e13eca4ab8af60e8f40db-debian10', 'DBUS_SESSION_BUS_ADDRESS': 'unix:path=/run/user/1002/bus', 'COLORTERM': 'truecolor', 'TRAE_JWT_TOKEN_PATH': '/home/pi/.trae/trae-jwt-token', 'DEBUGINFOD_URLS': 'https://debuginfod.ubuntu.com', 'COLCON_PREFIX_PATH': '/home/pi/Desktop/robot_move/my_base_learn/install', 'ROS_DISTRO': 'jazzy', 'LOGNAME': 'pi', '_': '/usr/bin/colcon', 'ROS_VERSION': '2', 'TRAE_REMOTE_SKIP_REMOTE_CHECK': '', 'XDG_SESSION_CLASS': 'user', 'TERM': 'xterm-256color', 'DISTRO_VERSION': '1.107.1', 'XDG_SESSION_ID': '3', 'SERVER_INITIAL_EXTENSIONS': '', 'EXTRACT_RETRY_COUNT': '0', 'TRAE_DETECT_COUNTRY_CODE': '', 'AHA_RUNTIME_DIR': '/home/pi/.trae-server/socks/2067/8496709', 'vscode_base_dir': '/home/pi/.trae-server', 'PATH': '/opt/ros/jazzy/bin:/home/pi/.trae-server/bin/stable-84967093b3105381f26e13eca4ab8af60e8f40db-debian10/bin/remote-cli:/usr/local/sbin:/usr/local/bin:/usr/sbin:/usr/bin:/sbin:/bin:/usr/games:/usr/local/games:/snap/bin', 'PLATFORM': 'linux', 'DISTRO_QUALITY': 'stable', 'XDG_RUNTIME_DIR': '/run/user/1002', 'SERVER_SCRIPT': '/home/pi/.trae-server/bin/stable-84967093b3105381f26e13eca4ab8af60e8f40db-debian10/index_trae.js', 'LANG': 'en_US.UTF-8', 'SERVER_PIDFILE': '/home/pi/.trae-server/.stable-84967093b3105381f26e13eca4ab8af60e8f40db-21a76510.pid', 'SERVER_LOGS_DIR': '/home/pi/.trae-server/logs', 'TRAE_BRAND_NAME': 'Trae', 'DOWNLOAD_RETRY_COUNT': '0', 'VSCODE_GIT_IPC_HANDLE': '/run/user/1002/vscode-git-f128588436.sock', 'TERM_PROGRAM': 'vscode', 'AMENT_PREFIX_PATH': '/home/pi/Desktop/robot_move/my_base_learn/install/tbot_description:/home/pi/Desktop/robot_move/my_base_learn/install/robot_control:/home/pi/Desktop/robot_move/my_base_learn/install/my_base:/home/pi/Desktop/robot_move/my_base_learn/install/lslidar_driver:/home/pi/Desktop/robot_move/my_base_learn/install/lslidar_msgs:/home/pi/Desktop/robot_move/my_base_learn/install/lidar_test:/opt/ros/jazzy', 'SHELL': '/bin/bash', 'SERVER_HOST': '127.0.0.1', 'SERVER_LOGFILE': '/home/pi/.trae-server/.stable-84967093b3105381f26e13eca4ab8af60e8f40db-21a76510.log', 'TRAE_STORE_REGION': 'SG', 'DISTRO_VSCODIUM_RELEASE': '', 'TMP_DIR': '/run/user/1002', 'SERVER_TOKENFILE': '/home/pi/.trae-server/.stable-84967093b3105381f26e13eca4ab8af60e8f40db-21a76510.token', 'ROS_AUTOMATIC_DISCOVERY_RANGE': 'SUBNET', 'VSCODE_GIT_ASKPASS_EXTRA_ARGS': '', 'TRAE_REMOTE_EXTENSION_REGION': 'cn', 'SERVER_EXTENSIONS_DIR': '/home/pi/.trae-server/extensions', 'PWD': '/home/pi/Desktop/robot_move/my_base_learn/build/my_base', 'LC_ALL': 'en_US.UTF-8', 'SERVER_APP_VERSION': '', 'TERM_PRODUCT': 'Trae', 'SSH_CONNECTION': '10.16.89.17 62631 10.16.89.13 22', 'XDG_DATA_DIRS': '/usr/share/gnome:/usr/local/share:/usr/share:/var/lib/snapd/desktop', 'SERVER_ARCH': 'arm64', 'PYTHONPATH': '/home/pi/Desktop/robot_move/my_base_learn/install/robot_control/lib/python3.12/site-packages:/home/pi/Desktop/robot_move/my_base_learn/install/lslidar_msgs/lib/python3.12/site-packages:/home/pi/Desktop/robot_move/my_base_learn/install/lidar_test/lib/python3.12/site-packages:/opt/ros/jazzy/lib/python3.12/site-packages', 'TRAE_DETECT_REGION': 'CN', 'COLCON': '1', 'SERVER_APP_QUALITY': 'stable', 'SERVER_DATA_DIR': '/home/pi/.trae-server', 'REMOTE_VERSION': '1146106025986_3', 'CMAKE_PREFIX_PATH': '/home/pi/Desktop/robot_move/my_base_learn/install/tbot_description:/home/pi/Desktop/robot_move/my_base_learn/install/my_base:/home/pi/Desktop/robot_move/my_base_learn/install/lslidar_driver:/home/pi/Desktop/robot_move/my_base_learn/install/lslidar_msgs:/opt/ros/jazzy/opt/gz_math_vendor:/opt/ros/jazzy/opt/gz_utils_vendor:/opt/ros/jazzy/opt/gz_cmake_vendor:/home/pi/Desktop/robot_move/my_base_learn/install/robot_control:/home/pi/Desktop/robot_move/my_base_learn/install/lidar_test:/opt/ros/jazzy'}), 'shell': False}
[18.370829] (my_base) StdoutLine: {'line': b'-- Install configuration: ""\n'}
[18.373904] (my_base) StdoutLine: {'line': b'-- Installing: /home/pi/Desktop/robot_move/my_base_learn/install/my_base/lib/my_base/my_base\n'}
[18.392912] (-) TimerEvent: {}
[18.395135] (my_base) StdoutLine: {'line': b'-- Set non-toolchain portion of runtime path of "/home/pi/Desktop/robot_move/my_base_learn/install/my_base/lib/my_base/my_base" to ""\n'}
[18.395530] (my_base) StdoutLine: {'line': b'-- Installing: /home/pi/Desktop/robot_move/my_base_learn/install/my_base/share/ament_index/resource_index/package_run_dependencies/my_base\n'}
[18.395796] (my_base) StdoutLine: {'line': b'-- Installing: /home/pi/Desktop/robot_move/my_base_learn/install/my_base/share/ament_index/resource_index/parent_prefix_path/my_base\n'}
[18.396189] (my_base) StdoutLine: {'line': b'-- Installing: /home/pi/Desktop/robot_move/my_base_learn/install/my_base/share/my_base/environment/ament_prefix_path.sh\n'}
[18.396463] (my_base) StdoutLine: {'line': b'-- Installing: /home/pi/Desktop/robot_move/my_base_learn/install/my_base/share/my_base/environment/ament_prefix_path.dsv\n'}
[18.397539] (my_base) StdoutLine: {'line': b'-- Installing: /home/pi/Desktop/robot_move/my_base_learn/install/my_base/share/my_base/environment/path.sh\n'}
[18.397729] (my_base) StdoutLine: {'line': b'-- Installing: /home/pi/Desktop/robot_move/my_base_learn/install/my_base/share/my_base/environment/path.dsv\n'}
[18.397888] (my_base) StdoutLine: {'line': b'-- Installing: /home/pi/Desktop/robot_move/my_base_learn/install/my_base/share/my_base/local_setup.bash\n'}
[18.401622] (my_base) StdoutLine: {'line': b'-- Installing: /home/pi/Desktop/robot_move/my_base_learn/install/my_base/share/my_base/local_setup.sh\n'}
[18.402046] (my_base) StdoutLine: {'line': b'-- Installing: /home/pi/Desktop/robot_move/my_base_learn/install/my_base/share/my_base/local_setup.zsh\n'}
[18.402259] (my_base) StdoutLine: {'line': b'-- Installing: /home/pi/Desktop/robot_move/my_base_learn/install/my_base/share/my_base/local_setup.dsv\n'}
[18.402552] (my_base) StdoutLine: {'line': b'-- Installing: /home/pi/Desktop/robot_move/my_base_learn/install/my_base/share/my_base/package.dsv\n'}
[18.402796] (my_base) StdoutLine: {'line': b'-- Installing: /home/pi/Desktop/robot_move/my_base_learn/install/my_base/share/ament_index/resource_index/packages/my_base\n'}
[18.405054] (my_base) StdoutLine: {'line': b'-- Installing: /home/pi/Desktop/robot_move/my_base_learn/install/my_base/share/my_base/cmake/my_baseConfig.cmake\n'}
[18.405407] (my_base) StdoutLine: {'line': b'-- Installing: /home/pi/Desktop/robot_move/my_base_learn/install/my_base/share/my_base/cmake/my_baseConfig-version.cmake\n'}
[18.405640] (my_base) StdoutLine: {'line': b'-- Installing: /home/pi/Desktop/robot_move/my_base_learn/install/my_base/share/my_base/package.xml\n'}
[18.408213] (my_base) CommandEnded: {'returncode': 0}
[18.450774] (my_base) JobEnded: {'identifier': 'my_base', 'rc': 0}
[18.451907] (-) EventReactorShutdown: {}
