[0.018s] Invoking command in '/home/pi/Desktop/robot_move/my_base_learn/build/my_base': CMAKE_PREFIX_PATH=${CMAKE_PREFIX_PATH}:/opt/ros/jazzy DEBUGINFOD_URLS=https://debuginfod.ubuntu.com /usr/bin/cmake --build /home/pi/Desktop/robot_move/my_base_learn/build/my_base -- -j4 -l4
[0.069s] -- Found ament_cmake: 2.5.5 (/opt/ros/jazzy/share/ament_cmake/cmake)
[0.438s] -- Found ament_lint_auto: 0.17.4 (/opt/ros/jazzy/share/ament_lint_auto/cmake)
[0.627s] -- Found rclcpp: 28.1.16 (/opt/ros/jazzy/share/rclcpp/cmake)
[0.666s] -- Found rosidl_generator_c: 4.6.7 (/opt/ros/jazzy/share/rosidl_generator_c/cmake)
[0.679s] -- Found rosidl_generator_cpp: 4.6.7 (/opt/ros/jazzy/share/rosidl_generator_cpp/cmake)
[0.696s] -- Using all available rosidl_typesupport_c: rosidl_typesupport_fastrtps_c;rosidl_typesupport_introspection_c
[0.718s] -- Using all available rosidl_typesupport_cpp: rosidl_typesupport_fastrtps_cpp;rosidl_typesupport_introspection_cpp
[0.809s] -- Found rmw_implementation_cmake: 7.3.3 (/opt/ros/jazzy/share/rmw_implementation_cmake/cmake)
[0.810s] -- Found rmw_fastrtps_cpp: 8.4.3 (/opt/ros/jazzy/share/rmw_fastrtps_cpp/cmake)
[0.914s] -- Using RMW implementation 'rmw_fastrtps_cpp' as default
[0.999s] -- Found geometry_msgs: 5.3.6 (/opt/ros/jazzy/share/geometry_msgs/cmake)
[1.040s] -- Found tf2_geometry_msgs: 0.36.19 (/opt/ros/jazzy/share/tf2_geometry_msgs/cmake)
[1.045s] -- Found eigen3_cmake_module: 0.3.0 (/opt/ros/jazzy/share/eigen3_cmake_module/cmake)
[1.047s] -- Ensuring Eigen3 include directory is part of orocos-kdl CMake target
[1.195s] -- Found nav_msgs: 5.3.6 (/opt/ros/jazzy/share/nav_msgs/cmake)
[1.252s] -- Added test 'cppcheck' to perform static code analysis on C / C++ code
[1.253s] -- Configured cppcheck include dirs: 
[1.253s] -- Configured cppcheck exclude dirs and/or files: 
[1.255s] -- Added test 'flake8' to check Python code syntax and style conventions
[1.255s] -- Configured 'flake8' exclude dirs and/or files: 
[1.258s] -- Added test 'lint_cmake' to check CMake code style
[1.260s] -- Added test 'pep257' to check Python code against some of the docstring style conventions in PEP 257
[1.273s] -- Added test 'uncrustify' to check C / C++ code style
[1.273s] -- Configured uncrustify additional arguments: 
[1.275s] -- Added test 'xmllint' to check XML markup files
[1.277s] -- Configuring done (1.2s)
[1.300s] -- Generating done (0.0s)
[1.355s] -- Build files have been written to: /home/pi/Desktop/robot_move/my_base_learn/build/my_base
[1.483s] [ 50%] [32mBuilding CXX object CMakeFiles/my_base.dir/src/my_base.cpp.o[0m
[5.308s] In file included from [01m[K/home/pi/Desktop/robot_move/my_base_learn/src/my_base/src/my_base.cpp:1[m[K:
[5.308s] [01m[K/home/pi/Desktop/robot_move/my_base_learn/src/my_base/src/bot_serial.h:[m[K In member function ‘[01m[Kbool turn_on_robot::[01;32m[KGet_Sensor_Data_New[m[K()[m[K’:
[5.308s] [01m[K/home/pi/Desktop/robot_move/my_base_learn/src/my_base/src/bot_serial.h:138:20:[m[K [01;35m[Kwarning: [m[Kunused variable ‘[01m[Kerror[m[K’ [[01;35m[K]8;;https://gcc.gnu.org/onlinedocs/gcc/Warning-Options.html#index-Wunused-variable-Wunused-variable]8;;[m[K]
[5.309s]   138 |   uint8_t check=0, [01;35m[Kerror[m[K=1;
[5.309s]       |                    [01;35m[K^~~~~[m[K
[16.181s] [100%] [32m[1mLinking CXX executable my_base[0m
[17.321s] [100%] Built target my_base
[17.344s] Invoked command in '/home/pi/Desktop/robot_move/my_base_learn/build/my_base' returned '0': CMAKE_PREFIX_PATH=${CMAKE_PREFIX_PATH}:/opt/ros/jazzy DEBUGINFOD_URLS=https://debuginfod.ubuntu.com /usr/bin/cmake --build /home/pi/Desktop/robot_move/my_base_learn/build/my_base -- -j4 -l4
[17.362s] Invoking command in '/home/pi/Desktop/robot_move/my_base_learn/build/my_base': CMAKE_PREFIX_PATH=${CMAKE_PREFIX_PATH}:/opt/ros/jazzy DEBUGINFOD_URLS=https://debuginfod.ubuntu.com /usr/bin/cmake --install /home/pi/Desktop/robot_move/my_base_learn/build/my_base
[17.380s] -- Install configuration: ""
[17.380s] -- Installing: /home/pi/Desktop/robot_move/my_base_learn/install/my_base/lib/my_base/my_base
[17.394s] -- Set non-toolchain portion of runtime path of "/home/pi/Desktop/robot_move/my_base_learn/install/my_base/lib/my_base/my_base" to "/usr/local/lib:/opt/ros/jazzy/lib"
[17.394s] -- Up-to-date: /home/pi/Desktop/robot_move/my_base_learn/install/my_base/share/ament_index/resource_index/package_run_dependencies/my_base
[17.394s] -- Installing: /home/pi/Desktop/robot_move/my_base_learn/install/my_base/share/ament_index/resource_index/parent_prefix_path/my_base
[17.401s] -- Up-to-date: /home/pi/Desktop/robot_move/my_base_learn/install/my_base/share/my_base/environment/ament_prefix_path.sh
[17.402s] -- Up-to-date: /home/pi/Desktop/robot_move/my_base_learn/install/my_base/share/my_base/environment/ament_prefix_path.dsv
[17.402s] -- Up-to-date: /home/pi/Desktop/robot_move/my_base_learn/install/my_base/share/my_base/environment/path.sh
[17.402s] -- Up-to-date: /home/pi/Desktop/robot_move/my_base_learn/install/my_base/share/my_base/environment/path.dsv
[17.403s] -- Up-to-date: /home/pi/Desktop/robot_move/my_base_learn/install/my_base/share/my_base/local_setup.bash
[17.403s] -- Up-to-date: /home/pi/Desktop/robot_move/my_base_learn/install/my_base/share/my_base/local_setup.sh
[17.403s] -- Up-to-date: /home/pi/Desktop/robot_move/my_base_learn/install/my_base/share/my_base/local_setup.zsh
[17.403s] -- Up-to-date: /home/pi/Desktop/robot_move/my_base_learn/install/my_base/share/my_base/local_setup.dsv
[17.403s] -- Installing: /home/pi/Desktop/robot_move/my_base_learn/install/my_base/share/my_base/package.dsv
[17.404s] -- Up-to-date: /home/pi/Desktop/robot_move/my_base_learn/install/my_base/share/ament_index/resource_index/packages/my_base
[17.404s] -- Up-to-date: /home/pi/Desktop/robot_move/my_base_learn/install/my_base/share/my_base/cmake/my_baseConfig.cmake
[17.404s] -- Up-to-date: /home/pi/Desktop/robot_move/my_base_learn/install/my_base/share/my_base/cmake/my_baseConfig-version.cmake
[17.404s] -- Up-to-date: /home/pi/Desktop/robot_move/my_base_learn/install/my_base/share/my_base/package.xml
[17.413s] Invoked command in '/home/pi/Desktop/robot_move/my_base_learn/build/my_base' returned '0': CMAKE_PREFIX_PATH=${CMAKE_PREFIX_PATH}:/opt/ros/jazzy DEBUGINFOD_URLS=https://debuginfod.ubuntu.com /usr/bin/cmake --install /home/pi/Desktop/robot_move/my_base_learn/build/my_base
