[0.144s] DEBUG:colcon:Command line arguments: ['/usr/bin/colcon', 'build', '--packages-select', 'my_base']
[0.144s] DEBUG:colcon:Parsed command line arguments: Namespace(log_base=None, log_level=None, verb_name='build', build_base='build', install_base='install', merge_install=False, symlink_install=False, test_result_base=None, continue_on_error=False, executor='parallel', parallel_workers=4, event_handlers=None, ignore_user_meta=False, metas=['./colcon.meta'], base_paths=['.'], packages_ignore=None, packages_ignore_regex=None, paths=None, packages_up_to=None, packages_up_to_regex=None, packages_above=None, packages_above_and_dependencies=None, packages_above_depth=None, packages_select_by_dep=None, packages_skip_by_dep=None, packages_skip_up_to=None, packages_select_build_failed=False, packages_skip_build_finished=False, packages_select_test_failures=False, packages_skip_test_passed=False, packages_select=['my_base'], packages_skip=None, packages_select_regex=None, packages_skip_regex=None, packages_start=None, packages_end=None, allow_overriding=[], cmake_args=None, cmake_target=None, cmake_target_skip_unavailable=False, cmake_clean_cache=False, cmake_clean_first=False, cmake_force_configure=False, ament_cmake_args=None, catkin_cmake_args=None, catkin_skip_building_tests=False, verb_parser=<colcon_defaults.argument_parser.defaults.DefaultArgumentsDecorator object at 0xffff92b42240>, verb_extension=<colcon_core.verb.build.BuildVerb object at 0xffff92b41fa0>, main=<bound method BuildVerb.main of <colcon_core.verb.build.BuildVerb object at 0xffff92b41fa0>>)
[0.203s] Level 1:colcon.colcon_core.package_discovery:discover_packages(colcon_meta) check parameters
[0.204s] Level 1:colcon.colcon_core.package_discovery:discover_packages(recursive) check parameters
[0.204s] Level 1:colcon.colcon_core.package_discovery:discover_packages(ignore) check parameters
[0.204s] Level 1:colcon.colcon_core.package_discovery:discover_packages(path) check parameters
[0.204s] Level 1:colcon.colcon_core.package_discovery:discover_packages(colcon_meta) discover
[0.204s] Level 1:colcon.colcon_core.package_discovery:discover_packages(recursive) discover
[0.204s] INFO:colcon.colcon_core.package_discovery:Crawling recursively for packages in '/home/pi/Desktop/robot_move/my_base_learn'
[0.204s] Level 1:colcon.colcon_core.package_identification:_identify(.) by extensions ['ignore', 'ignore_ament_install']
[0.204s] Level 1:colcon.colcon_core.package_identification:_identify(.) by extension 'ignore'
[0.205s] Level 1:colcon.colcon_core.package_identification:_identify(.) by extension 'ignore_ament_install'
[0.205s] Level 1:colcon.colcon_core.package_identification:_identify(.) by extensions ['colcon_pkg']
[0.205s] Level 1:colcon.colcon_core.package_identification:_identify(.) by extension 'colcon_pkg'
[0.205s] Level 1:colcon.colcon_core.package_identification:_identify(.) by extensions ['colcon_meta']
[0.205s] Level 1:colcon.colcon_core.package_identification:_identify(.) by extension 'colcon_meta'
[0.205s] Level 1:colcon.colcon_core.package_identification:_identify(.) by extensions ['ros']
[0.205s] Level 1:colcon.colcon_core.package_identification:_identify(.) by extension 'ros'
[0.250s] Level 1:colcon.colcon_core.package_identification:_identify(.) by extensions ['cmake', 'python']
[0.250s] Level 1:colcon.colcon_core.package_identification:_identify(.) by extension 'cmake'
[0.251s] Level 1:colcon.colcon_core.package_identification:_identify(.) by extension 'python'
[0.251s] Level 1:colcon.colcon_core.package_identification:_identify(.) by extensions ['python_setup_py']
[0.251s] Level 1:colcon.colcon_core.package_identification:_identify(.) by extension 'python_setup_py'
[0.251s] Level 1:colcon.colcon_core.package_identification:_identify(build) by extensions ['ignore', 'ignore_ament_install']
[0.251s] Level 1:colcon.colcon_core.package_identification:_identify(build) by extension 'ignore'
[0.251s] Level 1:colcon.colcon_core.package_identification:_identify(build) ignored
[0.252s] Level 1:colcon.colcon_core.package_identification:_identify(install) by extensions ['ignore', 'ignore_ament_install']
[0.252s] Level 1:colcon.colcon_core.package_identification:_identify(install) by extension 'ignore'
[0.252s] Level 1:colcon.colcon_core.package_identification:_identify(install) ignored
[0.252s] Level 1:colcon.colcon_core.package_identification:_identify(log) by extensions ['ignore', 'ignore_ament_install']
[0.252s] Level 1:colcon.colcon_core.package_identification:_identify(log) by extension 'ignore'
[0.252s] Level 1:colcon.colcon_core.package_identification:_identify(log) ignored
[0.252s] Level 1:colcon.colcon_core.package_identification:_identify(src) by extensions ['ignore', 'ignore_ament_install']
[0.253s] Level 1:colcon.colcon_core.package_identification:_identify(src) by extension 'ignore'
[0.253s] Level 1:colcon.colcon_core.package_identification:_identify(src) by extension 'ignore_ament_install'
[0.253s] Level 1:colcon.colcon_core.package_identification:_identify(src) by extensions ['colcon_pkg']
[0.253s] Level 1:colcon.colcon_core.package_identification:_identify(src) by extension 'colcon_pkg'
[0.253s] Level 1:colcon.colcon_core.package_identification:_identify(src) by extensions ['colcon_meta']
[0.253s] Level 1:colcon.colcon_core.package_identification:_identify(src) by extension 'colcon_meta'
[0.253s] Level 1:colcon.colcon_core.package_identification:_identify(src) by extensions ['ros']
[0.253s] Level 1:colcon.colcon_core.package_identification:_identify(src) by extension 'ros'
[0.253s] Level 1:colcon.colcon_core.package_identification:_identify(src) by extensions ['cmake', 'python']
[0.253s] Level 1:colcon.colcon_core.package_identification:_identify(src) by extension 'cmake'
[0.253s] Level 1:colcon.colcon_core.package_identification:_identify(src) by extension 'python'
[0.253s] Level 1:colcon.colcon_core.package_identification:_identify(src) by extensions ['python_setup_py']
[0.253s] Level 1:colcon.colcon_core.package_identification:_identify(src) by extension 'python_setup_py'
[0.254s] Level 1:colcon.colcon_core.package_identification:_identify(src/lidar_test) by extensions ['ignore', 'ignore_ament_install']
[0.254s] Level 1:colcon.colcon_core.package_identification:_identify(src/lidar_test) by extension 'ignore'
[0.254s] Level 1:colcon.colcon_core.package_identification:_identify(src/lidar_test) by extension 'ignore_ament_install'
[0.254s] Level 1:colcon.colcon_core.package_identification:_identify(src/lidar_test) by extensions ['colcon_pkg']
[0.254s] Level 1:colcon.colcon_core.package_identification:_identify(src/lidar_test) by extension 'colcon_pkg'
[0.254s] Level 1:colcon.colcon_core.package_identification:_identify(src/lidar_test) by extensions ['colcon_meta']
[0.254s] Level 1:colcon.colcon_core.package_identification:_identify(src/lidar_test) by extension 'colcon_meta'
[0.254s] Level 1:colcon.colcon_core.package_identification:_identify(src/lidar_test) by extensions ['ros']
[0.254s] Level 1:colcon.colcon_core.package_identification:_identify(src/lidar_test) by extension 'ros'
[0.258s] DEBUG:colcon.colcon_core.package_identification:Package 'src/lidar_test' with type 'ros.ament_python' and name 'lidar_test'
[0.259s] Level 1:colcon.colcon_core.package_identification:_identify(src/lslidar_driver) by extensions ['ignore', 'ignore_ament_install']
[0.259s] Level 1:colcon.colcon_core.package_identification:_identify(src/lslidar_driver) by extension 'ignore'
[0.259s] Level 1:colcon.colcon_core.package_identification:_identify(src/lslidar_driver) by extension 'ignore_ament_install'
[0.259s] Level 1:colcon.colcon_core.package_identification:_identify(src/lslidar_driver) by extensions ['colcon_pkg']
[0.259s] Level 1:colcon.colcon_core.package_identification:_identify(src/lslidar_driver) by extension 'colcon_pkg'
[0.259s] Level 1:colcon.colcon_core.package_identification:_identify(src/lslidar_driver) by extensions ['colcon_meta']
[0.259s] Level 1:colcon.colcon_core.package_identification:_identify(src/lslidar_driver) by extension 'colcon_meta'
[0.259s] Level 1:colcon.colcon_core.package_identification:_identify(src/lslidar_driver) by extensions ['ros']
[0.259s] Level 1:colcon.colcon_core.package_identification:_identify(src/lslidar_driver) by extension 'ros'
[0.260s] Level 1:colcon.colcon_core.package_identification:_identify(src/lslidar_driver) by extensions ['cmake', 'python']
[0.260s] Level 1:colcon.colcon_core.package_identification:_identify(src/lslidar_driver) by extension 'cmake'
[0.260s] Level 1:colcon.colcon_core.package_identification:_identify(src/lslidar_driver) by extension 'python'
[0.260s] Level 1:colcon.colcon_core.package_identification:_identify(src/lslidar_driver) by extensions ['python_setup_py']
[0.260s] Level 1:colcon.colcon_core.package_identification:_identify(src/lslidar_driver) by extension 'python_setup_py'
[0.260s] Level 1:colcon.colcon_core.package_identification:_identify(src/lslidar_driver/LSLIDAR_X_ROS2-20240228) by extensions ['ignore', 'ignore_ament_install']
[0.260s] Level 1:colcon.colcon_core.package_identification:_identify(src/lslidar_driver/LSLIDAR_X_ROS2-20240228) by extension 'ignore'
[0.260s] Level 1:colcon.colcon_core.package_identification:_identify(src/lslidar_driver/LSLIDAR_X_ROS2-20240228) by extension 'ignore_ament_install'
[0.260s] Level 1:colcon.colcon_core.package_identification:_identify(src/lslidar_driver/LSLIDAR_X_ROS2-20240228) by extensions ['colcon_pkg']
[0.260s] Level 1:colcon.colcon_core.package_identification:_identify(src/lslidar_driver/LSLIDAR_X_ROS2-20240228) by extension 'colcon_pkg'
[0.260s] Level 1:colcon.colcon_core.package_identification:_identify(src/lslidar_driver/LSLIDAR_X_ROS2-20240228) by extensions ['colcon_meta']
[0.261s] Level 1:colcon.colcon_core.package_identification:_identify(src/lslidar_driver/LSLIDAR_X_ROS2-20240228) by extension 'colcon_meta'
[0.261s] Level 1:colcon.colcon_core.package_identification:_identify(src/lslidar_driver/LSLIDAR_X_ROS2-20240228) by extensions ['ros']
[0.261s] Level 1:colcon.colcon_core.package_identification:_identify(src/lslidar_driver/LSLIDAR_X_ROS2-20240228) by extension 'ros'
[0.261s] Level 1:colcon.colcon_core.package_identification:_identify(src/lslidar_driver/LSLIDAR_X_ROS2-20240228) by extensions ['cmake', 'python']
[0.261s] Level 1:colcon.colcon_core.package_identification:_identify(src/lslidar_driver/LSLIDAR_X_ROS2-20240228) by extension 'cmake'
[0.261s] Level 1:colcon.colcon_core.package_identification:_identify(src/lslidar_driver/LSLIDAR_X_ROS2-20240228) by extension 'python'
[0.261s] Level 1:colcon.colcon_core.package_identification:_identify(src/lslidar_driver/LSLIDAR_X_ROS2-20240228) by extensions ['python_setup_py']
[0.261s] Level 1:colcon.colcon_core.package_identification:_identify(src/lslidar_driver/LSLIDAR_X_ROS2-20240228) by extension 'python_setup_py'
[0.261s] Level 1:colcon.colcon_core.package_identification:_identify(src/lslidar_driver/LSLIDAR_X_ROS2-20240228/src) by extensions ['ignore', 'ignore_ament_install']
[0.261s] Level 1:colcon.colcon_core.package_identification:_identify(src/lslidar_driver/LSLIDAR_X_ROS2-20240228/src) by extension 'ignore'
[0.262s] Level 1:colcon.colcon_core.package_identification:_identify(src/lslidar_driver/LSLIDAR_X_ROS2-20240228/src) by extension 'ignore_ament_install'
[0.262s] Level 1:colcon.colcon_core.package_identification:_identify(src/lslidar_driver/LSLIDAR_X_ROS2-20240228/src) by extensions ['colcon_pkg']
[0.262s] Level 1:colcon.colcon_core.package_identification:_identify(src/lslidar_driver/LSLIDAR_X_ROS2-20240228/src) by extension 'colcon_pkg'
[0.262s] Level 1:colcon.colcon_core.package_identification:_identify(src/lslidar_driver/LSLIDAR_X_ROS2-20240228/src) by extensions ['colcon_meta']
[0.262s] Level 1:colcon.colcon_core.package_identification:_identify(src/lslidar_driver/LSLIDAR_X_ROS2-20240228/src) by extension 'colcon_meta'
[0.262s] Level 1:colcon.colcon_core.package_identification:_identify(src/lslidar_driver/LSLIDAR_X_ROS2-20240228/src) by extensions ['ros']
[0.262s] Level 1:colcon.colcon_core.package_identification:_identify(src/lslidar_driver/LSLIDAR_X_ROS2-20240228/src) by extension 'ros'
[0.262s] Level 1:colcon.colcon_core.package_identification:_identify(src/lslidar_driver/LSLIDAR_X_ROS2-20240228/src) by extensions ['cmake', 'python']
[0.262s] Level 1:colcon.colcon_core.package_identification:_identify(src/lslidar_driver/LSLIDAR_X_ROS2-20240228/src) by extension 'cmake'
[0.262s] Level 1:colcon.colcon_core.package_identification:_identify(src/lslidar_driver/LSLIDAR_X_ROS2-20240228/src) by extension 'python'
[0.262s] Level 1:colcon.colcon_core.package_identification:_identify(src/lslidar_driver/LSLIDAR_X_ROS2-20240228/src) by extensions ['python_setup_py']
[0.262s] Level 1:colcon.colcon_core.package_identification:_identify(src/lslidar_driver/LSLIDAR_X_ROS2-20240228/src) by extension 'python_setup_py'
[0.262s] Level 1:colcon.colcon_core.package_identification:_identify(src/lslidar_driver/LSLIDAR_X_ROS2-20240228/src/lslidar_driver) by extensions ['ignore', 'ignore_ament_install']
[0.263s] Level 1:colcon.colcon_core.package_identification:_identify(src/lslidar_driver/LSLIDAR_X_ROS2-20240228/src/lslidar_driver) by extension 'ignore'
[0.263s] Level 1:colcon.colcon_core.package_identification:_identify(src/lslidar_driver/LSLIDAR_X_ROS2-20240228/src/lslidar_driver) by extension 'ignore_ament_install'
[0.263s] Level 1:colcon.colcon_core.package_identification:_identify(src/lslidar_driver/LSLIDAR_X_ROS2-20240228/src/lslidar_driver) by extensions ['colcon_pkg']
[0.263s] Level 1:colcon.colcon_core.package_identification:_identify(src/lslidar_driver/LSLIDAR_X_ROS2-20240228/src/lslidar_driver) by extension 'colcon_pkg'
[0.263s] Level 1:colcon.colcon_core.package_identification:_identify(src/lslidar_driver/LSLIDAR_X_ROS2-20240228/src/lslidar_driver) by extensions ['colcon_meta']
[0.263s] Level 1:colcon.colcon_core.package_identification:_identify(src/lslidar_driver/LSLIDAR_X_ROS2-20240228/src/lslidar_driver) by extension 'colcon_meta'
[0.263s] Level 1:colcon.colcon_core.package_identification:_identify(src/lslidar_driver/LSLIDAR_X_ROS2-20240228/src/lslidar_driver) by extensions ['ros']
[0.263s] Level 1:colcon.colcon_core.package_identification:_identify(src/lslidar_driver/LSLIDAR_X_ROS2-20240228/src/lslidar_driver) by extension 'ros'
[0.265s] DEBUG:colcon.colcon_core.package_identification:Package 'src/lslidar_driver/LSLIDAR_X_ROS2-20240228/src/lslidar_driver' with type 'ros.ament_cmake' and name 'lslidar_driver'
[0.265s] Level 1:colcon.colcon_core.package_identification:_identify(src/lslidar_driver/LSLIDAR_X_ROS2-20240228/src/lslidar_msgs) by extensions ['ignore', 'ignore_ament_install']
[0.265s] Level 1:colcon.colcon_core.package_identification:_identify(src/lslidar_driver/LSLIDAR_X_ROS2-20240228/src/lslidar_msgs) by extension 'ignore'
[0.265s] Level 1:colcon.colcon_core.package_identification:_identify(src/lslidar_driver/LSLIDAR_X_ROS2-20240228/src/lslidar_msgs) by extension 'ignore_ament_install'
[0.265s] Level 1:colcon.colcon_core.package_identification:_identify(src/lslidar_driver/LSLIDAR_X_ROS2-20240228/src/lslidar_msgs) by extensions ['colcon_pkg']
[0.265s] Level 1:colcon.colcon_core.package_identification:_identify(src/lslidar_driver/LSLIDAR_X_ROS2-20240228/src/lslidar_msgs) by extension 'colcon_pkg'
[0.265s] Level 1:colcon.colcon_core.package_identification:_identify(src/lslidar_driver/LSLIDAR_X_ROS2-20240228/src/lslidar_msgs) by extensions ['colcon_meta']
[0.266s] Level 1:colcon.colcon_core.package_identification:_identify(src/lslidar_driver/LSLIDAR_X_ROS2-20240228/src/lslidar_msgs) by extension 'colcon_meta'
[0.266s] Level 1:colcon.colcon_core.package_identification:_identify(src/lslidar_driver/LSLIDAR_X_ROS2-20240228/src/lslidar_msgs) by extensions ['ros']
[0.266s] Level 1:colcon.colcon_core.package_identification:_identify(src/lslidar_driver/LSLIDAR_X_ROS2-20240228/src/lslidar_msgs) by extension 'ros'
[0.267s] DEBUG:colcon.colcon_core.package_identification:Package 'src/lslidar_driver/LSLIDAR_X_ROS2-20240228/src/lslidar_msgs' with type 'ros.ament_cmake' and name 'lslidar_msgs'
[0.267s] Level 1:colcon.colcon_core.package_identification:_identify(src/my_base) by extensions ['ignore', 'ignore_ament_install']
[0.267s] Level 1:colcon.colcon_core.package_identification:_identify(src/my_base) by extension 'ignore'
[0.267s] Level 1:colcon.colcon_core.package_identification:_identify(src/my_base) by extension 'ignore_ament_install'
[0.267s] Level 1:colcon.colcon_core.package_identification:_identify(src/my_base) by extensions ['colcon_pkg']
[0.267s] Level 1:colcon.colcon_core.package_identification:_identify(src/my_base) by extension 'colcon_pkg'
[0.267s] Level 1:colcon.colcon_core.package_identification:_identify(src/my_base) by extensions ['colcon_meta']
[0.267s] Level 1:colcon.colcon_core.package_identification:_identify(src/my_base) by extension 'colcon_meta'
[0.267s] Level 1:colcon.colcon_core.package_identification:_identify(src/my_base) by extensions ['ros']
[0.267s] Level 1:colcon.colcon_core.package_identification:_identify(src/my_base) by extension 'ros'
[0.269s] DEBUG:colcon.colcon_core.package_identification:Package 'src/my_base' with type 'ros.ament_cmake' and name 'my_base'
[0.269s] Level 1:colcon.colcon_core.package_identification:_identify(src/robot_control) by extensions ['ignore', 'ignore_ament_install']
[0.269s] Level 1:colcon.colcon_core.package_identification:_identify(src/robot_control) by extension 'ignore'
[0.269s] Level 1:colcon.colcon_core.package_identification:_identify(src/robot_control) by extension 'ignore_ament_install'
[0.269s] Level 1:colcon.colcon_core.package_identification:_identify(src/robot_control) by extensions ['colcon_pkg']
[0.269s] Level 1:colcon.colcon_core.package_identification:_identify(src/robot_control) by extension 'colcon_pkg'
[0.269s] Level 1:colcon.colcon_core.package_identification:_identify(src/robot_control) by extensions ['colcon_meta']
[0.269s] Level 1:colcon.colcon_core.package_identification:_identify(src/robot_control) by extension 'colcon_meta'
[0.269s] Level 1:colcon.colcon_core.package_identification:_identify(src/robot_control) by extensions ['ros']
[0.270s] Level 1:colcon.colcon_core.package_identification:_identify(src/robot_control) by extension 'ros'
[0.270s] DEBUG:colcon.colcon_core.package_identification:Package 'src/robot_control' with type 'ros.ament_python' and name 'robot_control'
[0.270s] Level 1:colcon.colcon_core.package_identification:_identify(src/tbot_description) by extensions ['ignore', 'ignore_ament_install']
[0.271s] Level 1:colcon.colcon_core.package_identification:_identify(src/tbot_description) by extension 'ignore'
[0.271s] Level 1:colcon.colcon_core.package_identification:_identify(src/tbot_description) by extension 'ignore_ament_install'
[0.271s] Level 1:colcon.colcon_core.package_identification:_identify(src/tbot_description) by extensions ['colcon_pkg']
[0.271s] Level 1:colcon.colcon_core.package_identification:_identify(src/tbot_description) by extension 'colcon_pkg'
[0.271s] Level 1:colcon.colcon_core.package_identification:_identify(src/tbot_description) by extensions ['colcon_meta']
[0.271s] Level 1:colcon.colcon_core.package_identification:_identify(src/tbot_description) by extension 'colcon_meta'
[0.271s] Level 1:colcon.colcon_core.package_identification:_identify(src/tbot_description) by extensions ['ros']
[0.271s] Level 1:colcon.colcon_core.package_identification:_identify(src/tbot_description) by extension 'ros'
[0.272s] DEBUG:colcon.colcon_core.package_identification:Package 'src/tbot_description' with type 'ros.ament_cmake' and name 'tbot_description'
[0.272s] Level 1:colcon.colcon_core.package_discovery:discover_packages(recursive) using defaults
[0.272s] Level 1:colcon.colcon_core.package_discovery:discover_packages(ignore) discover
[0.273s] Level 1:colcon.colcon_core.package_discovery:discover_packages(ignore) using defaults
[0.273s] Level 1:colcon.colcon_core.package_discovery:discover_packages(path) discover
[0.273s] Level 1:colcon.colcon_core.package_discovery:discover_packages(path) using defaults
[0.302s] INFO:colcon.colcon_core.package_selection:Skipping not selected package 'lidar_test' in 'src/lidar_test'
[0.302s] INFO:colcon.colcon_core.package_selection:Skipping not selected package 'lslidar_msgs' in 'src/lslidar_driver/LSLIDAR_X_ROS2-20240228/src/lslidar_msgs'
[0.302s] INFO:colcon.colcon_core.package_selection:Skipping not selected package 'robot_control' in 'src/robot_control'
[0.302s] INFO:colcon.colcon_core.package_selection:Skipping not selected package 'tbot_description' in 'src/tbot_description'
[0.303s] INFO:colcon.colcon_core.package_selection:Skipping not selected package 'lslidar_driver' in 'src/lslidar_driver/LSLIDAR_X_ROS2-20240228/src/lslidar_driver'
[0.303s] Level 1:colcon.colcon_core.package_discovery:discover_packages(prefix_path) check parameters
[0.303s] Level 1:colcon.colcon_core.package_discovery:discover_packages(prefix_path) discover
[0.306s] DEBUG:colcon.colcon_installed_package_information.package_discovery:Found 1 installed packages in /home/pi/Desktop/robot_move/my_base_learn/install
[0.309s] DEBUG:colcon.colcon_installed_package_information.package_discovery:Found 306 installed packages in /opt/ros/jazzy
[0.312s] Level 1:colcon.colcon_core.package_discovery:discover_packages(prefix_path) using defaults
[0.379s] Level 5:colcon.colcon_core.verb:set package 'my_base' build argument 'cmake_args' from command line to 'None'
[0.379s] Level 5:colcon.colcon_core.verb:set package 'my_base' build argument 'cmake_target' from command line to 'None'
[0.379s] Level 5:colcon.colcon_core.verb:set package 'my_base' build argument 'cmake_target_skip_unavailable' from command line to 'False'
[0.380s] Level 5:colcon.colcon_core.verb:set package 'my_base' build argument 'cmake_clean_cache' from command line to 'False'
[0.380s] Level 5:colcon.colcon_core.verb:set package 'my_base' build argument 'cmake_clean_first' from command line to 'False'
[0.380s] Level 5:colcon.colcon_core.verb:set package 'my_base' build argument 'cmake_force_configure' from command line to 'False'
[0.380s] Level 5:colcon.colcon_core.verb:set package 'my_base' build argument 'ament_cmake_args' from command line to 'None'
[0.380s] Level 5:colcon.colcon_core.verb:set package 'my_base' build argument 'catkin_cmake_args' from command line to 'None'
[0.380s] Level 5:colcon.colcon_core.verb:set package 'my_base' build argument 'catkin_skip_building_tests' from command line to 'False'
[0.380s] DEBUG:colcon.colcon_core.verb:Building package 'my_base' with the following arguments: {'ament_cmake_args': None, 'build_base': '/home/pi/Desktop/robot_move/my_base_learn/build/my_base', 'catkin_cmake_args': None, 'catkin_skip_building_tests': False, 'cmake_args': None, 'cmake_clean_cache': False, 'cmake_clean_first': False, 'cmake_force_configure': False, 'cmake_target': None, 'cmake_target_skip_unavailable': False, 'install_base': '/home/pi/Desktop/robot_move/my_base_learn/install/my_base', 'merge_install': False, 'path': '/home/pi/Desktop/robot_move/my_base_learn/src/my_base', 'symlink_install': False, 'test_result_base': None}
[0.380s] INFO:colcon.colcon_core.executor:Executing jobs using 'parallel' executor
[0.381s] DEBUG:colcon.colcon_parallel_executor.executor.parallel:run_until_complete
[0.382s] INFO:colcon.colcon_ros.task.ament_cmake.build:Building ROS package in '/home/pi/Desktop/robot_move/my_base_learn/src/my_base' with build type 'ament_cmake'
[0.382s] INFO:colcon.colcon_cmake.task.cmake.build:Building CMake package in '/home/pi/Desktop/robot_move/my_base_learn/src/my_base'
[0.385s] INFO:colcon.colcon_core.plugin_system:Skipping extension 'colcon_core.shell.bat': Not used on non-Windows systems
[0.385s] INFO:colcon.colcon_core.shell:Skip shell extension 'powershell' for command environment: Not usable outside of PowerShell
[0.385s] DEBUG:colcon.colcon_core.shell:Skip shell extension 'dsv' for command environment
[0.401s] DEBUG:colcon.colcon_core.event_handler.log_command:Invoking command in '/home/pi/Desktop/robot_move/my_base_learn/build/my_base': CMAKE_PREFIX_PATH=${CMAKE_PREFIX_PATH}:/opt/ros/jazzy DEBUGINFOD_URLS=https://debuginfod.ubuntu.com /usr/bin/cmake --build /home/pi/Desktop/robot_move/my_base_learn/build/my_base -- -j4 -l4
[17.726s] DEBUG:colcon.colcon_core.event_handler.log_command:Invoked command in '/home/pi/Desktop/robot_move/my_base_learn/build/my_base' returned '0': CMAKE_PREFIX_PATH=${CMAKE_PREFIX_PATH}:/opt/ros/jazzy DEBUGINFOD_URLS=https://debuginfod.ubuntu.com /usr/bin/cmake --build /home/pi/Desktop/robot_move/my_base_learn/build/my_base -- -j4 -l4
[17.745s] DEBUG:colcon.colcon_core.event_handler.log_command:Invoking command in '/home/pi/Desktop/robot_move/my_base_learn/build/my_base': CMAKE_PREFIX_PATH=${CMAKE_PREFIX_PATH}:/opt/ros/jazzy DEBUGINFOD_URLS=https://debuginfod.ubuntu.com /usr/bin/cmake --install /home/pi/Desktop/robot_move/my_base_learn/build/my_base
[17.788s] Level 1:colcon.colcon_core.environment:create_environment_scripts_only(my_base)
[17.796s] DEBUG:colcon.colcon_core.event_handler.log_command:Invoked command in '/home/pi/Desktop/robot_move/my_base_learn/build/my_base' returned '0': CMAKE_PREFIX_PATH=${CMAKE_PREFIX_PATH}:/opt/ros/jazzy DEBUGINFOD_URLS=https://debuginfod.ubuntu.com /usr/bin/cmake --install /home/pi/Desktop/robot_move/my_base_learn/build/my_base
[17.799s] Level 1:colcon.colcon_core.environment:checking '/home/pi/Desktop/robot_move/my_base_learn/install/my_base' for CMake module files
[17.800s] Level 1:colcon.colcon_core.environment:checking '/home/pi/Desktop/robot_move/my_base_learn/install/my_base' for CMake config files
[17.800s] Level 1:colcon.colcon_core.shell:create_environment_hook('my_base', 'cmake_prefix_path')
[17.801s] INFO:colcon.colcon_core.shell:Creating environment hook '/home/pi/Desktop/robot_move/my_base_learn/install/my_base/share/my_base/hook/cmake_prefix_path.ps1'
[17.802s] INFO:colcon.colcon_core.shell:Creating environment descriptor '/home/pi/Desktop/robot_move/my_base_learn/install/my_base/share/my_base/hook/cmake_prefix_path.dsv'
[17.803s] INFO:colcon.colcon_core.shell:Creating environment hook '/home/pi/Desktop/robot_move/my_base_learn/install/my_base/share/my_base/hook/cmake_prefix_path.sh'
[17.804s] Level 1:colcon.colcon_core.environment:checking '/home/pi/Desktop/robot_move/my_base_learn/install/my_base/lib'
[17.804s] Level 1:colcon.colcon_core.environment:checking '/home/pi/Desktop/robot_move/my_base_learn/install/my_base/bin'
[17.804s] Level 1:colcon.colcon_core.environment:checking '/home/pi/Desktop/robot_move/my_base_learn/install/my_base/lib/pkgconfig/my_base.pc'
[17.805s] Level 1:colcon.colcon_core.environment:checking '/home/pi/Desktop/robot_move/my_base_learn/install/my_base/lib/python3.12/site-packages'
[17.805s] Level 1:colcon.colcon_core.environment:checking '/home/pi/Desktop/robot_move/my_base_learn/install/my_base/bin'
[17.806s] INFO:colcon.colcon_core.shell:Creating package script '/home/pi/Desktop/robot_move/my_base_learn/install/my_base/share/my_base/package.ps1'
[17.807s] INFO:colcon.colcon_core.shell:Creating package descriptor '/home/pi/Desktop/robot_move/my_base_learn/install/my_base/share/my_base/package.dsv'
[17.808s] INFO:colcon.colcon_core.shell:Creating package script '/home/pi/Desktop/robot_move/my_base_learn/install/my_base/share/my_base/package.sh'
[17.809s] INFO:colcon.colcon_core.shell:Creating package script '/home/pi/Desktop/robot_move/my_base_learn/install/my_base/share/my_base/package.bash'
[17.810s] INFO:colcon.colcon_core.shell:Creating package script '/home/pi/Desktop/robot_move/my_base_learn/install/my_base/share/my_base/package.zsh'
[17.811s] Level 1:colcon.colcon_core.environment:create_file_with_runtime_dependencies(/home/pi/Desktop/robot_move/my_base_learn/install/my_base/share/colcon-core/packages/my_base)
[17.812s] Level 1:colcon.colcon_core.environment:create_environment_scripts_only(my_base)
[17.812s] Level 1:colcon.colcon_core.environment:checking '/home/pi/Desktop/robot_move/my_base_learn/install/my_base' for CMake module files
[17.813s] Level 1:colcon.colcon_core.environment:checking '/home/pi/Desktop/robot_move/my_base_learn/install/my_base' for CMake config files
[17.813s] Level 1:colcon.colcon_core.shell:create_environment_hook('my_base', 'cmake_prefix_path')
[17.814s] INFO:colcon.colcon_core.shell:Creating environment hook '/home/pi/Desktop/robot_move/my_base_learn/install/my_base/share/my_base/hook/cmake_prefix_path.ps1'
[17.814s] INFO:colcon.colcon_core.shell:Creating environment descriptor '/home/pi/Desktop/robot_move/my_base_learn/install/my_base/share/my_base/hook/cmake_prefix_path.dsv'
[17.815s] INFO:colcon.colcon_core.shell:Creating environment hook '/home/pi/Desktop/robot_move/my_base_learn/install/my_base/share/my_base/hook/cmake_prefix_path.sh'
[17.815s] Level 1:colcon.colcon_core.environment:checking '/home/pi/Desktop/robot_move/my_base_learn/install/my_base/lib'
[17.816s] Level 1:colcon.colcon_core.environment:checking '/home/pi/Desktop/robot_move/my_base_learn/install/my_base/bin'
[17.816s] Level 1:colcon.colcon_core.environment:checking '/home/pi/Desktop/robot_move/my_base_learn/install/my_base/lib/pkgconfig/my_base.pc'
[17.816s] Level 1:colcon.colcon_core.environment:checking '/home/pi/Desktop/robot_move/my_base_learn/install/my_base/lib/python3.12/site-packages'
[17.817s] Level 1:colcon.colcon_core.environment:checking '/home/pi/Desktop/robot_move/my_base_learn/install/my_base/bin'
[17.817s] INFO:colcon.colcon_core.shell:Creating package script '/home/pi/Desktop/robot_move/my_base_learn/install/my_base/share/my_base/package.ps1'
[17.818s] INFO:colcon.colcon_core.shell:Creating package descriptor '/home/pi/Desktop/robot_move/my_base_learn/install/my_base/share/my_base/package.dsv'
[17.819s] INFO:colcon.colcon_core.shell:Creating package script '/home/pi/Desktop/robot_move/my_base_learn/install/my_base/share/my_base/package.sh'
[17.819s] INFO:colcon.colcon_core.shell:Creating package script '/home/pi/Desktop/robot_move/my_base_learn/install/my_base/share/my_base/package.bash'
[17.820s] INFO:colcon.colcon_core.shell:Creating package script '/home/pi/Desktop/robot_move/my_base_learn/install/my_base/share/my_base/package.zsh'
[17.821s] Level 1:colcon.colcon_core.environment:create_file_with_runtime_dependencies(/home/pi/Desktop/robot_move/my_base_learn/install/my_base/share/colcon-core/packages/my_base)
[17.821s] DEBUG:colcon.colcon_parallel_executor.executor.parallel:closing loop
[17.822s] DEBUG:colcon.colcon_parallel_executor.executor.parallel:loop closed
[17.822s] DEBUG:colcon.colcon_parallel_executor.executor.parallel:run_until_complete finished with '0'
[17.822s] DEBUG:colcon.colcon_core.event_reactor:joining thread
[17.823s] DEBUG:colcon.colcon_core.event_reactor:joined thread
[17.824s] INFO:colcon.colcon_core.shell:Creating prefix script '/home/pi/Desktop/robot_move/my_base_learn/install/local_setup.ps1'
[17.825s] INFO:colcon.colcon_core.shell:Creating prefix util module '/home/pi/Desktop/robot_move/my_base_learn/install/_local_setup_util_ps1.py'
[17.827s] INFO:colcon.colcon_core.shell:Creating prefix chain script '/home/pi/Desktop/robot_move/my_base_learn/install/setup.ps1'
[17.828s] INFO:colcon.colcon_core.shell:Creating prefix script '/home/pi/Desktop/robot_move/my_base_learn/install/local_setup.sh'
[17.829s] INFO:colcon.colcon_core.shell:Creating prefix util module '/home/pi/Desktop/robot_move/my_base_learn/install/_local_setup_util_sh.py'
[17.830s] INFO:colcon.colcon_core.shell:Creating prefix chain script '/home/pi/Desktop/robot_move/my_base_learn/install/setup.sh'
[17.832s] INFO:colcon.colcon_core.shell:Creating prefix script '/home/pi/Desktop/robot_move/my_base_learn/install/local_setup.bash'
[17.832s] INFO:colcon.colcon_core.shell:Creating prefix chain script '/home/pi/Desktop/robot_move/my_base_learn/install/setup.bash'
[17.834s] INFO:colcon.colcon_core.shell:Creating prefix script '/home/pi/Desktop/robot_move/my_base_learn/install/local_setup.zsh'
[17.835s] INFO:colcon.colcon_core.shell:Creating prefix chain script '/home/pi/Desktop/robot_move/my_base_learn/install/setup.zsh'
