[0.569s] Invoking command in '/home/pi/Desktop/robot_move/build/my_base': CMAKE_PREFIX_PATH=${CMAKE_PREFIX_PATH}:/home/pi/Desktop/robot_move/my_base_learn/install/robot_control:/home/pi/Desktop/robot_move/my_base_learn/install/lidar_test:/opt/ros/jazzy DEBUGINFOD_URLS=https://debuginfod.ubuntu.com /usr/bin/cmake --build /home/pi/Desktop/robot_move/build/my_base -- -j4 -l4
[0.749s] [100%] Built target my_base
[1.041s] Invoked command in '/home/pi/Desktop/robot_move/build/my_base' returned '0': CMAKE_PREFIX_PATH=${CMAKE_PREFIX_PATH}:/home/pi/Desktop/robot_move/my_base_learn/install/robot_control:/home/pi/Desktop/robot_move/my_base_learn/install/lidar_test:/opt/ros/jazzy DEBUGINFOD_URLS=https://debuginfod.ubuntu.com /usr/bin/cmake --build /home/pi/Desktop/robot_move/build/my_base -- -j4 -l4
[1.062s] Invoking command in '/home/pi/Desktop/robot_move/build/my_base': CMAKE_PREFIX_PATH=${CMAKE_PREFIX_PATH}:/home/pi/Desktop/robot_move/my_base_learn/install/robot_control:/home/pi/Desktop/robot_move/my_base_learn/install/lidar_test:/opt/ros/jazzy DEBUGINFOD_URLS=https://debuginfod.ubuntu.com /usr/bin/cmake --install /home/pi/Desktop/robot_move/build/my_base
[1.084s] -- Install configuration: ""
[1.086s] -- Up-to-date: /home/pi/Desktop/robot_move/install/my_base/lib/my_base/my_base
[1.090s] -- Up-to-date: /home/pi/Desktop/robot_move/install/my_base/share/ament_index/resource_index/package_run_dependencies/my_base
[1.091s] -- Up-to-date: /home/pi/Desktop/robot_move/install/my_base/share/ament_index/resource_index/parent_prefix_path/my_base
[1.091s] -- Up-to-date: /home/pi/Desktop/robot_move/install/my_base/share/my_base/environment/ament_prefix_path.sh
[1.091s] -- Up-to-date: /home/pi/Desktop/robot_move/install/my_base/share/my_base/environment/ament_prefix_path.dsv
[1.091s] -- Up-to-date: /home/pi/Desktop/robot_move/install/my_base/share/my_base/environment/path.sh
[1.091s] -- Up-to-date: /home/pi/Desktop/robot_move/install/my_base/share/my_base/environment/path.dsv
[1.091s] -- Up-to-date: /home/pi/Desktop/robot_move/install/my_base/share/my_base/local_setup.bash
[1.092s] -- Up-to-date: /home/pi/Desktop/robot_move/install/my_base/share/my_base/local_setup.sh
[1.092s] -- Up-to-date: /home/pi/Desktop/robot_move/install/my_base/share/my_base/local_setup.zsh
[1.092s] -- Up-to-date: /home/pi/Desktop/robot_move/install/my_base/share/my_base/local_setup.dsv
[1.092s] -- Installing: /home/pi/Desktop/robot_move/install/my_base/share/my_base/package.dsv
[1.093s] -- Up-to-date: /home/pi/Desktop/robot_move/install/my_base/share/ament_index/resource_index/packages/my_base
[1.093s] -- Up-to-date: /home/pi/Desktop/robot_move/install/my_base/share/my_base/cmake/my_baseConfig.cmake
[1.093s] -- Up-to-date: /home/pi/Desktop/robot_move/install/my_base/share/my_base/cmake/my_baseConfig-version.cmake
[1.093s] -- Up-to-date: /home/pi/Desktop/robot_move/install/my_base/share/my_base/package.xml
[1.103s] Invoked command in '/home/pi/Desktop/robot_move/build/my_base' returned '0': CMAKE_PREFIX_PATH=${CMAKE_PREFIX_PATH}:/home/pi/Desktop/robot_move/my_base_learn/install/robot_control:/home/pi/Desktop/robot_move/my_base_learn/install/lidar_test:/opt/ros/jazzy DEBUGINFOD_URLS=https://debuginfod.ubuntu.com /usr/bin/cmake --install /home/pi/Desktop/robot_move/build/my_base
