-- Install configuration: ""
-- Up-to-date: /home/pi/Desktop/robot_move/install/tbot_description/share/tbot_description/urdf
-- Up-to-date: /home/pi/Desktop/robot_move/install/tbot_description/share/tbot_description/urdf/tbot.urdf
-- Up-to-date: /home/pi/Desktop/robot_move/install/tbot_description/share/tbot_description/urdf/tbot_description.gv
-- Up-to-date: /home/pi/Desktop/robot_move/install/tbot_description/share/tbot_description/urdf/tbot_description.pdf
-- Up-to-date: /home/pi/Desktop/robot_move/install/tbot_description/share/tbot_description/meshes
-- Up-to-date: /home/pi/Desktop/robot_move/install/tbot_description/share/tbot_description/meshes/right_wheel_Link.STL
-- Up-to-date: /home/pi/Desktop/robot_move/install/tbot_description/share/tbot_description/meshes/ultrasonic_Link.STL
-- Up-to-date: /home/pi/Desktop/robot_move/install/tbot_description/share/tbot_description/meshes/base_link.STL
-- Up-to-date: /home/pi/Desktop/robot_move/install/tbot_description/share/tbot_description/meshes/camera_Link.STL
-- Up-to-date: /home/pi/Desktop/robot_move/install/tbot_description/share/tbot_description/meshes/laser_Link.STL
-- Up-to-date: /home/pi/Desktop/robot_move/install/tbot_description/share/tbot_description/meshes/left_wheel_Link.STL
-- Up-to-date: /home/pi/Desktop/robot_move/install/tbot_description/share/tbot_description/meshes/imu_Link.STL
-- Up-to-date: /home/pi/Desktop/robot_move/install/tbot_description/share/tbot_description/launch
-- Up-to-date: /home/pi/Desktop/robot_move/install/tbot_description/share/tbot_description/launch/display.launch
-- Up-to-date: /home/pi/Desktop/robot_move/install/tbot_description/share/tbot_description/config
-- Up-to-date: /home/pi/Desktop/robot_move/install/tbot_description/share/ament_index/resource_index/package_run_dependencies/tbot_description
-- Up-to-date: /home/pi/Desktop/robot_move/install/tbot_description/share/ament_index/resource_index/parent_prefix_path/tbot_description
-- Up-to-date: /home/pi/Desktop/robot_move/install/tbot_description/share/tbot_description/environment/ament_prefix_path.sh
-- Up-to-date: /home/pi/Desktop/robot_move/install/tbot_description/share/tbot_description/environment/ament_prefix_path.dsv
-- Up-to-date: /home/pi/Desktop/robot_move/install/tbot_description/share/tbot_description/environment/path.sh
-- Up-to-date: /home/pi/Desktop/robot_move/install/tbot_description/share/tbot_description/environment/path.dsv
-- Up-to-date: /home/pi/Desktop/robot_move/install/tbot_description/share/tbot_description/local_setup.bash
-- Up-to-date: /home/pi/Desktop/robot_move/install/tbot_description/share/tbot_description/local_setup.sh
-- Up-to-date: /home/pi/Desktop/robot_move/install/tbot_description/share/tbot_description/local_setup.zsh
-- Up-to-date: /home/pi/Desktop/robot_move/install/tbot_description/share/tbot_description/local_setup.dsv
-- Up-to-date: /home/pi/Desktop/robot_move/install/tbot_description/share/tbot_description/package.dsv
-- Up-to-date: /home/pi/Desktop/robot_move/install/tbot_description/share/ament_index/resource_index/packages/tbot_description
-- Up-to-date: /home/pi/Desktop/robot_move/install/tbot_description/share/tbot_description/cmake/tbot_descriptionConfig.cmake
-- Up-to-date: /home/pi/Desktop/robot_move/install/tbot_description/share/tbot_description/cmake/tbot_descriptionConfig-version.cmake
-- Up-to-date: /home/pi/Desktop/robot_move/install/tbot_description/share/tbot_description/package.xml
