[0.068s] Invoking command in '/home/pi/Desktop/robot_move/build/tbot_description': CMAKE_PREFIX_PATH=${CMAKE_PREFIX_PATH}:/home/pi/Desktop/robot_move/my_base_learn/install/robot_control:/home/pi/Desktop/robot_move/my_base_learn/install/lidar_test:/opt/ros/jazzy DEBUGINFOD_URLS=https://debuginfod.ubuntu.com /usr/bin/cmake --build /home/pi/Desktop/robot_move/build/tbot_description -- -j4 -l4
[0.248s] Invoked command in '/home/pi/Desktop/robot_move/build/tbot_description' returned '0': CMAKE_PREFIX_PATH=${CMAKE_PREFIX_PATH}:/home/pi/Desktop/robot_move/my_base_learn/install/robot_control:/home/pi/Desktop/robot_move/my_base_learn/install/lidar_test:/opt/ros/jazzy DEBUGINFOD_URLS=https://debuginfod.ubuntu.com /usr/bin/cmake --build /home/pi/Desktop/robot_move/build/tbot_description -- -j4 -l4
[0.249s] Invoking command in '/home/pi/Desktop/robot_move/build/tbot_description': CMAKE_PREFIX_PATH=${CMAKE_PREFIX_PATH}:/home/pi/Desktop/robot_move/my_base_learn/install/robot_control:/home/pi/Desktop/robot_move/my_base_learn/install/lidar_test:/opt/ros/jazzy DEBUGINFOD_URLS=https://debuginfod.ubuntu.com /usr/bin/cmake --install /home/pi/Desktop/robot_move/build/tbot_description
[0.277s] -- Install configuration: ""
[0.277s] -- Up-to-date: /home/pi/Desktop/robot_move/install/tbot_description/share/tbot_description/urdf
[0.278s] -- Up-to-date: /home/pi/Desktop/robot_move/install/tbot_description/share/tbot_description/urdf/tbot.urdf
[0.278s] -- Up-to-date: /home/pi/Desktop/robot_move/install/tbot_description/share/tbot_description/urdf/tbot_description.gv
[0.278s] -- Up-to-date: /home/pi/Desktop/robot_move/install/tbot_description/share/tbot_description/urdf/tbot_description.pdf
[0.278s] -- Up-to-date: /home/pi/Desktop/robot_move/install/tbot_description/share/tbot_description/meshes
[0.278s] -- Up-to-date: /home/pi/Desktop/robot_move/install/tbot_description/share/tbot_description/meshes/right_wheel_Link.STL
[0.278s] -- Up-to-date: /home/pi/Desktop/robot_move/install/tbot_description/share/tbot_description/meshes/ultrasonic_Link.STL
[0.278s] -- Up-to-date: /home/pi/Desktop/robot_move/install/tbot_description/share/tbot_description/meshes/base_link.STL
[0.279s] -- Up-to-date: /home/pi/Desktop/robot_move/install/tbot_description/share/tbot_description/meshes/camera_Link.STL
[0.279s] -- Up-to-date: /home/pi/Desktop/robot_move/install/tbot_description/share/tbot_description/meshes/laser_Link.STL
[0.279s] -- Up-to-date: /home/pi/Desktop/robot_move/install/tbot_description/share/tbot_description/meshes/left_wheel_Link.STL
[0.279s] -- Up-to-date: /home/pi/Desktop/robot_move/install/tbot_description/share/tbot_description/meshes/imu_Link.STL
[0.279s] -- Up-to-date: /home/pi/Desktop/robot_move/install/tbot_description/share/tbot_description/launch
[0.279s] -- Up-to-date: /home/pi/Desktop/robot_move/install/tbot_description/share/tbot_description/launch/display.launch
[0.279s] -- Up-to-date: /home/pi/Desktop/robot_move/install/tbot_description/share/tbot_description/config
[0.279s] -- Up-to-date: /home/pi/Desktop/robot_move/install/tbot_description/share/ament_index/resource_index/package_run_dependencies/tbot_description
[0.280s] -- Up-to-date: /home/pi/Desktop/robot_move/install/tbot_description/share/ament_index/resource_index/parent_prefix_path/tbot_description
[0.280s] -- Up-to-date: /home/pi/Desktop/robot_move/install/tbot_description/share/tbot_description/environment/ament_prefix_path.sh
[0.294s] -- Up-to-date: /home/pi/Desktop/robot_move/install/tbot_description/share/tbot_description/environment/ament_prefix_path.dsv
[0.295s] -- Up-to-date: /home/pi/Desktop/robot_move/install/tbot_description/share/tbot_description/environment/path.sh
[0.297s] -- Up-to-date: /home/pi/Desktop/robot_move/install/tbot_description/share/tbot_description/environment/path.dsv
[0.301s] -- Up-to-date: /home/pi/Desktop/robot_move/install/tbot_description/share/tbot_description/local_setup.bash
[0.302s] -- Up-to-date: /home/pi/Desktop/robot_move/install/tbot_description/share/tbot_description/local_setup.sh
[0.303s] -- Up-to-date: /home/pi/Desktop/robot_move/install/tbot_description/share/tbot_description/local_setup.zsh
[0.304s] -- Up-to-date: /home/pi/Desktop/robot_move/install/tbot_description/share/tbot_description/local_setup.dsv
[0.304s] -- Up-to-date: /home/pi/Desktop/robot_move/install/tbot_description/share/tbot_description/package.dsv
[0.304s] -- Up-to-date: /home/pi/Desktop/robot_move/install/tbot_description/share/ament_index/resource_index/packages/tbot_description
[0.304s] -- Up-to-date: /home/pi/Desktop/robot_move/install/tbot_description/share/tbot_description/cmake/tbot_descriptionConfig.cmake
[0.305s] -- Up-to-date: /home/pi/Desktop/robot_move/install/tbot_description/share/tbot_description/cmake/tbot_descriptionConfig-version.cmake
[0.305s] -- Up-to-date: /home/pi/Desktop/robot_move/install/tbot_description/share/tbot_description/package.xml
[0.305s] Invoked command in '/home/pi/Desktop/robot_move/build/tbot_description' returned '0': CMAKE_PREFIX_PATH=${CMAKE_PREFIX_PATH}:/home/pi/Desktop/robot_move/my_base_learn/install/robot_control:/home/pi/Desktop/robot_move/my_base_learn/install/lidar_test:/opt/ros/jazzy DEBUGINFOD_URLS=https://debuginfod.ubuntu.com /usr/bin/cmake --install /home/pi/Desktop/robot_move/build/tbot_description
