In file included from [01m[K/home/pi/my_base/src/my_base.cpp:1[m[K:
[01m[K/home/pi/my_base/src/bot_serial.h:[m[K In member function ‘[01m[Kbool turn_on_robot::[01;32m[KGet_Sensor_Data_New[m[K()[m[K’:
[01m[K/home/pi/my_base/src/bot_serial.h:138:20:[m[K [01;35m[Kwarning: [m[Kunused variable ‘[01m[Kerror[m[K’ [[01;35m[K-Wunused-variable[m[K]
  138 |   uint8_t check=0, [01;35m[Kerror[m[K=1;
      |                    [01;35m[K^~~~~[m[K
In file included from [01m[K/opt/ros/jazzy/include/rclcpp/rclcpp/logging.hpp:24[m[K,
                 from [01m[K/opt/ros/jazzy/include/rclcpp/rclcpp/copy_all_parameter_values.hpp:27[m[K,
                 from [01m[K/opt/ros/jazzy/include/rclcpp/rclcpp/rclcpp.hpp:171[m[K,
                 from [01m[K/home/pi/my_base/src/bot_serial.h:3[m[K:
[01m[K/home/pi/my_base/src/my_base.cpp:[m[K In member function ‘[01m[Kvoid turn_on_robot::[01;32m[KControl[m[K()[m[K’:
[01m[K/home/pi/my_base/src/my_base.cpp:23:49:[m[K [01;35m[Kwarning: [m[Kformat ‘[01m[K%X[m[K’ expects argument of type ‘[01m[Kunsigned int[m[K’, but argument 5 has type ‘[01m[Kdouble[m[K’ [[01;35m[K-Wformat=[m[K]
   23 |                  RCLCPP_INFO(this->get_logger(),[01;35m[K"RobotX:%X"[m[K,[32m[KRobot_Pos.X[m[K);
      |                                                 [01;35m[K^~~~~~~~~~~[m[K [32m[K~~~~~~~~~~~[m[K
      |                                                                       [32m[K|[m[K
      |                                                                       [32m[Kdouble[m[K
[01m[K/home/pi/my_base/src/my_base.cpp:23:58:[m[K [01;36m[Knote: [m[Kformat string is defined here
   23 |                  RCLCPP_INFO(this->get_logger(),"RobotX:[01;36m[K%X[m[K",Robot_Pos.X);
      |                                                         [01;36m[K~^[m[K
      |                                                          [01;36m[K|[m[K
      |                                                          [01;36m[Kunsigned int[m[K
      |                                                         [32m[K%f[m[K
