-- The C compiler identification is GNU 13.3.0
-- The CXX compiler identification is GNU 13.3.0
-- Detecting C compiler ABI info
-- Detecting C compiler ABI info - done
-- Check for working C compiler: /usr/bin/cc - skipped
-- Detecting C compile features
-- Detecting C compile features - done
-- Detecting CXX compiler ABI info
-- Detecting CXX compiler ABI info - done
-- Check for working CXX compiler: /usr/bin/c++ - skipped
-- Detecting CXX compile features
-- Detecting CXX compile features - done
-- Found ament_cmake: 2.5.2 (/opt/ros/jazzy/share/ament_cmake/cmake)
-- Found Python3: /usr/bin/python3 (found version "3.12.3") found components: Interpreter 
-- Found ament_lint_auto: 0.17.1 (/opt/ros/jazzy/share/ament_lint_auto/cmake)
-- Found rclcpp: 28.1.5 (/opt/ros/jazzy/share/rclcpp/cmake)
-- Found rosidl_generator_c: 4.6.4 (/opt/ros/jazzy/share/rosidl_generator_c/cmake)
-- Found rosidl_generator_cpp: 4.6.4 (/opt/ros/jazzy/share/rosidl_generator_cpp/cmake)
-- Using all available rosidl_typesupport_c: rosidl_typesupport_fastrtps_c;rosidl_typesupport_introspection_c
-- Using all available rosidl_typesupport_cpp: rosidl_typesupport_fastrtps_cpp;rosidl_typesupport_introspection_cpp
-- Found rmw_implementation_cmake: 7.3.1 (/opt/ros/jazzy/share/rmw_implementation_cmake/cmake)
-- Found rmw_fastrtps_cpp: 8.4.1 (/opt/ros/jazzy/share/rmw_fastrtps_cpp/cmake)
-- Found OpenSSL: /usr/lib/aarch64-linux-gnu/libcrypto.so (found version "3.0.13")  
-- Found FastRTPS: /opt/ros/jazzy/include (Required is at least version "2.13") 
-- Using RMW implementation 'rmw_fastrtps_cpp' as default
-- Found geometry_msgs: 5.3.5 (/opt/ros/jazzy/share/geometry_msgs/cmake)
-- Found tf2_geometry_msgs: 0.36.4 (/opt/ros/jazzy/share/tf2_geometry_msgs/cmake)
-- Found eigen3_cmake_module: 0.3.0 (/opt/ros/jazzy/share/eigen3_cmake_module/cmake)
-- Found Eigen3: TRUE (found version "3.4.0") 
-- Ensuring Eigen3 include directory is part of orocos-kdl CMake target
-- Found serial: 1.2.1 (/usr/local/share/serial/cmake)
-- Found nav_msgs: 5.3.5 (/opt/ros/jazzy/share/nav_msgs/cmake)
-- Added test 'cppcheck' to perform static code analysis on C / C++ code
-- Configured cppcheck include dirs: 
-- Configured cppcheck exclude dirs and/or files: 
-- Added test 'flake8' to check Python code syntax and style conventions
-- Configured 'flake8' exclude dirs and/or files: 
-- Added test 'lint_cmake' to check CMake code style
-- Added test 'pep257' to check Python code against some of the docstring style conventions in PEP 257
-- Added test 'uncrustify' to check C / C++ code style
-- Configured uncrustify additional arguments: 
-- Added test 'xmllint' to check XML markup files
-- Configuring done (3.2s)
-- Generating done (0.0s)
-- Build files have been written to: /home/pi/my_base/build/my_base
[ 50%] [32mBuilding CXX object CMakeFiles/my_base.dir/src/my_base.cpp.o[0m
In file included from [01m[K/home/pi/my_base/src/my_base.cpp:1[m[K:
[01m[K/home/pi/my_base/src/bot_serial.h:[m[K In member function ‘[01m[Kbool turn_on_robot::[01;32m[KGet_Sensor_Data_New[m[K()[m[K’:
[01m[K/home/pi/my_base/src/bot_serial.h:138:20:[m[K [01;35m[Kwarning: [m[Kunused variable ‘[01m[Kerror[m[K’ [[01;35m[K-Wunused-variable[m[K]
  138 |   uint8_t check=0, [01;35m[Kerror[m[K=1;
      |                    [01;35m[K^~~~~[m[K
In file included from [01m[K/opt/ros/jazzy/include/rclcpp/rclcpp/logging.hpp:24[m[K,
                 from [01m[K/opt/ros/jazzy/include/rclcpp/rclcpp/copy_all_parameter_values.hpp:27[m[K,
                 from [01m[K/opt/ros/jazzy/include/rclcpp/rclcpp/rclcpp.hpp:171[m[K,
                 from [01m[K/home/pi/my_base/src/bot_serial.h:3[m[K:
[01m[K/home/pi/my_base/src/my_base.cpp:[m[K In member function ‘[01m[Kvoid turn_on_robot::[01;32m[KControl[m[K()[m[K’:
[01m[K/home/pi/my_base/src/my_base.cpp:23:49:[m[K [01;35m[Kwarning: [m[Kformat ‘[01m[K%X[m[K’ expects argument of type ‘[01m[Kunsigned int[m[K’, but argument 5 has type ‘[01m[Kdouble[m[K’ [[01;35m[K-Wformat=[m[K]
   23 |                  RCLCPP_INFO(this->get_logger(),[01;35m[K"RobotX:%X"[m[K,[32m[KRobot_Pos.X[m[K);
      |                                                 [01;35m[K^~~~~~~~~~~[m[K [32m[K~~~~~~~~~~~[m[K
      |                                                                       [32m[K|[m[K
      |                                                                       [32m[Kdouble[m[K
[01m[K/home/pi/my_base/src/my_base.cpp:23:58:[m[K [01;36m[Knote: [m[Kformat string is defined here
   23 |                  RCLCPP_INFO(this->get_logger(),"RobotX:[01;36m[K%X[m[K",Robot_Pos.X);
      |                                                         [01;36m[K~^[m[K
      |                                                          [01;36m[K|[m[K
      |                                                          [01;36m[Kunsigned int[m[K
      |                                                         [32m[K%f[m[K
[100%] [32m[1mLinking CXX executable my_base[0m
[100%] Built target my_base
-- Install configuration: ""
-- Installing: /home/pi/my_base/install/my_base/lib/my_base/my_base
-- Set non-toolchain portion of runtime path of "/home/pi/my_base/install/my_base/lib/my_base/my_base" to ""
-- Installing: /home/pi/my_base/install/my_base/share/ament_index/resource_index/package_run_dependencies/my_base
-- Installing: /home/pi/my_base/install/my_base/share/ament_index/resource_index/parent_prefix_path/my_base
-- Installing: /home/pi/my_base/install/my_base/share/my_base/environment/ament_prefix_path.sh
-- Installing: /home/pi/my_base/install/my_base/share/my_base/environment/ament_prefix_path.dsv
-- Installing: /home/pi/my_base/install/my_base/share/my_base/environment/path.sh
-- Installing: /home/pi/my_base/install/my_base/share/my_base/environment/path.dsv
-- Installing: /home/pi/my_base/install/my_base/share/my_base/local_setup.bash
-- Installing: /home/pi/my_base/install/my_base/share/my_base/local_setup.sh
-- Installing: /home/pi/my_base/install/my_base/share/my_base/local_setup.zsh
-- Installing: /home/pi/my_base/install/my_base/share/my_base/local_setup.dsv
-- Installing: /home/pi/my_base/install/my_base/share/my_base/package.dsv
-- Installing: /home/pi/my_base/install/my_base/share/ament_index/resource_index/packages/my_base
-- Installing: /home/pi/my_base/install/my_base/share/my_base/cmake/my_baseConfig.cmake
-- Installing: /home/pi/my_base/install/my_base/share/my_base/cmake/my_baseConfig-version.cmake
-- Installing: /home/pi/my_base/install/my_base/share/my_base/package.xml
