[0.013s] Invoking command in '/home/pi/my_base/build/my_base': CMAKE_PREFIX_PATH=${CMAKE_PREFIX_PATH}:/opt/ros/jazzy DEBUGINFOD_URLS=https://debuginfod.ubuntu.com /usr/bin/cmake /home/pi/my_base -DCMAKE_INSTALL_PREFIX=/home/pi/my_base/install/my_base
[0.354s] -- The C compiler identification is GNU 13.3.0
[0.717s] -- The CXX compiler identification is GNU 13.3.0
[0.765s] -- Detecting C compiler ABI info
[0.966s] -- Detecting C compiler ABI info - done
[0.983s] -- Check for working C compiler: /usr/bin/cc - skipped
[0.989s] -- Detecting C compile features
[0.990s] -- Detecting C compile features - done
[1.014s] -- Detecting CXX compiler ABI info
[1.205s] -- Detecting CXX compiler ABI info - done
[1.220s] -- Check for working CXX compiler: /usr/bin/c++ - skipped
[1.220s] -- Detecting CXX compile features
[1.221s] -- Detecting CXX compile features - done
[1.232s] -- Found ament_cmake: 2.5.2 (/opt/ros/jazzy/share/ament_cmake/cmake)
[1.464s] -- Found Python3: /usr/bin/python3 (found version "3.12.3") found components: Interpreter 
[1.691s] -- Found ament_lint_auto: 0.17.1 (/opt/ros/jazzy/share/ament_lint_auto/cmake)
[1.883s] -- Found rclcpp: 28.1.5 (/opt/ros/jazzy/share/rclcpp/cmake)
[1.974s] -- Found rosidl_generator_c: 4.6.4 (/opt/ros/jazzy/share/rosidl_generator_c/cmake)
[2.001s] -- Found rosidl_generator_cpp: 4.6.4 (/opt/ros/jazzy/share/rosidl_generator_cpp/cmake)
[2.037s] -- Using all available rosidl_typesupport_c: rosidl_typesupport_fastrtps_c;rosidl_typesupport_introspection_c
[2.073s] -- Using all available rosidl_typesupport_cpp: rosidl_typesupport_fastrtps_cpp;rosidl_typesupport_introspection_cpp
[2.237s] -- Found rmw_implementation_cmake: 7.3.1 (/opt/ros/jazzy/share/rmw_implementation_cmake/cmake)
[2.244s] -- Found rmw_fastrtps_cpp: 8.4.1 (/opt/ros/jazzy/share/rmw_fastrtps_cpp/cmake)
[2.434s] -- Found OpenSSL: /usr/lib/aarch64-linux-gnu/libcrypto.so (found version "3.0.13")  
[2.468s] -- Found FastRTPS: /opt/ros/jazzy/include (Required is at least version "2.13") 
[2.523s] -- Using RMW implementation 'rmw_fastrtps_cpp' as default
[2.716s] -- Found geometry_msgs: 5.3.5 (/opt/ros/jazzy/share/geometry_msgs/cmake)
[2.797s] -- Found tf2_geometry_msgs: 0.36.4 (/opt/ros/jazzy/share/tf2_geometry_msgs/cmake)
[2.823s] -- Found eigen3_cmake_module: 0.3.0 (/opt/ros/jazzy/share/eigen3_cmake_module/cmake)
[2.825s] -- Found Eigen3: TRUE (found version "3.4.0") 
[2.825s] -- Ensuring Eigen3 include directory is part of orocos-kdl CMake target
[3.121s] -- Found serial: 1.2.1 (/usr/local/share/serial/cmake)
[3.127s] -- Found nav_msgs: 5.3.5 (/opt/ros/jazzy/share/nav_msgs/cmake)
[3.194s] -- Added test 'cppcheck' to perform static code analysis on C / C++ code
[3.194s] -- Configured cppcheck include dirs: 
[3.194s] -- Configured cppcheck exclude dirs and/or files: 
[3.202s] -- Added test 'flake8' to check Python code syntax and style conventions
[3.202s] -- Configured 'flake8' exclude dirs and/or files: 
[3.205s] -- Added test 'lint_cmake' to check CMake code style
[3.207s] -- Added test 'pep257' to check Python code against some of the docstring style conventions in PEP 257
[3.216s] -- Added test 'uncrustify' to check C / C++ code style
[3.216s] -- Configured uncrustify additional arguments: 
[3.224s] -- Added test 'xmllint' to check XML markup files
[3.227s] -- Configuring done (3.2s)
[3.255s] -- Generating done (0.0s)
[3.262s] -- Build files have been written to: /home/pi/my_base/build/my_base
[3.284s] Invoked command in '/home/pi/my_base/build/my_base' returned '0': CMAKE_PREFIX_PATH=${CMAKE_PREFIX_PATH}:/opt/ros/jazzy DEBUGINFOD_URLS=https://debuginfod.ubuntu.com /usr/bin/cmake /home/pi/my_base -DCMAKE_INSTALL_PREFIX=/home/pi/my_base/install/my_base
[3.287s] Invoking command in '/home/pi/my_base/build/my_base': CMAKE_PREFIX_PATH=${CMAKE_PREFIX_PATH}:/opt/ros/jazzy DEBUGINFOD_URLS=https://debuginfod.ubuntu.com /usr/bin/cmake --build /home/pi/my_base/build/my_base -- -j4 -l4
[3.380s] [ 50%] [32mBuilding CXX object CMakeFiles/my_base.dir/src/my_base.cpp.o[0m
[7.696s] In file included from [01m[K/home/pi/my_base/src/my_base.cpp:1[m[K:
[7.696s] [01m[K/home/pi/my_base/src/bot_serial.h:[m[K In member function ‘[01m[Kbool turn_on_robot::[01;32m[KGet_Sensor_Data_New[m[K()[m[K’:
[7.696s] [01m[K/home/pi/my_base/src/bot_serial.h:138:20:[m[K [01;35m[Kwarning: [m[Kunused variable ‘[01m[Kerror[m[K’ [[01;35m[K-Wunused-variable[m[K]
[7.697s]   138 |   uint8_t check=0, [01;35m[Kerror[m[K=1;
[7.697s]       |                    [01;35m[K^~~~~[m[K
[7.700s] In file included from [01m[K/opt/ros/jazzy/include/rclcpp/rclcpp/logging.hpp:24[m[K,
[7.700s]                  from [01m[K/opt/ros/jazzy/include/rclcpp/rclcpp/copy_all_parameter_values.hpp:27[m[K,
[7.700s]                  from [01m[K/opt/ros/jazzy/include/rclcpp/rclcpp/rclcpp.hpp:171[m[K,
[7.700s]                  from [01m[K/home/pi/my_base/src/bot_serial.h:3[m[K:
[7.700s] [01m[K/home/pi/my_base/src/my_base.cpp:[m[K In member function ‘[01m[Kvoid turn_on_robot::[01;32m[KControl[m[K()[m[K’:
[7.700s] [01m[K/home/pi/my_base/src/my_base.cpp:23:49:[m[K [01;35m[Kwarning: [m[Kformat ‘[01m[K%X[m[K’ expects argument of type ‘[01m[Kunsigned int[m[K’, but argument 5 has type ‘[01m[Kdouble[m[K’ [[01;35m[K-Wformat=[m[K]
[7.700s]    23 |                  RCLCPP_INFO(this->get_logger(),[01;35m[K"RobotX:%X"[m[K,[32m[KRobot_Pos.X[m[K);
[7.700s]       |                                                 [01;35m[K^~~~~~~~~~~[m[K [32m[K~~~~~~~~~~~[m[K
[7.700s]       |                                                                       [32m[K|[m[K
[7.700s]       |                                                                       [32m[Kdouble[m[K
[7.700s] [01m[K/home/pi/my_base/src/my_base.cpp:23:58:[m[K [01;36m[Knote: [m[Kformat string is defined here
[7.700s]    23 |                  RCLCPP_INFO(this->get_logger(),"RobotX:[01;36m[K%X[m[K",Robot_Pos.X);
[7.701s]       |                                                         [01;36m[K~^[m[K
[7.701s]       |                                                          [01;36m[K|[m[K
[7.701s]       |                                                          [01;36m[Kunsigned int[m[K
[7.701s]       |                                                         [32m[K%f[m[K
[18.071s] [100%] [32m[1mLinking CXX executable my_base[0m
[19.332s] [100%] Built target my_base
[19.355s] Invoked command in '/home/pi/my_base/build/my_base' returned '0': CMAKE_PREFIX_PATH=${CMAKE_PREFIX_PATH}:/opt/ros/jazzy DEBUGINFOD_URLS=https://debuginfod.ubuntu.com /usr/bin/cmake --build /home/pi/my_base/build/my_base -- -j4 -l4
[19.374s] Invoking command in '/home/pi/my_base/build/my_base': CMAKE_PREFIX_PATH=${CMAKE_PREFIX_PATH}:/opt/ros/jazzy DEBUGINFOD_URLS=https://debuginfod.ubuntu.com /usr/bin/cmake --install /home/pi/my_base/build/my_base
[19.388s] -- Install configuration: ""
[19.389s] -- Installing: /home/pi/my_base/install/my_base/lib/my_base/my_base
[19.399s] -- Set non-toolchain portion of runtime path of "/home/pi/my_base/install/my_base/lib/my_base/my_base" to ""
[19.399s] -- Installing: /home/pi/my_base/install/my_base/share/ament_index/resource_index/package_run_dependencies/my_base
[19.399s] -- Installing: /home/pi/my_base/install/my_base/share/ament_index/resource_index/parent_prefix_path/my_base
[19.400s] -- Installing: /home/pi/my_base/install/my_base/share/my_base/environment/ament_prefix_path.sh
[19.400s] -- Installing: /home/pi/my_base/install/my_base/share/my_base/environment/ament_prefix_path.dsv
[19.400s] -- Installing: /home/pi/my_base/install/my_base/share/my_base/environment/path.sh
[19.400s] -- Installing: /home/pi/my_base/install/my_base/share/my_base/environment/path.dsv
[19.400s] -- Installing: /home/pi/my_base/install/my_base/share/my_base/local_setup.bash
[19.401s] -- Installing: /home/pi/my_base/install/my_base/share/my_base/local_setup.sh
[19.401s] -- Installing: /home/pi/my_base/install/my_base/share/my_base/local_setup.zsh
[19.401s] -- Installing: /home/pi/my_base/install/my_base/share/my_base/local_setup.dsv
[19.401s] -- Installing: /home/pi/my_base/install/my_base/share/my_base/package.dsv
[19.402s] -- Installing: /home/pi/my_base/install/my_base/share/ament_index/resource_index/packages/my_base
[19.402s] -- Installing: /home/pi/my_base/install/my_base/share/my_base/cmake/my_baseConfig.cmake
[19.402s] -- Installing: /home/pi/my_base/install/my_base/share/my_base/cmake/my_baseConfig-version.cmake
[19.402s] -- Installing: /home/pi/my_base/install/my_base/share/my_base/package.xml
[19.405s] Invoked command in '/home/pi/my_base/build/my_base' returned '0': CMAKE_PREFIX_PATH=${CMAKE_PREFIX_PATH}:/opt/ros/jazzy DEBUGINFOD_URLS=https://debuginfod.ubuntu.com /usr/bin/cmake --install /home/pi/my_base/build/my_base
