[0.050s] Invoking command in '/home/pi/Desktop/robot_move/build/lslidar_driver': AMENT_PREFIX_PATH=/home/pi/Desktop/robot_move/install/lslidar_msgs:${AMENT_PREFIX_PATH} CMAKE_PREFIX_PATH=/home/pi/Desktop/robot_move/install/lslidar_msgs:/home/pi/Desktop/robot_move/my_base_learn/install/tbot_description:/home/pi/Desktop/robot_move/my_base_learn/install/my_base:/home/pi/Desktop/robot_move/my_base_learn/install/lslidar_driver:/home/pi/Desktop/robot_move/my_base_learn/install/lslidar_msgs:/opt/ros/jazzy/opt/gz_math_vendor:/opt/ros/jazzy/opt/gz_utils_vendor:/opt/ros/jazzy/opt/gz_cmake_vendor:/home/pi/Desktop/robot_move/my_base_learn/install/robot_control:/home/pi/Desktop/robot_move/my_base_learn/install/lidar_test:/opt/ros/jazzy DEBUGINFOD_URLS=https://debuginfod.ubuntu.com LD_LIBRARY_PATH=/home/pi/Desktop/robot_move/install/lslidar_msgs/lib:${LD_LIBRARY_PATH} PYTHONPATH=/home/pi/Desktop/robot_move/install/lslidar_msgs/lib/python3.12/site-packages:${PYTHONPATH} /usr/bin/cmake --build /home/pi/Desktop/robot_move/build/lslidar_driver -- -j4 -l4
[0.289s] [100%] Built target lslidar_driver_node
[0.336s] Invoked command in '/home/pi/Desktop/robot_move/build/lslidar_driver' returned '0': AMENT_PREFIX_PATH=/home/pi/Desktop/robot_move/install/lslidar_msgs:${AMENT_PREFIX_PATH} CMAKE_PREFIX_PATH=/home/pi/Desktop/robot_move/install/lslidar_msgs:/home/pi/Desktop/robot_move/my_base_learn/install/tbot_description:/home/pi/Desktop/robot_move/my_base_learn/install/my_base:/home/pi/Desktop/robot_move/my_base_learn/install/lslidar_driver:/home/pi/Desktop/robot_move/my_base_learn/install/lslidar_msgs:/opt/ros/jazzy/opt/gz_math_vendor:/opt/ros/jazzy/opt/gz_utils_vendor:/opt/ros/jazzy/opt/gz_cmake_vendor:/home/pi/Desktop/robot_move/my_base_learn/install/robot_control:/home/pi/Desktop/robot_move/my_base_learn/install/lidar_test:/opt/ros/jazzy DEBUGINFOD_URLS=https://debuginfod.ubuntu.com LD_LIBRARY_PATH=/home/pi/Desktop/robot_move/install/lslidar_msgs/lib:${LD_LIBRARY_PATH} PYTHONPATH=/home/pi/Desktop/robot_move/install/lslidar_msgs/lib/python3.12/site-packages:${PYTHONPATH} /usr/bin/cmake --build /home/pi/Desktop/robot_move/build/lslidar_driver -- -j4 -l4
[0.339s] Invoking command in '/home/pi/Desktop/robot_move/build/lslidar_driver': AMENT_PREFIX_PATH=/home/pi/Desktop/robot_move/install/lslidar_msgs:${AMENT_PREFIX_PATH} CMAKE_PREFIX_PATH=/home/pi/Desktop/robot_move/install/lslidar_msgs:/home/pi/Desktop/robot_move/my_base_learn/install/tbot_description:/home/pi/Desktop/robot_move/my_base_learn/install/my_base:/home/pi/Desktop/robot_move/my_base_learn/install/lslidar_driver:/home/pi/Desktop/robot_move/my_base_learn/install/lslidar_msgs:/opt/ros/jazzy/opt/gz_math_vendor:/opt/ros/jazzy/opt/gz_utils_vendor:/opt/ros/jazzy/opt/gz_cmake_vendor:/home/pi/Desktop/robot_move/my_base_learn/install/robot_control:/home/pi/Desktop/robot_move/my_base_learn/install/lidar_test:/opt/ros/jazzy DEBUGINFOD_URLS=https://debuginfod.ubuntu.com LD_LIBRARY_PATH=/home/pi/Desktop/robot_move/install/lslidar_msgs/lib:${LD_LIBRARY_PATH} PYTHONPATH=/home/pi/Desktop/robot_move/install/lslidar_msgs/lib/python3.12/site-packages:${PYTHONPATH} /usr/bin/cmake --install /home/pi/Desktop/robot_move/build/lslidar_driver
[0.361s] -- Install configuration: ""
[0.361s] -- Up-to-date: /home/pi/Desktop/robot_move/install/lslidar_driver/share/lslidar_driver/launch
[0.361s] -- Up-to-date: /home/pi/Desktop/robot_move/install/lslidar_driver/share/lslidar_driver/launch/lslidar_double_launch.py
[0.361s] -- Up-to-date: /home/pi/Desktop/robot_move/install/lslidar_driver/share/lslidar_driver/launch/lsn10p_launch.py
[0.362s] -- Up-to-date: /home/pi/Desktop/robot_move/install/lslidar_driver/share/lslidar_driver/launch/viewer_scan_launch.py
[0.362s] -- Up-to-date: /home/pi/Desktop/robot_move/install/lslidar_driver/share/lslidar_driver/params
[0.362s] -- Up-to-date: /home/pi/Desktop/robot_move/install/lslidar_driver/share/lslidar_driver/params/lidar_uart_ros2
[0.364s] -- Up-to-date: /home/pi/Desktop/robot_move/install/lslidar_driver/share/lslidar_driver/params/lidar_uart_ros2/lsn10.yaml
[0.364s] -- Up-to-date: /home/pi/Desktop/robot_move/install/lslidar_driver/share/lslidar_driver/params/lidar_uart_ros2/lsn10p.yaml
[0.364s] -- Up-to-date: /home/pi/Desktop/robot_move/install/lslidar_driver/share/lslidar_driver/rviz
[0.364s] -- Up-to-date: /home/pi/Desktop/robot_move/install/lslidar_driver/share/lslidar_driver/rviz/lslidar.rviz
[0.364s] -- Up-to-date: /home/pi/Desktop/robot_move/install/lslidar_driver/lib/lslidar_driver/lslidar_driver_node
[0.364s] -- Up-to-date: /home/pi/Desktop/robot_move/install/lslidar_driver/share/ament_index/resource_index/package_run_dependencies/lslidar_driver
[0.365s] -- Up-to-date: /home/pi/Desktop/robot_move/install/lslidar_driver/share/ament_index/resource_index/parent_prefix_path/lslidar_driver
[0.365s] -- Up-to-date: /home/pi/Desktop/robot_move/install/lslidar_driver/share/lslidar_driver/environment/ament_prefix_path.sh
[0.365s] -- Up-to-date: /home/pi/Desktop/robot_move/install/lslidar_driver/share/lslidar_driver/environment/ament_prefix_path.dsv
[0.365s] -- Up-to-date: /home/pi/Desktop/robot_move/install/lslidar_driver/share/lslidar_driver/environment/path.sh
[0.365s] -- Up-to-date: /home/pi/Desktop/robot_move/install/lslidar_driver/share/lslidar_driver/environment/path.dsv
[0.365s] -- Up-to-date: /home/pi/Desktop/robot_move/install/lslidar_driver/share/lslidar_driver/local_setup.bash
[0.366s] -- Up-to-date: /home/pi/Desktop/robot_move/install/lslidar_driver/share/lslidar_driver/local_setup.sh
[0.366s] -- Up-to-date: /home/pi/Desktop/robot_move/install/lslidar_driver/share/lslidar_driver/local_setup.zsh
[0.366s] -- Up-to-date: /home/pi/Desktop/robot_move/install/lslidar_driver/share/lslidar_driver/local_setup.dsv
[0.366s] -- Installing: /home/pi/Desktop/robot_move/install/lslidar_driver/share/lslidar_driver/package.dsv
[0.366s] -- Up-to-date: /home/pi/Desktop/robot_move/install/lslidar_driver/share/ament_index/resource_index/packages/lslidar_driver
[0.366s] -- Up-to-date: /home/pi/Desktop/robot_move/install/lslidar_driver/share/lslidar_driver/cmake/ament_cmake_export_dependencies-extras.cmake
[0.366s] -- Up-to-date: /home/pi/Desktop/robot_move/install/lslidar_driver/share/lslidar_driver/cmake/lslidar_driverConfig.cmake
[0.372s] -- Up-to-date: /home/pi/Desktop/robot_move/install/lslidar_driver/share/lslidar_driver/cmake/lslidar_driverConfig-version.cmake
[0.372s] -- Up-to-date: /home/pi/Desktop/robot_move/install/lslidar_driver/share/lslidar_driver/package.xml
[0.375s] Invoked command in '/home/pi/Desktop/robot_move/build/lslidar_driver' returned '0': AMENT_PREFIX_PATH=/home/pi/Desktop/robot_move/install/lslidar_msgs:${AMENT_PREFIX_PATH} CMAKE_PREFIX_PATH=/home/pi/Desktop/robot_move/install/lslidar_msgs:/home/pi/Desktop/robot_move/my_base_learn/install/tbot_description:/home/pi/Desktop/robot_move/my_base_learn/install/my_base:/home/pi/Desktop/robot_move/my_base_learn/install/lslidar_driver:/home/pi/Desktop/robot_move/my_base_learn/install/lslidar_msgs:/opt/ros/jazzy/opt/gz_math_vendor:/opt/ros/jazzy/opt/gz_utils_vendor:/opt/ros/jazzy/opt/gz_cmake_vendor:/home/pi/Desktop/robot_move/my_base_learn/install/robot_control:/home/pi/Desktop/robot_move/my_base_learn/install/lidar_test:/opt/ros/jazzy DEBUGINFOD_URLS=https://debuginfod.ubuntu.com LD_LIBRARY_PATH=/home/pi/Desktop/robot_move/install/lslidar_msgs/lib:${LD_LIBRARY_PATH} PYTHONPATH=/home/pi/Desktop/robot_move/install/lslidar_msgs/lib/python3.12/site-packages:${PYTHONPATH} /usr/bin/cmake --install /home/pi/Desktop/robot_move/build/lslidar_driver
